	.text
	.syntax unified
	.eabi_attribute	67, "2.09"	@ Tag_conformance
	.cpu	cortex-m7
	.eabi_attribute	6, 13	@ Tag_CPU_arch
	.eabi_attribute	7, 77	@ Tag_CPU_arch_profile
	.eabi_attribute	8, 0	@ Tag_ARM_ISA_use
	.eabi_attribute	9, 2	@ Tag_THUMB_ISA_use
	.fpu	fpv5-d16
	.eabi_attribute	36, 1	@ Tag_FP_HP_extension
	.eabi_attribute	34, 1	@ Tag_CPU_unaligned_access
	.eabi_attribute	17, 1	@ Tag_ABI_PCS_GOT_use
	.eabi_attribute	20, 2	@ Tag_ABI_FP_denormal
	.eabi_attribute	21, 0	@ Tag_ABI_FP_exceptions
	.eabi_attribute	23, 1	@ Tag_ABI_FP_number_model
	.eabi_attribute	24, 1	@ Tag_ABI_align_needed
	.eabi_attribute	25, 1	@ Tag_ABI_align_preserved
	.eabi_attribute	28, 1	@ Tag_ABI_VFP_args
	.eabi_attribute	38, 1	@ Tag_ABI_FP_16bit_format
	.eabi_attribute	18, 2	@ Tag_ABI_PCS_wchar_t
	.eabi_attribute	26, 1	@ Tag_ABI_enum_size
	.eabi_attribute	14, 0	@ Tag_ABI_PCS_R9_use
	.file	"cv.c"
	.file	1 "E:\\FILE_SMART_CAR\\\346\231\272\350\203\275\350\247\206\350\247\211\\RT1064_Library-master\\RT1064_Library-master\\SeekFree_RT1064_Opensource_Library\\project\\mdk" "../../libraries/zf_common\\zf_common_typedef.h"
	.file	2 "E:\\FILE_SMART_CAR\\\346\231\272\350\203\275\350\247\206\350\247\211\\RT1064_Library-master\\RT1064_Library-master\\SeekFree_RT1064_Opensource_Library\\project\\mdk" "../code/cv.c"
	.section	.text.threshold,"ax",%progbits
	.hidden	threshold                       @ -- Begin function threshold
	.globl	threshold
	.p2align	3
	.type	threshold,%function
	.code	16                              @ @threshold
	.thumb_func
threshold:
.Lfunc_begin0:
	.loc	2 13 0                          @ ../code/cv.c:13:0
	.fnstart
	.cfi_sections .debug_frame
	.cfi_startproc
@ %bb.0:
	.pad	#12
	sub	sp, #12
	.cfi_def_cfa_offset 12
	movs	r0, #0
.Ltmp0:
	.loc	2 14 6 prologue_end             @ ../code/cv.c:14:6
	str	r0, [sp, #8]
	.loc	2 15 8                          @ ../code/cv.c:15:8
	strh.w	r0, [sp, #6]
.Ltmp1:
	.loc	2 17 8                          @ ../code/cv.c:17:8
	strh.w	r0, [sp, #4]
	.loc	2 17 6 is_stmt 0                @ ../code/cv.c:17:6
	b	.LBB0_1
.LBB0_1:                                @ =>This Loop Header: Depth=1
                                        @     Child Loop BB0_3 Depth 2
.Ltmp2:
	.loc	2 17 12                         @ ../code/cv.c:17:12
	ldrsh.w	r0, [sp, #4]
.Ltmp3:
	.loc	2 17 2                          @ ../code/cv.c:17:2
	cmp	r0, #159
	bgt	.LBB0_6
	b	.LBB0_2
.LBB0_2:                                @   in Loop: Header=BB0_1 Depth=1
	.loc	2 0 2                           @ ../code/cv.c:0:2
	movs	r0, #0
.Ltmp4:
	.loc	2 19 9 is_stmt 1                @ ../code/cv.c:19:9
	strh.w	r0, [sp, #2]
	.loc	2 19 7 is_stmt 0                @ ../code/cv.c:19:7
	b	.LBB0_3
.LBB0_3:                                @   Parent Loop BB0_1 Depth=1
                                        @ =>  This Inner Loop Header: Depth=2
.Ltmp5:
	.loc	2 19 13                         @ ../code/cv.c:19:13
	ldrsh.w	r0, [sp, #2]
.Ltmp6:
	.loc	2 19 3                          @ ../code/cv.c:19:3
	cmp	r0, #119
	bgt	.LBB0_5
	b	.LBB0_4
.LBB0_4:                                @   in Loop: Header=BB0_3 Depth=2
.Ltmp7:
	.loc	2 21 27 is_stmt 1               @ ../code/cv.c:21:27
	movw	r0, :lower16:mt9v03x_image
	movt	r0, :upper16:mt9v03x_image
	ldr	r0, [r0]
	.loc	2 21 41 is_stmt 0               @ ../code/cv.c:21:41
	ldrsh.w	r1, [sp, #2]
	.loc	2 21 27                         @ ../code/cv.c:21:27
	add.w	r1, r1, r1, lsl #2
	add.w	r0, r0, r1, lsl #5
	.loc	2 21 44                         @ ../code/cv.c:21:44
	ldrsh.w	r1, [sp, #4]
	.loc	2 21 27                         @ ../code/cv.c:21:27
	ldrb	r1, [r0, r1]
	.loc	2 21 24                         @ ../code/cv.c:21:24
	ldr	r0, [sp, #8]
	add	r0, r1
	str	r0, [sp, #8]
	.loc	2 22 16 is_stmt 1               @ ../code/cv.c:22:16
	ldrh.w	r0, [sp, #6]
	adds	r0, #1
	strh.w	r0, [sp, #6]
	.loc	2 23 5                          @ ../code/cv.c:23:5
	ldrh.w	r0, [sp, #2]
	adds	r0, #10
	strh.w	r0, [sp, #2]
.Ltmp8:
	.loc	2 19 3                          @ ../code/cv.c:19:3
	b	.LBB0_3
.Ltmp9:
.LBB0_5:                                @   in Loop: Header=BB0_1 Depth=1
	.loc	2 25 4                          @ ../code/cv.c:25:4
	ldrh.w	r0, [sp, #4]
	adds	r0, #10
	strh.w	r0, [sp, #4]
.Ltmp10:
	.loc	2 17 2                          @ ../code/cv.c:17:2
	b	.LBB0_1
.Ltmp11:
.LBB0_6:
	.loc	2 28 24                         @ ../code/cv.c:28:24
	ldr	r0, [sp, #8]
	.loc	2 28 44 is_stmt 0               @ ../code/cv.c:28:44
	ldrsh.w	r1, [sp, #6]
	.loc	2 28 43                         @ ../code/cv.c:28:43
	sdiv	r0, r0, r1
	.loc	2 28 22                         @ ../code/cv.c:28:22
	str	r0, [sp, #8]
	movs	r0, #0
.Ltmp12:
	.loc	2 30 8 is_stmt 1                @ ../code/cv.c:30:8
	strh.w	r0, [sp, #4]
	.loc	2 30 6 is_stmt 0                @ ../code/cv.c:30:6
	b	.LBB0_7
.LBB0_7:                                @ =>This Loop Header: Depth=1
                                        @     Child Loop BB0_9 Depth 2
.Ltmp13:
	.loc	2 30 12                         @ ../code/cv.c:30:12
	ldrsh.w	r0, [sp, #4]
.Ltmp14:
	.loc	2 30 2                          @ ../code/cv.c:30:2
	cmp	r0, #159
	bgt	.LBB0_17
	b	.LBB0_8
.LBB0_8:                                @   in Loop: Header=BB0_7 Depth=1
	.loc	2 0 2                           @ ../code/cv.c:0:2
	movs	r0, #0
.Ltmp15:
	.loc	2 32 9 is_stmt 1                @ ../code/cv.c:32:9
	strh.w	r0, [sp, #2]
	.loc	2 32 7 is_stmt 0                @ ../code/cv.c:32:7
	b	.LBB0_9
.LBB0_9:                                @   Parent Loop BB0_7 Depth=1
                                        @ =>  This Inner Loop Header: Depth=2
.Ltmp16:
	.loc	2 32 13                         @ ../code/cv.c:32:13
	ldrsh.w	r0, [sp, #2]
.Ltmp17:
	.loc	2 32 3                          @ ../code/cv.c:32:3
	cmp	r0, #119
	bgt	.LBB0_15
	b	.LBB0_10
.LBB0_10:                               @   in Loop: Header=BB0_9 Depth=2
.Ltmp18:
	.loc	2 34 7 is_stmt 1                @ ../code/cv.c:34:7
	movw	r0, :lower16:mt9v03x_image
	movt	r0, :upper16:mt9v03x_image
	ldr	r0, [r0]
	.loc	2 34 21 is_stmt 0               @ ../code/cv.c:34:21
	ldrsh.w	r1, [sp, #2]
	.loc	2 34 7                          @ ../code/cv.c:34:7
	add.w	r1, r1, r1, lsl #2
	add.w	r0, r0, r1, lsl #5
	.loc	2 34 24                         @ ../code/cv.c:34:24
	ldrsh.w	r1, [sp, #4]
	.loc	2 34 7                          @ ../code/cv.c:34:7
	ldrb	r0, [r0, r1]
	.loc	2 34 30                         @ ../code/cv.c:34:30
	ldr	r1, [sp, #8]
.Ltmp19:
	.loc	2 34 7                          @ ../code/cv.c:34:7
	cmp	r0, r1
	blt	.LBB0_12
	b	.LBB0_11
.LBB0_11:                               @   in Loop: Header=BB0_9 Depth=2
.Ltmp20:
	.loc	2 36 16 is_stmt 1               @ ../code/cv.c:36:16
	ldrsh.w	r0, [sp, #2]
	.loc	2 36 5 is_stmt 0                @ ../code/cv.c:36:5
	add.w	r1, r0, r0, lsl #2
	movw	r0, :lower16:image_OTSU
	movt	r0, :upper16:image_OTSU
	add.w	r1, r0, r1, lsl #5
	.loc	2 36 19                         @ ../code/cv.c:36:19
	ldrsh.w	r2, [sp, #4]
	movs	r0, #255
	.loc	2 36 22                         @ ../code/cv.c:36:22
	strb	r0, [r1, r2]
	.loc	2 37 4 is_stmt 1                @ ../code/cv.c:37:4
	b	.LBB0_13
.Ltmp21:
.LBB0_12:                               @   in Loop: Header=BB0_9 Depth=2
	.loc	2 40 16                         @ ../code/cv.c:40:16
	ldrsh.w	r0, [sp, #2]
	.loc	2 40 5 is_stmt 0                @ ../code/cv.c:40:5
	add.w	r1, r0, r0, lsl #2
	movw	r0, :lower16:image_OTSU
	movt	r0, :upper16:image_OTSU
	add.w	r1, r0, r1, lsl #5
	.loc	2 40 19                         @ ../code/cv.c:40:19
	ldrsh.w	r2, [sp, #4]
	movs	r0, #0
	.loc	2 40 22                         @ ../code/cv.c:40:22
	strb	r0, [r1, r2]
	b	.LBB0_13
.Ltmp22:
.LBB0_13:                               @   in Loop: Header=BB0_9 Depth=2
	.loc	2 42 3 is_stmt 1                @ ../code/cv.c:42:3
	b	.LBB0_14
.Ltmp23:
.LBB0_14:                               @   in Loop: Header=BB0_9 Depth=2
	.loc	2 32 28                         @ ../code/cv.c:32:28
	ldrh.w	r0, [sp, #2]
	adds	r0, #1
	strh.w	r0, [sp, #2]
	.loc	2 32 3 is_stmt 0                @ ../code/cv.c:32:3
	b	.LBB0_9
.Ltmp24:
.LBB0_15:                               @   in Loop: Header=BB0_7 Depth=1
	.loc	2 43 2 is_stmt 1                @ ../code/cv.c:43:2
	b	.LBB0_16
.Ltmp25:
.LBB0_16:                               @   in Loop: Header=BB0_7 Depth=1
	.loc	2 30 27                         @ ../code/cv.c:30:27
	ldrh.w	r0, [sp, #4]
	adds	r0, #1
	strh.w	r0, [sp, #4]
	.loc	2 30 2 is_stmt 0                @ ../code/cv.c:30:2
	b	.LBB0_7
.Ltmp26:
.LBB0_17:
	.loc	2 44 1 is_stmt 1                @ ../code/cv.c:44:1
	add	sp, #12
	bx	lr
.Ltmp27:
.Lfunc_end0:
	.size	threshold, .Lfunc_end0-threshold
	.cfi_endproc
	.cantunwind
	.fnend
                                        @ -- End function
	.hidden	image_OTSU                      @ @image_OTSU
	.type	image_OTSU,%object
	.section	.bss.image_OTSU,"aw",%nobits
	.globl	image_OTSU
image_OTSU:
	.zero	19200
	.size	image_OTSU, 19200

	.section	.debug_abbrev,"",%progbits
	.byte	1                               @ Abbreviation Code
	.byte	17                              @ DW_TAG_compile_unit
	.byte	1                               @ DW_CHILDREN_yes
	.byte	37                              @ DW_AT_producer
	.byte	14                              @ DW_FORM_strp
	.byte	19                              @ DW_AT_language
	.byte	5                               @ DW_FORM_data2
	.byte	3                               @ DW_AT_name
	.byte	14                              @ DW_FORM_strp
	.byte	16                              @ DW_AT_stmt_list
	.byte	23                              @ DW_FORM_sec_offset
	.byte	27                              @ DW_AT_comp_dir
	.byte	14                              @ DW_FORM_strp
	.byte	17                              @ DW_AT_low_pc
	.byte	1                               @ DW_FORM_addr
	.byte	18                              @ DW_AT_high_pc
	.byte	6                               @ DW_FORM_data4
	.byte	0                               @ EOM(1)
	.byte	0                               @ EOM(2)
	.byte	2                               @ Abbreviation Code
	.byte	52                              @ DW_TAG_variable
	.byte	0                               @ DW_CHILDREN_no
	.byte	3                               @ DW_AT_name
	.byte	14                              @ DW_FORM_strp
	.byte	73                              @ DW_AT_type
	.byte	19                              @ DW_FORM_ref4
	.byte	63                              @ DW_AT_external
	.byte	25                              @ DW_FORM_flag_present
	.byte	58                              @ DW_AT_decl_file
	.byte	11                              @ DW_FORM_data1
	.byte	59                              @ DW_AT_decl_line
	.byte	11                              @ DW_FORM_data1
	.byte	2                               @ DW_AT_location
	.byte	24                              @ DW_FORM_exprloc
	.byte	0                               @ EOM(1)
	.byte	0                               @ EOM(2)
	.byte	3                               @ Abbreviation Code
	.byte	1                               @ DW_TAG_array_type
	.byte	1                               @ DW_CHILDREN_yes
	.byte	73                              @ DW_AT_type
	.byte	19                              @ DW_FORM_ref4
	.byte	0                               @ EOM(1)
	.byte	0                               @ EOM(2)
	.byte	4                               @ Abbreviation Code
	.byte	33                              @ DW_TAG_subrange_type
	.byte	0                               @ DW_CHILDREN_no
	.byte	73                              @ DW_AT_type
	.byte	19                              @ DW_FORM_ref4
	.byte	55                              @ DW_AT_count
	.byte	11                              @ DW_FORM_data1
	.byte	0                               @ EOM(1)
	.byte	0                               @ EOM(2)
	.byte	5                               @ Abbreviation Code
	.byte	22                              @ DW_TAG_typedef
	.byte	0                               @ DW_CHILDREN_no
	.byte	73                              @ DW_AT_type
	.byte	19                              @ DW_FORM_ref4
	.byte	3                               @ DW_AT_name
	.byte	14                              @ DW_FORM_strp
	.byte	58                              @ DW_AT_decl_file
	.byte	11                              @ DW_FORM_data1
	.byte	59                              @ DW_AT_decl_line
	.byte	11                              @ DW_FORM_data1
	.byte	0                               @ EOM(1)
	.byte	0                               @ EOM(2)
	.byte	6                               @ Abbreviation Code
	.byte	36                              @ DW_TAG_base_type
	.byte	0                               @ DW_CHILDREN_no
	.byte	3                               @ DW_AT_name
	.byte	14                              @ DW_FORM_strp
	.byte	62                              @ DW_AT_encoding
	.byte	11                              @ DW_FORM_data1
	.byte	11                              @ DW_AT_byte_size
	.byte	11                              @ DW_FORM_data1
	.byte	0                               @ EOM(1)
	.byte	0                               @ EOM(2)
	.byte	7                               @ Abbreviation Code
	.byte	36                              @ DW_TAG_base_type
	.byte	0                               @ DW_CHILDREN_no
	.byte	3                               @ DW_AT_name
	.byte	14                              @ DW_FORM_strp
	.byte	11                              @ DW_AT_byte_size
	.byte	11                              @ DW_FORM_data1
	.byte	62                              @ DW_AT_encoding
	.byte	11                              @ DW_FORM_data1
	.byte	0                               @ EOM(1)
	.byte	0                               @ EOM(2)
	.byte	8                               @ Abbreviation Code
	.byte	46                              @ DW_TAG_subprogram
	.byte	1                               @ DW_CHILDREN_yes
	.byte	17                              @ DW_AT_low_pc
	.byte	1                               @ DW_FORM_addr
	.byte	18                              @ DW_AT_high_pc
	.byte	6                               @ DW_FORM_data4
	.byte	64                              @ DW_AT_frame_base
	.byte	24                              @ DW_FORM_exprloc
	.byte	3                               @ DW_AT_name
	.byte	14                              @ DW_FORM_strp
	.byte	58                              @ DW_AT_decl_file
	.byte	11                              @ DW_FORM_data1
	.byte	59                              @ DW_AT_decl_line
	.byte	11                              @ DW_FORM_data1
	.byte	63                              @ DW_AT_external
	.byte	25                              @ DW_FORM_flag_present
	.byte	0                               @ EOM(1)
	.byte	0                               @ EOM(2)
	.byte	9                               @ Abbreviation Code
	.byte	52                              @ DW_TAG_variable
	.byte	0                               @ DW_CHILDREN_no
	.byte	2                               @ DW_AT_location
	.byte	24                              @ DW_FORM_exprloc
	.byte	3                               @ DW_AT_name
	.byte	14                              @ DW_FORM_strp
	.byte	58                              @ DW_AT_decl_file
	.byte	11                              @ DW_FORM_data1
	.byte	59                              @ DW_AT_decl_line
	.byte	11                              @ DW_FORM_data1
	.byte	73                              @ DW_AT_type
	.byte	19                              @ DW_FORM_ref4
	.byte	0                               @ EOM(1)
	.byte	0                               @ EOM(2)
	.byte	0                               @ EOM(3)
	.section	.debug_info,"",%progbits
.Lcu_begin0:
	.long	.Ldebug_info_end0-.Ldebug_info_start0 @ Length of Unit
.Ldebug_info_start0:
	.short	4                               @ DWARF version number
	.long	.debug_abbrev                   @ Offset Into Abbrev. Section
	.byte	4                               @ Address Size (in bytes)
	.byte	1                               @ Abbrev [1] 0xb:0xbb DW_TAG_compile_unit
	.long	.Linfo_string0                  @ DW_AT_producer
	.short	12                              @ DW_AT_language
	.long	.Linfo_string1                  @ DW_AT_name
	.long	.Lline_table_start0             @ DW_AT_stmt_list
	.long	.Linfo_string2                  @ DW_AT_comp_dir
	.long	.Lfunc_begin0                   @ DW_AT_low_pc
	.long	.Lfunc_end0-.Lfunc_begin0       @ DW_AT_high_pc
	.byte	2                               @ Abbrev [2] 0x26:0x11 DW_TAG_variable
	.long	.Linfo_string3                  @ DW_AT_name
	.long	55                              @ DW_AT_type
                                        @ DW_AT_external
	.byte	2                               @ DW_AT_decl_file
	.byte	9                               @ DW_AT_decl_line
	.byte	5                               @ DW_AT_location
	.byte	3
	.long	image_OTSU
	.byte	3                               @ Abbrev [3] 0x37:0x12 DW_TAG_array_type
	.long	73                              @ DW_AT_type
	.byte	4                               @ Abbrev [4] 0x3c:0x6 DW_TAG_subrange_type
	.long	91                              @ DW_AT_type
	.byte	120                             @ DW_AT_count
	.byte	4                               @ Abbrev [4] 0x42:0x6 DW_TAG_subrange_type
	.long	91                              @ DW_AT_type
	.byte	160                             @ DW_AT_count
	.byte	0                               @ End Of Children Mark
	.byte	5                               @ Abbrev [5] 0x49:0xb DW_TAG_typedef
	.long	84                              @ DW_AT_type
	.long	.Linfo_string5                  @ DW_AT_name
	.byte	1                               @ DW_AT_decl_file
	.byte	55                              @ DW_AT_decl_line
	.byte	6                               @ Abbrev [6] 0x54:0x7 DW_TAG_base_type
	.long	.Linfo_string4                  @ DW_AT_name
	.byte	8                               @ DW_AT_encoding
	.byte	1                               @ DW_AT_byte_size
	.byte	7                               @ Abbrev [7] 0x5b:0x7 DW_TAG_base_type
	.long	.Linfo_string6                  @ DW_AT_name
	.byte	8                               @ DW_AT_byte_size
	.byte	7                               @ DW_AT_encoding
	.byte	8                               @ Abbrev [8] 0x62:0x4a DW_TAG_subprogram
	.long	.Lfunc_begin0                   @ DW_AT_low_pc
	.long	.Lfunc_end0-.Lfunc_begin0       @ DW_AT_high_pc
	.byte	1                               @ DW_AT_frame_base
	.byte	93
	.long	.Linfo_string7                  @ DW_AT_name
	.byte	2                               @ DW_AT_decl_file
	.byte	12                              @ DW_AT_decl_line
                                        @ DW_AT_external
	.byte	9                               @ Abbrev [9] 0x73:0xe DW_TAG_variable
	.byte	2                               @ DW_AT_location
	.byte	145
	.byte	8
	.long	.Linfo_string8                  @ DW_AT_name
	.byte	2                               @ DW_AT_decl_file
	.byte	14                              @ DW_AT_decl_line
	.long	172                             @ DW_AT_type
	.byte	9                               @ Abbrev [9] 0x81:0xe DW_TAG_variable
	.byte	2                               @ DW_AT_location
	.byte	145
	.byte	6
	.long	.Linfo_string10                 @ DW_AT_name
	.byte	2                               @ DW_AT_decl_file
	.byte	15                              @ DW_AT_decl_line
	.long	179                             @ DW_AT_type
	.byte	9                               @ Abbrev [9] 0x8f:0xe DW_TAG_variable
	.byte	2                               @ DW_AT_location
	.byte	145
	.byte	4
	.long	.Linfo_string13                 @ DW_AT_name
	.byte	2                               @ DW_AT_decl_file
	.byte	16                              @ DW_AT_decl_line
	.long	179                             @ DW_AT_type
	.byte	9                               @ Abbrev [9] 0x9d:0xe DW_TAG_variable
	.byte	2                               @ DW_AT_location
	.byte	145
	.byte	2
	.long	.Linfo_string14                 @ DW_AT_name
	.byte	2                               @ DW_AT_decl_file
	.byte	16                              @ DW_AT_decl_line
	.long	179                             @ DW_AT_type
	.byte	0                               @ End Of Children Mark
	.byte	6                               @ Abbrev [6] 0xac:0x7 DW_TAG_base_type
	.long	.Linfo_string9                  @ DW_AT_name
	.byte	5                               @ DW_AT_encoding
	.byte	4                               @ DW_AT_byte_size
	.byte	5                               @ Abbrev [5] 0xb3:0xb DW_TAG_typedef
	.long	190                             @ DW_AT_type
	.long	.Linfo_string12                 @ DW_AT_name
	.byte	1                               @ DW_AT_decl_file
	.byte	61                              @ DW_AT_decl_line
	.byte	6                               @ Abbrev [6] 0xbe:0x7 DW_TAG_base_type
	.long	.Linfo_string11                 @ DW_AT_name
	.byte	5                               @ DW_AT_encoding
	.byte	2                               @ DW_AT_byte_size
	.byte	0                               @ End Of Children Mark
.Ldebug_info_end0:
	.section	.debug_str,"MS",%progbits,1
.Linfo_string0:
	.asciz	"Component: Arm Compiler for Embedded 6.19 Tool: armclang [5e73cb00]" @ string offset=0
.Linfo_string1:
	.asciz	"../code\\cv.c"                 @ string offset=68
.Linfo_string2:
	.asciz	"E:\\FILE_SMART_CAR\\\346\231\272\350\203\275\350\247\206\350\247\211\\RT1064_Library-master\\RT1064_Library-master\\SeekFree_RT1064_Opensource_Library\\project\\mdk" @ string offset=81
.Linfo_string3:
	.asciz	"image_OTSU"                    @ string offset=203
.Linfo_string4:
	.asciz	"unsigned char"                 @ string offset=214
.Linfo_string5:
	.asciz	"uint8"                         @ string offset=228
.Linfo_string6:
	.asciz	"__ARRAY_SIZE_TYPE__"           @ string offset=234
.Linfo_string7:
	.asciz	"threshold"                     @ string offset=254
.Linfo_string8:
	.asciz	"img_pixel_value_avg"           @ string offset=264
.Linfo_string9:
	.asciz	"int"                           @ string offset=284
.Linfo_string10:
	.asciz	"sampling_num"                  @ string offset=288
.Linfo_string11:
	.asciz	"short"                         @ string offset=301
.Linfo_string12:
	.asciz	"int16"                         @ string offset=307
.Linfo_string13:
	.asciz	"x"                             @ string offset=313
.Linfo_string14:
	.asciz	"y"                             @ string offset=315
	.ident	"Component: Arm Compiler for Embedded 6.19 Tool: armclang [5e73cb00]"
	.section	".note.GNU-stack","",%progbits
	.eabi_attribute	30, 6	@ Tag_ABI_optimization_goals
	.ARM_attribute	16, 1	@ Tag_AV_eba
	.section	.debug_line,"",%progbits
.Lline_table_start0:
