	.text
	.syntax unified
	.eabi_attribute	67, "2.09"	@ Tag_conformance
	.cpu	cortex-m7
	.eabi_attribute	6, 13	@ Tag_CPU_arch
	.eabi_attribute	7, 77	@ Tag_CPU_arch_profile
	.eabi_attribute	8, 0	@ Tag_ARM_ISA_use
	.eabi_attribute	9, 2	@ Tag_THUMB_ISA_use
	.fpu	fpv5-d16
	.eabi_attribute	36, 1	@ Tag_FP_HP_extension
	.eabi_attribute	34, 1	@ Tag_CPU_unaligned_access
	.eabi_attribute	17, 1	@ Tag_ABI_PCS_GOT_use
	.eabi_attribute	20, 2	@ Tag_ABI_FP_denormal
	.eabi_attribute	21, 0	@ Tag_ABI_FP_exceptions
	.eabi_attribute	23, 1	@ Tag_ABI_FP_number_model
	.eabi_attribute	24, 1	@ Tag_ABI_align_needed
	.eabi_attribute	25, 1	@ Tag_ABI_align_preserved
	.eabi_attribute	28, 1	@ Tag_ABI_VFP_args
	.eabi_attribute	38, 1	@ Tag_ABI_FP_16bit_format
	.eabi_attribute	18, 2	@ Tag_ABI_PCS_wchar_t
	.eabi_attribute	26, 1	@ Tag_ABI_enum_size
	.eabi_attribute	14, 0	@ Tag_ABI_PCS_R9_use
	.file	"data.c"
	.file	1 "E:\\FILE_SMART_CAR\\\346\231\272\350\203\275\350\247\206\350\247\211\\RT1064_Library-master\\RT1064_Library-master\\SeekFree_RT1064_Opensource_Library\\project\\mdk" "../user/src/data.c"
	.file	2 "E:\\FILE_SMART_CAR\\\346\231\272\350\203\275\350\247\206\350\247\211\\RT1064_Library-master\\RT1064_Library-master\\SeekFree_RT1064_Opensource_Library\\project\\mdk" "../../libraries/zf_common\\zf_common_typedef.h"
	.hidden	PID_MOTOR_1                     @ @PID_MOTOR_1
	.type	PID_MOTOR_1,%object
	.section	.data.PID_MOTOR_1,"aw",%progbits
	.globl	PID_MOTOR_1
	.p2align	2, 0x0
PID_MOTOR_1:
	.long	0x42480000                      @ float 50
	.long	0x41200000                      @ float 10
	.long	0x00000000                      @ float 0
	.size	PID_MOTOR_1, 12

	.hidden	PID_MOTOR_2                     @ @PID_MOTOR_2
	.type	PID_MOTOR_2,%object
	.section	.data.PID_MOTOR_2,"aw",%progbits
	.globl	PID_MOTOR_2
	.p2align	2, 0x0
PID_MOTOR_2:
	.long	0x42480000                      @ float 50
	.long	0x41200000                      @ float 10
	.long	0x00000000                      @ float 0
	.size	PID_MOTOR_2, 12

	.hidden	PID_MOTOR_3                     @ @PID_MOTOR_3
	.type	PID_MOTOR_3,%object
	.section	.data.PID_MOTOR_3,"aw",%progbits
	.globl	PID_MOTOR_3
	.p2align	2, 0x0
PID_MOTOR_3:
	.long	0x42480000                      @ float 50
	.long	0x41200000                      @ float 10
	.long	0x00000000                      @ float 0
	.size	PID_MOTOR_3, 12

	.hidden	encoder_1_count                 @ @encoder_1_count
	.type	encoder_1_count,%object
	.section	.bss.encoder_1_count,"aw",%nobits
	.globl	encoder_1_count
	.p2align	1, 0x0
encoder_1_count:
	.short	0                               @ 0x0
	.size	encoder_1_count, 2

	.hidden	encoder_2_count                 @ @encoder_2_count
	.type	encoder_2_count,%object
	.section	.bss.encoder_2_count,"aw",%nobits
	.globl	encoder_2_count
	.p2align	1, 0x0
encoder_2_count:
	.short	0                               @ 0x0
	.size	encoder_2_count, 2

	.hidden	encoder_3_count                 @ @encoder_3_count
	.type	encoder_3_count,%object
	.section	.bss.encoder_3_count,"aw",%nobits
	.globl	encoder_3_count
	.p2align	1, 0x0
encoder_3_count:
	.short	0                               @ 0x0
	.size	encoder_3_count, 2

	.hidden	encoder_1_speed                 @ @encoder_1_speed
	.type	encoder_1_speed,%object
	.section	.bss.encoder_1_speed,"aw",%nobits
	.globl	encoder_1_speed
	.p2align	2, 0x0
encoder_1_speed:
	.long	0x00000000                      @ float 0
	.size	encoder_1_speed, 4

	.hidden	encoder_2_speed                 @ @encoder_2_speed
	.type	encoder_2_speed,%object
	.section	.bss.encoder_2_speed,"aw",%nobits
	.globl	encoder_2_speed
	.p2align	2, 0x0
encoder_2_speed:
	.long	0x00000000                      @ float 0
	.size	encoder_2_speed, 4

	.hidden	encoder_3_speed                 @ @encoder_3_speed
	.type	encoder_3_speed,%object
	.section	.bss.encoder_3_speed,"aw",%nobits
	.globl	encoder_3_speed
	.p2align	2, 0x0
encoder_3_speed:
	.long	0x00000000                      @ float 0
	.size	encoder_3_speed, 4

	.hidden	gyro_x                          @ @gyro_x
	.type	gyro_x,%object
	.section	.bss.gyro_x,"aw",%nobits
	.globl	gyro_x
	.p2align	2, 0x0
gyro_x:
	.long	0x00000000                      @ float 0
	.size	gyro_x, 4

	.hidden	gyro_y                          @ @gyro_y
	.type	gyro_y,%object
	.section	.bss.gyro_y,"aw",%nobits
	.globl	gyro_y
	.p2align	2, 0x0
gyro_y:
	.long	0x00000000                      @ float 0
	.size	gyro_y, 4

	.hidden	gyro_z                          @ @gyro_z
	.type	gyro_z,%object
	.section	.bss.gyro_z,"aw",%nobits
	.globl	gyro_z
	.p2align	2, 0x0
gyro_z:
	.long	0x00000000                      @ float 0
	.size	gyro_z, 4

	.hidden	acc_x                           @ @acc_x
	.type	acc_x,%object
	.section	.bss.acc_x,"aw",%nobits
	.globl	acc_x
	.p2align	2, 0x0
acc_x:
	.long	0x00000000                      @ float 0
	.size	acc_x, 4

	.hidden	acc_y                           @ @acc_y
	.type	acc_y,%object
	.section	.bss.acc_y,"aw",%nobits
	.globl	acc_y
	.p2align	2, 0x0
acc_y:
	.long	0x00000000                      @ float 0
	.size	acc_y, 4

	.hidden	acc_z                           @ @acc_z
	.type	acc_z,%object
	.section	.bss.acc_z,"aw",%nobits
	.globl	acc_z
	.p2align	2, 0x0
acc_z:
	.long	0x00000000                      @ float 0
	.size	acc_z, 4

	.hidden	motor_1_speed                   @ @motor_1_speed
	.type	motor_1_speed,%object
	.section	.bss.motor_1_speed,"aw",%nobits
	.globl	motor_1_speed
	.p2align	2, 0x0
motor_1_speed:
	.long	0x00000000                      @ float 0
	.size	motor_1_speed, 4

	.hidden	motor_2_speed                   @ @motor_2_speed
	.type	motor_2_speed,%object
	.section	.bss.motor_2_speed,"aw",%nobits
	.globl	motor_2_speed
	.p2align	2, 0x0
motor_2_speed:
	.long	0x00000000                      @ float 0
	.size	motor_2_speed, 4

	.hidden	motor_3_speed                   @ @motor_3_speed
	.type	motor_3_speed,%object
	.section	.bss.motor_3_speed,"aw",%nobits
	.globl	motor_3_speed
	.p2align	2, 0x0
motor_3_speed:
	.long	0x00000000                      @ float 0
	.size	motor_3_speed, 4

	.hidden	yaw                             @ @yaw
	.type	yaw,%object
	.section	.bss.yaw,"aw",%nobits
	.globl	yaw
	.p2align	2, 0x0
yaw:
	.long	0x00000000                      @ float 0
	.size	yaw, 4

	.hidden	speed                           @ @speed
	.type	speed,%object
	.section	.bss.speed,"aw",%nobits
	.globl	speed
	.p2align	2, 0x0
speed:
	.long	0x00000000                      @ float 0
	.size	speed, 4

	.section	.debug_abbrev,"",%progbits
	.byte	1                               @ Abbreviation Code
	.byte	17                              @ DW_TAG_compile_unit
	.byte	1                               @ DW_CHILDREN_yes
	.byte	37                              @ DW_AT_producer
	.byte	14                              @ DW_FORM_strp
	.byte	19                              @ DW_AT_language
	.byte	5                               @ DW_FORM_data2
	.byte	3                               @ DW_AT_name
	.byte	14                              @ DW_FORM_strp
	.byte	16                              @ DW_AT_stmt_list
	.byte	23                              @ DW_FORM_sec_offset
	.byte	27                              @ DW_AT_comp_dir
	.byte	14                              @ DW_FORM_strp
	.byte	0                               @ EOM(1)
	.byte	0                               @ EOM(2)
	.byte	2                               @ Abbreviation Code
	.byte	52                              @ DW_TAG_variable
	.byte	0                               @ DW_CHILDREN_no
	.byte	3                               @ DW_AT_name
	.byte	14                              @ DW_FORM_strp
	.byte	73                              @ DW_AT_type
	.byte	19                              @ DW_FORM_ref4
	.byte	63                              @ DW_AT_external
	.byte	25                              @ DW_FORM_flag_present
	.byte	58                              @ DW_AT_decl_file
	.byte	11                              @ DW_FORM_data1
	.byte	59                              @ DW_AT_decl_line
	.byte	11                              @ DW_FORM_data1
	.byte	2                               @ DW_AT_location
	.byte	24                              @ DW_FORM_exprloc
	.byte	0                               @ EOM(1)
	.byte	0                               @ EOM(2)
	.byte	3                               @ Abbreviation Code
	.byte	1                               @ DW_TAG_array_type
	.byte	1                               @ DW_CHILDREN_yes
	.byte	73                              @ DW_AT_type
	.byte	19                              @ DW_FORM_ref4
	.byte	0                               @ EOM(1)
	.byte	0                               @ EOM(2)
	.byte	4                               @ Abbreviation Code
	.byte	33                              @ DW_TAG_subrange_type
	.byte	0                               @ DW_CHILDREN_no
	.byte	73                              @ DW_AT_type
	.byte	19                              @ DW_FORM_ref4
	.byte	55                              @ DW_AT_count
	.byte	11                              @ DW_FORM_data1
	.byte	0                               @ EOM(1)
	.byte	0                               @ EOM(2)
	.byte	5                               @ Abbreviation Code
	.byte	36                              @ DW_TAG_base_type
	.byte	0                               @ DW_CHILDREN_no
	.byte	3                               @ DW_AT_name
	.byte	14                              @ DW_FORM_strp
	.byte	62                              @ DW_AT_encoding
	.byte	11                              @ DW_FORM_data1
	.byte	11                              @ DW_AT_byte_size
	.byte	11                              @ DW_FORM_data1
	.byte	0                               @ EOM(1)
	.byte	0                               @ EOM(2)
	.byte	6                               @ Abbreviation Code
	.byte	36                              @ DW_TAG_base_type
	.byte	0                               @ DW_CHILDREN_no
	.byte	3                               @ DW_AT_name
	.byte	14                              @ DW_FORM_strp
	.byte	11                              @ DW_AT_byte_size
	.byte	11                              @ DW_FORM_data1
	.byte	62                              @ DW_AT_encoding
	.byte	11                              @ DW_FORM_data1
	.byte	0                               @ EOM(1)
	.byte	0                               @ EOM(2)
	.byte	7                               @ Abbreviation Code
	.byte	22                              @ DW_TAG_typedef
	.byte	0                               @ DW_CHILDREN_no
	.byte	73                              @ DW_AT_type
	.byte	19                              @ DW_FORM_ref4
	.byte	3                               @ DW_AT_name
	.byte	14                              @ DW_FORM_strp
	.byte	58                              @ DW_AT_decl_file
	.byte	11                              @ DW_FORM_data1
	.byte	59                              @ DW_AT_decl_line
	.byte	11                              @ DW_FORM_data1
	.byte	0                               @ EOM(1)
	.byte	0                               @ EOM(2)
	.byte	0                               @ EOM(3)
	.section	.debug_info,"",%progbits
.Lcu_begin0:
	.long	.Ldebug_info_end0-.Ldebug_info_start0 @ Length of Unit
.Ldebug_info_start0:
	.short	4                               @ DWARF version number
	.long	.debug_abbrev                   @ Offset Into Abbrev. Section
	.byte	4                               @ Address Size (in bytes)
	.byte	1                               @ Abbrev [1] 0xb:0x194 DW_TAG_compile_unit
	.long	.Linfo_string0                  @ DW_AT_producer
	.short	12                              @ DW_AT_language
	.long	.Linfo_string1                  @ DW_AT_name
	.long	.Lline_table_start0             @ DW_AT_stmt_list
	.long	.Linfo_string2                  @ DW_AT_comp_dir
	.byte	2                               @ Abbrev [2] 0x1e:0x11 DW_TAG_variable
	.long	.Linfo_string3                  @ DW_AT_name
	.long	47                              @ DW_AT_type
                                        @ DW_AT_external
	.byte	1                               @ DW_AT_decl_file
	.byte	39                              @ DW_AT_decl_line
	.byte	5                               @ DW_AT_location
	.byte	3
	.long	PID_MOTOR_1
	.byte	3                               @ Abbrev [3] 0x2f:0xc DW_TAG_array_type
	.long	59                              @ DW_AT_type
	.byte	4                               @ Abbrev [4] 0x34:0x6 DW_TAG_subrange_type
	.long	66                              @ DW_AT_type
	.byte	3                               @ DW_AT_count
	.byte	0                               @ End Of Children Mark
	.byte	5                               @ Abbrev [5] 0x3b:0x7 DW_TAG_base_type
	.long	.Linfo_string4                  @ DW_AT_name
	.byte	4                               @ DW_AT_encoding
	.byte	4                               @ DW_AT_byte_size
	.byte	6                               @ Abbrev [6] 0x42:0x7 DW_TAG_base_type
	.long	.Linfo_string5                  @ DW_AT_name
	.byte	8                               @ DW_AT_byte_size
	.byte	7                               @ DW_AT_encoding
	.byte	2                               @ Abbrev [2] 0x49:0x11 DW_TAG_variable
	.long	.Linfo_string6                  @ DW_AT_name
	.long	47                              @ DW_AT_type
                                        @ DW_AT_external
	.byte	1                               @ DW_AT_decl_file
	.byte	40                              @ DW_AT_decl_line
	.byte	5                               @ DW_AT_location
	.byte	3
	.long	PID_MOTOR_2
	.byte	2                               @ Abbrev [2] 0x5a:0x11 DW_TAG_variable
	.long	.Linfo_string7                  @ DW_AT_name
	.long	47                              @ DW_AT_type
                                        @ DW_AT_external
	.byte	1                               @ DW_AT_decl_file
	.byte	41                              @ DW_AT_decl_line
	.byte	5                               @ DW_AT_location
	.byte	3
	.long	PID_MOTOR_3
	.byte	2                               @ Abbrev [2] 0x6b:0x11 DW_TAG_variable
	.long	.Linfo_string8                  @ DW_AT_name
	.long	124                             @ DW_AT_type
                                        @ DW_AT_external
	.byte	1                               @ DW_AT_decl_file
	.byte	4                               @ DW_AT_decl_line
	.byte	5                               @ DW_AT_location
	.byte	3
	.long	encoder_1_count
	.byte	7                               @ Abbrev [7] 0x7c:0xb DW_TAG_typedef
	.long	135                             @ DW_AT_type
	.long	.Linfo_string10                 @ DW_AT_name
	.byte	2                               @ DW_AT_decl_file
	.byte	61                              @ DW_AT_decl_line
	.byte	5                               @ Abbrev [5] 0x87:0x7 DW_TAG_base_type
	.long	.Linfo_string9                  @ DW_AT_name
	.byte	5                               @ DW_AT_encoding
	.byte	2                               @ DW_AT_byte_size
	.byte	2                               @ Abbrev [2] 0x8e:0x11 DW_TAG_variable
	.long	.Linfo_string11                 @ DW_AT_name
	.long	124                             @ DW_AT_type
                                        @ DW_AT_external
	.byte	1                               @ DW_AT_decl_file
	.byte	5                               @ DW_AT_decl_line
	.byte	5                               @ DW_AT_location
	.byte	3
	.long	encoder_2_count
	.byte	2                               @ Abbrev [2] 0x9f:0x11 DW_TAG_variable
	.long	.Linfo_string12                 @ DW_AT_name
	.long	124                             @ DW_AT_type
                                        @ DW_AT_external
	.byte	1                               @ DW_AT_decl_file
	.byte	6                               @ DW_AT_decl_line
	.byte	5                               @ DW_AT_location
	.byte	3
	.long	encoder_3_count
	.byte	2                               @ Abbrev [2] 0xb0:0x11 DW_TAG_variable
	.long	.Linfo_string13                 @ DW_AT_name
	.long	59                              @ DW_AT_type
                                        @ DW_AT_external
	.byte	1                               @ DW_AT_decl_file
	.byte	9                               @ DW_AT_decl_line
	.byte	5                               @ DW_AT_location
	.byte	3
	.long	encoder_1_speed
	.byte	2                               @ Abbrev [2] 0xc1:0x11 DW_TAG_variable
	.long	.Linfo_string14                 @ DW_AT_name
	.long	59                              @ DW_AT_type
                                        @ DW_AT_external
	.byte	1                               @ DW_AT_decl_file
	.byte	10                              @ DW_AT_decl_line
	.byte	5                               @ DW_AT_location
	.byte	3
	.long	encoder_2_speed
	.byte	2                               @ Abbrev [2] 0xd2:0x11 DW_TAG_variable
	.long	.Linfo_string15                 @ DW_AT_name
	.long	59                              @ DW_AT_type
                                        @ DW_AT_external
	.byte	1                               @ DW_AT_decl_file
	.byte	11                              @ DW_AT_decl_line
	.byte	5                               @ DW_AT_location
	.byte	3
	.long	encoder_3_speed
	.byte	2                               @ Abbrev [2] 0xe3:0x11 DW_TAG_variable
	.long	.Linfo_string16                 @ DW_AT_name
	.long	59                              @ DW_AT_type
                                        @ DW_AT_external
	.byte	1                               @ DW_AT_decl_file
	.byte	14                              @ DW_AT_decl_line
	.byte	5                               @ DW_AT_location
	.byte	3
	.long	gyro_x
	.byte	2                               @ Abbrev [2] 0xf4:0x11 DW_TAG_variable
	.long	.Linfo_string17                 @ DW_AT_name
	.long	59                              @ DW_AT_type
                                        @ DW_AT_external
	.byte	1                               @ DW_AT_decl_file
	.byte	15                              @ DW_AT_decl_line
	.byte	5                               @ DW_AT_location
	.byte	3
	.long	gyro_y
	.byte	2                               @ Abbrev [2] 0x105:0x11 DW_TAG_variable
	.long	.Linfo_string18                 @ DW_AT_name
	.long	59                              @ DW_AT_type
                                        @ DW_AT_external
	.byte	1                               @ DW_AT_decl_file
	.byte	16                              @ DW_AT_decl_line
	.byte	5                               @ DW_AT_location
	.byte	3
	.long	gyro_z
	.byte	2                               @ Abbrev [2] 0x116:0x11 DW_TAG_variable
	.long	.Linfo_string19                 @ DW_AT_name
	.long	59                              @ DW_AT_type
                                        @ DW_AT_external
	.byte	1                               @ DW_AT_decl_file
	.byte	19                              @ DW_AT_decl_line
	.byte	5                               @ DW_AT_location
	.byte	3
	.long	acc_x
	.byte	2                               @ Abbrev [2] 0x127:0x11 DW_TAG_variable
	.long	.Linfo_string20                 @ DW_AT_name
	.long	59                              @ DW_AT_type
                                        @ DW_AT_external
	.byte	1                               @ DW_AT_decl_file
	.byte	20                              @ DW_AT_decl_line
	.byte	5                               @ DW_AT_location
	.byte	3
	.long	acc_y
	.byte	2                               @ Abbrev [2] 0x138:0x11 DW_TAG_variable
	.long	.Linfo_string21                 @ DW_AT_name
	.long	59                              @ DW_AT_type
                                        @ DW_AT_external
	.byte	1                               @ DW_AT_decl_file
	.byte	21                              @ DW_AT_decl_line
	.byte	5                               @ DW_AT_location
	.byte	3
	.long	acc_z
	.byte	2                               @ Abbrev [2] 0x149:0x11 DW_TAG_variable
	.long	.Linfo_string22                 @ DW_AT_name
	.long	59                              @ DW_AT_type
                                        @ DW_AT_external
	.byte	1                               @ DW_AT_decl_file
	.byte	24                              @ DW_AT_decl_line
	.byte	5                               @ DW_AT_location
	.byte	3
	.long	motor_1_speed
	.byte	2                               @ Abbrev [2] 0x15a:0x11 DW_TAG_variable
	.long	.Linfo_string23                 @ DW_AT_name
	.long	59                              @ DW_AT_type
                                        @ DW_AT_external
	.byte	1                               @ DW_AT_decl_file
	.byte	25                              @ DW_AT_decl_line
	.byte	5                               @ DW_AT_location
	.byte	3
	.long	motor_2_speed
	.byte	2                               @ Abbrev [2] 0x16b:0x11 DW_TAG_variable
	.long	.Linfo_string24                 @ DW_AT_name
	.long	59                              @ DW_AT_type
                                        @ DW_AT_external
	.byte	1                               @ DW_AT_decl_file
	.byte	26                              @ DW_AT_decl_line
	.byte	5                               @ DW_AT_location
	.byte	3
	.long	motor_3_speed
	.byte	2                               @ Abbrev [2] 0x17c:0x11 DW_TAG_variable
	.long	.Linfo_string25                 @ DW_AT_name
	.long	59                              @ DW_AT_type
                                        @ DW_AT_external
	.byte	1                               @ DW_AT_decl_file
	.byte	29                              @ DW_AT_decl_line
	.byte	5                               @ DW_AT_location
	.byte	3
	.long	yaw
	.byte	2                               @ Abbrev [2] 0x18d:0x11 DW_TAG_variable
	.long	.Linfo_string26                 @ DW_AT_name
	.long	59                              @ DW_AT_type
                                        @ DW_AT_external
	.byte	1                               @ DW_AT_decl_file
	.byte	30                              @ DW_AT_decl_line
	.byte	5                               @ DW_AT_location
	.byte	3
	.long	speed
	.byte	0                               @ End Of Children Mark
.Ldebug_info_end0:
	.section	.debug_str,"MS",%progbits,1
.Linfo_string0:
	.asciz	"Component: Arm Compiler for Embedded 6.19 Tool: armclang [5e73cb00]" @ string offset=0
.Linfo_string1:
	.asciz	"../user/src\\data.c"           @ string offset=68
.Linfo_string2:
	.asciz	"E:\\FILE_SMART_CAR\\\346\231\272\350\203\275\350\247\206\350\247\211\\RT1064_Library-master\\RT1064_Library-master\\SeekFree_RT1064_Opensource_Library\\project\\mdk" @ string offset=87
.Linfo_string3:
	.asciz	"PID_MOTOR_1"                   @ string offset=209
.Linfo_string4:
	.asciz	"float"                         @ string offset=221
.Linfo_string5:
	.asciz	"__ARRAY_SIZE_TYPE__"           @ string offset=227
.Linfo_string6:
	.asciz	"PID_MOTOR_2"                   @ string offset=247
.Linfo_string7:
	.asciz	"PID_MOTOR_3"                   @ string offset=259
.Linfo_string8:
	.asciz	"encoder_1_count"               @ string offset=271
.Linfo_string9:
	.asciz	"short"                         @ string offset=287
.Linfo_string10:
	.asciz	"int16"                         @ string offset=293
.Linfo_string11:
	.asciz	"encoder_2_count"               @ string offset=299
.Linfo_string12:
	.asciz	"encoder_3_count"               @ string offset=315
.Linfo_string13:
	.asciz	"encoder_1_speed"               @ string offset=331
.Linfo_string14:
	.asciz	"encoder_2_speed"               @ string offset=347
.Linfo_string15:
	.asciz	"encoder_3_speed"               @ string offset=363
.Linfo_string16:
	.asciz	"gyro_x"                        @ string offset=379
.Linfo_string17:
	.asciz	"gyro_y"                        @ string offset=386
.Linfo_string18:
	.asciz	"gyro_z"                        @ string offset=393
.Linfo_string19:
	.asciz	"acc_x"                         @ string offset=400
.Linfo_string20:
	.asciz	"acc_y"                         @ string offset=406
.Linfo_string21:
	.asciz	"acc_z"                         @ string offset=412
.Linfo_string22:
	.asciz	"motor_1_speed"                 @ string offset=418
.Linfo_string23:
	.asciz	"motor_2_speed"                 @ string offset=432
.Linfo_string24:
	.asciz	"motor_3_speed"                 @ string offset=446
.Linfo_string25:
	.asciz	"yaw"                           @ string offset=460
.Linfo_string26:
	.asciz	"speed"                         @ string offset=464
	.ident	"Component: Arm Compiler for Embedded 6.19 Tool: armclang [5e73cb00]"
	.section	".note.GNU-stack","",%progbits
	.ARM_attribute	16, 1	@ Tag_AV_eba
	.section	.debug_line,"",%progbits
.Lline_table_start0:
