	.text
	.syntax unified
	.eabi_attribute	67, "2.09"	@ Tag_conformance
	.cpu	cortex-m7
	.eabi_attribute	6, 13	@ Tag_CPU_arch
	.eabi_attribute	7, 77	@ Tag_CPU_arch_profile
	.eabi_attribute	8, 0	@ Tag_ARM_ISA_use
	.eabi_attribute	9, 2	@ Tag_THUMB_ISA_use
	.fpu	fpv5-d16
	.eabi_attribute	36, 1	@ Tag_FP_HP_extension
	.eabi_attribute	34, 1	@ Tag_CPU_unaligned_access
	.eabi_attribute	17, 1	@ Tag_ABI_PCS_GOT_use
	.eabi_attribute	20, 2	@ Tag_ABI_FP_denormal
	.eabi_attribute	21, 0	@ Tag_ABI_FP_exceptions
	.eabi_attribute	23, 1	@ Tag_ABI_FP_number_model
	.eabi_attribute	24, 1	@ Tag_ABI_align_needed
	.eabi_attribute	25, 1	@ Tag_ABI_align_preserved
	.eabi_attribute	28, 1	@ Tag_ABI_VFP_args
	.eabi_attribute	38, 1	@ Tag_ABI_FP_16bit_format
	.eabi_attribute	18, 2	@ Tag_ABI_PCS_wchar_t
	.eabi_attribute	26, 1	@ Tag_ABI_enum_size
	.eabi_attribute	14, 0	@ Tag_ABI_PCS_R9_use
	.file	"diskio.c"
	.file	1 "E:\\FILE_SMART_CAR\\\346\231\272\350\203\275\350\247\206\350\247\211\\RT1064_Library-master\\RT1064_Library-master\\SeekFree_RT1064_Opensource_Library\\project\\mdk" "../../libraries/components/fatfs/source\\diskio.h"
	.section	.text.disk_status,"ax",%progbits
	.hidden	disk_status                     @ -- Begin function disk_status
	.globl	disk_status
	.p2align	3
	.type	disk_status,%function
	.code	16                              @ @disk_status
	.thumb_func
disk_status:
.Lfunc_begin0:
	.file	2 "E:\\FILE_SMART_CAR\\\346\231\272\350\203\275\350\247\206\350\247\211\\RT1064_Library-master\\RT1064_Library-master\\SeekFree_RT1064_Opensource_Library\\project\\mdk" "../../libraries/components/fatfs/source/diskio.c"
	.loc	2 52 0                          @ ../../libraries/components/fatfs/source/diskio.c:52:0
	.fnstart
	.cfi_sections .debug_frame
	.cfi_startproc
@ %bb.0:
	.save	{r7, lr}
	push	{r7, lr}
	.cfi_def_cfa_offset 8
	.cfi_offset lr, -4
	.cfi_offset r7, -8
	.pad	#8
	sub	sp, #8
	.cfi_def_cfa_offset 16
                                        @ kill: def $r1 killed $r0
	strb.w	r0, [sp, #6]
.Ltmp0:
	.loc	2 54 13 prologue_end            @ ../../libraries/components/fatfs/source/diskio.c:54:13
	ldrb.w	r0, [sp, #6]
	.loc	2 54 5 is_stmt 0                @ ../../libraries/components/fatfs/source/diskio.c:54:5
	cmp	r0, #2
	bne	.LBB0_2
	b	.LBB0_1
.LBB0_1:
.Ltmp1:
	.loc	2 68 35 is_stmt 1               @ ../../libraries/components/fatfs/source/diskio.c:68:35
	ldrb.w	r0, [sp, #6]
	.loc	2 68 20 is_stmt 0               @ ../../libraries/components/fatfs/source/diskio.c:68:20
	bl	sd_disk_status
	.loc	2 68 18                         @ ../../libraries/components/fatfs/source/diskio.c:68:18
	strb.w	r0, [sp, #5]
	.loc	2 69 20 is_stmt 1               @ ../../libraries/components/fatfs/source/diskio.c:69:20
	ldrb.w	r0, [sp, #5]
	.loc	2 69 13 is_stmt 0               @ ../../libraries/components/fatfs/source/diskio.c:69:13
	strb.w	r0, [sp, #7]
	b	.LBB0_4
.LBB0_2:
	.loc	2 87 13 is_stmt 1               @ ../../libraries/components/fatfs/source/diskio.c:87:13
	b	.LBB0_3
.Ltmp2:
.LBB0_3:
	.loc	2 0 13 is_stmt 0                @ ../../libraries/components/fatfs/source/diskio.c:0:13
	movs	r0, #1
	.loc	2 89 5 is_stmt 1                @ ../../libraries/components/fatfs/source/diskio.c:89:5
	strb.w	r0, [sp, #7]
	b	.LBB0_4
.LBB0_4:
	.loc	2 90 1                          @ ../../libraries/components/fatfs/source/diskio.c:90:1
	ldrb.w	r0, [sp, #7]
	add	sp, #8
	pop	{r7, pc}
.Ltmp3:
.Lfunc_end0:
	.size	disk_status, .Lfunc_end0-disk_status
	.cfi_endproc
	.cantunwind
	.fnend
                                        @ -- End function
	.section	.text.disk_initialize,"ax",%progbits
	.hidden	disk_initialize                 @ -- Begin function disk_initialize
	.globl	disk_initialize
	.p2align	3
	.type	disk_initialize,%function
	.code	16                              @ @disk_initialize
	.thumb_func
disk_initialize:
.Lfunc_begin1:
	.loc	2 101 0                         @ ../../libraries/components/fatfs/source/diskio.c:101:0
	.fnstart
	.cfi_startproc
@ %bb.0:
	.save	{r7, lr}
	push	{r7, lr}
	.cfi_def_cfa_offset 8
	.cfi_offset lr, -4
	.cfi_offset r7, -8
	.pad	#8
	sub	sp, #8
	.cfi_def_cfa_offset 16
                                        @ kill: def $r1 killed $r0
	strb.w	r0, [sp, #6]
.Ltmp4:
	.loc	2 103 13 prologue_end           @ ../../libraries/components/fatfs/source/diskio.c:103:13
	ldrb.w	r0, [sp, #6]
	.loc	2 103 5 is_stmt 0               @ ../../libraries/components/fatfs/source/diskio.c:103:5
	cmp	r0, #2
	bne	.LBB1_2
	b	.LBB1_1
.LBB1_1:
.Ltmp5:
	.loc	2 117 39 is_stmt 1              @ ../../libraries/components/fatfs/source/diskio.c:117:39
	ldrb.w	r0, [sp, #6]
	.loc	2 117 20 is_stmt 0              @ ../../libraries/components/fatfs/source/diskio.c:117:20
	bl	sd_disk_initialize
	.loc	2 117 18                        @ ../../libraries/components/fatfs/source/diskio.c:117:18
	strb.w	r0, [sp, #5]
	.loc	2 118 20 is_stmt 1              @ ../../libraries/components/fatfs/source/diskio.c:118:20
	ldrb.w	r0, [sp, #5]
	.loc	2 118 13 is_stmt 0              @ ../../libraries/components/fatfs/source/diskio.c:118:13
	strb.w	r0, [sp, #7]
	b	.LBB1_4
.LBB1_2:
	.loc	2 137 13 is_stmt 1              @ ../../libraries/components/fatfs/source/diskio.c:137:13
	b	.LBB1_3
.Ltmp6:
.LBB1_3:
	.loc	2 0 13 is_stmt 0                @ ../../libraries/components/fatfs/source/diskio.c:0:13
	movs	r0, #1
	.loc	2 139 5 is_stmt 1               @ ../../libraries/components/fatfs/source/diskio.c:139:5
	strb.w	r0, [sp, #7]
	b	.LBB1_4
.LBB1_4:
	.loc	2 140 1                         @ ../../libraries/components/fatfs/source/diskio.c:140:1
	ldrb.w	r0, [sp, #7]
	add	sp, #8
	pop	{r7, pc}
.Ltmp7:
.Lfunc_end1:
	.size	disk_initialize, .Lfunc_end1-disk_initialize
	.cfi_endproc
	.cantunwind
	.fnend
                                        @ -- End function
	.section	.text.disk_read,"ax",%progbits
	.hidden	disk_read                       @ -- Begin function disk_read
	.globl	disk_read
	.p2align	3
	.type	disk_read,%function
	.code	16                              @ @disk_read
	.thumb_func
disk_read:
.Lfunc_begin2:
	.loc	2 154 0                         @ ../../libraries/components/fatfs/source/diskio.c:154:0
	.fnstart
	.cfi_startproc
@ %bb.0:
	.save	{r7, lr}
	push	{r7, lr}
	.cfi_def_cfa_offset 8
	.cfi_offset lr, -4
	.cfi_offset r7, -8
	.pad	#24
	sub	sp, #24
	.cfi_def_cfa_offset 32
                                        @ kill: def $r12 killed $r0
	strb.w	r0, [sp, #22]
	str	r1, [sp, #16]
	str	r2, [sp, #12]
	str	r3, [sp, #8]
.Ltmp8:
	.loc	2 156 13 prologue_end           @ ../../libraries/components/fatfs/source/diskio.c:156:13
	ldrb.w	r0, [sp, #22]
	.loc	2 156 5 is_stmt 0               @ ../../libraries/components/fatfs/source/diskio.c:156:5
	cmp	r0, #2
	bne	.LBB2_2
	b	.LBB2_1
.LBB2_1:
.Ltmp9:
	.loc	2 170 32 is_stmt 1              @ ../../libraries/components/fatfs/source/diskio.c:170:32
	ldrb.w	r0, [sp, #22]
	.loc	2 170 38 is_stmt 0              @ ../../libraries/components/fatfs/source/diskio.c:170:38
	ldr	r1, [sp, #16]
	.loc	2 170 44                        @ ../../libraries/components/fatfs/source/diskio.c:170:44
	ldr	r2, [sp, #12]
	.loc	2 170 52                        @ ../../libraries/components/fatfs/source/diskio.c:170:52
	ldr	r3, [sp, #8]
	.loc	2 170 19                        @ ../../libraries/components/fatfs/source/diskio.c:170:19
	bl	sd_disk_read
	.loc	2 170 17                        @ ../../libraries/components/fatfs/source/diskio.c:170:17
	strb.w	r0, [sp, #7]
	.loc	2 171 20 is_stmt 1              @ ../../libraries/components/fatfs/source/diskio.c:171:20
	ldrb.w	r0, [sp, #7]
	.loc	2 171 13 is_stmt 0              @ ../../libraries/components/fatfs/source/diskio.c:171:13
	strb.w	r0, [sp, #23]
	b	.LBB2_4
.LBB2_2:
	.loc	2 190 13 is_stmt 1              @ ../../libraries/components/fatfs/source/diskio.c:190:13
	b	.LBB2_3
.Ltmp10:
.LBB2_3:
	.loc	2 0 13 is_stmt 0                @ ../../libraries/components/fatfs/source/diskio.c:0:13
	movs	r0, #4
	.loc	2 193 2 is_stmt 1               @ ../../libraries/components/fatfs/source/diskio.c:193:2
	strb.w	r0, [sp, #23]
	b	.LBB2_4
.LBB2_4:
	.loc	2 194 1                         @ ../../libraries/components/fatfs/source/diskio.c:194:1
	ldrb.w	r0, [sp, #23]
	add	sp, #24
	pop	{r7, pc}
.Ltmp11:
.Lfunc_end2:
	.size	disk_read, .Lfunc_end2-disk_read
	.cfi_endproc
	.cantunwind
	.fnend
                                        @ -- End function
	.section	.text.disk_write,"ax",%progbits
	.hidden	disk_write                      @ -- Begin function disk_write
	.globl	disk_write
	.p2align	3
	.type	disk_write,%function
	.code	16                              @ @disk_write
	.thumb_func
disk_write:
.Lfunc_begin3:
	.loc	2 209 0                         @ ../../libraries/components/fatfs/source/diskio.c:209:0
	.fnstart
	.cfi_startproc
@ %bb.0:
	.save	{r7, lr}
	push	{r7, lr}
	.cfi_def_cfa_offset 8
	.cfi_offset lr, -4
	.cfi_offset r7, -8
	.pad	#24
	sub	sp, #24
	.cfi_def_cfa_offset 32
                                        @ kill: def $r12 killed $r0
	strb.w	r0, [sp, #22]
	str	r1, [sp, #16]
	str	r2, [sp, #12]
	str	r3, [sp, #8]
.Ltmp12:
	.loc	2 211 13 prologue_end           @ ../../libraries/components/fatfs/source/diskio.c:211:13
	ldrb.w	r0, [sp, #22]
	.loc	2 211 5 is_stmt 0               @ ../../libraries/components/fatfs/source/diskio.c:211:5
	cmp	r0, #2
	bne	.LBB3_2
	b	.LBB3_1
.LBB3_1:
.Ltmp13:
	.loc	2 225 33 is_stmt 1              @ ../../libraries/components/fatfs/source/diskio.c:225:33
	ldrb.w	r0, [sp, #22]
	.loc	2 225 39 is_stmt 0              @ ../../libraries/components/fatfs/source/diskio.c:225:39
	ldr	r1, [sp, #16]
	.loc	2 225 45                        @ ../../libraries/components/fatfs/source/diskio.c:225:45
	ldr	r2, [sp, #12]
	.loc	2 225 53                        @ ../../libraries/components/fatfs/source/diskio.c:225:53
	ldr	r3, [sp, #8]
	.loc	2 225 19                        @ ../../libraries/components/fatfs/source/diskio.c:225:19
	bl	sd_disk_write
	.loc	2 225 17                        @ ../../libraries/components/fatfs/source/diskio.c:225:17
	strb.w	r0, [sp, #7]
	.loc	2 226 20 is_stmt 1              @ ../../libraries/components/fatfs/source/diskio.c:226:20
	ldrb.w	r0, [sp, #7]
	.loc	2 226 13 is_stmt 0              @ ../../libraries/components/fatfs/source/diskio.c:226:13
	strb.w	r0, [sp, #23]
	b	.LBB3_4
.LBB3_2:
	.loc	2 245 13 is_stmt 1              @ ../../libraries/components/fatfs/source/diskio.c:245:13
	b	.LBB3_3
.Ltmp14:
.LBB3_3:
	.loc	2 0 13 is_stmt 0                @ ../../libraries/components/fatfs/source/diskio.c:0:13
	movs	r0, #4
	.loc	2 247 5 is_stmt 1               @ ../../libraries/components/fatfs/source/diskio.c:247:5
	strb.w	r0, [sp, #23]
	b	.LBB3_4
.LBB3_4:
	.loc	2 248 1                         @ ../../libraries/components/fatfs/source/diskio.c:248:1
	ldrb.w	r0, [sp, #23]
	add	sp, #24
	pop	{r7, pc}
.Ltmp15:
.Lfunc_end3:
	.size	disk_write, .Lfunc_end3-disk_write
	.cfi_endproc
	.cantunwind
	.fnend
                                        @ -- End function
	.section	.text.disk_ioctl,"ax",%progbits
	.hidden	disk_ioctl                      @ -- Begin function disk_ioctl
	.globl	disk_ioctl
	.p2align	3
	.type	disk_ioctl,%function
	.code	16                              @ @disk_ioctl
	.thumb_func
disk_ioctl:
.Lfunc_begin4:
	.loc	2 261 0                         @ ../../libraries/components/fatfs/source/diskio.c:261:0
	.fnstart
	.cfi_startproc
@ %bb.0:
	.save	{r7, lr}
	push	{r7, lr}
	.cfi_def_cfa_offset 8
	.cfi_offset lr, -4
	.cfi_offset r7, -8
	.pad	#16
	sub	sp, #16
	.cfi_def_cfa_offset 24
                                        @ kill: def $r3 killed $r1
                                        @ kill: def $r3 killed $r0
	strb.w	r0, [sp, #14]
	strb.w	r1, [sp, #13]
	str	r2, [sp, #8]
.Ltmp16:
	.loc	2 263 13 prologue_end           @ ../../libraries/components/fatfs/source/diskio.c:263:13
	ldrb.w	r0, [sp, #14]
	.loc	2 263 5 is_stmt 0               @ ../../libraries/components/fatfs/source/diskio.c:263:5
	cmp	r0, #2
	bne	.LBB4_2
	b	.LBB4_1
.LBB4_1:
.Ltmp17:
	.loc	2 277 33 is_stmt 1              @ ../../libraries/components/fatfs/source/diskio.c:277:33
	ldrb.w	r0, [sp, #14]
	.loc	2 277 39 is_stmt 0              @ ../../libraries/components/fatfs/source/diskio.c:277:39
	ldrb.w	r1, [sp, #13]
	.loc	2 277 44                        @ ../../libraries/components/fatfs/source/diskio.c:277:44
	ldr	r2, [sp, #8]
	.loc	2 277 19                        @ ../../libraries/components/fatfs/source/diskio.c:277:19
	bl	sd_disk_ioctl
	.loc	2 277 17                        @ ../../libraries/components/fatfs/source/diskio.c:277:17
	strb.w	r0, [sp, #7]
	.loc	2 278 20 is_stmt 1              @ ../../libraries/components/fatfs/source/diskio.c:278:20
	ldrb.w	r0, [sp, #7]
	.loc	2 278 13 is_stmt 0              @ ../../libraries/components/fatfs/source/diskio.c:278:13
	strb.w	r0, [sp, #15]
	b	.LBB4_4
.LBB4_2:
	.loc	2 297 13 is_stmt 1              @ ../../libraries/components/fatfs/source/diskio.c:297:13
	b	.LBB4_3
.Ltmp18:
.LBB4_3:
	.loc	2 0 13 is_stmt 0                @ ../../libraries/components/fatfs/source/diskio.c:0:13
	movs	r0, #4
	.loc	2 299 5 is_stmt 1               @ ../../libraries/components/fatfs/source/diskio.c:299:5
	strb.w	r0, [sp, #15]
	b	.LBB4_4
.LBB4_4:
	.loc	2 300 1                         @ ../../libraries/components/fatfs/source/diskio.c:300:1
	ldrb.w	r0, [sp, #15]
	add	sp, #16
	pop	{r7, pc}
.Ltmp19:
.Lfunc_end4:
	.size	disk_ioctl, .Lfunc_end4-disk_ioctl
	.cfi_endproc
	.cantunwind
	.fnend
                                        @ -- End function
	.file	3 "E:\\FILE_SMART_CAR\\\346\231\272\350\203\275\350\247\206\350\247\211\\RT1064_Library-master\\RT1064_Library-master\\SeekFree_RT1064_Opensource_Library\\project\\mdk" "../../libraries/components/fatfs/source\\ff.h"
	.file	4 "D:\\KEIL\\ARM\\ARMCLANG\\Bin\\..\\include" "stdint.h"
	.section	.debug_abbrev,"",%progbits
	.byte	1                               @ Abbreviation Code
	.byte	17                              @ DW_TAG_compile_unit
	.byte	1                               @ DW_CHILDREN_yes
	.byte	37                              @ DW_AT_producer
	.byte	14                              @ DW_FORM_strp
	.byte	19                              @ DW_AT_language
	.byte	5                               @ DW_FORM_data2
	.byte	3                               @ DW_AT_name
	.byte	14                              @ DW_FORM_strp
	.byte	16                              @ DW_AT_stmt_list
	.byte	23                              @ DW_FORM_sec_offset
	.byte	27                              @ DW_AT_comp_dir
	.byte	14                              @ DW_FORM_strp
	.byte	17                              @ DW_AT_low_pc
	.byte	1                               @ DW_FORM_addr
	.byte	85                              @ DW_AT_ranges
	.byte	23                              @ DW_FORM_sec_offset
	.byte	0                               @ EOM(1)
	.byte	0                               @ EOM(2)
	.byte	2                               @ Abbreviation Code
	.byte	4                               @ DW_TAG_enumeration_type
	.byte	1                               @ DW_CHILDREN_yes
	.byte	73                              @ DW_AT_type
	.byte	19                              @ DW_FORM_ref4
	.byte	11                              @ DW_AT_byte_size
	.byte	11                              @ DW_FORM_data1
	.byte	58                              @ DW_AT_decl_file
	.byte	11                              @ DW_FORM_data1
	.byte	59                              @ DW_AT_decl_line
	.byte	11                              @ DW_FORM_data1
	.byte	0                               @ EOM(1)
	.byte	0                               @ EOM(2)
	.byte	3                               @ Abbreviation Code
	.byte	40                              @ DW_TAG_enumerator
	.byte	0                               @ DW_CHILDREN_no
	.byte	3                               @ DW_AT_name
	.byte	14                              @ DW_FORM_strp
	.byte	28                              @ DW_AT_const_value
	.byte	15                              @ DW_FORM_udata
	.byte	0                               @ EOM(1)
	.byte	0                               @ EOM(2)
	.byte	4                               @ Abbreviation Code
	.byte	36                              @ DW_TAG_base_type
	.byte	0                               @ DW_CHILDREN_no
	.byte	3                               @ DW_AT_name
	.byte	14                              @ DW_FORM_strp
	.byte	62                              @ DW_AT_encoding
	.byte	11                              @ DW_FORM_data1
	.byte	11                              @ DW_AT_byte_size
	.byte	11                              @ DW_FORM_data1
	.byte	0                               @ EOM(1)
	.byte	0                               @ EOM(2)
	.byte	5                               @ Abbreviation Code
	.byte	46                              @ DW_TAG_subprogram
	.byte	1                               @ DW_CHILDREN_yes
	.byte	17                              @ DW_AT_low_pc
	.byte	1                               @ DW_FORM_addr
	.byte	18                              @ DW_AT_high_pc
	.byte	6                               @ DW_FORM_data4
	.byte	64                              @ DW_AT_frame_base
	.byte	24                              @ DW_FORM_exprloc
	.byte	3                               @ DW_AT_name
	.byte	14                              @ DW_FORM_strp
	.byte	58                              @ DW_AT_decl_file
	.byte	11                              @ DW_FORM_data1
	.byte	59                              @ DW_AT_decl_line
	.byte	11                              @ DW_FORM_data1
	.byte	39                              @ DW_AT_prototyped
	.byte	25                              @ DW_FORM_flag_present
	.byte	73                              @ DW_AT_type
	.byte	19                              @ DW_FORM_ref4
	.byte	63                              @ DW_AT_external
	.byte	25                              @ DW_FORM_flag_present
	.byte	0                               @ EOM(1)
	.byte	0                               @ EOM(2)
	.byte	6                               @ Abbreviation Code
	.byte	5                               @ DW_TAG_formal_parameter
	.byte	0                               @ DW_CHILDREN_no
	.byte	2                               @ DW_AT_location
	.byte	24                              @ DW_FORM_exprloc
	.byte	3                               @ DW_AT_name
	.byte	14                              @ DW_FORM_strp
	.byte	58                              @ DW_AT_decl_file
	.byte	11                              @ DW_FORM_data1
	.byte	59                              @ DW_AT_decl_line
	.byte	11                              @ DW_FORM_data1
	.byte	73                              @ DW_AT_type
	.byte	19                              @ DW_FORM_ref4
	.byte	0                               @ EOM(1)
	.byte	0                               @ EOM(2)
	.byte	7                               @ Abbreviation Code
	.byte	52                              @ DW_TAG_variable
	.byte	0                               @ DW_CHILDREN_no
	.byte	2                               @ DW_AT_location
	.byte	24                              @ DW_FORM_exprloc
	.byte	3                               @ DW_AT_name
	.byte	14                              @ DW_FORM_strp
	.byte	58                              @ DW_AT_decl_file
	.byte	11                              @ DW_FORM_data1
	.byte	59                              @ DW_AT_decl_line
	.byte	11                              @ DW_FORM_data1
	.byte	73                              @ DW_AT_type
	.byte	19                              @ DW_FORM_ref4
	.byte	0                               @ EOM(1)
	.byte	0                               @ EOM(2)
	.byte	8                               @ Abbreviation Code
	.byte	46                              @ DW_TAG_subprogram
	.byte	1                               @ DW_CHILDREN_yes
	.byte	17                              @ DW_AT_low_pc
	.byte	1                               @ DW_FORM_addr
	.byte	18                              @ DW_AT_high_pc
	.byte	6                               @ DW_FORM_data4
	.byte	64                              @ DW_AT_frame_base
	.byte	24                              @ DW_FORM_exprloc
	.byte	3                               @ DW_AT_name
	.byte	14                              @ DW_FORM_strp
	.byte	58                              @ DW_AT_decl_file
	.byte	11                              @ DW_FORM_data1
	.byte	59                              @ DW_AT_decl_line
	.byte	5                               @ DW_FORM_data2
	.byte	39                              @ DW_AT_prototyped
	.byte	25                              @ DW_FORM_flag_present
	.byte	73                              @ DW_AT_type
	.byte	19                              @ DW_FORM_ref4
	.byte	63                              @ DW_AT_external
	.byte	25                              @ DW_FORM_flag_present
	.byte	0                               @ EOM(1)
	.byte	0                               @ EOM(2)
	.byte	9                               @ Abbreviation Code
	.byte	5                               @ DW_TAG_formal_parameter
	.byte	0                               @ DW_CHILDREN_no
	.byte	2                               @ DW_AT_location
	.byte	24                              @ DW_FORM_exprloc
	.byte	3                               @ DW_AT_name
	.byte	14                              @ DW_FORM_strp
	.byte	58                              @ DW_AT_decl_file
	.byte	11                              @ DW_FORM_data1
	.byte	59                              @ DW_AT_decl_line
	.byte	5                               @ DW_FORM_data2
	.byte	73                              @ DW_AT_type
	.byte	19                              @ DW_FORM_ref4
	.byte	0                               @ EOM(1)
	.byte	0                               @ EOM(2)
	.byte	10                              @ Abbreviation Code
	.byte	52                              @ DW_TAG_variable
	.byte	0                               @ DW_CHILDREN_no
	.byte	2                               @ DW_AT_location
	.byte	24                              @ DW_FORM_exprloc
	.byte	3                               @ DW_AT_name
	.byte	14                              @ DW_FORM_strp
	.byte	58                              @ DW_AT_decl_file
	.byte	11                              @ DW_FORM_data1
	.byte	59                              @ DW_AT_decl_line
	.byte	5                               @ DW_FORM_data2
	.byte	73                              @ DW_AT_type
	.byte	19                              @ DW_FORM_ref4
	.byte	0                               @ EOM(1)
	.byte	0                               @ EOM(2)
	.byte	11                              @ Abbreviation Code
	.byte	22                              @ DW_TAG_typedef
	.byte	0                               @ DW_CHILDREN_no
	.byte	73                              @ DW_AT_type
	.byte	19                              @ DW_FORM_ref4
	.byte	3                               @ DW_AT_name
	.byte	14                              @ DW_FORM_strp
	.byte	58                              @ DW_AT_decl_file
	.byte	11                              @ DW_FORM_data1
	.byte	59                              @ DW_AT_decl_line
	.byte	11                              @ DW_FORM_data1
	.byte	0                               @ EOM(1)
	.byte	0                               @ EOM(2)
	.byte	12                              @ Abbreviation Code
	.byte	15                              @ DW_TAG_pointer_type
	.byte	0                               @ DW_CHILDREN_no
	.byte	73                              @ DW_AT_type
	.byte	19                              @ DW_FORM_ref4
	.byte	0                               @ EOM(1)
	.byte	0                               @ EOM(2)
	.byte	13                              @ Abbreviation Code
	.byte	38                              @ DW_TAG_const_type
	.byte	0                               @ DW_CHILDREN_no
	.byte	73                              @ DW_AT_type
	.byte	19                              @ DW_FORM_ref4
	.byte	0                               @ EOM(1)
	.byte	0                               @ EOM(2)
	.byte	14                              @ Abbreviation Code
	.byte	15                              @ DW_TAG_pointer_type
	.byte	0                               @ DW_CHILDREN_no
	.byte	0                               @ EOM(1)
	.byte	0                               @ EOM(2)
	.byte	0                               @ EOM(3)
	.section	.debug_info,"",%progbits
.Lcu_begin0:
	.long	.Ldebug_info_end0-.Ldebug_info_start0 @ Length of Unit
.Ldebug_info_start0:
	.short	4                               @ DWARF version number
	.long	.debug_abbrev                   @ Offset Into Abbrev. Section
	.byte	4                               @ Address Size (in bytes)
	.byte	1                               @ Abbrev [1] 0xb:0x21d DW_TAG_compile_unit
	.long	.Linfo_string0                  @ DW_AT_producer
	.short	12                              @ DW_AT_language
	.long	.Linfo_string1                  @ DW_AT_name
	.long	.Lline_table_start0             @ DW_AT_stmt_list
	.long	.Linfo_string2                  @ DW_AT_comp_dir
	.long	0                               @ DW_AT_low_pc
	.long	.Ldebug_ranges0                 @ DW_AT_ranges
	.byte	2                               @ Abbrev [2] 0x26:0x27 DW_TAG_enumeration_type
	.long	77                              @ DW_AT_type
	.byte	1                               @ DW_AT_byte_size
	.byte	1                               @ DW_AT_decl_file
	.byte	24                              @ DW_AT_decl_line
	.byte	3                               @ Abbrev [3] 0x2e:0x6 DW_TAG_enumerator
	.long	.Linfo_string4                  @ DW_AT_name
	.byte	0                               @ DW_AT_const_value
	.byte	3                               @ Abbrev [3] 0x34:0x6 DW_TAG_enumerator
	.long	.Linfo_string5                  @ DW_AT_name
	.byte	1                               @ DW_AT_const_value
	.byte	3                               @ Abbrev [3] 0x3a:0x6 DW_TAG_enumerator
	.long	.Linfo_string6                  @ DW_AT_name
	.byte	2                               @ DW_AT_const_value
	.byte	3                               @ Abbrev [3] 0x40:0x6 DW_TAG_enumerator
	.long	.Linfo_string7                  @ DW_AT_name
	.byte	3                               @ DW_AT_const_value
	.byte	3                               @ Abbrev [3] 0x46:0x6 DW_TAG_enumerator
	.long	.Linfo_string8                  @ DW_AT_name
	.byte	4                               @ DW_AT_const_value
	.byte	0                               @ End Of Children Mark
	.byte	4                               @ Abbrev [4] 0x4d:0x7 DW_TAG_base_type
	.long	.Linfo_string3                  @ DW_AT_name
	.byte	8                               @ DW_AT_encoding
	.byte	1                               @ DW_AT_byte_size
	.byte	5                               @ Abbrev [5] 0x54:0x32 DW_TAG_subprogram
	.long	.Lfunc_begin0                   @ DW_AT_low_pc
	.long	.Lfunc_end0-.Lfunc_begin0       @ DW_AT_high_pc
	.byte	1                               @ DW_AT_frame_base
	.byte	93
	.long	.Linfo_string9                  @ DW_AT_name
	.byte	2                               @ DW_AT_decl_file
	.byte	49                              @ DW_AT_decl_line
                                        @ DW_AT_prototyped
	.long	451                             @ DW_AT_type
                                        @ DW_AT_external
	.byte	6                               @ Abbrev [6] 0x69:0xe DW_TAG_formal_parameter
	.byte	2                               @ DW_AT_location
	.byte	145
	.byte	6
	.long	.Linfo_string17                 @ DW_AT_name
	.byte	2                               @ DW_AT_decl_file
	.byte	50                              @ DW_AT_decl_line
	.long	462                             @ DW_AT_type
	.byte	7                               @ Abbrev [7] 0x77:0xe DW_TAG_variable
	.byte	2                               @ DW_AT_location
	.byte	145
	.byte	5
	.long	.Linfo_string18                 @ DW_AT_name
	.byte	2                               @ DW_AT_decl_file
	.byte	53                              @ DW_AT_decl_line
	.long	451                             @ DW_AT_type
	.byte	0                               @ End Of Children Mark
	.byte	5                               @ Abbrev [5] 0x86:0x32 DW_TAG_subprogram
	.long	.Lfunc_begin1                   @ DW_AT_low_pc
	.long	.Lfunc_end1-.Lfunc_begin1       @ DW_AT_high_pc
	.byte	1                               @ DW_AT_frame_base
	.byte	93
	.long	.Linfo_string12                 @ DW_AT_name
	.byte	2                               @ DW_AT_decl_file
	.byte	98                              @ DW_AT_decl_line
                                        @ DW_AT_prototyped
	.long	451                             @ DW_AT_type
                                        @ DW_AT_external
	.byte	6                               @ Abbrev [6] 0x9b:0xe DW_TAG_formal_parameter
	.byte	2                               @ DW_AT_location
	.byte	145
	.byte	6
	.long	.Linfo_string17                 @ DW_AT_name
	.byte	2                               @ DW_AT_decl_file
	.byte	99                              @ DW_AT_decl_line
	.long	462                             @ DW_AT_type
	.byte	7                               @ Abbrev [7] 0xa9:0xe DW_TAG_variable
	.byte	2                               @ DW_AT_location
	.byte	145
	.byte	5
	.long	.Linfo_string18                 @ DW_AT_name
	.byte	2                               @ DW_AT_decl_file
	.byte	102                             @ DW_AT_decl_line
	.long	451                             @ DW_AT_type
	.byte	0                               @ End Of Children Mark
	.byte	5                               @ Abbrev [5] 0xb8:0x5c DW_TAG_subprogram
	.long	.Lfunc_begin2                   @ DW_AT_low_pc
	.long	.Lfunc_end2-.Lfunc_begin2       @ DW_AT_high_pc
	.byte	1                               @ DW_AT_frame_base
	.byte	93
	.long	.Linfo_string13                 @ DW_AT_name
	.byte	2                               @ DW_AT_decl_file
	.byte	148                             @ DW_AT_decl_line
                                        @ DW_AT_prototyped
	.long	473                             @ DW_AT_type
                                        @ DW_AT_external
	.byte	6                               @ Abbrev [6] 0xcd:0xe DW_TAG_formal_parameter
	.byte	2                               @ DW_AT_location
	.byte	145
	.byte	22
	.long	.Linfo_string17                 @ DW_AT_name
	.byte	2                               @ DW_AT_decl_file
	.byte	149                             @ DW_AT_decl_line
	.long	462                             @ DW_AT_type
	.byte	6                               @ Abbrev [6] 0xdb:0xe DW_TAG_formal_parameter
	.byte	2                               @ DW_AT_location
	.byte	145
	.byte	16
	.long	.Linfo_string19                 @ DW_AT_name
	.byte	2                               @ DW_AT_decl_file
	.byte	150                             @ DW_AT_decl_line
	.long	484                             @ DW_AT_type
	.byte	6                               @ Abbrev [6] 0xe9:0xe DW_TAG_formal_parameter
	.byte	2                               @ DW_AT_location
	.byte	145
	.byte	12
	.long	.Linfo_string20                 @ DW_AT_name
	.byte	2                               @ DW_AT_decl_file
	.byte	151                             @ DW_AT_decl_line
	.long	489                             @ DW_AT_type
	.byte	6                               @ Abbrev [6] 0xf7:0xe DW_TAG_formal_parameter
	.byte	2                               @ DW_AT_location
	.byte	145
	.byte	8
	.long	.Linfo_string25                 @ DW_AT_name
	.byte	2                               @ DW_AT_decl_file
	.byte	152                             @ DW_AT_decl_line
	.long	529                             @ DW_AT_type
	.byte	7                               @ Abbrev [7] 0x105:0xe DW_TAG_variable
	.byte	2                               @ DW_AT_location
	.byte	145
	.byte	7
	.long	.Linfo_string27                 @ DW_AT_name
	.byte	2                               @ DW_AT_decl_file
	.byte	155                             @ DW_AT_decl_line
	.long	473                             @ DW_AT_type
	.byte	0                               @ End Of Children Mark
	.byte	5                               @ Abbrev [5] 0x114:0x5c DW_TAG_subprogram
	.long	.Lfunc_begin3                   @ DW_AT_low_pc
	.long	.Lfunc_end3-.Lfunc_begin3       @ DW_AT_high_pc
	.byte	1                               @ DW_AT_frame_base
	.byte	93
	.long	.Linfo_string15                 @ DW_AT_name
	.byte	2                               @ DW_AT_decl_file
	.byte	203                             @ DW_AT_decl_line
                                        @ DW_AT_prototyped
	.long	473                             @ DW_AT_type
                                        @ DW_AT_external
	.byte	6                               @ Abbrev [6] 0x129:0xe DW_TAG_formal_parameter
	.byte	2                               @ DW_AT_location
	.byte	145
	.byte	22
	.long	.Linfo_string17                 @ DW_AT_name
	.byte	2                               @ DW_AT_decl_file
	.byte	204                             @ DW_AT_decl_line
	.long	462                             @ DW_AT_type
	.byte	6                               @ Abbrev [6] 0x137:0xe DW_TAG_formal_parameter
	.byte	2                               @ DW_AT_location
	.byte	145
	.byte	16
	.long	.Linfo_string19                 @ DW_AT_name
	.byte	2                               @ DW_AT_decl_file
	.byte	205                             @ DW_AT_decl_line
	.long	540                             @ DW_AT_type
	.byte	6                               @ Abbrev [6] 0x145:0xe DW_TAG_formal_parameter
	.byte	2                               @ DW_AT_location
	.byte	145
	.byte	12
	.long	.Linfo_string20                 @ DW_AT_name
	.byte	2                               @ DW_AT_decl_file
	.byte	206                             @ DW_AT_decl_line
	.long	489                             @ DW_AT_type
	.byte	6                               @ Abbrev [6] 0x153:0xe DW_TAG_formal_parameter
	.byte	2                               @ DW_AT_location
	.byte	145
	.byte	8
	.long	.Linfo_string25                 @ DW_AT_name
	.byte	2                               @ DW_AT_decl_file
	.byte	207                             @ DW_AT_decl_line
	.long	529                             @ DW_AT_type
	.byte	7                               @ Abbrev [7] 0x161:0xe DW_TAG_variable
	.byte	2                               @ DW_AT_location
	.byte	145
	.byte	7
	.long	.Linfo_string27                 @ DW_AT_name
	.byte	2                               @ DW_AT_decl_file
	.byte	210                             @ DW_AT_decl_line
	.long	473                             @ DW_AT_type
	.byte	0                               @ End Of Children Mark
	.byte	8                               @ Abbrev [8] 0x170:0x53 DW_TAG_subprogram
	.long	.Lfunc_begin4                   @ DW_AT_low_pc
	.long	.Lfunc_end4-.Lfunc_begin4       @ DW_AT_high_pc
	.byte	1                               @ DW_AT_frame_base
	.byte	93
	.long	.Linfo_string16                 @ DW_AT_name
	.byte	2                               @ DW_AT_decl_file
	.short	256                             @ DW_AT_decl_line
                                        @ DW_AT_prototyped
	.long	473                             @ DW_AT_type
                                        @ DW_AT_external
	.byte	9                               @ Abbrev [9] 0x186:0xf DW_TAG_formal_parameter
	.byte	2                               @ DW_AT_location
	.byte	145
	.byte	14
	.long	.Linfo_string17                 @ DW_AT_name
	.byte	2                               @ DW_AT_decl_file
	.short	257                             @ DW_AT_decl_line
	.long	462                             @ DW_AT_type
	.byte	9                               @ Abbrev [9] 0x195:0xf DW_TAG_formal_parameter
	.byte	2                               @ DW_AT_location
	.byte	145
	.byte	13
	.long	.Linfo_string28                 @ DW_AT_name
	.byte	2                               @ DW_AT_decl_file
	.short	258                             @ DW_AT_decl_line
	.long	462                             @ DW_AT_type
	.byte	9                               @ Abbrev [9] 0x1a4:0xf DW_TAG_formal_parameter
	.byte	2                               @ DW_AT_location
	.byte	145
	.byte	8
	.long	.Linfo_string19                 @ DW_AT_name
	.byte	2                               @ DW_AT_decl_file
	.short	259                             @ DW_AT_decl_line
	.long	550                             @ DW_AT_type
	.byte	10                              @ Abbrev [10] 0x1b3:0xf DW_TAG_variable
	.byte	2                               @ DW_AT_location
	.byte	145
	.byte	7
	.long	.Linfo_string27                 @ DW_AT_name
	.byte	2                               @ DW_AT_decl_file
	.short	262                             @ DW_AT_decl_line
	.long	473                             @ DW_AT_type
	.byte	0                               @ End Of Children Mark
	.byte	11                              @ Abbrev [11] 0x1c3:0xb DW_TAG_typedef
	.long	462                             @ DW_AT_type
	.long	.Linfo_string11                 @ DW_AT_name
	.byte	1                               @ DW_AT_decl_file
	.byte	21                              @ DW_AT_decl_line
	.byte	11                              @ Abbrev [11] 0x1ce:0xb DW_TAG_typedef
	.long	77                              @ DW_AT_type
	.long	.Linfo_string10                 @ DW_AT_name
	.byte	3                               @ DW_AT_decl_file
	.byte	50                              @ DW_AT_decl_line
	.byte	11                              @ Abbrev [11] 0x1d9:0xb DW_TAG_typedef
	.long	38                              @ DW_AT_type
	.long	.Linfo_string14                 @ DW_AT_name
	.byte	1                               @ DW_AT_decl_file
	.byte	30                              @ DW_AT_decl_line
	.byte	12                              @ Abbrev [12] 0x1e4:0x5 DW_TAG_pointer_type
	.long	462                             @ DW_AT_type
	.byte	11                              @ Abbrev [11] 0x1e9:0xb DW_TAG_typedef
	.long	500                             @ DW_AT_type
	.long	.Linfo_string24                 @ DW_AT_name
	.byte	3                               @ DW_AT_decl_file
	.byte	83                              @ DW_AT_decl_line
	.byte	11                              @ Abbrev [11] 0x1f4:0xb DW_TAG_typedef
	.long	511                             @ DW_AT_type
	.long	.Linfo_string23                 @ DW_AT_name
	.byte	3                               @ DW_AT_decl_file
	.byte	52                              @ DW_AT_decl_line
	.byte	11                              @ Abbrev [11] 0x1ff:0xb DW_TAG_typedef
	.long	522                             @ DW_AT_type
	.long	.Linfo_string22                 @ DW_AT_name
	.byte	4                               @ DW_AT_decl_file
	.byte	64                              @ DW_AT_decl_line
	.byte	4                               @ Abbrev [4] 0x20a:0x7 DW_TAG_base_type
	.long	.Linfo_string21                 @ DW_AT_name
	.byte	7                               @ DW_AT_encoding
	.byte	4                               @ DW_AT_byte_size
	.byte	11                              @ Abbrev [11] 0x211:0xb DW_TAG_typedef
	.long	522                             @ DW_AT_type
	.long	.Linfo_string26                 @ DW_AT_name
	.byte	3                               @ DW_AT_decl_file
	.byte	49                              @ DW_AT_decl_line
	.byte	12                              @ Abbrev [12] 0x21c:0x5 DW_TAG_pointer_type
	.long	545                             @ DW_AT_type
	.byte	13                              @ Abbrev [13] 0x221:0x5 DW_TAG_const_type
	.long	462                             @ DW_AT_type
	.byte	14                              @ Abbrev [14] 0x226:0x1 DW_TAG_pointer_type
	.byte	0                               @ End Of Children Mark
.Ldebug_info_end0:
	.section	.debug_ranges,"",%progbits
.Ldebug_ranges0:
	.long	.Lfunc_begin0
	.long	.Lfunc_end0
	.long	.Lfunc_begin1
	.long	.Lfunc_end1
	.long	.Lfunc_begin2
	.long	.Lfunc_end2
	.long	.Lfunc_begin3
	.long	.Lfunc_end3
	.long	.Lfunc_begin4
	.long	.Lfunc_end4
	.long	0
	.long	0
	.section	.debug_str,"MS",%progbits,1
.Linfo_string0:
	.asciz	"Component: Arm Compiler for Embedded 6.19 Tool: armclang [5e73cb00]" @ string offset=0
.Linfo_string1:
	.asciz	"../../libraries/components/fatfs/source\\diskio.c" @ string offset=68
.Linfo_string2:
	.asciz	"E:\\FILE_SMART_CAR\\\346\231\272\350\203\275\350\247\206\350\247\211\\RT1064_Library-master\\RT1064_Library-master\\SeekFree_RT1064_Opensource_Library\\project\\mdk" @ string offset=117
.Linfo_string3:
	.asciz	"unsigned char"                 @ string offset=239
.Linfo_string4:
	.asciz	"RES_OK"                        @ string offset=253
.Linfo_string5:
	.asciz	"RES_ERROR"                     @ string offset=260
.Linfo_string6:
	.asciz	"RES_WRPRT"                     @ string offset=270
.Linfo_string7:
	.asciz	"RES_NOTRDY"                    @ string offset=280
.Linfo_string8:
	.asciz	"RES_PARERR"                    @ string offset=291
.Linfo_string9:
	.asciz	"disk_status"                   @ string offset=302
.Linfo_string10:
	.asciz	"BYTE"                          @ string offset=314
.Linfo_string11:
	.asciz	"DSTATUS"                       @ string offset=319
.Linfo_string12:
	.asciz	"disk_initialize"               @ string offset=327
.Linfo_string13:
	.asciz	"disk_read"                     @ string offset=343
.Linfo_string14:
	.asciz	"DRESULT"                       @ string offset=353
.Linfo_string15:
	.asciz	"disk_write"                    @ string offset=361
.Linfo_string16:
	.asciz	"disk_ioctl"                    @ string offset=372
.Linfo_string17:
	.asciz	"pdrv"                          @ string offset=383
.Linfo_string18:
	.asciz	"stat"                          @ string offset=388
.Linfo_string19:
	.asciz	"buff"                          @ string offset=393
.Linfo_string20:
	.asciz	"sector"                        @ string offset=398
.Linfo_string21:
	.asciz	"unsigned int"                  @ string offset=405
.Linfo_string22:
	.asciz	"uint32_t"                      @ string offset=418
.Linfo_string23:
	.asciz	"DWORD"                         @ string offset=427
.Linfo_string24:
	.asciz	"LBA_t"                         @ string offset=433
.Linfo_string25:
	.asciz	"count"                         @ string offset=439
.Linfo_string26:
	.asciz	"UINT"                          @ string offset=445
.Linfo_string27:
	.asciz	"res"                           @ string offset=450
.Linfo_string28:
	.asciz	"cmd"                           @ string offset=454
	.ident	"Component: Arm Compiler for Embedded 6.19 Tool: armclang [5e73cb00]"
	.section	".note.GNU-stack","",%progbits
	.eabi_attribute	30, 6	@ Tag_ABI_optimization_goals
	.ARM_attribute	16, 1	@ Tag_AV_eba
	.section	.debug_line,"",%progbits
.Lline_table_start0:
