	.text
	.syntax unified
	.eabi_attribute	67, "2.09"	@ Tag_conformance
	.cpu	cortex-m7
	.eabi_attribute	6, 13	@ Tag_CPU_arch
	.eabi_attribute	7, 77	@ Tag_CPU_arch_profile
	.eabi_attribute	8, 0	@ Tag_ARM_ISA_use
	.eabi_attribute	9, 2	@ Tag_THUMB_ISA_use
	.fpu	fpv5-d16
	.eabi_attribute	36, 1	@ Tag_FP_HP_extension
	.eabi_attribute	34, 1	@ Tag_CPU_unaligned_access
	.eabi_attribute	17, 1	@ Tag_ABI_PCS_GOT_use
	.eabi_attribute	20, 2	@ Tag_ABI_FP_denormal
	.eabi_attribute	21, 0	@ Tag_ABI_FP_exceptions
	.eabi_attribute	23, 1	@ Tag_ABI_FP_number_model
	.eabi_attribute	24, 1	@ Tag_ABI_align_needed
	.eabi_attribute	25, 1	@ Tag_ABI_align_preserved
	.eabi_attribute	28, 1	@ Tag_ABI_VFP_args
	.eabi_attribute	38, 1	@ Tag_ABI_FP_16bit_format
	.eabi_attribute	18, 2	@ Tag_ABI_PCS_wchar_t
	.eabi_attribute	26, 1	@ Tag_ABI_enum_size
	.eabi_attribute	14, 0	@ Tag_ABI_PCS_R9_use
	.file	"evkmimxrt1064_sdram_ini_dcd.c"
	.file	1 "D:\\KEIL\\ARM\\ARMCLANG\\Bin\\..\\include" "stdint.h"
	.file	2 "E:\\FILE_SMART_CAR\\\346\231\272\350\203\275\350\247\206\350\247\211\\RT1064_Library-master\\RT1064_Library-master\\SeekFree_RT1064_Opensource_Library\\project\\mdk" "../../libraries/sdk/xip/evkmimxrt1064_sdram_ini_dcd.c"
	.hidden	dcd_data                        @ @dcd_data
	.type	dcd_data,%object
	.section	.boot_hdr.dcd_data,"aR",%progbits,unique,1
	.globl	dcd_data
dcd_data:
__tagsym$$used.0:
	.ascii	"\322\004\020A\314\003\214\004@\017\300h\377\377\377\377@\017\300l\377\377\377\377@\017\300p\377\377\377\377@\017\300t\377\377\377\377@\017\300x\377\377\377\377@\017\300|\377\377\377\377@\017\300\200\377\377\377\377@\r\2000\000\000 \001@\r\201\000\020\036\020\033@\017\300\024\000\001\r@@\037\200\024\000\000\000\000@\037\200\030\000\000\000\000@\037\200\034\000\000\000\000@\037\200 \000\000\000\000@\037\200$\000\000\000\000@\037\200(\000\000\000\000@\037\200,\000\000\000\000@\037\2000\000\000\000\000@\037\2004\000\000\000\000@\037\2008\000\000\000\000@\037\200<\000\000\000\000@\037\200@\000\000\000\000@\037\200D\000\000\000\000@\037\200H\000\000\000\000@\037\200L\000\000\000\000@\037\200P\000\000\000\000@\037\200T\000\000\000\000@\037\200X\000\000\000\000@\037\200\\\000\000\000\000@\037\200`\000\000\000\000@\037\200d\000\000\000\000@\037\200h\000\000\000\000@\037\200l\000\000\000\000@\037\200p\000\000\000\000@\037\200t\000\000\000\000@\037\200x\000\000\000\000@\037\200|\000\000\000\000@\037\200\200\000\000\000\000@\037\200\204\000\000\000\000@\037\200\210\000\000\000\000@\037\200\214\000\000\000\000@\037\200\220\000\000\000\000@\037\200\224\000\000\000\000@\037\200\230\000\000\000\000@\037\200\234\000\000\000\000@\037\200\240\000\000\000\000@\037\200\244\000\000\000\000@\037\200\250\000\000\000\000@\037\200\254\000\000\000\000@\037\200\260\000\000\000\020@\037\202\004\000\001\020\371@\037\202\b\000\001\020\371@\037\202\f\000\001\020\371@\037\202\020\000\001\020\371@\037\202\024\000\001\020\371@\037\202\030\000\001\020\371@\037\202\034\000\001\020\371@\037\202 \000\001\020\371@\037\202$\000\001\020\371@\037\202(\000\001\020\371@\037\202,\000\001\020\371@\037\2020\000\001\020\371@\037\2024\000\001\020\371@\037\2028\000\001\020\371@\037\202<\000\001\020\371@\037\202@\000\001\020\371@\037\202D\000\001\020\371@\037\202H\000\001\020\371@\037\202L\000\001\020\371@\037\202P\000\001\020\371@\037\202T\000\001\020\371@\037\202X\000\001\020\371@\037\202\\\000\001\020\371@\037\202`\000\001\020\371@\037\202d\000\001\020\371@\037\202h\000\001\020\371@\037\202l\000\001\020\371@\037\202p\000\001\020\371@\037\202t\000\001\020\371@\037\202x\000\001\020\371@\037\202|\000\001\020\371@\037\202\200\000\001\020\371@\037\202\204\000\001\020\371@\037\202\210\000\001\020\371@\037\202\214\000\001\020\371@\037\202\220\000\001\020\371@\037\202\224\000\001\020\371@\037\202\230\000\001\020\371@\037\202\234\000\001\020\371@\037\202\240\000\001\020\371@/\000\000\020\000\000\004@/\000\b\000\000\000\201@/\000\f\000\000\000\201@/\000\020\200\000\000\033@/\000\024\202\000\000\033@/\000\030\204\000\000\033@/\000\034\206\000\000\033@/\000 \220\000\000!@/\000$\240\000\000\031@/\000(\250\000\000\027@/\000,\251\000\000\033@/\0000\000\000\000!@/\000\004\000\000y\250@/\000@\000\000\0171@/\000D\000e)\"@/\000H\000\001\t @/\000LP!\n\b@/\000\200\000\000\000!@/\000\204\000\210\210\210@/\000\224\000\000\000\002@/\000\230\000\000\000\000@/\000\220\200\000\000\000@/\000\234\245Z\000\017\317\000\f\034@/\000<\000\000\000\001\314\000\024\004@/\000\220\200\000\000\000@/\000\234\245Z\000\f\317\000\f\034@/\000<\000\000\000\001\314\000\024\004@/\000\220\200\000\000\000@/\000\234\245Z\000\f\317\000\f\034@/\000<\000\000\000\001\314\000\034\004@/\000\240\000\000\0003@/\000\220\200\000\000\000@/\000\234\245Z\000\n\317\000\f\034@/\000<\000\000\000\001\314\000\f\004@/\000LP!\n\t"
	.size	dcd_data, 1040

	.section	.debug_abbrev,"",%progbits
	.byte	1                               @ Abbreviation Code
	.byte	17                              @ DW_TAG_compile_unit
	.byte	1                               @ DW_CHILDREN_yes
	.byte	37                              @ DW_AT_producer
	.byte	14                              @ DW_FORM_strp
	.byte	19                              @ DW_AT_language
	.byte	5                               @ DW_FORM_data2
	.byte	3                               @ DW_AT_name
	.byte	14                              @ DW_FORM_strp
	.byte	16                              @ DW_AT_stmt_list
	.byte	23                              @ DW_FORM_sec_offset
	.byte	27                              @ DW_AT_comp_dir
	.byte	14                              @ DW_FORM_strp
	.byte	0                               @ EOM(1)
	.byte	0                               @ EOM(2)
	.byte	2                               @ Abbreviation Code
	.byte	52                              @ DW_TAG_variable
	.byte	0                               @ DW_CHILDREN_no
	.byte	3                               @ DW_AT_name
	.byte	14                              @ DW_FORM_strp
	.byte	73                              @ DW_AT_type
	.byte	19                              @ DW_FORM_ref4
	.byte	63                              @ DW_AT_external
	.byte	25                              @ DW_FORM_flag_present
	.byte	58                              @ DW_AT_decl_file
	.byte	11                              @ DW_FORM_data1
	.byte	59                              @ DW_AT_decl_line
	.byte	11                              @ DW_FORM_data1
	.byte	2                               @ DW_AT_location
	.byte	24                              @ DW_FORM_exprloc
	.byte	0                               @ EOM(1)
	.byte	0                               @ EOM(2)
	.byte	3                               @ Abbreviation Code
	.byte	1                               @ DW_TAG_array_type
	.byte	1                               @ DW_CHILDREN_yes
	.byte	73                              @ DW_AT_type
	.byte	19                              @ DW_FORM_ref4
	.byte	0                               @ EOM(1)
	.byte	0                               @ EOM(2)
	.byte	4                               @ Abbreviation Code
	.byte	33                              @ DW_TAG_subrange_type
	.byte	0                               @ DW_CHILDREN_no
	.byte	73                              @ DW_AT_type
	.byte	19                              @ DW_FORM_ref4
	.byte	55                              @ DW_AT_count
	.byte	5                               @ DW_FORM_data2
	.byte	0                               @ EOM(1)
	.byte	0                               @ EOM(2)
	.byte	5                               @ Abbreviation Code
	.byte	38                              @ DW_TAG_const_type
	.byte	0                               @ DW_CHILDREN_no
	.byte	73                              @ DW_AT_type
	.byte	19                              @ DW_FORM_ref4
	.byte	0                               @ EOM(1)
	.byte	0                               @ EOM(2)
	.byte	6                               @ Abbreviation Code
	.byte	22                              @ DW_TAG_typedef
	.byte	0                               @ DW_CHILDREN_no
	.byte	73                              @ DW_AT_type
	.byte	19                              @ DW_FORM_ref4
	.byte	3                               @ DW_AT_name
	.byte	14                              @ DW_FORM_strp
	.byte	58                              @ DW_AT_decl_file
	.byte	11                              @ DW_FORM_data1
	.byte	59                              @ DW_AT_decl_line
	.byte	11                              @ DW_FORM_data1
	.byte	0                               @ EOM(1)
	.byte	0                               @ EOM(2)
	.byte	7                               @ Abbreviation Code
	.byte	36                              @ DW_TAG_base_type
	.byte	0                               @ DW_CHILDREN_no
	.byte	3                               @ DW_AT_name
	.byte	14                              @ DW_FORM_strp
	.byte	62                              @ DW_AT_encoding
	.byte	11                              @ DW_FORM_data1
	.byte	11                              @ DW_AT_byte_size
	.byte	11                              @ DW_FORM_data1
	.byte	0                               @ EOM(1)
	.byte	0                               @ EOM(2)
	.byte	8                               @ Abbreviation Code
	.byte	36                              @ DW_TAG_base_type
	.byte	0                               @ DW_CHILDREN_no
	.byte	3                               @ DW_AT_name
	.byte	14                              @ DW_FORM_strp
	.byte	11                              @ DW_AT_byte_size
	.byte	11                              @ DW_FORM_data1
	.byte	62                              @ DW_AT_encoding
	.byte	11                              @ DW_FORM_data1
	.byte	0                               @ EOM(1)
	.byte	0                               @ EOM(2)
	.byte	0                               @ EOM(3)
	.section	.debug_info,"",%progbits
.Lcu_begin0:
	.long	.Ldebug_info_end0-.Ldebug_info_start0 @ Length of Unit
.Ldebug_info_start0:
	.short	4                               @ DWARF version number
	.long	.debug_abbrev                   @ Offset Into Abbrev. Section
	.byte	4                               @ Address Size (in bytes)
	.byte	1                               @ Abbrev [1] 0xb:0x50 DW_TAG_compile_unit
	.long	.Linfo_string0                  @ DW_AT_producer
	.short	12                              @ DW_AT_language
	.long	.Linfo_string1                  @ DW_AT_name
	.long	.Lline_table_start0             @ DW_AT_stmt_list
	.long	.Linfo_string2                  @ DW_AT_comp_dir
	.byte	2                               @ Abbrev [2] 0x1e:0x11 DW_TAG_variable
	.long	.Linfo_string3                  @ DW_AT_name
	.long	47                              @ DW_AT_type
                                        @ DW_AT_external
	.byte	2                               @ DW_AT_decl_file
	.byte	39                              @ DW_AT_decl_line
	.byte	5                               @ DW_AT_location
	.byte	3
	.long	dcd_data
	.byte	3                               @ Abbrev [3] 0x2f:0xd DW_TAG_array_type
	.long	60                              @ DW_AT_type
	.byte	4                               @ Abbrev [4] 0x34:0x7 DW_TAG_subrange_type
	.long	83                              @ DW_AT_type
	.short	1040                            @ DW_AT_count
	.byte	0                               @ End Of Children Mark
	.byte	5                               @ Abbrev [5] 0x3c:0x5 DW_TAG_const_type
	.long	65                              @ DW_AT_type
	.byte	6                               @ Abbrev [6] 0x41:0xb DW_TAG_typedef
	.long	76                              @ DW_AT_type
	.long	.Linfo_string5                  @ DW_AT_name
	.byte	1                               @ DW_AT_decl_file
	.byte	62                              @ DW_AT_decl_line
	.byte	7                               @ Abbrev [7] 0x4c:0x7 DW_TAG_base_type
	.long	.Linfo_string4                  @ DW_AT_name
	.byte	8                               @ DW_AT_encoding
	.byte	1                               @ DW_AT_byte_size
	.byte	8                               @ Abbrev [8] 0x53:0x7 DW_TAG_base_type
	.long	.Linfo_string6                  @ DW_AT_name
	.byte	8                               @ DW_AT_byte_size
	.byte	7                               @ DW_AT_encoding
	.byte	0                               @ End Of Children Mark
.Ldebug_info_end0:
	.section	.debug_str,"MS",%progbits,1
.Linfo_string0:
	.asciz	"Component: Arm Compiler for Embedded 6.19 Tool: armclang [5e73cb00]" @ string offset=0
.Linfo_string1:
	.asciz	"../../libraries/sdk/xip\\evkmimxrt1064_sdram_ini_dcd.c" @ string offset=68
.Linfo_string2:
	.asciz	"E:\\FILE_SMART_CAR\\\346\231\272\350\203\275\350\247\206\350\247\211\\RT1064_Library-master\\RT1064_Library-master\\SeekFree_RT1064_Opensource_Library\\project\\mdk" @ string offset=122
.Linfo_string3:
	.asciz	"dcd_data"                      @ string offset=244
.Linfo_string4:
	.asciz	"unsigned char"                 @ string offset=253
.Linfo_string5:
	.asciz	"uint8_t"                       @ string offset=267
.Linfo_string6:
	.asciz	"__ARRAY_SIZE_TYPE__"           @ string offset=275
	.ident	"Component: Arm Compiler for Embedded 6.19 Tool: armclang [5e73cb00]"
	.section	".note.GNU-stack","",%progbits
	.ARM_attribute	16, 1	@ Tag_AV_eba
	.section	.debug_line,"",%progbits
.Lline_table_start0:
