	.text
	.syntax unified
	.eabi_attribute	67, "2.09"	@ Tag_conformance
	.cpu	cortex-m7
	.eabi_attribute	6, 13	@ Tag_CPU_arch
	.eabi_attribute	7, 77	@ Tag_CPU_arch_profile
	.eabi_attribute	8, 0	@ Tag_ARM_ISA_use
	.eabi_attribute	9, 2	@ Tag_THUMB_ISA_use
	.fpu	fpv5-d16
	.eabi_attribute	36, 1	@ Tag_FP_HP_extension
	.eabi_attribute	34, 1	@ Tag_CPU_unaligned_access
	.eabi_attribute	17, 1	@ Tag_ABI_PCS_GOT_use
	.eabi_attribute	20, 2	@ Tag_ABI_FP_denormal
	.eabi_attribute	21, 0	@ Tag_ABI_FP_exceptions
	.eabi_attribute	23, 1	@ Tag_ABI_FP_number_model
	.eabi_attribute	24, 1	@ Tag_ABI_align_needed
	.eabi_attribute	25, 1	@ Tag_ABI_align_preserved
	.eabi_attribute	28, 1	@ Tag_ABI_VFP_args
	.eabi_attribute	38, 1	@ Tag_ABI_FP_16bit_format
	.eabi_attribute	18, 2	@ Tag_ABI_PCS_wchar_t
	.eabi_attribute	26, 1	@ Tag_ABI_enum_size
	.eabi_attribute	14, 0	@ Tag_ABI_PCS_R9_use
	.file	"fsl_common.c"
	.file	1 "D:\\KEIL\\ARM\\ARMCLANG\\Bin\\..\\include" "stdint.h"
	.file	2 "D:\\KEIL\\ARM\\ARMCLANG\\Bin\\..\\include" "string.h"
	.file	3 "E:\\FILE_SMART_CAR\\\346\231\272\350\203\275\350\247\206\350\247\211\\RT1064_Library-master\\RT1064_Library-master\\SeekFree_RT1064_Opensource_Library\\project\\mdk" "../../libraries/sdk/drives/fsl_common.c"
	.section	.text.SDK_Malloc,"ax",%progbits
	.hidden	SDK_Malloc                      @ -- Begin function SDK_Malloc
	.globl	SDK_Malloc
	.p2align	3
	.type	SDK_Malloc,%function
	.code	16                              @ @SDK_Malloc
	.thumb_func
SDK_Malloc:
.Lfunc_begin0:
	.loc	3 26 0                          @ ../../libraries/sdk/drives/fsl_common.c:26:0
	.fnstart
	.cfi_sections .debug_frame
	.cfi_startproc
@ %bb.0:
	.save	{r7, lr}
	push	{r7, lr}
	.cfi_def_cfa_offset 8
	.cfi_offset lr, -4
	.cfi_offset r7, -8
	.pad	#32
	sub	sp, #32
	.cfi_def_cfa_offset 40
	str	r0, [sp, #24]
	str	r1, [sp, #20]
	movs	r0, #0
.Ltmp0:
	.loc	3 27 21 prologue_end            @ ../../libraries/sdk/drives/fsl_common.c:27:21
	str	r0, [sp, #16]
	.loc	3 31 43                         @ ../../libraries/sdk/drives/fsl_common.c:31:43
	ldr	r0, [sp, #24]
	ldr	r1, [sp, #20]
	add	r0, r1
	subs	r0, #1
	rsbs	r1, r1, #0
	ands	r0, r1
	.loc	3 31 17 is_stmt 0               @ ../../libraries/sdk/drives/fsl_common.c:31:17
	str	r0, [sp, #12]
.Ltmp1:
	.loc	3 32 9 is_stmt 1                @ ../../libraries/sdk/drives/fsl_common.c:32:9
	ldr	r0, [sp, #12]
	.loc	3 32 23 is_stmt 0               @ ../../libraries/sdk/drives/fsl_common.c:32:23
	ldr	r1, [sp, #24]
.Ltmp2:
	.loc	3 32 9                          @ ../../libraries/sdk/drives/fsl_common.c:32:9
	cmp	r0, r1
	bhs	.LBB0_2
	b	.LBB0_1
.LBB0_1:
	.loc	3 0 9                           @ ../../libraries/sdk/drives/fsl_common.c:0:9
	movs	r0, #0
.Ltmp3:
	.loc	3 34 9 is_stmt 1                @ ../../libraries/sdk/drives/fsl_common.c:34:9
	str	r0, [sp, #28]
	b	.LBB0_7
.Ltmp4:
.LBB0_2:
	.loc	3 37 9                          @ ../../libraries/sdk/drives/fsl_common.c:37:9
	ldr	r0, [sp, #12]
	.loc	3 37 34 is_stmt 0               @ ../../libraries/sdk/drives/fsl_common.c:37:34
	ldr	r2, [sp, #20]
	mvn	r1, #4
	.loc	3 37 45                         @ ../../libraries/sdk/drives/fsl_common.c:37:45
	subs	r1, r1, r2
.Ltmp5:
	.loc	3 37 9                          @ ../../libraries/sdk/drives/fsl_common.c:37:9
	cmp	r0, r1
	bls	.LBB0_4
	b	.LBB0_3
.LBB0_3:
	.loc	3 0 9                           @ ../../libraries/sdk/drives/fsl_common.c:0:9
	movs	r0, #0
.Ltmp6:
	.loc	3 39 9 is_stmt 1                @ ../../libraries/sdk/drives/fsl_common.c:39:9
	str	r0, [sp, #28]
	b	.LBB0_7
.Ltmp7:
.LBB0_4:
	.loc	3 42 20                         @ ../../libraries/sdk/drives/fsl_common.c:42:20
	ldr	r0, [sp, #20]
	.loc	3 42 17 is_stmt 0               @ ../../libraries/sdk/drives/fsl_common.c:42:17
	ldr	r1, [sp, #12]
	.loc	3 42 31                         @ ../../libraries/sdk/drives/fsl_common.c:42:31
	add	r0, r1
	.loc	3 42 17                         @ ../../libraries/sdk/drives/fsl_common.c:42:17
	adds	r0, #4
	str	r0, [sp, #12]
	.loc	3 50 43 is_stmt 1               @ ../../libraries/sdk/drives/fsl_common.c:50:43
	ldr	r0, [sp, #12]
	.loc	3 50 28 is_stmt 0               @ ../../libraries/sdk/drives/fsl_common.c:50:28
	bl	malloc
	.loc	3 50 26                         @ ../../libraries/sdk/drives/fsl_common.c:50:26
	str	r0, [sp, #4]
.Ltmp8:
	.loc	3 52 16 is_stmt 1               @ ../../libraries/sdk/drives/fsl_common.c:52:16
	ldr	r0, [sp, #4]
.Ltmp9:
	.loc	3 52 9 is_stmt 0                @ ../../libraries/sdk/drives/fsl_common.c:52:9
	cbnz	r0, .LBB0_6
	b	.LBB0_5
.LBB0_5:
	.loc	3 0 9                           @ ../../libraries/sdk/drives/fsl_common.c:0:9
	movs	r0, #0
.Ltmp10:
	.loc	3 54 9 is_stmt 1                @ ../../libraries/sdk/drives/fsl_common.c:54:9
	str	r0, [sp, #28]
	b	.LBB0_7
.Ltmp11:
.LBB0_6:
	.loc	3 57 35                         @ ../../libraries/sdk/drives/fsl_common.c:57:35
	ldr	r0, [sp, #4]
	ldr	r1, [sp, #20]
	add	r0, r1
	adds	r0, #3
	rsbs	r1, r1, #0
	ands	r0, r1
	.loc	3 57 33 is_stmt 0               @ ../../libraries/sdk/drives/fsl_common.c:57:33
	str	r0, [sp, #8]
	.loc	3 59 56 is_stmt 1               @ ../../libraries/sdk/drives/fsl_common.c:59:56
	ldr	r0, [sp, #8]
	.loc	3 59 71 is_stmt 0               @ ../../libraries/sdk/drives/fsl_common.c:59:71
	subs	r0, #4
	.loc	3 59 22                         @ ../../libraries/sdk/drives/fsl_common.c:59:22
	str	r0, [sp, #16]
	.loc	3 60 5 is_stmt 1                @ ../../libraries/sdk/drives/fsl_common.c:60:5
	ldr	r1, [sp, #16]
	movw	r0, #12345
	.loc	3 60 22 is_stmt 0               @ ../../libraries/sdk/drives/fsl_common.c:60:22
	strh	r0, [r1]
	.loc	3 61 48 is_stmt 1               @ ../../libraries/sdk/drives/fsl_common.c:61:48
	ldr	r0, [sp, #8]
	.loc	3 61 72 is_stmt 0               @ ../../libraries/sdk/drives/fsl_common.c:61:72
	ldr	r1, [sp, #4]
	.loc	3 61 63                         @ ../../libraries/sdk/drives/fsl_common.c:61:63
	subs	r0, r0, r1
	.loc	3 61 5                          @ ../../libraries/sdk/drives/fsl_common.c:61:5
	ldr	r1, [sp, #16]
	.loc	3 61 22                         @ ../../libraries/sdk/drives/fsl_common.c:61:22
	strh	r0, [r1, #2]
	.loc	3 63 25 is_stmt 1               @ ../../libraries/sdk/drives/fsl_common.c:63:25
	ldr	r0, [sp, #8]
	.loc	3 63 5 is_stmt 0                @ ../../libraries/sdk/drives/fsl_common.c:63:5
	str	r0, [sp, #28]
	b	.LBB0_7
.LBB0_7:
	.loc	3 64 1 is_stmt 1                @ ../../libraries/sdk/drives/fsl_common.c:64:1
	ldr	r0, [sp, #28]
	add	sp, #32
	pop	{r7, pc}
.Ltmp12:
.Lfunc_end0:
	.size	SDK_Malloc, .Lfunc_end0-SDK_Malloc
	.cfi_endproc
	.cantunwind
	.fnend
                                        @ -- End function
	.section	.text.SDK_Free,"ax",%progbits
	.hidden	SDK_Free                        @ -- Begin function SDK_Free
	.globl	SDK_Free
	.p2align	3
	.type	SDK_Free,%function
	.code	16                              @ @SDK_Free
	.thumb_func
SDK_Free:
.Lfunc_begin1:
	.loc	3 67 0                          @ ../../libraries/sdk/drives/fsl_common.c:67:0
	.fnstart
	.cfi_startproc
@ %bb.0:
	.save	{r7, lr}
	push	{r7, lr}
	.cfi_def_cfa_offset 8
	.cfi_offset lr, -4
	.cfi_offset r7, -8
	.pad	#16
	sub	sp, #16
	.cfi_def_cfa_offset 24
	str	r0, [sp, #12]
.Ltmp13:
	.loc	3 73 28 prologue_end            @ ../../libraries/sdk/drives/fsl_common.c:73:28
	ldr	r0, [sp, #12]
	.loc	3 73 26 is_stmt 0               @ ../../libraries/sdk/drives/fsl_common.c:73:26
	str	r0, [sp, #8]
	.loc	3 74 54 is_stmt 1               @ ../../libraries/sdk/drives/fsl_common.c:74:54
	ldr	r0, [sp, #8]
	.loc	3 74 69 is_stmt 0               @ ../../libraries/sdk/drives/fsl_common.c:74:69
	subs	r0, #4
	.loc	3 74 21                         @ ../../libraries/sdk/drives/fsl_common.c:74:21
	str	r0, [sp, #4]
.Ltmp14:
	.loc	3 76 9 is_stmt 1                @ ../../libraries/sdk/drives/fsl_common.c:76:9
	ldr	r0, [sp, #4]
	.loc	3 76 15 is_stmt 0               @ ../../libraries/sdk/drives/fsl_common.c:76:15
	ldrh	r0, [r0]
	movw	r1, #12345
.Ltmp15:
	.loc	3 76 9                          @ ../../libraries/sdk/drives/fsl_common.c:76:9
	cmp	r0, r1
	beq	.LBB1_2
	b	.LBB1_1
.LBB1_1:
.Ltmp16:
	.loc	3 78 9 is_stmt 1                @ ../../libraries/sdk/drives/fsl_common.c:78:9
	b	.LBB1_3
.Ltmp17:
.LBB1_2:
	.loc	3 81 36                         @ ../../libraries/sdk/drives/fsl_common.c:81:36
	ldr	r0, [sp, #8]
	.loc	3 81 53 is_stmt 0               @ ../../libraries/sdk/drives/fsl_common.c:81:53
	ldr	r1, [sp, #4]
	.loc	3 81 59                         @ ../../libraries/sdk/drives/fsl_common.c:81:59
	ldrh	r1, [r1, #2]
	.loc	3 81 51                         @ ../../libraries/sdk/drives/fsl_common.c:81:51
	subs	r0, r0, r1
	.loc	3 81 27                         @ ../../libraries/sdk/drives/fsl_common.c:81:27
	str	r0, [sp, #8]
	.loc	3 83 17 is_stmt 1               @ ../../libraries/sdk/drives/fsl_common.c:83:17
	ldr	r0, [sp, #8]
	.loc	3 83 5 is_stmt 0                @ ../../libraries/sdk/drives/fsl_common.c:83:5
	bl	free
	.loc	3 84 1 is_stmt 1                @ ../../libraries/sdk/drives/fsl_common.c:84:1
	b	.LBB1_3
.LBB1_3:
	add	sp, #16
	pop	{r7, pc}
.Ltmp18:
.Lfunc_end1:
	.size	SDK_Free, .Lfunc_end1-SDK_Free
	.cfi_endproc
	.cantunwind
	.fnend
                                        @ -- End function
	.section	.debug_abbrev,"",%progbits
	.byte	1                               @ Abbreviation Code
	.byte	17                              @ DW_TAG_compile_unit
	.byte	1                               @ DW_CHILDREN_yes
	.byte	37                              @ DW_AT_producer
	.byte	14                              @ DW_FORM_strp
	.byte	19                              @ DW_AT_language
	.byte	5                               @ DW_FORM_data2
	.byte	3                               @ DW_AT_name
	.byte	14                              @ DW_FORM_strp
	.byte	16                              @ DW_AT_stmt_list
	.byte	23                              @ DW_FORM_sec_offset
	.byte	27                              @ DW_AT_comp_dir
	.byte	14                              @ DW_FORM_strp
	.byte	17                              @ DW_AT_low_pc
	.byte	1                               @ DW_FORM_addr
	.byte	85                              @ DW_AT_ranges
	.byte	23                              @ DW_FORM_sec_offset
	.byte	0                               @ EOM(1)
	.byte	0                               @ EOM(2)
	.byte	2                               @ Abbreviation Code
	.byte	22                              @ DW_TAG_typedef
	.byte	0                               @ DW_CHILDREN_no
	.byte	73                              @ DW_AT_type
	.byte	19                              @ DW_FORM_ref4
	.byte	3                               @ DW_AT_name
	.byte	14                              @ DW_FORM_strp
	.byte	58                              @ DW_AT_decl_file
	.byte	11                              @ DW_FORM_data1
	.byte	59                              @ DW_AT_decl_line
	.byte	11                              @ DW_FORM_data1
	.byte	0                               @ EOM(1)
	.byte	0                               @ EOM(2)
	.byte	3                               @ Abbreviation Code
	.byte	36                              @ DW_TAG_base_type
	.byte	0                               @ DW_CHILDREN_no
	.byte	3                               @ DW_AT_name
	.byte	14                              @ DW_FORM_strp
	.byte	62                              @ DW_AT_encoding
	.byte	11                              @ DW_FORM_data1
	.byte	11                              @ DW_AT_byte_size
	.byte	11                              @ DW_FORM_data1
	.byte	0                               @ EOM(1)
	.byte	0                               @ EOM(2)
	.byte	4                               @ Abbreviation Code
	.byte	15                              @ DW_TAG_pointer_type
	.byte	0                               @ DW_CHILDREN_no
	.byte	73                              @ DW_AT_type
	.byte	19                              @ DW_FORM_ref4
	.byte	0                               @ EOM(1)
	.byte	0                               @ EOM(2)
	.byte	5                               @ Abbreviation Code
	.byte	19                              @ DW_TAG_structure_type
	.byte	1                               @ DW_CHILDREN_yes
	.byte	3                               @ DW_AT_name
	.byte	14                              @ DW_FORM_strp
	.byte	11                              @ DW_AT_byte_size
	.byte	11                              @ DW_FORM_data1
	.byte	58                              @ DW_AT_decl_file
	.byte	11                              @ DW_FORM_data1
	.byte	59                              @ DW_AT_decl_line
	.byte	11                              @ DW_FORM_data1
	.byte	0                               @ EOM(1)
	.byte	0                               @ EOM(2)
	.byte	6                               @ Abbreviation Code
	.byte	13                              @ DW_TAG_member
	.byte	0                               @ DW_CHILDREN_no
	.byte	3                               @ DW_AT_name
	.byte	14                              @ DW_FORM_strp
	.byte	73                              @ DW_AT_type
	.byte	19                              @ DW_FORM_ref4
	.byte	58                              @ DW_AT_decl_file
	.byte	11                              @ DW_FORM_data1
	.byte	59                              @ DW_AT_decl_line
	.byte	11                              @ DW_FORM_data1
	.byte	56                              @ DW_AT_data_member_location
	.byte	11                              @ DW_FORM_data1
	.byte	0                               @ EOM(1)
	.byte	0                               @ EOM(2)
	.byte	7                               @ Abbreviation Code
	.byte	46                              @ DW_TAG_subprogram
	.byte	1                               @ DW_CHILDREN_yes
	.byte	17                              @ DW_AT_low_pc
	.byte	1                               @ DW_FORM_addr
	.byte	18                              @ DW_AT_high_pc
	.byte	6                               @ DW_FORM_data4
	.byte	64                              @ DW_AT_frame_base
	.byte	24                              @ DW_FORM_exprloc
	.byte	3                               @ DW_AT_name
	.byte	14                              @ DW_FORM_strp
	.byte	58                              @ DW_AT_decl_file
	.byte	11                              @ DW_FORM_data1
	.byte	59                              @ DW_AT_decl_line
	.byte	11                              @ DW_FORM_data1
	.byte	39                              @ DW_AT_prototyped
	.byte	25                              @ DW_FORM_flag_present
	.byte	73                              @ DW_AT_type
	.byte	19                              @ DW_FORM_ref4
	.byte	63                              @ DW_AT_external
	.byte	25                              @ DW_FORM_flag_present
	.byte	0                               @ EOM(1)
	.byte	0                               @ EOM(2)
	.byte	8                               @ Abbreviation Code
	.byte	5                               @ DW_TAG_formal_parameter
	.byte	0                               @ DW_CHILDREN_no
	.byte	2                               @ DW_AT_location
	.byte	24                              @ DW_FORM_exprloc
	.byte	3                               @ DW_AT_name
	.byte	14                              @ DW_FORM_strp
	.byte	58                              @ DW_AT_decl_file
	.byte	11                              @ DW_FORM_data1
	.byte	59                              @ DW_AT_decl_line
	.byte	11                              @ DW_FORM_data1
	.byte	73                              @ DW_AT_type
	.byte	19                              @ DW_FORM_ref4
	.byte	0                               @ EOM(1)
	.byte	0                               @ EOM(2)
	.byte	9                               @ Abbreviation Code
	.byte	52                              @ DW_TAG_variable
	.byte	0                               @ DW_CHILDREN_no
	.byte	2                               @ DW_AT_location
	.byte	24                              @ DW_FORM_exprloc
	.byte	3                               @ DW_AT_name
	.byte	14                              @ DW_FORM_strp
	.byte	58                              @ DW_AT_decl_file
	.byte	11                              @ DW_FORM_data1
	.byte	59                              @ DW_AT_decl_line
	.byte	11                              @ DW_FORM_data1
	.byte	73                              @ DW_AT_type
	.byte	19                              @ DW_FORM_ref4
	.byte	0                               @ EOM(1)
	.byte	0                               @ EOM(2)
	.byte	10                              @ Abbreviation Code
	.byte	23                              @ DW_TAG_union_type
	.byte	1                               @ DW_CHILDREN_yes
	.byte	11                              @ DW_AT_byte_size
	.byte	11                              @ DW_FORM_data1
	.byte	58                              @ DW_AT_decl_file
	.byte	11                              @ DW_FORM_data1
	.byte	59                              @ DW_AT_decl_line
	.byte	11                              @ DW_FORM_data1
	.byte	0                               @ EOM(1)
	.byte	0                               @ EOM(2)
	.byte	11                              @ Abbreviation Code
	.byte	46                              @ DW_TAG_subprogram
	.byte	1                               @ DW_CHILDREN_yes
	.byte	17                              @ DW_AT_low_pc
	.byte	1                               @ DW_FORM_addr
	.byte	18                              @ DW_AT_high_pc
	.byte	6                               @ DW_FORM_data4
	.byte	64                              @ DW_AT_frame_base
	.byte	24                              @ DW_FORM_exprloc
	.byte	3                               @ DW_AT_name
	.byte	14                              @ DW_FORM_strp
	.byte	58                              @ DW_AT_decl_file
	.byte	11                              @ DW_FORM_data1
	.byte	59                              @ DW_AT_decl_line
	.byte	11                              @ DW_FORM_data1
	.byte	39                              @ DW_AT_prototyped
	.byte	25                              @ DW_FORM_flag_present
	.byte	63                              @ DW_AT_external
	.byte	25                              @ DW_FORM_flag_present
	.byte	0                               @ EOM(1)
	.byte	0                               @ EOM(2)
	.byte	12                              @ Abbreviation Code
	.byte	15                              @ DW_TAG_pointer_type
	.byte	0                               @ DW_CHILDREN_no
	.byte	0                               @ EOM(1)
	.byte	0                               @ EOM(2)
	.byte	0                               @ EOM(3)
	.section	.debug_info,"",%progbits
.Lcu_begin0:
	.long	.Ldebug_info_end0-.Ldebug_info_start0 @ Length of Unit
.Ldebug_info_start0:
	.short	4                               @ DWARF version number
	.long	.debug_abbrev                   @ Offset Into Abbrev. Section
	.byte	4                               @ Address Size (in bytes)
	.byte	1                               @ Abbrev [1] 0xb:0x168 DW_TAG_compile_unit
	.long	.Linfo_string0                  @ DW_AT_producer
	.short	12                              @ DW_AT_language
	.long	.Linfo_string1                  @ DW_AT_name
	.long	.Lline_table_start0             @ DW_AT_stmt_list
	.long	.Linfo_string2                  @ DW_AT_comp_dir
	.long	0                               @ DW_AT_low_pc
	.long	.Ldebug_ranges0                 @ DW_AT_ranges
	.byte	2                               @ Abbrev [2] 0x26:0xb DW_TAG_typedef
	.long	49                              @ DW_AT_type
	.long	.Linfo_string4                  @ DW_AT_name
	.byte	1                               @ DW_AT_decl_file
	.byte	64                              @ DW_AT_decl_line
	.byte	3                               @ Abbrev [3] 0x31:0x7 DW_TAG_base_type
	.long	.Linfo_string3                  @ DW_AT_name
	.byte	7                               @ DW_AT_encoding
	.byte	4                               @ DW_AT_byte_size
	.byte	2                               @ Abbrev [2] 0x38:0xb DW_TAG_typedef
	.long	49                              @ DW_AT_type
	.long	.Linfo_string5                  @ DW_AT_name
	.byte	2                               @ DW_AT_decl_file
	.byte	51                              @ DW_AT_decl_line
	.byte	4                               @ Abbrev [4] 0x43:0x5 DW_TAG_pointer_type
	.long	72                              @ DW_AT_type
	.byte	2                               @ Abbrev [2] 0x48:0xb DW_TAG_typedef
	.long	83                              @ DW_AT_type
	.long	.Linfo_string11                 @ DW_AT_name
	.byte	3                               @ DW_AT_decl_file
	.byte	17                              @ DW_AT_decl_line
	.byte	5                               @ Abbrev [5] 0x53:0x21 DW_TAG_structure_type
	.long	.Linfo_string10                 @ DW_AT_name
	.byte	4                               @ DW_AT_byte_size
	.byte	3                               @ DW_AT_decl_file
	.byte	13                              @ DW_AT_decl_line
	.byte	6                               @ Abbrev [6] 0x5b:0xc DW_TAG_member
	.long	.Linfo_string6                  @ DW_AT_name
	.long	116                             @ DW_AT_type
	.byte	3                               @ DW_AT_decl_file
	.byte	15                              @ DW_AT_decl_line
	.byte	0                               @ DW_AT_data_member_location
	.byte	6                               @ Abbrev [6] 0x67:0xc DW_TAG_member
	.long	.Linfo_string9                  @ DW_AT_name
	.long	116                             @ DW_AT_type
	.byte	3                               @ DW_AT_decl_file
	.byte	16                              @ DW_AT_decl_line
	.byte	2                               @ DW_AT_data_member_location
	.byte	0                               @ End Of Children Mark
	.byte	2                               @ Abbrev [2] 0x74:0xb DW_TAG_typedef
	.long	127                             @ DW_AT_type
	.long	.Linfo_string8                  @ DW_AT_name
	.byte	1                               @ DW_AT_decl_file
	.byte	63                              @ DW_AT_decl_line
	.byte	3                               @ Abbrev [3] 0x7f:0x7 DW_TAG_base_type
	.long	.Linfo_string7                  @ DW_AT_name
	.byte	7                               @ DW_AT_encoding
	.byte	2                               @ DW_AT_byte_size
	.byte	7                               @ Abbrev [7] 0x86:0x87 DW_TAG_subprogram
	.long	.Lfunc_begin0                   @ DW_AT_low_pc
	.long	.Lfunc_end0-.Lfunc_begin0       @ DW_AT_high_pc
	.byte	1                               @ DW_AT_frame_base
	.byte	93
	.long	.Linfo_string12                 @ DW_AT_name
	.byte	3                               @ DW_AT_decl_file
	.byte	25                              @ DW_AT_decl_line
                                        @ DW_AT_prototyped
	.long	358                             @ DW_AT_type
                                        @ DW_AT_external
	.byte	8                               @ Abbrev [8] 0x9b:0xe DW_TAG_formal_parameter
	.byte	2                               @ DW_AT_location
	.byte	145
	.byte	24
	.long	.Linfo_string14                 @ DW_AT_name
	.byte	3                               @ DW_AT_decl_file
	.byte	25                              @ DW_AT_decl_line
	.long	56                              @ DW_AT_type
	.byte	8                               @ Abbrev [8] 0xa9:0xe DW_TAG_formal_parameter
	.byte	2                               @ DW_AT_location
	.byte	145
	.byte	20
	.long	.Linfo_string15                 @ DW_AT_name
	.byte	3                               @ DW_AT_decl_file
	.byte	25                              @ DW_AT_decl_line
	.long	56                              @ DW_AT_type
	.byte	9                               @ Abbrev [9] 0xb7:0xe DW_TAG_variable
	.byte	2                               @ DW_AT_location
	.byte	145
	.byte	16
	.long	.Linfo_string16                 @ DW_AT_name
	.byte	3                               @ DW_AT_decl_file
	.byte	27                              @ DW_AT_decl_line
	.long	67                              @ DW_AT_type
	.byte	9                               @ Abbrev [9] 0xc5:0xe DW_TAG_variable
	.byte	2                               @ DW_AT_location
	.byte	145
	.byte	12
	.long	.Linfo_string17                 @ DW_AT_name
	.byte	3                               @ DW_AT_decl_file
	.byte	28                              @ DW_AT_decl_line
	.long	38                              @ DW_AT_type
	.byte	9                               @ Abbrev [9] 0xd3:0xe DW_TAG_variable
	.byte	2                               @ DW_AT_location
	.byte	145
	.byte	8
	.long	.Linfo_string18                 @ DW_AT_name
	.byte	3                               @ DW_AT_decl_file
	.byte	48                              @ DW_AT_decl_line
	.long	239                             @ DW_AT_type
	.byte	9                               @ Abbrev [9] 0xe1:0xe DW_TAG_variable
	.byte	2                               @ DW_AT_location
	.byte	145
	.byte	4
	.long	.Linfo_string22                 @ DW_AT_name
	.byte	3                               @ DW_AT_decl_file
	.byte	48                              @ DW_AT_decl_line
	.long	239                             @ DW_AT_type
	.byte	10                              @ Abbrev [10] 0xef:0x1d DW_TAG_union_type
	.byte	4                               @ DW_AT_byte_size
	.byte	3                               @ DW_AT_decl_file
	.byte	44                              @ DW_AT_decl_line
	.byte	6                               @ Abbrev [6] 0xf3:0xc DW_TAG_member
	.long	.Linfo_string19                 @ DW_AT_name
	.long	358                             @ DW_AT_type
	.byte	3                               @ DW_AT_decl_file
	.byte	46                              @ DW_AT_decl_line
	.byte	0                               @ DW_AT_data_member_location
	.byte	6                               @ Abbrev [6] 0xff:0xc DW_TAG_member
	.long	.Linfo_string20                 @ DW_AT_name
	.long	359                             @ DW_AT_type
	.byte	3                               @ DW_AT_decl_file
	.byte	47                              @ DW_AT_decl_line
	.byte	0                               @ DW_AT_data_member_location
	.byte	0                               @ End Of Children Mark
	.byte	0                               @ End Of Children Mark
	.byte	11                              @ Abbrev [11] 0x10d:0x59 DW_TAG_subprogram
	.long	.Lfunc_begin1                   @ DW_AT_low_pc
	.long	.Lfunc_end1-.Lfunc_begin1       @ DW_AT_high_pc
	.byte	1                               @ DW_AT_frame_base
	.byte	93
	.long	.Linfo_string13                 @ DW_AT_name
	.byte	3                               @ DW_AT_decl_file
	.byte	66                              @ DW_AT_decl_line
                                        @ DW_AT_prototyped
                                        @ DW_AT_external
	.byte	8                               @ Abbrev [8] 0x11e:0xe DW_TAG_formal_parameter
	.byte	2                               @ DW_AT_location
	.byte	145
	.byte	12
	.long	.Linfo_string23                 @ DW_AT_name
	.byte	3                               @ DW_AT_decl_file
	.byte	66                              @ DW_AT_decl_line
	.long	358                             @ DW_AT_type
	.byte	9                               @ Abbrev [9] 0x12c:0xe DW_TAG_variable
	.byte	2                               @ DW_AT_location
	.byte	145
	.byte	8
	.long	.Linfo_string24                 @ DW_AT_name
	.byte	3                               @ DW_AT_decl_file
	.byte	72                              @ DW_AT_decl_line
	.long	328                             @ DW_AT_type
	.byte	9                               @ Abbrev [9] 0x13a:0xe DW_TAG_variable
	.byte	2                               @ DW_AT_location
	.byte	145
	.byte	4
	.long	.Linfo_string16                 @ DW_AT_name
	.byte	3                               @ DW_AT_decl_file
	.byte	74                              @ DW_AT_decl_line
	.long	67                              @ DW_AT_type
	.byte	10                              @ Abbrev [10] 0x148:0x1d DW_TAG_union_type
	.byte	4                               @ DW_AT_byte_size
	.byte	3                               @ DW_AT_decl_file
	.byte	68                              @ DW_AT_decl_line
	.byte	6                               @ Abbrev [6] 0x14c:0xc DW_TAG_member
	.long	.Linfo_string19                 @ DW_AT_name
	.long	358                             @ DW_AT_type
	.byte	3                               @ DW_AT_decl_file
	.byte	70                              @ DW_AT_decl_line
	.byte	0                               @ DW_AT_data_member_location
	.byte	6                               @ Abbrev [6] 0x158:0xc DW_TAG_member
	.long	.Linfo_string20                 @ DW_AT_name
	.long	359                             @ DW_AT_type
	.byte	3                               @ DW_AT_decl_file
	.byte	71                              @ DW_AT_decl_line
	.byte	0                               @ DW_AT_data_member_location
	.byte	0                               @ End Of Children Mark
	.byte	0                               @ End Of Children Mark
	.byte	12                              @ Abbrev [12] 0x166:0x1 DW_TAG_pointer_type
	.byte	2                               @ Abbrev [2] 0x167:0xb DW_TAG_typedef
	.long	49                              @ DW_AT_type
	.long	.Linfo_string21                 @ DW_AT_name
	.byte	1                               @ DW_AT_decl_file
	.byte	102                             @ DW_AT_decl_line
	.byte	0                               @ End Of Children Mark
.Ldebug_info_end0:
	.section	.debug_ranges,"",%progbits
.Ldebug_ranges0:
	.long	.Lfunc_begin0
	.long	.Lfunc_end0
	.long	.Lfunc_begin1
	.long	.Lfunc_end1
	.long	0
	.long	0
	.section	.debug_str,"MS",%progbits,1
.Linfo_string0:
	.asciz	"Component: Arm Compiler for Embedded 6.19 Tool: armclang [5e73cb00]" @ string offset=0
.Linfo_string1:
	.asciz	"../../libraries/sdk/drives\\fsl_common.c" @ string offset=68
.Linfo_string2:
	.asciz	"E:\\FILE_SMART_CAR\\\346\231\272\350\203\275\350\247\206\350\247\211\\RT1064_Library-master\\RT1064_Library-master\\SeekFree_RT1064_Opensource_Library\\project\\mdk" @ string offset=108
.Linfo_string3:
	.asciz	"unsigned int"                  @ string offset=230
.Linfo_string4:
	.asciz	"uint32_t"                      @ string offset=243
.Linfo_string5:
	.asciz	"size_t"                        @ string offset=252
.Linfo_string6:
	.asciz	"identifier"                    @ string offset=259
.Linfo_string7:
	.asciz	"unsigned short"                @ string offset=270
.Linfo_string8:
	.asciz	"uint16_t"                      @ string offset=285
.Linfo_string9:
	.asciz	"offset"                        @ string offset=294
.Linfo_string10:
	.asciz	"_mem_align_control_block"      @ string offset=301
.Linfo_string11:
	.asciz	"mem_align_cb_t"                @ string offset=326
.Linfo_string12:
	.asciz	"SDK_Malloc"                    @ string offset=341
.Linfo_string13:
	.asciz	"SDK_Free"                      @ string offset=352
.Linfo_string14:
	.asciz	"size"                          @ string offset=361
.Linfo_string15:
	.asciz	"alignbytes"                    @ string offset=366
.Linfo_string16:
	.asciz	"p_cb"                          @ string offset=377
.Linfo_string17:
	.asciz	"alignedsize"                   @ string offset=382
.Linfo_string18:
	.asciz	"p_align_addr"                  @ string offset=394
.Linfo_string19:
	.asciz	"pointer_value"                 @ string offset=407
.Linfo_string20:
	.asciz	"unsigned_value"                @ string offset=421
.Linfo_string21:
	.asciz	"uintptr_t"                     @ string offset=436
.Linfo_string22:
	.asciz	"p_addr"                        @ string offset=446
.Linfo_string23:
	.asciz	"ptr"                           @ string offset=453
.Linfo_string24:
	.asciz	"p_free"                        @ string offset=457
	.ident	"Component: Arm Compiler for Embedded 6.19 Tool: armclang [5e73cb00]"
	.section	".note.GNU-stack","",%progbits
	.eabi_attribute	30, 6	@ Tag_ABI_optimization_goals
	.ARM_attribute	16, 1	@ Tag_AV_eba
	.section	.debug_line,"",%progbits
.Lline_table_start0:
