	.text
	.syntax unified
	.eabi_attribute	67, "2.09"	@ Tag_conformance
	.cpu	cortex-m7
	.eabi_attribute	6, 13	@ Tag_CPU_arch
	.eabi_attribute	7, 77	@ Tag_CPU_arch_profile
	.eabi_attribute	8, 0	@ Tag_ARM_ISA_use
	.eabi_attribute	9, 2	@ Tag_THUMB_ISA_use
	.fpu	fpv5-d16
	.eabi_attribute	36, 1	@ Tag_FP_HP_extension
	.eabi_attribute	34, 1	@ Tag_CPU_unaligned_access
	.eabi_attribute	17, 1	@ Tag_ABI_PCS_GOT_use
	.eabi_attribute	20, 2	@ Tag_ABI_FP_denormal
	.eabi_attribute	21, 0	@ Tag_ABI_FP_exceptions
	.eabi_attribute	23, 1	@ Tag_ABI_FP_number_model
	.eabi_attribute	24, 1	@ Tag_ABI_align_needed
	.eabi_attribute	25, 1	@ Tag_ABI_align_preserved
	.eabi_attribute	28, 1	@ Tag_ABI_VFP_args
	.eabi_attribute	38, 1	@ Tag_ABI_FP_16bit_format
	.eabi_attribute	18, 2	@ Tag_ABI_PCS_wchar_t
	.eabi_attribute	26, 1	@ Tag_ABI_enum_size
	.eabi_attribute	14, 0	@ Tag_ABI_PCS_R9_use
	.file	"fsl_cache.c"
	.file	1 "D:\\KEIL\\ARM\\ARMCLANG\\Bin\\..\\include" "stdint.h"
	.file	2 "E:\\FILE_SMART_CAR\\\346\231\272\350\203\275\350\247\206\350\247\211\\RT1064_Library-master\\RT1064_Library-master\\SeekFree_RT1064_Opensource_Library\\project\\mdk" "../../libraries/sdk/CMSIS/Include\\core_cm7.h"
	.section	.text.L1CACHE_InvalidateICacheByRange,"ax",%progbits
	.hidden	L1CACHE_InvalidateICacheByRange @ -- Begin function L1CACHE_InvalidateICacheByRange
	.globl	L1CACHE_InvalidateICacheByRange
	.p2align	3
	.type	L1CACHE_InvalidateICacheByRange,%function
	.code	16                              @ @L1CACHE_InvalidateICacheByRange
	.thumb_func
L1CACHE_InvalidateICacheByRange:
.Lfunc_begin0:
	.file	3 "E:\\FILE_SMART_CAR\\\346\231\272\350\203\275\350\247\206\350\247\211\\RT1064_Library-master\\RT1064_Library-master\\SeekFree_RT1064_Opensource_Library\\project\\mdk" "../../libraries/sdk/drives/fsl_cache.c"
	.loc	3 497 0                         @ ../../libraries/sdk/drives/fsl_cache.c:497:0
	.fnstart
	.cfi_sections .debug_frame
	.cfi_startproc
@ %bb.0:
	.pad	#20
	sub	sp, #20
	.cfi_def_cfa_offset 20
	str	r0, [sp, #16]
	str	r1, [sp, #12]
.Ltmp0:
	.loc	3 499 26 prologue_end           @ ../../libraries/sdk/drives/fsl_cache.c:499:26
	ldr	r0, [sp, #16]
	.loc	3 499 34 is_stmt 0              @ ../../libraries/sdk/drives/fsl_cache.c:499:34
	bic	r0, r0, #31
	.loc	3 499 14                        @ ../../libraries/sdk/drives/fsl_cache.c:499:14
	str	r0, [sp, #8]
	.loc	3 500 26 is_stmt 1              @ ../../libraries/sdk/drives/fsl_cache.c:500:26
	ldr	r0, [sp, #16]
	.loc	3 500 36 is_stmt 0              @ ../../libraries/sdk/drives/fsl_cache.c:500:36
	ldr	r1, [sp, #8]
	.loc	3 500 34                        @ ../../libraries/sdk/drives/fsl_cache.c:500:34
	subs	r0, r0, r1
	.loc	3 500 14                        @ ../../libraries/sdk/drives/fsl_cache.c:500:14
	str	r0, [sp, #4]
	.loc	3 501 35 is_stmt 1              @ ../../libraries/sdk/drives/fsl_cache.c:501:35
	ldr	r0, [sp, #12]
	.loc	3 501 56 is_stmt 0              @ ../../libraries/sdk/drives/fsl_cache.c:501:56
	ldr	r1, [sp, #4]
	.loc	3 501 45                        @ ../../libraries/sdk/drives/fsl_cache.c:501:45
	add	r0, r1
	.loc	3 501 13                        @ ../../libraries/sdk/drives/fsl_cache.c:501:13
	str	r0, [sp]
	.loc	3 503 5 is_stmt 1               @ ../../libraries/sdk/drives/fsl_cache.c:503:5
	dsb	sy
	.loc	3 504 5                         @ ../../libraries/sdk/drives/fsl_cache.c:504:5
	b	.LBB0_1
.LBB0_1:                                @ =>This Inner Loop Header: Depth=1
	.loc	3 504 12 is_stmt 0              @ ../../libraries/sdk/drives/fsl_cache.c:504:12
	ldr	r0, [sp]
	.loc	3 504 5                         @ ../../libraries/sdk/drives/fsl_cache.c:504:5
	cmp	r0, #1
	blt	.LBB0_3
	b	.LBB0_2
.LBB0_2:                                @   in Loop: Header=BB0_1 Depth=1
.Ltmp1:
	.loc	3 506 24 is_stmt 1              @ ../../libraries/sdk/drives/fsl_cache.c:506:24
	ldr	r0, [sp, #8]
	movw	r1, #61272
	movt	r1, #57344
	.loc	3 506 22 is_stmt 0              @ ../../libraries/sdk/drives/fsl_cache.c:506:22
	str	r0, [r1]
	.loc	3 507 14 is_stmt 1              @ ../../libraries/sdk/drives/fsl_cache.c:507:14
	ldr	r0, [sp, #8]
	adds	r0, #32
	str	r0, [sp, #8]
	.loc	3 508 14                        @ ../../libraries/sdk/drives/fsl_cache.c:508:14
	ldr	r0, [sp]
	subs	r0, #32
	str	r0, [sp]
.Ltmp2:
	.loc	3 504 5                         @ ../../libraries/sdk/drives/fsl_cache.c:504:5
	b	.LBB0_1
.LBB0_3:
	.loc	3 510 5                         @ ../../libraries/sdk/drives/fsl_cache.c:510:5
	dsb	sy
	.loc	3 511 5                         @ ../../libraries/sdk/drives/fsl_cache.c:511:5
	isb	sy
	.loc	3 513 1                         @ ../../libraries/sdk/drives/fsl_cache.c:513:1
	add	sp, #20
	bx	lr
.Ltmp3:
.Lfunc_end0:
	.size	L1CACHE_InvalidateICacheByRange, .Lfunc_end0-L1CACHE_InvalidateICacheByRange
	.cfi_endproc
	.cantunwind
	.fnend
                                        @ -- End function
	.section	.text.ICACHE_InvalidateByRange,"ax",%progbits
	.hidden	ICACHE_InvalidateByRange        @ -- Begin function ICACHE_InvalidateByRange
	.globl	ICACHE_InvalidateByRange
	.p2align	3
	.type	ICACHE_InvalidateByRange,%function
	.code	16                              @ @ICACHE_InvalidateByRange
	.thumb_func
ICACHE_InvalidateByRange:
.Lfunc_begin1:
	.loc	3 528 0                         @ ../../libraries/sdk/drives/fsl_cache.c:528:0
	.fnstart
	.cfi_startproc
@ %bb.0:
	.save	{r7, lr}
	push	{r7, lr}
	.cfi_def_cfa_offset 8
	.cfi_offset lr, -4
	.cfi_offset r7, -8
	.pad	#8
	sub	sp, #8
	.cfi_def_cfa_offset 16
	str	r0, [sp, #4]
	str	r1, [sp]
.Ltmp4:
	.loc	3 535 37 prologue_end           @ ../../libraries/sdk/drives/fsl_cache.c:535:37
	ldr	r0, [sp, #4]
	.loc	3 535 46 is_stmt 0              @ ../../libraries/sdk/drives/fsl_cache.c:535:46
	ldr	r1, [sp]
	.loc	3 535 5                         @ ../../libraries/sdk/drives/fsl_cache.c:535:5
	bl	L1CACHE_InvalidateICacheByRange
	.loc	3 536 1 is_stmt 1               @ ../../libraries/sdk/drives/fsl_cache.c:536:1
	add	sp, #8
	pop	{r7, pc}
.Ltmp5:
.Lfunc_end1:
	.size	ICACHE_InvalidateByRange, .Lfunc_end1-ICACHE_InvalidateByRange
	.cfi_endproc
	.cantunwind
	.fnend
                                        @ -- End function
	.section	.text.DCACHE_InvalidateByRange,"ax",%progbits
	.hidden	DCACHE_InvalidateByRange        @ -- Begin function DCACHE_InvalidateByRange
	.globl	DCACHE_InvalidateByRange
	.p2align	3
	.type	DCACHE_InvalidateByRange,%function
	.code	16                              @ @DCACHE_InvalidateByRange
	.thumb_func
DCACHE_InvalidateByRange:
.Lfunc_begin2:
	.loc	3 551 0                         @ ../../libraries/sdk/drives/fsl_cache.c:551:0
	.fnstart
	.cfi_startproc
@ %bb.0:
	.save	{r7, lr}
	push	{r7, lr}
	.cfi_def_cfa_offset 8
	.cfi_offset lr, -4
	.cfi_offset r7, -8
	.pad	#8
	sub	sp, #8
	.cfi_def_cfa_offset 16
	str	r0, [sp, #4]
	str	r1, [sp]
.Ltmp6:
	.loc	3 557 37 prologue_end           @ ../../libraries/sdk/drives/fsl_cache.c:557:37
	ldr	r0, [sp, #4]
	.loc	3 557 46 is_stmt 0              @ ../../libraries/sdk/drives/fsl_cache.c:557:46
	ldr	r1, [sp]
	.loc	3 557 5                         @ ../../libraries/sdk/drives/fsl_cache.c:557:5
	bl	L1CACHE_InvalidateDCacheByRange
	.loc	3 558 1 is_stmt 1               @ ../../libraries/sdk/drives/fsl_cache.c:558:1
	add	sp, #8
	pop	{r7, pc}
.Ltmp7:
.Lfunc_end2:
	.size	DCACHE_InvalidateByRange, .Lfunc_end2-DCACHE_InvalidateByRange
	.cfi_endproc
	.cantunwind
	.fnend
                                        @ -- End function
	.section	.text.L1CACHE_InvalidateDCacheByRange,"ax",%progbits
	.p2align	3                               @ -- Begin function L1CACHE_InvalidateDCacheByRange
	.type	L1CACHE_InvalidateDCacheByRange,%function
	.code	16                              @ @L1CACHE_InvalidateDCacheByRange
	.thumb_func
L1CACHE_InvalidateDCacheByRange:
.Lfunc_begin3:
	.file	4 "E:\\FILE_SMART_CAR\\\346\231\272\350\203\275\350\247\206\350\247\211\\RT1064_Library-master\\RT1064_Library-master\\SeekFree_RT1064_Opensource_Library\\project\\mdk" "../../libraries/sdk/drives/fsl_cache.h"
	.loc	4 222 0                         @ ../../libraries/sdk/drives/fsl_cache.h:222:0
	.fnstart
	.cfi_startproc
@ %bb.0:
	.pad	#24
	sub	sp, #24
	.cfi_def_cfa_offset 24
	str	r0, [sp, #4]
	str	r1, [sp]
.Ltmp8:
	.loc	4 223 46 prologue_end           @ ../../libraries/sdk/drives/fsl_cache.h:223:46
	ldr	r1, [sp, #4]
	.loc	4 223 64 is_stmt 0              @ ../../libraries/sdk/drives/fsl_cache.h:223:64
	ldr	r0, [sp]
	str	r1, [sp, #20]
	str	r0, [sp, #16]
.Ltmp9:
	.loc	2 2481 10 is_stmt 1             @ ../../libraries/sdk/CMSIS/Include\core_cm7.h:2481:10
	ldr	r0, [sp, #16]
.Ltmp10:
	.loc	2 2481 10 is_stmt 0             @ ../../libraries/sdk/CMSIS/Include\core_cm7.h:2481:10
	cmp	r0, #1
	blt	.LBB3_4
	b	.LBB3_1
.LBB3_1:
.Ltmp11:
	.loc	2 2482 26 is_stmt 1             @ ../../libraries/sdk/CMSIS/Include\core_cm7.h:2482:26
	ldr	r0, [sp, #16]
	.loc	2 2482 46 is_stmt 0             @ ../../libraries/sdk/CMSIS/Include\core_cm7.h:2482:46
	ldr	r1, [sp, #20]
	.loc	2 2482 52                       @ ../../libraries/sdk/CMSIS/Include\core_cm7.h:2482:52
	and	r1, r1, #31
	.loc	2 2482 32                       @ ../../libraries/sdk/CMSIS/Include\core_cm7.h:2482:32
	add	r0, r1
	.loc	2 2482 16                       @ ../../libraries/sdk/CMSIS/Include\core_cm7.h:2482:16
	str	r0, [sp, #12]
	.loc	2 2483 36 is_stmt 1             @ ../../libraries/sdk/CMSIS/Include\core_cm7.h:2483:36
	ldr	r0, [sp, #20]
	.loc	2 2483 16 is_stmt 0             @ ../../libraries/sdk/CMSIS/Include\core_cm7.h:2483:16
	str	r0, [sp, #8]
	.loc	2 2485 7 is_stmt 1              @ ../../libraries/sdk/CMSIS/Include\core_cm7.h:2485:7
	dsb	sy
	.loc	2 2487 7                        @ ../../libraries/sdk/CMSIS/Include\core_cm7.h:2487:7
	b	.LBB3_2
.LBB3_2:                                @ =>This Inner Loop Header: Depth=1
.Ltmp12:
	.loc	2 2488 24                       @ ../../libraries/sdk/CMSIS/Include\core_cm7.h:2488:24
	ldr	r0, [sp, #8]
	movw	r1, #61276
	movt	r1, #57344
	.loc	2 2488 22 is_stmt 0             @ ../../libraries/sdk/CMSIS/Include\core_cm7.h:2488:22
	str	r0, [r1]
	.loc	2 2489 17 is_stmt 1             @ ../../libraries/sdk/CMSIS/Include\core_cm7.h:2489:17
	ldr	r0, [sp, #8]
	adds	r0, #32
	str	r0, [sp, #8]
	.loc	2 2490 17                       @ ../../libraries/sdk/CMSIS/Include\core_cm7.h:2490:17
	ldr	r0, [sp, #12]
	subs	r0, #32
	str	r0, [sp, #12]
.Ltmp13:
	.loc	2 2491 17                       @ ../../libraries/sdk/CMSIS/Include\core_cm7.h:2491:17
	ldr	r0, [sp, #12]
.Ltmp14:
	.loc	2 2491 7 is_stmt 0              @ ../../libraries/sdk/CMSIS/Include\core_cm7.h:2491:7
	cmp	r0, #0
	bgt	.LBB3_2
	b	.LBB3_3
.Ltmp15:
.LBB3_3:
	.loc	2 2493 7 is_stmt 1              @ ../../libraries/sdk/CMSIS/Include\core_cm7.h:2493:7
	dsb	sy
	.loc	2 2494 7                        @ ../../libraries/sdk/CMSIS/Include\core_cm7.h:2494:7
	isb	sy
	.loc	2 2495 5                        @ ../../libraries/sdk/CMSIS/Include\core_cm7.h:2495:5
	b	.LBB3_4
.Ltmp16:
.LBB3_4:
	.loc	4 224 1                         @ ../../libraries/sdk/drives/fsl_cache.h:224:1
	add	sp, #24
	bx	lr
.Ltmp17:
.Lfunc_end3:
	.size	L1CACHE_InvalidateDCacheByRange, .Lfunc_end3-L1CACHE_InvalidateDCacheByRange
	.cfi_endproc
	.cantunwind
	.fnend
                                        @ -- End function
	.section	.text.DCACHE_CleanByRange,"ax",%progbits
	.hidden	DCACHE_CleanByRange             @ -- Begin function DCACHE_CleanByRange
	.globl	DCACHE_CleanByRange
	.p2align	3
	.type	DCACHE_CleanByRange,%function
	.code	16                              @ @DCACHE_CleanByRange
	.thumb_func
DCACHE_CleanByRange:
.Lfunc_begin4:
	.loc	3 573 0                         @ ../../libraries/sdk/drives/fsl_cache.c:573:0
	.fnstart
	.cfi_startproc
@ %bb.0:
	.save	{r7, lr}
	push	{r7, lr}
	.cfi_def_cfa_offset 8
	.cfi_offset lr, -4
	.cfi_offset r7, -8
	.pad	#8
	sub	sp, #8
	.cfi_def_cfa_offset 16
	str	r0, [sp, #4]
	str	r1, [sp]
.Ltmp18:
	.loc	3 574 32 prologue_end           @ ../../libraries/sdk/drives/fsl_cache.c:574:32
	ldr	r0, [sp, #4]
	.loc	3 574 41 is_stmt 0              @ ../../libraries/sdk/drives/fsl_cache.c:574:41
	ldr	r1, [sp]
	.loc	3 574 5                         @ ../../libraries/sdk/drives/fsl_cache.c:574:5
	bl	L1CACHE_CleanDCacheByRange
	.loc	3 580 1 is_stmt 1               @ ../../libraries/sdk/drives/fsl_cache.c:580:1
	add	sp, #8
	pop	{r7, pc}
.Ltmp19:
.Lfunc_end4:
	.size	DCACHE_CleanByRange, .Lfunc_end4-DCACHE_CleanByRange
	.cfi_endproc
	.cantunwind
	.fnend
                                        @ -- End function
	.section	.text.L1CACHE_CleanDCacheByRange,"ax",%progbits
	.p2align	3                               @ -- Begin function L1CACHE_CleanDCacheByRange
	.type	L1CACHE_CleanDCacheByRange,%function
	.code	16                              @ @L1CACHE_CleanDCacheByRange
	.thumb_func
L1CACHE_CleanDCacheByRange:
.Lfunc_begin5:
	.loc	4 237 0                         @ ../../libraries/sdk/drives/fsl_cache.h:237:0
	.fnstart
	.cfi_startproc
@ %bb.0:
	.pad	#24
	sub	sp, #24
	.cfi_def_cfa_offset 24
	str	r0, [sp, #4]
	str	r1, [sp]
.Ltmp20:
	.loc	4 238 41 prologue_end           @ ../../libraries/sdk/drives/fsl_cache.h:238:41
	ldr	r1, [sp, #4]
	.loc	4 238 59 is_stmt 0              @ ../../libraries/sdk/drives/fsl_cache.h:238:59
	ldr	r0, [sp]
	str	r1, [sp, #20]
	str	r0, [sp, #16]
.Ltmp21:
	.loc	2 2511 10 is_stmt 1             @ ../../libraries/sdk/CMSIS/Include\core_cm7.h:2511:10
	ldr	r0, [sp, #16]
.Ltmp22:
	.loc	2 2511 10 is_stmt 0             @ ../../libraries/sdk/CMSIS/Include\core_cm7.h:2511:10
	cmp	r0, #1
	blt	.LBB5_4
	b	.LBB5_1
.LBB5_1:
.Ltmp23:
	.loc	2 2512 26 is_stmt 1             @ ../../libraries/sdk/CMSIS/Include\core_cm7.h:2512:26
	ldr	r0, [sp, #16]
	.loc	2 2512 46 is_stmt 0             @ ../../libraries/sdk/CMSIS/Include\core_cm7.h:2512:46
	ldr	r1, [sp, #20]
	.loc	2 2512 52                       @ ../../libraries/sdk/CMSIS/Include\core_cm7.h:2512:52
	and	r1, r1, #31
	.loc	2 2512 32                       @ ../../libraries/sdk/CMSIS/Include\core_cm7.h:2512:32
	add	r0, r1
	.loc	2 2512 16                       @ ../../libraries/sdk/CMSIS/Include\core_cm7.h:2512:16
	str	r0, [sp, #12]
	.loc	2 2513 36 is_stmt 1             @ ../../libraries/sdk/CMSIS/Include\core_cm7.h:2513:36
	ldr	r0, [sp, #20]
	.loc	2 2513 16 is_stmt 0             @ ../../libraries/sdk/CMSIS/Include\core_cm7.h:2513:16
	str	r0, [sp, #8]
	.loc	2 2515 7 is_stmt 1              @ ../../libraries/sdk/CMSIS/Include\core_cm7.h:2515:7
	dsb	sy
	.loc	2 2517 7                        @ ../../libraries/sdk/CMSIS/Include\core_cm7.h:2517:7
	b	.LBB5_2
.LBB5_2:                                @ =>This Inner Loop Header: Depth=1
.Ltmp24:
	.loc	2 2518 24                       @ ../../libraries/sdk/CMSIS/Include\core_cm7.h:2518:24
	ldr	r0, [sp, #8]
	movw	r1, #61288
	movt	r1, #57344
	.loc	2 2518 22 is_stmt 0             @ ../../libraries/sdk/CMSIS/Include\core_cm7.h:2518:22
	str	r0, [r1]
	.loc	2 2519 17 is_stmt 1             @ ../../libraries/sdk/CMSIS/Include\core_cm7.h:2519:17
	ldr	r0, [sp, #8]
	adds	r0, #32
	str	r0, [sp, #8]
	.loc	2 2520 17                       @ ../../libraries/sdk/CMSIS/Include\core_cm7.h:2520:17
	ldr	r0, [sp, #12]
	subs	r0, #32
	str	r0, [sp, #12]
.Ltmp25:
	.loc	2 2521 17                       @ ../../libraries/sdk/CMSIS/Include\core_cm7.h:2521:17
	ldr	r0, [sp, #12]
.Ltmp26:
	.loc	2 2521 7 is_stmt 0              @ ../../libraries/sdk/CMSIS/Include\core_cm7.h:2521:7
	cmp	r0, #0
	bgt	.LBB5_2
	b	.LBB5_3
.Ltmp27:
.LBB5_3:
	.loc	2 2523 7 is_stmt 1              @ ../../libraries/sdk/CMSIS/Include\core_cm7.h:2523:7
	dsb	sy
	.loc	2 2524 7                        @ ../../libraries/sdk/CMSIS/Include\core_cm7.h:2524:7
	isb	sy
	.loc	2 2525 5                        @ ../../libraries/sdk/CMSIS/Include\core_cm7.h:2525:5
	b	.LBB5_4
.Ltmp28:
.LBB5_4:
	.loc	4 239 1                         @ ../../libraries/sdk/drives/fsl_cache.h:239:1
	add	sp, #24
	bx	lr
.Ltmp29:
.Lfunc_end5:
	.size	L1CACHE_CleanDCacheByRange, .Lfunc_end5-L1CACHE_CleanDCacheByRange
	.cfi_endproc
	.cantunwind
	.fnend
                                        @ -- End function
	.section	.text.DCACHE_CleanInvalidateByRange,"ax",%progbits
	.hidden	DCACHE_CleanInvalidateByRange   @ -- Begin function DCACHE_CleanInvalidateByRange
	.globl	DCACHE_CleanInvalidateByRange
	.p2align	3
	.type	DCACHE_CleanInvalidateByRange,%function
	.code	16                              @ @DCACHE_CleanInvalidateByRange
	.thumb_func
DCACHE_CleanInvalidateByRange:
.Lfunc_begin6:
	.loc	3 595 0                         @ ../../libraries/sdk/drives/fsl_cache.c:595:0
	.fnstart
	.cfi_startproc
@ %bb.0:
	.save	{r7, lr}
	push	{r7, lr}
	.cfi_def_cfa_offset 8
	.cfi_offset lr, -4
	.cfi_offset r7, -8
	.pad	#8
	sub	sp, #8
	.cfi_def_cfa_offset 16
	str	r0, [sp, #4]
	str	r1, [sp]
.Ltmp30:
	.loc	3 596 42 prologue_end           @ ../../libraries/sdk/drives/fsl_cache.c:596:42
	ldr	r0, [sp, #4]
	.loc	3 596 51 is_stmt 0              @ ../../libraries/sdk/drives/fsl_cache.c:596:51
	ldr	r1, [sp]
	.loc	3 596 5                         @ ../../libraries/sdk/drives/fsl_cache.c:596:5
	bl	L1CACHE_CleanInvalidateDCacheByRange
	.loc	3 602 1 is_stmt 1               @ ../../libraries/sdk/drives/fsl_cache.c:602:1
	add	sp, #8
	pop	{r7, pc}
.Ltmp31:
.Lfunc_end6:
	.size	DCACHE_CleanInvalidateByRange, .Lfunc_end6-DCACHE_CleanInvalidateByRange
	.cfi_endproc
	.cantunwind
	.fnend
                                        @ -- End function
	.section	.text.L1CACHE_CleanInvalidateDCacheByRange,"ax",%progbits
	.p2align	3                               @ -- Begin function L1CACHE_CleanInvalidateDCacheByRange
	.type	L1CACHE_CleanInvalidateDCacheByRange,%function
	.code	16                              @ @L1CACHE_CleanInvalidateDCacheByRange
	.thumb_func
L1CACHE_CleanInvalidateDCacheByRange:
.Lfunc_begin7:
	.loc	4 252 0                         @ ../../libraries/sdk/drives/fsl_cache.h:252:0
	.fnstart
	.cfi_startproc
@ %bb.0:
	.pad	#24
	sub	sp, #24
	.cfi_def_cfa_offset 24
	str	r0, [sp, #4]
	str	r1, [sp]
.Ltmp32:
	.loc	4 253 51 prologue_end           @ ../../libraries/sdk/drives/fsl_cache.h:253:51
	ldr	r1, [sp, #4]
	.loc	4 253 69 is_stmt 0              @ ../../libraries/sdk/drives/fsl_cache.h:253:69
	ldr	r0, [sp]
	str	r1, [sp, #20]
	str	r0, [sp, #16]
.Ltmp33:
	.loc	2 2541 10 is_stmt 1             @ ../../libraries/sdk/CMSIS/Include\core_cm7.h:2541:10
	ldr	r0, [sp, #16]
.Ltmp34:
	.loc	2 2541 10 is_stmt 0             @ ../../libraries/sdk/CMSIS/Include\core_cm7.h:2541:10
	cmp	r0, #1
	blt	.LBB7_4
	b	.LBB7_1
.LBB7_1:
.Ltmp35:
	.loc	2 2542 26 is_stmt 1             @ ../../libraries/sdk/CMSIS/Include\core_cm7.h:2542:26
	ldr	r0, [sp, #16]
	.loc	2 2542 46 is_stmt 0             @ ../../libraries/sdk/CMSIS/Include\core_cm7.h:2542:46
	ldr	r1, [sp, #20]
	.loc	2 2542 52                       @ ../../libraries/sdk/CMSIS/Include\core_cm7.h:2542:52
	and	r1, r1, #31
	.loc	2 2542 32                       @ ../../libraries/sdk/CMSIS/Include\core_cm7.h:2542:32
	add	r0, r1
	.loc	2 2542 16                       @ ../../libraries/sdk/CMSIS/Include\core_cm7.h:2542:16
	str	r0, [sp, #12]
	.loc	2 2543 36 is_stmt 1             @ ../../libraries/sdk/CMSIS/Include\core_cm7.h:2543:36
	ldr	r0, [sp, #20]
	.loc	2 2543 16 is_stmt 0             @ ../../libraries/sdk/CMSIS/Include\core_cm7.h:2543:16
	str	r0, [sp, #8]
	.loc	2 2545 7 is_stmt 1              @ ../../libraries/sdk/CMSIS/Include\core_cm7.h:2545:7
	dsb	sy
	.loc	2 2547 7                        @ ../../libraries/sdk/CMSIS/Include\core_cm7.h:2547:7
	b	.LBB7_2
.LBB7_2:                                @ =>This Inner Loop Header: Depth=1
.Ltmp36:
	.loc	2 2548 25                       @ ../../libraries/sdk/CMSIS/Include\core_cm7.h:2548:25
	ldr	r0, [sp, #8]
	movw	r1, #61296
	movt	r1, #57344
	.loc	2 2548 23 is_stmt 0             @ ../../libraries/sdk/CMSIS/Include\core_cm7.h:2548:23
	str	r0, [r1]
	.loc	2 2549 17 is_stmt 1             @ ../../libraries/sdk/CMSIS/Include\core_cm7.h:2549:17
	ldr	r0, [sp, #8]
	adds	r0, #32
	str	r0, [sp, #8]
	.loc	2 2550 17                       @ ../../libraries/sdk/CMSIS/Include\core_cm7.h:2550:17
	ldr	r0, [sp, #12]
	subs	r0, #32
	str	r0, [sp, #12]
.Ltmp37:
	.loc	2 2551 17                       @ ../../libraries/sdk/CMSIS/Include\core_cm7.h:2551:17
	ldr	r0, [sp, #12]
.Ltmp38:
	.loc	2 2551 7 is_stmt 0              @ ../../libraries/sdk/CMSIS/Include\core_cm7.h:2551:7
	cmp	r0, #0
	bgt	.LBB7_2
	b	.LBB7_3
.Ltmp39:
.LBB7_3:
	.loc	2 2553 7 is_stmt 1              @ ../../libraries/sdk/CMSIS/Include\core_cm7.h:2553:7
	dsb	sy
	.loc	2 2554 7                        @ ../../libraries/sdk/CMSIS/Include\core_cm7.h:2554:7
	isb	sy
	.loc	2 2555 5                        @ ../../libraries/sdk/CMSIS/Include\core_cm7.h:2555:5
	b	.LBB7_4
.Ltmp40:
.LBB7_4:
	.loc	4 254 1                         @ ../../libraries/sdk/drives/fsl_cache.h:254:1
	add	sp, #24
	bx	lr
.Ltmp41:
.Lfunc_end7:
	.size	L1CACHE_CleanInvalidateDCacheByRange, .Lfunc_end7-L1CACHE_CleanInvalidateDCacheByRange
	.cfi_endproc
	.cantunwind
	.fnend
                                        @ -- End function
	.section	.debug_abbrev,"",%progbits
	.byte	1                               @ Abbreviation Code
	.byte	17                              @ DW_TAG_compile_unit
	.byte	1                               @ DW_CHILDREN_yes
	.byte	37                              @ DW_AT_producer
	.byte	14                              @ DW_FORM_strp
	.byte	19                              @ DW_AT_language
	.byte	5                               @ DW_FORM_data2
	.byte	3                               @ DW_AT_name
	.byte	14                              @ DW_FORM_strp
	.byte	16                              @ DW_AT_stmt_list
	.byte	23                              @ DW_FORM_sec_offset
	.byte	27                              @ DW_AT_comp_dir
	.byte	14                              @ DW_FORM_strp
	.byte	17                              @ DW_AT_low_pc
	.byte	1                               @ DW_FORM_addr
	.byte	85                              @ DW_AT_ranges
	.byte	23                              @ DW_FORM_sec_offset
	.byte	0                               @ EOM(1)
	.byte	0                               @ EOM(2)
	.byte	2                               @ Abbreviation Code
	.byte	22                              @ DW_TAG_typedef
	.byte	0                               @ DW_CHILDREN_no
	.byte	73                              @ DW_AT_type
	.byte	19                              @ DW_FORM_ref4
	.byte	3                               @ DW_AT_name
	.byte	14                              @ DW_FORM_strp
	.byte	58                              @ DW_AT_decl_file
	.byte	11                              @ DW_FORM_data1
	.byte	59                              @ DW_AT_decl_line
	.byte	11                              @ DW_FORM_data1
	.byte	0                               @ EOM(1)
	.byte	0                               @ EOM(2)
	.byte	3                               @ Abbreviation Code
	.byte	36                              @ DW_TAG_base_type
	.byte	0                               @ DW_CHILDREN_no
	.byte	3                               @ DW_AT_name
	.byte	14                              @ DW_FORM_strp
	.byte	62                              @ DW_AT_encoding
	.byte	11                              @ DW_FORM_data1
	.byte	11                              @ DW_AT_byte_size
	.byte	11                              @ DW_FORM_data1
	.byte	0                               @ EOM(1)
	.byte	0                               @ EOM(2)
	.byte	4                               @ Abbreviation Code
	.byte	15                              @ DW_TAG_pointer_type
	.byte	0                               @ DW_CHILDREN_no
	.byte	73                              @ DW_AT_type
	.byte	19                              @ DW_FORM_ref4
	.byte	0                               @ EOM(1)
	.byte	0                               @ EOM(2)
	.byte	5                               @ Abbreviation Code
	.byte	22                              @ DW_TAG_typedef
	.byte	0                               @ DW_CHILDREN_no
	.byte	73                              @ DW_AT_type
	.byte	19                              @ DW_FORM_ref4
	.byte	3                               @ DW_AT_name
	.byte	14                              @ DW_FORM_strp
	.byte	58                              @ DW_AT_decl_file
	.byte	11                              @ DW_FORM_data1
	.byte	59                              @ DW_AT_decl_line
	.byte	5                               @ DW_FORM_data2
	.byte	0                               @ EOM(1)
	.byte	0                               @ EOM(2)
	.byte	6                               @ Abbreviation Code
	.byte	19                              @ DW_TAG_structure_type
	.byte	1                               @ DW_CHILDREN_yes
	.byte	11                              @ DW_AT_byte_size
	.byte	5                               @ DW_FORM_data2
	.byte	58                              @ DW_AT_decl_file
	.byte	11                              @ DW_FORM_data1
	.byte	59                              @ DW_AT_decl_line
	.byte	5                               @ DW_FORM_data2
	.byte	0                               @ EOM(1)
	.byte	0                               @ EOM(2)
	.byte	7                               @ Abbreviation Code
	.byte	13                              @ DW_TAG_member
	.byte	0                               @ DW_CHILDREN_no
	.byte	3                               @ DW_AT_name
	.byte	14                              @ DW_FORM_strp
	.byte	73                              @ DW_AT_type
	.byte	19                              @ DW_FORM_ref4
	.byte	58                              @ DW_AT_decl_file
	.byte	11                              @ DW_FORM_data1
	.byte	59                              @ DW_AT_decl_line
	.byte	5                               @ DW_FORM_data2
	.byte	56                              @ DW_AT_data_member_location
	.byte	11                              @ DW_FORM_data1
	.byte	0                               @ EOM(1)
	.byte	0                               @ EOM(2)
	.byte	8                               @ Abbreviation Code
	.byte	13                              @ DW_TAG_member
	.byte	0                               @ DW_CHILDREN_no
	.byte	3                               @ DW_AT_name
	.byte	14                              @ DW_FORM_strp
	.byte	73                              @ DW_AT_type
	.byte	19                              @ DW_FORM_ref4
	.byte	58                              @ DW_AT_decl_file
	.byte	11                              @ DW_FORM_data1
	.byte	59                              @ DW_AT_decl_line
	.byte	5                               @ DW_FORM_data2
	.byte	56                              @ DW_AT_data_member_location
	.byte	5                               @ DW_FORM_data2
	.byte	0                               @ EOM(1)
	.byte	0                               @ EOM(2)
	.byte	9                               @ Abbreviation Code
	.byte	38                              @ DW_TAG_const_type
	.byte	0                               @ DW_CHILDREN_no
	.byte	73                              @ DW_AT_type
	.byte	19                              @ DW_FORM_ref4
	.byte	0                               @ EOM(1)
	.byte	0                               @ EOM(2)
	.byte	10                              @ Abbreviation Code
	.byte	53                              @ DW_TAG_volatile_type
	.byte	0                               @ DW_CHILDREN_no
	.byte	73                              @ DW_AT_type
	.byte	19                              @ DW_FORM_ref4
	.byte	0                               @ EOM(1)
	.byte	0                               @ EOM(2)
	.byte	11                              @ Abbreviation Code
	.byte	1                               @ DW_TAG_array_type
	.byte	1                               @ DW_CHILDREN_yes
	.byte	73                              @ DW_AT_type
	.byte	19                              @ DW_FORM_ref4
	.byte	0                               @ EOM(1)
	.byte	0                               @ EOM(2)
	.byte	12                              @ Abbreviation Code
	.byte	33                              @ DW_TAG_subrange_type
	.byte	0                               @ DW_CHILDREN_no
	.byte	73                              @ DW_AT_type
	.byte	19                              @ DW_FORM_ref4
	.byte	55                              @ DW_AT_count
	.byte	11                              @ DW_FORM_data1
	.byte	0                               @ EOM(1)
	.byte	0                               @ EOM(2)
	.byte	13                              @ Abbreviation Code
	.byte	36                              @ DW_TAG_base_type
	.byte	0                               @ DW_CHILDREN_no
	.byte	3                               @ DW_AT_name
	.byte	14                              @ DW_FORM_strp
	.byte	11                              @ DW_AT_byte_size
	.byte	11                              @ DW_FORM_data1
	.byte	62                              @ DW_AT_encoding
	.byte	11                              @ DW_FORM_data1
	.byte	0                               @ EOM(1)
	.byte	0                               @ EOM(2)
	.byte	14                              @ Abbreviation Code
	.byte	46                              @ DW_TAG_subprogram
	.byte	1                               @ DW_CHILDREN_yes
	.byte	17                              @ DW_AT_low_pc
	.byte	1                               @ DW_FORM_addr
	.byte	18                              @ DW_AT_high_pc
	.byte	6                               @ DW_FORM_data4
	.byte	64                              @ DW_AT_frame_base
	.byte	24                              @ DW_FORM_exprloc
	.byte	3                               @ DW_AT_name
	.byte	14                              @ DW_FORM_strp
	.byte	58                              @ DW_AT_decl_file
	.byte	11                              @ DW_FORM_data1
	.byte	59                              @ DW_AT_decl_line
	.byte	5                               @ DW_FORM_data2
	.byte	39                              @ DW_AT_prototyped
	.byte	25                              @ DW_FORM_flag_present
	.byte	63                              @ DW_AT_external
	.byte	25                              @ DW_FORM_flag_present
	.byte	0                               @ EOM(1)
	.byte	0                               @ EOM(2)
	.byte	15                              @ Abbreviation Code
	.byte	5                               @ DW_TAG_formal_parameter
	.byte	0                               @ DW_CHILDREN_no
	.byte	2                               @ DW_AT_location
	.byte	24                              @ DW_FORM_exprloc
	.byte	3                               @ DW_AT_name
	.byte	14                              @ DW_FORM_strp
	.byte	58                              @ DW_AT_decl_file
	.byte	11                              @ DW_FORM_data1
	.byte	59                              @ DW_AT_decl_line
	.byte	5                               @ DW_FORM_data2
	.byte	73                              @ DW_AT_type
	.byte	19                              @ DW_FORM_ref4
	.byte	0                               @ EOM(1)
	.byte	0                               @ EOM(2)
	.byte	16                              @ Abbreviation Code
	.byte	52                              @ DW_TAG_variable
	.byte	0                               @ DW_CHILDREN_no
	.byte	2                               @ DW_AT_location
	.byte	24                              @ DW_FORM_exprloc
	.byte	3                               @ DW_AT_name
	.byte	14                              @ DW_FORM_strp
	.byte	58                              @ DW_AT_decl_file
	.byte	11                              @ DW_FORM_data1
	.byte	59                              @ DW_AT_decl_line
	.byte	5                               @ DW_FORM_data2
	.byte	73                              @ DW_AT_type
	.byte	19                              @ DW_FORM_ref4
	.byte	0                               @ EOM(1)
	.byte	0                               @ EOM(2)
	.byte	17                              @ Abbreviation Code
	.byte	46                              @ DW_TAG_subprogram
	.byte	1                               @ DW_CHILDREN_yes
	.byte	3                               @ DW_AT_name
	.byte	14                              @ DW_FORM_strp
	.byte	58                              @ DW_AT_decl_file
	.byte	11                              @ DW_FORM_data1
	.byte	59                              @ DW_AT_decl_line
	.byte	5                               @ DW_FORM_data2
	.byte	39                              @ DW_AT_prototyped
	.byte	25                              @ DW_FORM_flag_present
	.byte	32                              @ DW_AT_inline
	.byte	11                              @ DW_FORM_data1
	.byte	0                               @ EOM(1)
	.byte	0                               @ EOM(2)
	.byte	18                              @ Abbreviation Code
	.byte	5                               @ DW_TAG_formal_parameter
	.byte	0                               @ DW_CHILDREN_no
	.byte	3                               @ DW_AT_name
	.byte	14                              @ DW_FORM_strp
	.byte	58                              @ DW_AT_decl_file
	.byte	11                              @ DW_FORM_data1
	.byte	59                              @ DW_AT_decl_line
	.byte	5                               @ DW_FORM_data2
	.byte	73                              @ DW_AT_type
	.byte	19                              @ DW_FORM_ref4
	.byte	0                               @ EOM(1)
	.byte	0                               @ EOM(2)
	.byte	19                              @ Abbreviation Code
	.byte	11                              @ DW_TAG_lexical_block
	.byte	1                               @ DW_CHILDREN_yes
	.byte	0                               @ EOM(1)
	.byte	0                               @ EOM(2)
	.byte	20                              @ Abbreviation Code
	.byte	52                              @ DW_TAG_variable
	.byte	0                               @ DW_CHILDREN_no
	.byte	3                               @ DW_AT_name
	.byte	14                              @ DW_FORM_strp
	.byte	58                              @ DW_AT_decl_file
	.byte	11                              @ DW_FORM_data1
	.byte	59                              @ DW_AT_decl_line
	.byte	5                               @ DW_FORM_data2
	.byte	73                              @ DW_AT_type
	.byte	19                              @ DW_FORM_ref4
	.byte	0                               @ EOM(1)
	.byte	0                               @ EOM(2)
	.byte	21                              @ Abbreviation Code
	.byte	15                              @ DW_TAG_pointer_type
	.byte	0                               @ DW_CHILDREN_no
	.byte	0                               @ EOM(1)
	.byte	0                               @ EOM(2)
	.byte	22                              @ Abbreviation Code
	.byte	46                              @ DW_TAG_subprogram
	.byte	1                               @ DW_CHILDREN_yes
	.byte	17                              @ DW_AT_low_pc
	.byte	1                               @ DW_FORM_addr
	.byte	18                              @ DW_AT_high_pc
	.byte	6                               @ DW_FORM_data4
	.byte	64                              @ DW_AT_frame_base
	.byte	24                              @ DW_FORM_exprloc
	.byte	3                               @ DW_AT_name
	.byte	14                              @ DW_FORM_strp
	.byte	58                              @ DW_AT_decl_file
	.byte	11                              @ DW_FORM_data1
	.byte	59                              @ DW_AT_decl_line
	.byte	11                              @ DW_FORM_data1
	.byte	39                              @ DW_AT_prototyped
	.byte	25                              @ DW_FORM_flag_present
	.byte	0                               @ EOM(1)
	.byte	0                               @ EOM(2)
	.byte	23                              @ Abbreviation Code
	.byte	5                               @ DW_TAG_formal_parameter
	.byte	0                               @ DW_CHILDREN_no
	.byte	2                               @ DW_AT_location
	.byte	24                              @ DW_FORM_exprloc
	.byte	3                               @ DW_AT_name
	.byte	14                              @ DW_FORM_strp
	.byte	58                              @ DW_AT_decl_file
	.byte	11                              @ DW_FORM_data1
	.byte	59                              @ DW_AT_decl_line
	.byte	11                              @ DW_FORM_data1
	.byte	73                              @ DW_AT_type
	.byte	19                              @ DW_FORM_ref4
	.byte	0                               @ EOM(1)
	.byte	0                               @ EOM(2)
	.byte	24                              @ Abbreviation Code
	.byte	29                              @ DW_TAG_inlined_subroutine
	.byte	1                               @ DW_CHILDREN_yes
	.byte	49                              @ DW_AT_abstract_origin
	.byte	19                              @ DW_FORM_ref4
	.byte	17                              @ DW_AT_low_pc
	.byte	1                               @ DW_FORM_addr
	.byte	18                              @ DW_AT_high_pc
	.byte	6                               @ DW_FORM_data4
	.byte	88                              @ DW_AT_call_file
	.byte	11                              @ DW_FORM_data1
	.byte	89                              @ DW_AT_call_line
	.byte	11                              @ DW_FORM_data1
	.byte	87                              @ DW_AT_call_column
	.byte	11                              @ DW_FORM_data1
	.byte	0                               @ EOM(1)
	.byte	0                               @ EOM(2)
	.byte	25                              @ Abbreviation Code
	.byte	5                               @ DW_TAG_formal_parameter
	.byte	0                               @ DW_CHILDREN_no
	.byte	2                               @ DW_AT_location
	.byte	24                              @ DW_FORM_exprloc
	.byte	49                              @ DW_AT_abstract_origin
	.byte	19                              @ DW_FORM_ref4
	.byte	0                               @ EOM(1)
	.byte	0                               @ EOM(2)
	.byte	26                              @ Abbreviation Code
	.byte	11                              @ DW_TAG_lexical_block
	.byte	1                               @ DW_CHILDREN_yes
	.byte	17                              @ DW_AT_low_pc
	.byte	1                               @ DW_FORM_addr
	.byte	18                              @ DW_AT_high_pc
	.byte	6                               @ DW_FORM_data4
	.byte	0                               @ EOM(1)
	.byte	0                               @ EOM(2)
	.byte	27                              @ Abbreviation Code
	.byte	52                              @ DW_TAG_variable
	.byte	0                               @ DW_CHILDREN_no
	.byte	2                               @ DW_AT_location
	.byte	24                              @ DW_FORM_exprloc
	.byte	49                              @ DW_AT_abstract_origin
	.byte	19                              @ DW_FORM_ref4
	.byte	0                               @ EOM(1)
	.byte	0                               @ EOM(2)
	.byte	0                               @ EOM(3)
	.section	.debug_info,"",%progbits
.Lcu_begin0:
	.long	.Ldebug_info_end0-.Ldebug_info_start0 @ Length of Unit
.Ldebug_info_start0:
	.short	4                               @ DWARF version number
	.long	.debug_abbrev                   @ Offset Into Abbrev. Section
	.byte	4                               @ Address Size (in bytes)
	.byte	1                               @ Abbrev [1] 0xb:0x699 DW_TAG_compile_unit
	.long	.Linfo_string0                  @ DW_AT_producer
	.short	12                              @ DW_AT_language
	.long	.Linfo_string1                  @ DW_AT_name
	.long	.Lline_table_start0             @ DW_AT_stmt_list
	.long	.Linfo_string2                  @ DW_AT_comp_dir
	.long	0                               @ DW_AT_low_pc
	.long	.Ldebug_ranges0                 @ DW_AT_ranges
	.byte	2                               @ Abbrev [2] 0x26:0xb DW_TAG_typedef
	.long	49                              @ DW_AT_type
	.long	.Linfo_string4                  @ DW_AT_name
	.byte	1                               @ DW_AT_decl_file
	.byte	64                              @ DW_AT_decl_line
	.byte	3                               @ Abbrev [3] 0x31:0x7 DW_TAG_base_type
	.long	.Linfo_string3                  @ DW_AT_name
	.byte	7                               @ DW_AT_encoding
	.byte	4                               @ DW_AT_byte_size
	.byte	2                               @ Abbrev [2] 0x38:0xb DW_TAG_typedef
	.long	67                              @ DW_AT_type
	.long	.Linfo_string6                  @ DW_AT_name
	.byte	1                               @ DW_AT_decl_file
	.byte	58                              @ DW_AT_decl_line
	.byte	3                               @ Abbrev [3] 0x43:0x7 DW_TAG_base_type
	.long	.Linfo_string5                  @ DW_AT_name
	.byte	5                               @ DW_AT_encoding
	.byte	4                               @ DW_AT_byte_size
	.byte	4                               @ Abbrev [4] 0x4a:0x5 DW_TAG_pointer_type
	.long	79                              @ DW_AT_type
	.byte	5                               @ Abbrev [5] 0x4f:0xc DW_TAG_typedef
	.long	91                              @ DW_AT_type
	.long	.Linfo_string60                 @ DW_AT_name
	.byte	2                               @ DW_AT_decl_file
	.short	507                             @ DW_AT_decl_line
	.byte	6                               @ Abbrev [6] 0x5b:0x2a9 DW_TAG_structure_type
	.short	684                             @ DW_AT_byte_size
	.byte	2                               @ DW_AT_decl_file
	.short	455                             @ DW_AT_decl_line
	.byte	7                               @ Abbrev [7] 0x61:0xd DW_TAG_member
	.long	.Linfo_string7                  @ DW_AT_name
	.long	772                             @ DW_AT_type
	.byte	2                               @ DW_AT_decl_file
	.short	457                             @ DW_AT_decl_line
	.byte	0                               @ DW_AT_data_member_location
	.byte	7                               @ Abbrev [7] 0x6e:0xd DW_TAG_member
	.long	.Linfo_string8                  @ DW_AT_name
	.long	777                             @ DW_AT_type
	.byte	2                               @ DW_AT_decl_file
	.short	458                             @ DW_AT_decl_line
	.byte	4                               @ DW_AT_data_member_location
	.byte	7                               @ Abbrev [7] 0x7b:0xd DW_TAG_member
	.long	.Linfo_string9                  @ DW_AT_name
	.long	777                             @ DW_AT_type
	.byte	2                               @ DW_AT_decl_file
	.short	459                             @ DW_AT_decl_line
	.byte	8                               @ DW_AT_data_member_location
	.byte	7                               @ Abbrev [7] 0x88:0xd DW_TAG_member
	.long	.Linfo_string10                 @ DW_AT_name
	.long	777                             @ DW_AT_type
	.byte	2                               @ DW_AT_decl_file
	.short	460                             @ DW_AT_decl_line
	.byte	12                              @ DW_AT_data_member_location
	.byte	7                               @ Abbrev [7] 0x95:0xd DW_TAG_member
	.long	.Linfo_string11                 @ DW_AT_name
	.long	777                             @ DW_AT_type
	.byte	2                               @ DW_AT_decl_file
	.short	461                             @ DW_AT_decl_line
	.byte	16                              @ DW_AT_data_member_location
	.byte	7                               @ Abbrev [7] 0xa2:0xd DW_TAG_member
	.long	.Linfo_string12                 @ DW_AT_name
	.long	777                             @ DW_AT_type
	.byte	2                               @ DW_AT_decl_file
	.short	462                             @ DW_AT_decl_line
	.byte	20                              @ DW_AT_data_member_location
	.byte	7                               @ Abbrev [7] 0xaf:0xd DW_TAG_member
	.long	.Linfo_string13                 @ DW_AT_name
	.long	782                             @ DW_AT_type
	.byte	2                               @ DW_AT_decl_file
	.short	463                             @ DW_AT_decl_line
	.byte	24                              @ DW_AT_data_member_location
	.byte	7                               @ Abbrev [7] 0xbc:0xd DW_TAG_member
	.long	.Linfo_string17                 @ DW_AT_name
	.long	777                             @ DW_AT_type
	.byte	2                               @ DW_AT_decl_file
	.short	464                             @ DW_AT_decl_line
	.byte	36                              @ DW_AT_data_member_location
	.byte	7                               @ Abbrev [7] 0xc9:0xd DW_TAG_member
	.long	.Linfo_string18                 @ DW_AT_name
	.long	777                             @ DW_AT_type
	.byte	2                               @ DW_AT_decl_file
	.short	465                             @ DW_AT_decl_line
	.byte	40                              @ DW_AT_data_member_location
	.byte	7                               @ Abbrev [7] 0xd6:0xd DW_TAG_member
	.long	.Linfo_string19                 @ DW_AT_name
	.long	777                             @ DW_AT_type
	.byte	2                               @ DW_AT_decl_file
	.short	466                             @ DW_AT_decl_line
	.byte	44                              @ DW_AT_data_member_location
	.byte	7                               @ Abbrev [7] 0xe3:0xd DW_TAG_member
	.long	.Linfo_string20                 @ DW_AT_name
	.long	777                             @ DW_AT_type
	.byte	2                               @ DW_AT_decl_file
	.short	467                             @ DW_AT_decl_line
	.byte	48                              @ DW_AT_data_member_location
	.byte	7                               @ Abbrev [7] 0xf0:0xd DW_TAG_member
	.long	.Linfo_string21                 @ DW_AT_name
	.long	777                             @ DW_AT_type
	.byte	2                               @ DW_AT_decl_file
	.short	468                             @ DW_AT_decl_line
	.byte	52                              @ DW_AT_data_member_location
	.byte	7                               @ Abbrev [7] 0xfd:0xd DW_TAG_member
	.long	.Linfo_string22                 @ DW_AT_name
	.long	777                             @ DW_AT_type
	.byte	2                               @ DW_AT_decl_file
	.short	469                             @ DW_AT_decl_line
	.byte	56                              @ DW_AT_data_member_location
	.byte	7                               @ Abbrev [7] 0x10a:0xd DW_TAG_member
	.long	.Linfo_string23                 @ DW_AT_name
	.long	777                             @ DW_AT_type
	.byte	2                               @ DW_AT_decl_file
	.short	470                             @ DW_AT_decl_line
	.byte	60                              @ DW_AT_data_member_location
	.byte	7                               @ Abbrev [7] 0x117:0xd DW_TAG_member
	.long	.Linfo_string24                 @ DW_AT_name
	.long	824                             @ DW_AT_type
	.byte	2                               @ DW_AT_decl_file
	.short	471                             @ DW_AT_decl_line
	.byte	64                              @ DW_AT_data_member_location
	.byte	7                               @ Abbrev [7] 0x124:0xd DW_TAG_member
	.long	.Linfo_string25                 @ DW_AT_name
	.long	772                             @ DW_AT_type
	.byte	2                               @ DW_AT_decl_file
	.short	472                             @ DW_AT_decl_line
	.byte	72                              @ DW_AT_data_member_location
	.byte	7                               @ Abbrev [7] 0x131:0xd DW_TAG_member
	.long	.Linfo_string26                 @ DW_AT_name
	.long	772                             @ DW_AT_type
	.byte	2                               @ DW_AT_decl_file
	.short	473                             @ DW_AT_decl_line
	.byte	76                              @ DW_AT_data_member_location
	.byte	7                               @ Abbrev [7] 0x13e:0xd DW_TAG_member
	.long	.Linfo_string27                 @ DW_AT_name
	.long	836                             @ DW_AT_type
	.byte	2                               @ DW_AT_decl_file
	.short	474                             @ DW_AT_decl_line
	.byte	80                              @ DW_AT_data_member_location
	.byte	7                               @ Abbrev [7] 0x14b:0xd DW_TAG_member
	.long	.Linfo_string28                 @ DW_AT_name
	.long	848                             @ DW_AT_type
	.byte	2                               @ DW_AT_decl_file
	.short	475                             @ DW_AT_decl_line
	.byte	96                              @ DW_AT_data_member_location
	.byte	7                               @ Abbrev [7] 0x158:0xd DW_TAG_member
	.long	.Linfo_string29                 @ DW_AT_name
	.long	860                             @ DW_AT_type
	.byte	2                               @ DW_AT_decl_file
	.short	476                             @ DW_AT_decl_line
	.byte	116                             @ DW_AT_data_member_location
	.byte	7                               @ Abbrev [7] 0x165:0xd DW_TAG_member
	.long	.Linfo_string30                 @ DW_AT_name
	.long	772                             @ DW_AT_type
	.byte	2                               @ DW_AT_decl_file
	.short	477                             @ DW_AT_decl_line
	.byte	120                             @ DW_AT_data_member_location
	.byte	7                               @ Abbrev [7] 0x172:0xd DW_TAG_member
	.long	.Linfo_string31                 @ DW_AT_name
	.long	772                             @ DW_AT_type
	.byte	2                               @ DW_AT_decl_file
	.short	478                             @ DW_AT_decl_line
	.byte	124                             @ DW_AT_data_member_location
	.byte	7                               @ Abbrev [7] 0x17f:0xd DW_TAG_member
	.long	.Linfo_string32                 @ DW_AT_name
	.long	772                             @ DW_AT_type
	.byte	2                               @ DW_AT_decl_file
	.short	479                             @ DW_AT_decl_line
	.byte	128                             @ DW_AT_data_member_location
	.byte	7                               @ Abbrev [7] 0x18c:0xd DW_TAG_member
	.long	.Linfo_string33                 @ DW_AT_name
	.long	777                             @ DW_AT_type
	.byte	2                               @ DW_AT_decl_file
	.short	480                             @ DW_AT_decl_line
	.byte	132                             @ DW_AT_data_member_location
	.byte	7                               @ Abbrev [7] 0x199:0xd DW_TAG_member
	.long	.Linfo_string34                 @ DW_AT_name
	.long	777                             @ DW_AT_type
	.byte	2                               @ DW_AT_decl_file
	.short	481                             @ DW_AT_decl_line
	.byte	136                             @ DW_AT_data_member_location
	.byte	7                               @ Abbrev [7] 0x1a6:0xd DW_TAG_member
	.long	.Linfo_string35                 @ DW_AT_name
	.long	872                             @ DW_AT_type
	.byte	2                               @ DW_AT_decl_file
	.short	482                             @ DW_AT_decl_line
	.byte	140                             @ DW_AT_data_member_location
	.byte	8                               @ Abbrev [8] 0x1b3:0xe DW_TAG_member
	.long	.Linfo_string36                 @ DW_AT_name
	.long	777                             @ DW_AT_type
	.byte	2                               @ DW_AT_decl_file
	.short	483                             @ DW_AT_decl_line
	.short	512                             @ DW_AT_data_member_location
	.byte	8                               @ Abbrev [8] 0x1c1:0xe DW_TAG_member
	.long	.Linfo_string37                 @ DW_AT_name
	.long	884                             @ DW_AT_type
	.byte	2                               @ DW_AT_decl_file
	.short	484                             @ DW_AT_decl_line
	.short	516                             @ DW_AT_data_member_location
	.byte	8                               @ Abbrev [8] 0x1cf:0xe DW_TAG_member
	.long	.Linfo_string38                 @ DW_AT_name
	.long	772                             @ DW_AT_type
	.byte	2                               @ DW_AT_decl_file
	.short	485                             @ DW_AT_decl_line
	.short	576                             @ DW_AT_data_member_location
	.byte	8                               @ Abbrev [8] 0x1dd:0xe DW_TAG_member
	.long	.Linfo_string39                 @ DW_AT_name
	.long	772                             @ DW_AT_type
	.byte	2                               @ DW_AT_decl_file
	.short	486                             @ DW_AT_decl_line
	.short	580                             @ DW_AT_data_member_location
	.byte	8                               @ Abbrev [8] 0x1eb:0xe DW_TAG_member
	.long	.Linfo_string40                 @ DW_AT_name
	.long	772                             @ DW_AT_type
	.byte	2                               @ DW_AT_decl_file
	.short	487                             @ DW_AT_decl_line
	.short	584                             @ DW_AT_data_member_location
	.byte	8                               @ Abbrev [8] 0x1f9:0xe DW_TAG_member
	.long	.Linfo_string41                 @ DW_AT_name
	.long	860                             @ DW_AT_type
	.byte	2                               @ DW_AT_decl_file
	.short	488                             @ DW_AT_decl_line
	.short	588                             @ DW_AT_data_member_location
	.byte	8                               @ Abbrev [8] 0x207:0xe DW_TAG_member
	.long	.Linfo_string42                 @ DW_AT_name
	.long	777                             @ DW_AT_type
	.byte	2                               @ DW_AT_decl_file
	.short	489                             @ DW_AT_decl_line
	.short	592                             @ DW_AT_data_member_location
	.byte	8                               @ Abbrev [8] 0x215:0xe DW_TAG_member
	.long	.Linfo_string43                 @ DW_AT_name
	.long	860                             @ DW_AT_type
	.byte	2                               @ DW_AT_decl_file
	.short	490                             @ DW_AT_decl_line
	.short	596                             @ DW_AT_data_member_location
	.byte	8                               @ Abbrev [8] 0x223:0xe DW_TAG_member
	.long	.Linfo_string44                 @ DW_AT_name
	.long	777                             @ DW_AT_type
	.byte	2                               @ DW_AT_decl_file
	.short	491                             @ DW_AT_decl_line
	.short	600                             @ DW_AT_data_member_location
	.byte	8                               @ Abbrev [8] 0x231:0xe DW_TAG_member
	.long	.Linfo_string45                 @ DW_AT_name
	.long	777                             @ DW_AT_type
	.byte	2                               @ DW_AT_decl_file
	.short	492                             @ DW_AT_decl_line
	.short	604                             @ DW_AT_data_member_location
	.byte	8                               @ Abbrev [8] 0x23f:0xe DW_TAG_member
	.long	.Linfo_string46                 @ DW_AT_name
	.long	777                             @ DW_AT_type
	.byte	2                               @ DW_AT_decl_file
	.short	493                             @ DW_AT_decl_line
	.short	608                             @ DW_AT_data_member_location
	.byte	8                               @ Abbrev [8] 0x24d:0xe DW_TAG_member
	.long	.Linfo_string47                 @ DW_AT_name
	.long	777                             @ DW_AT_type
	.byte	2                               @ DW_AT_decl_file
	.short	494                             @ DW_AT_decl_line
	.short	612                             @ DW_AT_data_member_location
	.byte	8                               @ Abbrev [8] 0x25b:0xe DW_TAG_member
	.long	.Linfo_string48                 @ DW_AT_name
	.long	777                             @ DW_AT_type
	.byte	2                               @ DW_AT_decl_file
	.short	495                             @ DW_AT_decl_line
	.short	616                             @ DW_AT_data_member_location
	.byte	8                               @ Abbrev [8] 0x269:0xe DW_TAG_member
	.long	.Linfo_string49                 @ DW_AT_name
	.long	777                             @ DW_AT_type
	.byte	2                               @ DW_AT_decl_file
	.short	496                             @ DW_AT_decl_line
	.short	620                             @ DW_AT_data_member_location
	.byte	8                               @ Abbrev [8] 0x277:0xe DW_TAG_member
	.long	.Linfo_string50                 @ DW_AT_name
	.long	777                             @ DW_AT_type
	.byte	2                               @ DW_AT_decl_file
	.short	497                             @ DW_AT_decl_line
	.short	624                             @ DW_AT_data_member_location
	.byte	8                               @ Abbrev [8] 0x285:0xe DW_TAG_member
	.long	.Linfo_string51                 @ DW_AT_name
	.long	777                             @ DW_AT_type
	.byte	2                               @ DW_AT_decl_file
	.short	498                             @ DW_AT_decl_line
	.short	628                             @ DW_AT_data_member_location
	.byte	8                               @ Abbrev [8] 0x293:0xe DW_TAG_member
	.long	.Linfo_string52                 @ DW_AT_name
	.long	896                             @ DW_AT_type
	.byte	2                               @ DW_AT_decl_file
	.short	499                             @ DW_AT_decl_line
	.short	632                             @ DW_AT_data_member_location
	.byte	8                               @ Abbrev [8] 0x2a1:0xe DW_TAG_member
	.long	.Linfo_string53                 @ DW_AT_name
	.long	777                             @ DW_AT_type
	.byte	2                               @ DW_AT_decl_file
	.short	500                             @ DW_AT_decl_line
	.short	656                             @ DW_AT_data_member_location
	.byte	8                               @ Abbrev [8] 0x2af:0xe DW_TAG_member
	.long	.Linfo_string54                 @ DW_AT_name
	.long	777                             @ DW_AT_type
	.byte	2                               @ DW_AT_decl_file
	.short	501                             @ DW_AT_decl_line
	.short	660                             @ DW_AT_data_member_location
	.byte	8                               @ Abbrev [8] 0x2bd:0xe DW_TAG_member
	.long	.Linfo_string55                 @ DW_AT_name
	.long	777                             @ DW_AT_type
	.byte	2                               @ DW_AT_decl_file
	.short	502                             @ DW_AT_decl_line
	.short	664                             @ DW_AT_data_member_location
	.byte	8                               @ Abbrev [8] 0x2cb:0xe DW_TAG_member
	.long	.Linfo_string56                 @ DW_AT_name
	.long	777                             @ DW_AT_type
	.byte	2                               @ DW_AT_decl_file
	.short	503                             @ DW_AT_decl_line
	.short	668                             @ DW_AT_data_member_location
	.byte	8                               @ Abbrev [8] 0x2d9:0xe DW_TAG_member
	.long	.Linfo_string57                 @ DW_AT_name
	.long	777                             @ DW_AT_type
	.byte	2                               @ DW_AT_decl_file
	.short	504                             @ DW_AT_decl_line
	.short	672                             @ DW_AT_data_member_location
	.byte	8                               @ Abbrev [8] 0x2e7:0xe DW_TAG_member
	.long	.Linfo_string58                 @ DW_AT_name
	.long	860                             @ DW_AT_type
	.byte	2                               @ DW_AT_decl_file
	.short	505                             @ DW_AT_decl_line
	.short	676                             @ DW_AT_data_member_location
	.byte	8                               @ Abbrev [8] 0x2f5:0xe DW_TAG_member
	.long	.Linfo_string59                 @ DW_AT_name
	.long	777                             @ DW_AT_type
	.byte	2                               @ DW_AT_decl_file
	.short	506                             @ DW_AT_decl_line
	.short	680                             @ DW_AT_data_member_location
	.byte	0                               @ End Of Children Mark
	.byte	9                               @ Abbrev [9] 0x304:0x5 DW_TAG_const_type
	.long	777                             @ DW_AT_type
	.byte	10                              @ Abbrev [10] 0x309:0x5 DW_TAG_volatile_type
	.long	38                              @ DW_AT_type
	.byte	11                              @ Abbrev [11] 0x30e:0xc DW_TAG_array_type
	.long	794                             @ DW_AT_type
	.byte	12                              @ Abbrev [12] 0x313:0x6 DW_TAG_subrange_type
	.long	817                             @ DW_AT_type
	.byte	12                              @ DW_AT_count
	.byte	0                               @ End Of Children Mark
	.byte	10                              @ Abbrev [10] 0x31a:0x5 DW_TAG_volatile_type
	.long	799                             @ DW_AT_type
	.byte	2                               @ Abbrev [2] 0x31f:0xb DW_TAG_typedef
	.long	810                             @ DW_AT_type
	.long	.Linfo_string15                 @ DW_AT_name
	.byte	1                               @ DW_AT_decl_file
	.byte	62                              @ DW_AT_decl_line
	.byte	3                               @ Abbrev [3] 0x32a:0x7 DW_TAG_base_type
	.long	.Linfo_string14                 @ DW_AT_name
	.byte	8                               @ DW_AT_encoding
	.byte	1                               @ DW_AT_byte_size
	.byte	13                              @ Abbrev [13] 0x331:0x7 DW_TAG_base_type
	.long	.Linfo_string16                 @ DW_AT_name
	.byte	8                               @ DW_AT_byte_size
	.byte	7                               @ DW_AT_encoding
	.byte	11                              @ Abbrev [11] 0x338:0xc DW_TAG_array_type
	.long	772                             @ DW_AT_type
	.byte	12                              @ Abbrev [12] 0x33d:0x6 DW_TAG_subrange_type
	.long	817                             @ DW_AT_type
	.byte	2                               @ DW_AT_count
	.byte	0                               @ End Of Children Mark
	.byte	11                              @ Abbrev [11] 0x344:0xc DW_TAG_array_type
	.long	772                             @ DW_AT_type
	.byte	12                              @ Abbrev [12] 0x349:0x6 DW_TAG_subrange_type
	.long	817                             @ DW_AT_type
	.byte	4                               @ DW_AT_count
	.byte	0                               @ End Of Children Mark
	.byte	11                              @ Abbrev [11] 0x350:0xc DW_TAG_array_type
	.long	772                             @ DW_AT_type
	.byte	12                              @ Abbrev [12] 0x355:0x6 DW_TAG_subrange_type
	.long	817                             @ DW_AT_type
	.byte	5                               @ DW_AT_count
	.byte	0                               @ End Of Children Mark
	.byte	11                              @ Abbrev [11] 0x35c:0xc DW_TAG_array_type
	.long	38                              @ DW_AT_type
	.byte	12                              @ Abbrev [12] 0x361:0x6 DW_TAG_subrange_type
	.long	817                             @ DW_AT_type
	.byte	1                               @ DW_AT_count
	.byte	0                               @ End Of Children Mark
	.byte	11                              @ Abbrev [11] 0x368:0xc DW_TAG_array_type
	.long	38                              @ DW_AT_type
	.byte	12                              @ Abbrev [12] 0x36d:0x6 DW_TAG_subrange_type
	.long	817                             @ DW_AT_type
	.byte	93                              @ DW_AT_count
	.byte	0                               @ End Of Children Mark
	.byte	11                              @ Abbrev [11] 0x374:0xc DW_TAG_array_type
	.long	38                              @ DW_AT_type
	.byte	12                              @ Abbrev [12] 0x379:0x6 DW_TAG_subrange_type
	.long	817                             @ DW_AT_type
	.byte	15                              @ DW_AT_count
	.byte	0                               @ End Of Children Mark
	.byte	11                              @ Abbrev [11] 0x380:0xc DW_TAG_array_type
	.long	38                              @ DW_AT_type
	.byte	12                              @ Abbrev [12] 0x385:0x6 DW_TAG_subrange_type
	.long	817                             @ DW_AT_type
	.byte	6                               @ DW_AT_count
	.byte	0                               @ End Of Children Mark
	.byte	4                               @ Abbrev [4] 0x38c:0x5 DW_TAG_pointer_type
	.long	38                              @ DW_AT_type
	.byte	14                              @ Abbrev [14] 0x391:0x5e DW_TAG_subprogram
	.long	.Lfunc_begin0                   @ DW_AT_low_pc
	.long	.Lfunc_end0-.Lfunc_begin0       @ DW_AT_high_pc
	.byte	1                               @ DW_AT_frame_base
	.byte	93
	.long	.Linfo_string68                 @ DW_AT_name
	.byte	3                               @ DW_AT_decl_file
	.short	496                             @ DW_AT_decl_line
                                        @ DW_AT_prototyped
                                        @ DW_AT_external
	.byte	15                              @ Abbrev [15] 0x3a3:0xf DW_TAG_formal_parameter
	.byte	2                               @ DW_AT_location
	.byte	145
	.byte	16
	.long	.Linfo_string76                 @ DW_AT_name
	.byte	3                               @ DW_AT_decl_file
	.short	496                             @ DW_AT_decl_line
	.long	38                              @ DW_AT_type
	.byte	15                              @ Abbrev [15] 0x3b2:0xf DW_TAG_formal_parameter
	.byte	2                               @ DW_AT_location
	.byte	145
	.byte	12
	.long	.Linfo_string77                 @ DW_AT_name
	.byte	3                               @ DW_AT_decl_file
	.short	496                             @ DW_AT_decl_line
	.long	38                              @ DW_AT_type
	.byte	16                              @ Abbrev [16] 0x3c1:0xf DW_TAG_variable
	.byte	2                               @ DW_AT_location
	.byte	145
	.byte	8
	.long	.Linfo_string62                 @ DW_AT_name
	.byte	3                               @ DW_AT_decl_file
	.short	499                             @ DW_AT_decl_line
	.long	38                              @ DW_AT_type
	.byte	16                              @ Abbrev [16] 0x3d0:0xf DW_TAG_variable
	.byte	2                               @ DW_AT_location
	.byte	145
	.byte	4
	.long	.Linfo_string78                 @ DW_AT_name
	.byte	3                               @ DW_AT_decl_file
	.short	500                             @ DW_AT_decl_line
	.long	38                              @ DW_AT_type
	.byte	16                              @ Abbrev [16] 0x3df:0xf DW_TAG_variable
	.byte	2                               @ DW_AT_location
	.byte	145
	.byte	0
	.long	.Linfo_string79                 @ DW_AT_name
	.byte	3                               @ DW_AT_decl_file
	.short	501                             @ DW_AT_decl_line
	.long	56                              @ DW_AT_type
	.byte	0                               @ End Of Children Mark
	.byte	14                              @ Abbrev [14] 0x3ef:0x31 DW_TAG_subprogram
	.long	.Lfunc_begin1                   @ DW_AT_low_pc
	.long	.Lfunc_end1-.Lfunc_begin1       @ DW_AT_high_pc
	.byte	1                               @ DW_AT_frame_base
	.byte	93
	.long	.Linfo_string69                 @ DW_AT_name
	.byte	3                               @ DW_AT_decl_file
	.short	527                             @ DW_AT_decl_line
                                        @ DW_AT_prototyped
                                        @ DW_AT_external
	.byte	15                              @ Abbrev [15] 0x401:0xf DW_TAG_formal_parameter
	.byte	2                               @ DW_AT_location
	.byte	145
	.byte	4
	.long	.Linfo_string76                 @ DW_AT_name
	.byte	3                               @ DW_AT_decl_file
	.short	527                             @ DW_AT_decl_line
	.long	38                              @ DW_AT_type
	.byte	15                              @ Abbrev [15] 0x410:0xf DW_TAG_formal_parameter
	.byte	2                               @ DW_AT_location
	.byte	145
	.byte	0
	.long	.Linfo_string77                 @ DW_AT_name
	.byte	3                               @ DW_AT_decl_file
	.short	527                             @ DW_AT_decl_line
	.long	38                              @ DW_AT_type
	.byte	0                               @ End Of Children Mark
	.byte	14                              @ Abbrev [14] 0x420:0x31 DW_TAG_subprogram
	.long	.Lfunc_begin2                   @ DW_AT_low_pc
	.long	.Lfunc_end2-.Lfunc_begin2       @ DW_AT_high_pc
	.byte	1                               @ DW_AT_frame_base
	.byte	93
	.long	.Linfo_string70                 @ DW_AT_name
	.byte	3                               @ DW_AT_decl_file
	.short	550                             @ DW_AT_decl_line
                                        @ DW_AT_prototyped
                                        @ DW_AT_external
	.byte	15                              @ Abbrev [15] 0x432:0xf DW_TAG_formal_parameter
	.byte	2                               @ DW_AT_location
	.byte	145
	.byte	4
	.long	.Linfo_string76                 @ DW_AT_name
	.byte	3                               @ DW_AT_decl_file
	.short	550                             @ DW_AT_decl_line
	.long	38                              @ DW_AT_type
	.byte	15                              @ Abbrev [15] 0x441:0xf DW_TAG_formal_parameter
	.byte	2                               @ DW_AT_location
	.byte	145
	.byte	0
	.long	.Linfo_string77                 @ DW_AT_name
	.byte	3                               @ DW_AT_decl_file
	.short	550                             @ DW_AT_decl_line
	.long	38                              @ DW_AT_type
	.byte	0                               @ End Of Children Mark
	.byte	17                              @ Abbrev [17] 0x451:0x3c DW_TAG_subprogram
	.long	.Linfo_string61                 @ DW_AT_name
	.byte	2                               @ DW_AT_decl_file
	.short	2478                            @ DW_AT_decl_line
                                        @ DW_AT_prototyped
	.byte	1                               @ DW_AT_inline
	.byte	18                              @ Abbrev [18] 0x45a:0xc DW_TAG_formal_parameter
	.long	.Linfo_string62                 @ DW_AT_name
	.byte	2                               @ DW_AT_decl_file
	.short	2478                            @ DW_AT_decl_line
	.long	1165                            @ DW_AT_type
	.byte	18                              @ Abbrev [18] 0x466:0xc DW_TAG_formal_parameter
	.long	.Linfo_string63                 @ DW_AT_name
	.byte	2                               @ DW_AT_decl_file
	.short	2478                            @ DW_AT_decl_line
	.long	56                              @ DW_AT_type
	.byte	19                              @ Abbrev [19] 0x472:0x1a DW_TAG_lexical_block
	.byte	20                              @ Abbrev [20] 0x473:0xc DW_TAG_variable
	.long	.Linfo_string64                 @ DW_AT_name
	.byte	2                               @ DW_AT_decl_file
	.short	2482                            @ DW_AT_decl_line
	.long	56                              @ DW_AT_type
	.byte	20                              @ Abbrev [20] 0x47f:0xc DW_TAG_variable
	.long	.Linfo_string65                 @ DW_AT_name
	.byte	2                               @ DW_AT_decl_file
	.short	2483                            @ DW_AT_decl_line
	.long	38                              @ DW_AT_type
	.byte	0                               @ End Of Children Mark
	.byte	0                               @ End Of Children Mark
	.byte	21                              @ Abbrev [21] 0x48d:0x1 DW_TAG_pointer_type
	.byte	22                              @ Abbrev [22] 0x48e:0x69 DW_TAG_subprogram
	.long	.Lfunc_begin3                   @ DW_AT_low_pc
	.long	.Lfunc_end3-.Lfunc_begin3       @ DW_AT_high_pc
	.byte	1                               @ DW_AT_frame_base
	.byte	93
	.long	.Linfo_string71                 @ DW_AT_name
	.byte	4                               @ DW_AT_decl_file
	.byte	221                             @ DW_AT_decl_line
                                        @ DW_AT_prototyped
	.byte	23                              @ Abbrev [23] 0x49f:0xe DW_TAG_formal_parameter
	.byte	2                               @ DW_AT_location
	.byte	145
	.byte	4
	.long	.Linfo_string76                 @ DW_AT_name
	.byte	4                               @ DW_AT_decl_file
	.byte	221                             @ DW_AT_decl_line
	.long	38                              @ DW_AT_type
	.byte	23                              @ Abbrev [23] 0x4ad:0xe DW_TAG_formal_parameter
	.byte	2                               @ DW_AT_location
	.byte	145
	.byte	0
	.long	.Linfo_string77                 @ DW_AT_name
	.byte	4                               @ DW_AT_decl_file
	.byte	221                             @ DW_AT_decl_line
	.long	38                              @ DW_AT_type
	.byte	24                              @ Abbrev [24] 0x4bb:0x3b DW_TAG_inlined_subroutine
	.long	1105                            @ DW_AT_abstract_origin
	.long	.Ltmp9                          @ DW_AT_low_pc
	.long	.Ltmp16-.Ltmp9                  @ DW_AT_high_pc
	.byte	4                               @ DW_AT_call_file
	.byte	223                             @ DW_AT_call_line
	.byte	5                               @ DW_AT_call_column
	.byte	25                              @ Abbrev [25] 0x4cb:0x8 DW_TAG_formal_parameter
	.byte	2                               @ DW_AT_location
	.byte	145
	.byte	20
	.long	1114                            @ DW_AT_abstract_origin
	.byte	25                              @ Abbrev [25] 0x4d3:0x8 DW_TAG_formal_parameter
	.byte	2                               @ DW_AT_location
	.byte	145
	.byte	16
	.long	1126                            @ DW_AT_abstract_origin
	.byte	26                              @ Abbrev [26] 0x4db:0x1a DW_TAG_lexical_block
	.long	.Ltmp11                         @ DW_AT_low_pc
	.long	.Ltmp16-.Ltmp11                 @ DW_AT_high_pc
	.byte	27                              @ Abbrev [27] 0x4e4:0x8 DW_TAG_variable
	.byte	2                               @ DW_AT_location
	.byte	145
	.byte	12
	.long	1139                            @ DW_AT_abstract_origin
	.byte	27                              @ Abbrev [27] 0x4ec:0x8 DW_TAG_variable
	.byte	2                               @ DW_AT_location
	.byte	145
	.byte	8
	.long	1151                            @ DW_AT_abstract_origin
	.byte	0                               @ End Of Children Mark
	.byte	0                               @ End Of Children Mark
	.byte	0                               @ End Of Children Mark
	.byte	14                              @ Abbrev [14] 0x4f7:0x31 DW_TAG_subprogram
	.long	.Lfunc_begin4                   @ DW_AT_low_pc
	.long	.Lfunc_end4-.Lfunc_begin4       @ DW_AT_high_pc
	.byte	1                               @ DW_AT_frame_base
	.byte	93
	.long	.Linfo_string72                 @ DW_AT_name
	.byte	3                               @ DW_AT_decl_file
	.short	572                             @ DW_AT_decl_line
                                        @ DW_AT_prototyped
                                        @ DW_AT_external
	.byte	15                              @ Abbrev [15] 0x509:0xf DW_TAG_formal_parameter
	.byte	2                               @ DW_AT_location
	.byte	145
	.byte	4
	.long	.Linfo_string76                 @ DW_AT_name
	.byte	3                               @ DW_AT_decl_file
	.short	572                             @ DW_AT_decl_line
	.long	38                              @ DW_AT_type
	.byte	15                              @ Abbrev [15] 0x518:0xf DW_TAG_formal_parameter
	.byte	2                               @ DW_AT_location
	.byte	145
	.byte	0
	.long	.Linfo_string77                 @ DW_AT_name
	.byte	3                               @ DW_AT_decl_file
	.short	572                             @ DW_AT_decl_line
	.long	38                              @ DW_AT_type
	.byte	0                               @ End Of Children Mark
	.byte	17                              @ Abbrev [17] 0x528:0x3c DW_TAG_subprogram
	.long	.Linfo_string66                 @ DW_AT_name
	.byte	2                               @ DW_AT_decl_file
	.short	2508                            @ DW_AT_decl_line
                                        @ DW_AT_prototyped
	.byte	1                               @ DW_AT_inline
	.byte	18                              @ Abbrev [18] 0x531:0xc DW_TAG_formal_parameter
	.long	.Linfo_string62                 @ DW_AT_name
	.byte	2                               @ DW_AT_decl_file
	.short	2508                            @ DW_AT_decl_line
	.long	908                             @ DW_AT_type
	.byte	18                              @ Abbrev [18] 0x53d:0xc DW_TAG_formal_parameter
	.long	.Linfo_string63                 @ DW_AT_name
	.byte	2                               @ DW_AT_decl_file
	.short	2508                            @ DW_AT_decl_line
	.long	56                              @ DW_AT_type
	.byte	19                              @ Abbrev [19] 0x549:0x1a DW_TAG_lexical_block
	.byte	20                              @ Abbrev [20] 0x54a:0xc DW_TAG_variable
	.long	.Linfo_string64                 @ DW_AT_name
	.byte	2                               @ DW_AT_decl_file
	.short	2512                            @ DW_AT_decl_line
	.long	56                              @ DW_AT_type
	.byte	20                              @ Abbrev [20] 0x556:0xc DW_TAG_variable
	.long	.Linfo_string65                 @ DW_AT_name
	.byte	2                               @ DW_AT_decl_file
	.short	2513                            @ DW_AT_decl_line
	.long	38                              @ DW_AT_type
	.byte	0                               @ End Of Children Mark
	.byte	0                               @ End Of Children Mark
	.byte	22                              @ Abbrev [22] 0x564:0x69 DW_TAG_subprogram
	.long	.Lfunc_begin5                   @ DW_AT_low_pc
	.long	.Lfunc_end5-.Lfunc_begin5       @ DW_AT_high_pc
	.byte	1                               @ DW_AT_frame_base
	.byte	93
	.long	.Linfo_string73                 @ DW_AT_name
	.byte	4                               @ DW_AT_decl_file
	.byte	236                             @ DW_AT_decl_line
                                        @ DW_AT_prototyped
	.byte	23                              @ Abbrev [23] 0x575:0xe DW_TAG_formal_parameter
	.byte	2                               @ DW_AT_location
	.byte	145
	.byte	4
	.long	.Linfo_string76                 @ DW_AT_name
	.byte	4                               @ DW_AT_decl_file
	.byte	236                             @ DW_AT_decl_line
	.long	38                              @ DW_AT_type
	.byte	23                              @ Abbrev [23] 0x583:0xe DW_TAG_formal_parameter
	.byte	2                               @ DW_AT_location
	.byte	145
	.byte	0
	.long	.Linfo_string77                 @ DW_AT_name
	.byte	4                               @ DW_AT_decl_file
	.byte	236                             @ DW_AT_decl_line
	.long	38                              @ DW_AT_type
	.byte	24                              @ Abbrev [24] 0x591:0x3b DW_TAG_inlined_subroutine
	.long	1320                            @ DW_AT_abstract_origin
	.long	.Ltmp21                         @ DW_AT_low_pc
	.long	.Ltmp28-.Ltmp21                 @ DW_AT_high_pc
	.byte	4                               @ DW_AT_call_file
	.byte	238                             @ DW_AT_call_line
	.byte	5                               @ DW_AT_call_column
	.byte	25                              @ Abbrev [25] 0x5a1:0x8 DW_TAG_formal_parameter
	.byte	2                               @ DW_AT_location
	.byte	145
	.byte	20
	.long	1329                            @ DW_AT_abstract_origin
	.byte	25                              @ Abbrev [25] 0x5a9:0x8 DW_TAG_formal_parameter
	.byte	2                               @ DW_AT_location
	.byte	145
	.byte	16
	.long	1341                            @ DW_AT_abstract_origin
	.byte	26                              @ Abbrev [26] 0x5b1:0x1a DW_TAG_lexical_block
	.long	.Ltmp23                         @ DW_AT_low_pc
	.long	.Ltmp28-.Ltmp23                 @ DW_AT_high_pc
	.byte	27                              @ Abbrev [27] 0x5ba:0x8 DW_TAG_variable
	.byte	2                               @ DW_AT_location
	.byte	145
	.byte	12
	.long	1354                            @ DW_AT_abstract_origin
	.byte	27                              @ Abbrev [27] 0x5c2:0x8 DW_TAG_variable
	.byte	2                               @ DW_AT_location
	.byte	145
	.byte	8
	.long	1366                            @ DW_AT_abstract_origin
	.byte	0                               @ End Of Children Mark
	.byte	0                               @ End Of Children Mark
	.byte	0                               @ End Of Children Mark
	.byte	14                              @ Abbrev [14] 0x5cd:0x31 DW_TAG_subprogram
	.long	.Lfunc_begin6                   @ DW_AT_low_pc
	.long	.Lfunc_end6-.Lfunc_begin6       @ DW_AT_high_pc
	.byte	1                               @ DW_AT_frame_base
	.byte	93
	.long	.Linfo_string74                 @ DW_AT_name
	.byte	3                               @ DW_AT_decl_file
	.short	594                             @ DW_AT_decl_line
                                        @ DW_AT_prototyped
                                        @ DW_AT_external
	.byte	15                              @ Abbrev [15] 0x5df:0xf DW_TAG_formal_parameter
	.byte	2                               @ DW_AT_location
	.byte	145
	.byte	4
	.long	.Linfo_string76                 @ DW_AT_name
	.byte	3                               @ DW_AT_decl_file
	.short	594                             @ DW_AT_decl_line
	.long	38                              @ DW_AT_type
	.byte	15                              @ Abbrev [15] 0x5ee:0xf DW_TAG_formal_parameter
	.byte	2                               @ DW_AT_location
	.byte	145
	.byte	0
	.long	.Linfo_string77                 @ DW_AT_name
	.byte	3                               @ DW_AT_decl_file
	.short	594                             @ DW_AT_decl_line
	.long	38                              @ DW_AT_type
	.byte	0                               @ End Of Children Mark
	.byte	17                              @ Abbrev [17] 0x5fe:0x3c DW_TAG_subprogram
	.long	.Linfo_string67                 @ DW_AT_name
	.byte	2                               @ DW_AT_decl_file
	.short	2538                            @ DW_AT_decl_line
                                        @ DW_AT_prototyped
	.byte	1                               @ DW_AT_inline
	.byte	18                              @ Abbrev [18] 0x607:0xc DW_TAG_formal_parameter
	.long	.Linfo_string62                 @ DW_AT_name
	.byte	2                               @ DW_AT_decl_file
	.short	2538                            @ DW_AT_decl_line
	.long	908                             @ DW_AT_type
	.byte	18                              @ Abbrev [18] 0x613:0xc DW_TAG_formal_parameter
	.long	.Linfo_string63                 @ DW_AT_name
	.byte	2                               @ DW_AT_decl_file
	.short	2538                            @ DW_AT_decl_line
	.long	56                              @ DW_AT_type
	.byte	19                              @ Abbrev [19] 0x61f:0x1a DW_TAG_lexical_block
	.byte	20                              @ Abbrev [20] 0x620:0xc DW_TAG_variable
	.long	.Linfo_string64                 @ DW_AT_name
	.byte	2                               @ DW_AT_decl_file
	.short	2542                            @ DW_AT_decl_line
	.long	56                              @ DW_AT_type
	.byte	20                              @ Abbrev [20] 0x62c:0xc DW_TAG_variable
	.long	.Linfo_string65                 @ DW_AT_name
	.byte	2                               @ DW_AT_decl_file
	.short	2543                            @ DW_AT_decl_line
	.long	38                              @ DW_AT_type
	.byte	0                               @ End Of Children Mark
	.byte	0                               @ End Of Children Mark
	.byte	22                              @ Abbrev [22] 0x63a:0x69 DW_TAG_subprogram
	.long	.Lfunc_begin7                   @ DW_AT_low_pc
	.long	.Lfunc_end7-.Lfunc_begin7       @ DW_AT_high_pc
	.byte	1                               @ DW_AT_frame_base
	.byte	93
	.long	.Linfo_string75                 @ DW_AT_name
	.byte	4                               @ DW_AT_decl_file
	.byte	251                             @ DW_AT_decl_line
                                        @ DW_AT_prototyped
	.byte	23                              @ Abbrev [23] 0x64b:0xe DW_TAG_formal_parameter
	.byte	2                               @ DW_AT_location
	.byte	145
	.byte	4
	.long	.Linfo_string76                 @ DW_AT_name
	.byte	4                               @ DW_AT_decl_file
	.byte	251                             @ DW_AT_decl_line
	.long	38                              @ DW_AT_type
	.byte	23                              @ Abbrev [23] 0x659:0xe DW_TAG_formal_parameter
	.byte	2                               @ DW_AT_location
	.byte	145
	.byte	0
	.long	.Linfo_string77                 @ DW_AT_name
	.byte	4                               @ DW_AT_decl_file
	.byte	251                             @ DW_AT_decl_line
	.long	38                              @ DW_AT_type
	.byte	24                              @ Abbrev [24] 0x667:0x3b DW_TAG_inlined_subroutine
	.long	1534                            @ DW_AT_abstract_origin
	.long	.Ltmp33                         @ DW_AT_low_pc
	.long	.Ltmp40-.Ltmp33                 @ DW_AT_high_pc
	.byte	4                               @ DW_AT_call_file
	.byte	253                             @ DW_AT_call_line
	.byte	5                               @ DW_AT_call_column
	.byte	25                              @ Abbrev [25] 0x677:0x8 DW_TAG_formal_parameter
	.byte	2                               @ DW_AT_location
	.byte	145
	.byte	20
	.long	1543                            @ DW_AT_abstract_origin
	.byte	25                              @ Abbrev [25] 0x67f:0x8 DW_TAG_formal_parameter
	.byte	2                               @ DW_AT_location
	.byte	145
	.byte	16
	.long	1555                            @ DW_AT_abstract_origin
	.byte	26                              @ Abbrev [26] 0x687:0x1a DW_TAG_lexical_block
	.long	.Ltmp35                         @ DW_AT_low_pc
	.long	.Ltmp40-.Ltmp35                 @ DW_AT_high_pc
	.byte	27                              @ Abbrev [27] 0x690:0x8 DW_TAG_variable
	.byte	2                               @ DW_AT_location
	.byte	145
	.byte	12
	.long	1568                            @ DW_AT_abstract_origin
	.byte	27                              @ Abbrev [27] 0x698:0x8 DW_TAG_variable
	.byte	2                               @ DW_AT_location
	.byte	145
	.byte	8
	.long	1580                            @ DW_AT_abstract_origin
	.byte	0                               @ End Of Children Mark
	.byte	0                               @ End Of Children Mark
	.byte	0                               @ End Of Children Mark
	.byte	0                               @ End Of Children Mark
.Ldebug_info_end0:
	.section	.debug_ranges,"",%progbits
.Ldebug_ranges0:
	.long	.Lfunc_begin0
	.long	.Lfunc_end0
	.long	.Lfunc_begin1
	.long	.Lfunc_end1
	.long	.Lfunc_begin2
	.long	.Lfunc_end2
	.long	.Lfunc_begin3
	.long	.Lfunc_end3
	.long	.Lfunc_begin4
	.long	.Lfunc_end4
	.long	.Lfunc_begin5
	.long	.Lfunc_end5
	.long	.Lfunc_begin6
	.long	.Lfunc_end6
	.long	.Lfunc_begin7
	.long	.Lfunc_end7
	.long	0
	.long	0
	.section	.debug_str,"MS",%progbits,1
.Linfo_string0:
	.asciz	"Component: Arm Compiler for Embedded 6.19 Tool: armclang [5e73cb00]" @ string offset=0
.Linfo_string1:
	.asciz	"../../libraries/sdk/drives\\fsl_cache.c" @ string offset=68
.Linfo_string2:
	.asciz	"E:\\FILE_SMART_CAR\\\346\231\272\350\203\275\350\247\206\350\247\211\\RT1064_Library-master\\RT1064_Library-master\\SeekFree_RT1064_Opensource_Library\\project\\mdk" @ string offset=107
.Linfo_string3:
	.asciz	"unsigned int"                  @ string offset=229
.Linfo_string4:
	.asciz	"uint32_t"                      @ string offset=242
.Linfo_string5:
	.asciz	"int"                           @ string offset=251
.Linfo_string6:
	.asciz	"int32_t"                       @ string offset=255
.Linfo_string7:
	.asciz	"CPUID"                         @ string offset=263
.Linfo_string8:
	.asciz	"ICSR"                          @ string offset=269
.Linfo_string9:
	.asciz	"VTOR"                          @ string offset=274
.Linfo_string10:
	.asciz	"AIRCR"                         @ string offset=279
.Linfo_string11:
	.asciz	"SCR"                           @ string offset=285
.Linfo_string12:
	.asciz	"CCR"                           @ string offset=289
.Linfo_string13:
	.asciz	"SHPR"                          @ string offset=293
.Linfo_string14:
	.asciz	"unsigned char"                 @ string offset=298
.Linfo_string15:
	.asciz	"uint8_t"                       @ string offset=312
.Linfo_string16:
	.asciz	"__ARRAY_SIZE_TYPE__"           @ string offset=320
.Linfo_string17:
	.asciz	"SHCSR"                         @ string offset=340
.Linfo_string18:
	.asciz	"CFSR"                          @ string offset=346
.Linfo_string19:
	.asciz	"HFSR"                          @ string offset=351
.Linfo_string20:
	.asciz	"DFSR"                          @ string offset=356
.Linfo_string21:
	.asciz	"MMFAR"                         @ string offset=361
.Linfo_string22:
	.asciz	"BFAR"                          @ string offset=367
.Linfo_string23:
	.asciz	"AFSR"                          @ string offset=372
.Linfo_string24:
	.asciz	"ID_PFR"                        @ string offset=377
.Linfo_string25:
	.asciz	"ID_DFR"                        @ string offset=384
.Linfo_string26:
	.asciz	"ID_AFR"                        @ string offset=391
.Linfo_string27:
	.asciz	"ID_MFR"                        @ string offset=398
.Linfo_string28:
	.asciz	"ID_ISAR"                       @ string offset=405
.Linfo_string29:
	.asciz	"RESERVED0"                     @ string offset=413
.Linfo_string30:
	.asciz	"CLIDR"                         @ string offset=423
.Linfo_string31:
	.asciz	"CTR"                           @ string offset=429
.Linfo_string32:
	.asciz	"CCSIDR"                        @ string offset=433
.Linfo_string33:
	.asciz	"CSSELR"                        @ string offset=440
.Linfo_string34:
	.asciz	"CPACR"                         @ string offset=447
.Linfo_string35:
	.asciz	"RESERVED3"                     @ string offset=453
.Linfo_string36:
	.asciz	"STIR"                          @ string offset=463
.Linfo_string37:
	.asciz	"RESERVED4"                     @ string offset=468
.Linfo_string38:
	.asciz	"MVFR0"                         @ string offset=478
.Linfo_string39:
	.asciz	"MVFR1"                         @ string offset=484
.Linfo_string40:
	.asciz	"MVFR2"                         @ string offset=490
.Linfo_string41:
	.asciz	"RESERVED5"                     @ string offset=496
.Linfo_string42:
	.asciz	"ICIALLU"                       @ string offset=506
.Linfo_string43:
	.asciz	"RESERVED6"                     @ string offset=514
.Linfo_string44:
	.asciz	"ICIMVAU"                       @ string offset=524
.Linfo_string45:
	.asciz	"DCIMVAC"                       @ string offset=532
.Linfo_string46:
	.asciz	"DCISW"                         @ string offset=540
.Linfo_string47:
	.asciz	"DCCMVAU"                       @ string offset=546
.Linfo_string48:
	.asciz	"DCCMVAC"                       @ string offset=554
.Linfo_string49:
	.asciz	"DCCSW"                         @ string offset=562
.Linfo_string50:
	.asciz	"DCCIMVAC"                      @ string offset=568
.Linfo_string51:
	.asciz	"DCCISW"                        @ string offset=577
.Linfo_string52:
	.asciz	"RESERVED7"                     @ string offset=584
.Linfo_string53:
	.asciz	"ITCMCR"                        @ string offset=594
.Linfo_string54:
	.asciz	"DTCMCR"                        @ string offset=601
.Linfo_string55:
	.asciz	"AHBPCR"                        @ string offset=608
.Linfo_string56:
	.asciz	"CACR"                          @ string offset=615
.Linfo_string57:
	.asciz	"AHBSCR"                        @ string offset=620
.Linfo_string58:
	.asciz	"RESERVED8"                     @ string offset=627
.Linfo_string59:
	.asciz	"ABFSR"                         @ string offset=637
.Linfo_string60:
	.asciz	"SCB_Type"                      @ string offset=643
.Linfo_string61:
	.asciz	"SCB_InvalidateDCache_by_Addr"  @ string offset=652
.Linfo_string62:
	.asciz	"addr"                          @ string offset=681
.Linfo_string63:
	.asciz	"dsize"                         @ string offset=686
.Linfo_string64:
	.asciz	"op_size"                       @ string offset=692
.Linfo_string65:
	.asciz	"op_addr"                       @ string offset=700
.Linfo_string66:
	.asciz	"SCB_CleanDCache_by_Addr"       @ string offset=708
.Linfo_string67:
	.asciz	"SCB_CleanInvalidateDCache_by_Addr" @ string offset=732
.Linfo_string68:
	.asciz	"L1CACHE_InvalidateICacheByRange" @ string offset=766
.Linfo_string69:
	.asciz	"ICACHE_InvalidateByRange"      @ string offset=798
.Linfo_string70:
	.asciz	"DCACHE_InvalidateByRange"      @ string offset=823
.Linfo_string71:
	.asciz	"L1CACHE_InvalidateDCacheByRange" @ string offset=848
.Linfo_string72:
	.asciz	"DCACHE_CleanByRange"           @ string offset=880
.Linfo_string73:
	.asciz	"L1CACHE_CleanDCacheByRange"    @ string offset=900
.Linfo_string74:
	.asciz	"DCACHE_CleanInvalidateByRange" @ string offset=927
.Linfo_string75:
	.asciz	"L1CACHE_CleanInvalidateDCacheByRange" @ string offset=957
.Linfo_string76:
	.asciz	"address"                       @ string offset=994
.Linfo_string77:
	.asciz	"size_byte"                     @ string offset=1002
.Linfo_string78:
	.asciz	"align_len"                     @ string offset=1012
.Linfo_string79:
	.asciz	"size"                          @ string offset=1022
	.ident	"Component: Arm Compiler for Embedded 6.19 Tool: armclang [5e73cb00]"
	.section	".note.GNU-stack","",%progbits
	.eabi_attribute	30, 6	@ Tag_ABI_optimization_goals
	.ARM_attribute	16, 1	@ Tag_AV_eba
	.section	.debug_line,"",%progbits
.Lline_table_start0:
