	.text
	.syntax unified
	.eabi_attribute	67, "2.09"	@ Tag_conformance
	.cpu	cortex-m7
	.eabi_attribute	6, 13	@ Tag_CPU_arch
	.eabi_attribute	7, 77	@ Tag_CPU_arch_profile
	.eabi_attribute	8, 0	@ Tag_ARM_ISA_use
	.eabi_attribute	9, 2	@ Tag_THUMB_ISA_use
	.fpu	fpv5-d16
	.eabi_attribute	36, 1	@ Tag_FP_HP_extension
	.eabi_attribute	34, 1	@ Tag_CPU_unaligned_access
	.eabi_attribute	17, 1	@ Tag_ABI_PCS_GOT_use
	.eabi_attribute	20, 2	@ Tag_ABI_FP_denormal
	.eabi_attribute	21, 0	@ Tag_ABI_FP_exceptions
	.eabi_attribute	23, 1	@ Tag_ABI_FP_number_model
	.eabi_attribute	24, 1	@ Tag_ABI_align_needed
	.eabi_attribute	25, 1	@ Tag_ABI_align_preserved
	.eabi_attribute	28, 1	@ Tag_ABI_VFP_args
	.eabi_attribute	38, 1	@ Tag_ABI_FP_16bit_format
	.eabi_attribute	18, 2	@ Tag_ABI_PCS_wchar_t
	.eabi_attribute	26, 1	@ Tag_ABI_enum_size
	.eabi_attribute	14, 0	@ Tag_ABI_PCS_R9_use
	.file	"fsl_flexram_allocate.c"
	.file	1 "E:\\FILE_SMART_CAR\\\346\231\272\350\203\275\350\247\206\350\247\211\\RT1064_Library-master\\RT1064_Library-master\\SeekFree_RT1064_Opensource_Library\\project\\mdk" "../../libraries/sdk/drives/fsl_flexram_allocate.c"
	.file	2 "E:\\FILE_SMART_CAR\\\346\231\272\350\203\275\350\247\206\350\247\211\\RT1064_Library-master\\RT1064_Library-master\\SeekFree_RT1064_Opensource_Library\\project\\mdk" "../../libraries/sdk/drives/fsl_common.h"
	.file	3 "E:\\FILE_SMART_CAR\\\346\231\272\350\203\275\350\247\206\350\247\211\\RT1064_Library-master\\RT1064_Library-master\\SeekFree_RT1064_Opensource_Library\\project\\mdk" "../../libraries/sdk/drives/fsl_flexram_allocate.h"
	.file	4 "D:\\KEIL\\ARM\\ARMCLANG\\Bin\\..\\include" "stdint.h"
	.file	5 "E:\\FILE_SMART_CAR\\\346\231\272\350\203\275\350\247\206\350\247\211\\RT1064_Library-master\\RT1064_Library-master\\SeekFree_RT1064_Opensource_Library\\project\\mdk" "../../libraries/sdk/deceive/MIMXRT1064.h"
	.section	.text.FLEXRAM_AllocateRam,"ax",%progbits
	.hidden	FLEXRAM_AllocateRam             @ -- Begin function FLEXRAM_AllocateRam
	.globl	FLEXRAM_AllocateRam
	.p2align	3
	.type	FLEXRAM_AllocateRam,%function
	.code	16                              @ @FLEXRAM_AllocateRam
	.thumb_func
FLEXRAM_AllocateRam:
.Lfunc_begin0:
	.loc	1 40 0                          @ ../../libraries/sdk/drives/fsl_flexram_allocate.c:40:0
	.fnstart
	.cfi_sections .debug_frame
	.cfi_startproc
@ %bb.0:
	.save	{r7, lr}
	push	{r7, lr}
	.cfi_def_cfa_offset 8
	.cfi_offset lr, -4
	.cfi_offset r7, -8
	.pad	#16
	sub	sp, #16
	.cfi_def_cfa_offset 24
	str	r0, [sp, #12]
.Ltmp0:
	.loc	1 41 5 prologue_end             @ ../../libraries/sdk/drives/fsl_flexram_allocate.c:41:5
	ldr	r0, [sp, #12]
	cbz	r0, .LBB0_2
	b	.LBB0_1
.LBB0_1:
	b	.LBB0_3
.LBB0_2:
	movw	r0, :lower16:.L.str
	movt	r0, :upper16:.L.str
	movw	r1, :lower16:.L.str.1
	movt	r1, :upper16:.L.str.1
	movs	r2, #41
	bl	__aeabi_assert
.LBB0_3:
	ldr	r0, [sp, #12]
	.loc	1 43 36                         @ ../../libraries/sdk/drives/fsl_flexram_allocate.c:43:36
	ldrb	r0, [r0, #1]
	.loc	1 43 13 is_stmt 0               @ ../../libraries/sdk/drives/fsl_flexram_allocate.c:43:13
	strb.w	r0, [sp, #11]
	.loc	1 44 28 is_stmt 1               @ ../../libraries/sdk/drives/fsl_flexram_allocate.c:44:28
	ldr	r0, [sp, #12]
	.loc	1 44 36 is_stmt 0               @ ../../libraries/sdk/drives/fsl_flexram_allocate.c:44:36
	ldrb	r0, [r0, #2]
	.loc	1 44 13                         @ ../../libraries/sdk/drives/fsl_flexram_allocate.c:44:13
	strb.w	r0, [sp, #10]
	.loc	1 45 28 is_stmt 1               @ ../../libraries/sdk/drives/fsl_flexram_allocate.c:45:28
	ldr	r0, [sp, #12]
	.loc	1 45 36 is_stmt 0               @ ../../libraries/sdk/drives/fsl_flexram_allocate.c:45:36
	ldrb	r0, [r0]
	.loc	1 45 13                         @ ../../libraries/sdk/drives/fsl_flexram_allocate.c:45:13
	strb.w	r0, [sp, #9]
	movs	r0, #0
	.loc	1 46 13 is_stmt 1               @ ../../libraries/sdk/drives/fsl_flexram_allocate.c:46:13
	strb.w	r0, [sp, #8]
	.loc	1 47 14                         @ ../../libraries/sdk/drives/fsl_flexram_allocate.c:47:14
	str	r0, [sp, #4]
	.loc	1 48 14                         @ ../../libraries/sdk/drives/fsl_flexram_allocate.c:48:14
	str	r0, [sp]
.Ltmp1:
	.loc	1 51 73                         @ ../../libraries/sdk/drives/fsl_flexram_allocate.c:51:73
	ldrb.w	r0, [sp, #11]
	.loc	1 51 87 is_stmt 0               @ ../../libraries/sdk/drives/fsl_flexram_allocate.c:51:87
	ldrb.w	r1, [sp, #10]
	.loc	1 51 85                         @ ../../libraries/sdk/drives/fsl_flexram_allocate.c:51:85
	add	r0, r1
	.loc	1 51 101                        @ ../../libraries/sdk/drives/fsl_flexram_allocate.c:51:101
	ldrb.w	r1, [sp, #9]
	.loc	1 51 99                         @ ../../libraries/sdk/drives/fsl_flexram_allocate.c:51:99
	add	r0, r1
.Ltmp2:
	.loc	1 51 9                          @ ../../libraries/sdk/drives/fsl_flexram_allocate.c:51:9
	cmp	r0, #17
	blt	.LBB0_5
	b	.LBB0_4
.LBB0_4:
	.loc	1 0 9                           @ ../../libraries/sdk/drives/fsl_flexram_allocate.c:0:9
	movs	r0, #4
.Ltmp3:
	.loc	1 53 16 is_stmt 1               @ ../../libraries/sdk/drives/fsl_flexram_allocate.c:53:16
	str	r0, [sp]
	.loc	1 54 5                          @ ../../libraries/sdk/drives/fsl_flexram_allocate.c:54:5
	b	.LBB0_16
.Ltmp4:
.LBB0_5:
	.loc	1 0 5 is_stmt 0                 @ ../../libraries/sdk/drives/fsl_flexram_allocate.c:0:5
	movs	r0, #0
.Ltmp5:
	.loc	1 58 16 is_stmt 1               @ ../../libraries/sdk/drives/fsl_flexram_allocate.c:58:16
	strb.w	r0, [sp, #8]
	.loc	1 58 14 is_stmt 0               @ ../../libraries/sdk/drives/fsl_flexram_allocate.c:58:14
	b	.LBB0_6
.LBB0_6:                                @ =>This Inner Loop Header: Depth=1
.Ltmp6:
	.loc	1 58 22                         @ ../../libraries/sdk/drives/fsl_flexram_allocate.c:58:22
	ldrb.w	r0, [sp, #8]
.Ltmp7:
	.loc	1 58 9                          @ ../../libraries/sdk/drives/fsl_flexram_allocate.c:58:9
	cmp	r0, #15
	bgt	.LBB0_15
	b	.LBB0_7
.LBB0_7:                                @   in Loop: Header=BB0_6 Depth=1
.Ltmp8:
	.loc	1 60 17 is_stmt 1               @ ../../libraries/sdk/drives/fsl_flexram_allocate.c:60:17
	ldrb.w	r0, [sp, #8]
	.loc	1 60 21 is_stmt 0               @ ../../libraries/sdk/drives/fsl_flexram_allocate.c:60:21
	ldrb.w	r1, [sp, #9]
.Ltmp9:
	.loc	1 60 17                         @ ../../libraries/sdk/drives/fsl_flexram_allocate.c:60:17
	cmp	r0, r1
	bge	.LBB0_9
	b	.LBB0_8
.LBB0_8:                                @   in Loop: Header=BB0_6 Depth=1
.Ltmp10:
	.loc	1 62 63 is_stmt 1               @ ../../libraries/sdk/drives/fsl_flexram_allocate.c:62:63
	ldrb.w	r0, [sp, #8]
	.loc	1 62 65 is_stmt 0               @ ../../libraries/sdk/drives/fsl_flexram_allocate.c:62:65
	lsls	r1, r0, #1
	movs	r0, #1
	.loc	1 62 59                         @ ../../libraries/sdk/drives/fsl_flexram_allocate.c:62:59
	lsl.w	r1, r0, r1
	.loc	1 62 25                         @ ../../libraries/sdk/drives/fsl_flexram_allocate.c:62:25
	ldr	r0, [sp, #4]
	orrs	r0, r1
	str	r0, [sp, #4]
	.loc	1 63 17 is_stmt 1               @ ../../libraries/sdk/drives/fsl_flexram_allocate.c:63:17
	b	.LBB0_14
.Ltmp11:
.LBB0_9:                                @   in Loop: Header=BB0_6 Depth=1
	.loc	1 66 17                         @ ../../libraries/sdk/drives/fsl_flexram_allocate.c:66:17
	ldrb.w	r0, [sp, #8]
	.loc	1 66 22 is_stmt 0               @ ../../libraries/sdk/drives/fsl_flexram_allocate.c:66:22
	ldrb.w	r1, [sp, #11]
	.loc	1 66 36                         @ ../../libraries/sdk/drives/fsl_flexram_allocate.c:66:36
	ldrb.w	r2, [sp, #9]
	.loc	1 66 34                         @ ../../libraries/sdk/drives/fsl_flexram_allocate.c:66:34
	add	r1, r2
.Ltmp12:
	.loc	1 66 17                         @ ../../libraries/sdk/drives/fsl_flexram_allocate.c:66:17
	cmp	r0, r1
	bge	.LBB0_11
	b	.LBB0_10
.LBB0_10:                               @   in Loop: Header=BB0_6 Depth=1
.Ltmp13:
	.loc	1 68 62 is_stmt 1               @ ../../libraries/sdk/drives/fsl_flexram_allocate.c:68:62
	ldrb.w	r0, [sp, #8]
	.loc	1 68 64 is_stmt 0               @ ../../libraries/sdk/drives/fsl_flexram_allocate.c:68:64
	lsls	r1, r0, #1
	movs	r0, #2
	.loc	1 68 58                         @ ../../libraries/sdk/drives/fsl_flexram_allocate.c:68:58
	lsl.w	r1, r0, r1
	.loc	1 68 25                         @ ../../libraries/sdk/drives/fsl_flexram_allocate.c:68:25
	ldr	r0, [sp, #4]
	orrs	r0, r1
	str	r0, [sp, #4]
	.loc	1 69 17 is_stmt 1               @ ../../libraries/sdk/drives/fsl_flexram_allocate.c:69:17
	b	.LBB0_14
.Ltmp14:
.LBB0_11:                               @   in Loop: Header=BB0_6 Depth=1
	.loc	1 72 17                         @ ../../libraries/sdk/drives/fsl_flexram_allocate.c:72:17
	ldrb.w	r0, [sp, #8]
	.loc	1 72 22 is_stmt 0               @ ../../libraries/sdk/drives/fsl_flexram_allocate.c:72:22
	ldrb.w	r1, [sp, #11]
	.loc	1 72 36                         @ ../../libraries/sdk/drives/fsl_flexram_allocate.c:72:36
	ldrb.w	r2, [sp, #9]
	.loc	1 72 34                         @ ../../libraries/sdk/drives/fsl_flexram_allocate.c:72:34
	add	r1, r2
	.loc	1 72 51                         @ ../../libraries/sdk/drives/fsl_flexram_allocate.c:72:51
	ldrb.w	r2, [sp, #10]
	.loc	1 72 49                         @ ../../libraries/sdk/drives/fsl_flexram_allocate.c:72:49
	add	r1, r2
.Ltmp15:
	.loc	1 72 17                         @ ../../libraries/sdk/drives/fsl_flexram_allocate.c:72:17
	cmp	r0, r1
	bge	.LBB0_13
	b	.LBB0_12
.LBB0_12:                               @   in Loop: Header=BB0_6 Depth=1
.Ltmp16:
	.loc	1 74 62 is_stmt 1               @ ../../libraries/sdk/drives/fsl_flexram_allocate.c:74:62
	ldrb.w	r0, [sp, #8]
	.loc	1 74 64 is_stmt 0               @ ../../libraries/sdk/drives/fsl_flexram_allocate.c:74:64
	lsls	r1, r0, #1
	movs	r0, #3
	.loc	1 74 58                         @ ../../libraries/sdk/drives/fsl_flexram_allocate.c:74:58
	lsl.w	r1, r0, r1
	.loc	1 74 25                         @ ../../libraries/sdk/drives/fsl_flexram_allocate.c:74:25
	ldr	r0, [sp, #4]
	orrs	r0, r1
	str	r0, [sp, #4]
	.loc	1 75 17 is_stmt 1               @ ../../libraries/sdk/drives/fsl_flexram_allocate.c:75:17
	b	.LBB0_14
.Ltmp17:
.LBB0_13:                               @   in Loop: Header=BB0_6 Depth=1
	.loc	1 77 9                          @ ../../libraries/sdk/drives/fsl_flexram_allocate.c:77:9
	b	.LBB0_14
.Ltmp18:
.LBB0_14:                               @   in Loop: Header=BB0_6 Depth=1
	.loc	1 58 89                         @ ../../libraries/sdk/drives/fsl_flexram_allocate.c:58:89
	ldrb.w	r0, [sp, #8]
	adds	r0, #1
	strb.w	r0, [sp, #8]
	.loc	1 58 9 is_stmt 0                @ ../../libraries/sdk/drives/fsl_flexram_allocate.c:58:9
	b	.LBB0_6
.Ltmp19:
.LBB0_15:
	.loc	1 79 29 is_stmt 1               @ ../../libraries/sdk/drives/fsl_flexram_allocate.c:79:29
	ldr	r0, [sp, #4]
	movw	r1, #49220
	movt	r1, #16394
	.loc	1 79 27 is_stmt 0               @ ../../libraries/sdk/drives/fsl_flexram_allocate.c:79:27
	str	r0, [r1]
	movs	r0, #1
	.loc	1 82 9 is_stmt 1                @ ../../libraries/sdk/drives/fsl_flexram_allocate.c:82:9
	bl	FLEXRAM_SetAllocateRamSrc
	b	.LBB0_16
.Ltmp20:
.LBB0_16:
	.loc	1 85 12                         @ ../../libraries/sdk/drives/fsl_flexram_allocate.c:85:12
	ldr	r0, [sp]
	.loc	1 85 5 is_stmt 0                @ ../../libraries/sdk/drives/fsl_flexram_allocate.c:85:5
	add	sp, #16
	pop	{r7, pc}
.Ltmp21:
.Lfunc_end0:
	.size	FLEXRAM_AllocateRam, .Lfunc_end0-FLEXRAM_AllocateRam
	.cfi_endproc
	.cantunwind
	.fnend
                                        @ -- End function
	.section	.text.FLEXRAM_SetAllocateRamSrc,"ax",%progbits
	.p2align	3                               @ -- Begin function FLEXRAM_SetAllocateRamSrc
	.type	FLEXRAM_SetAllocateRamSrc,%function
	.code	16                              @ @FLEXRAM_SetAllocateRamSrc
	.thumb_func
FLEXRAM_SetAllocateRamSrc:
.Lfunc_begin1:
	.loc	3 76 0 is_stmt 1                @ ../../libraries/sdk/drives/fsl_flexram_allocate.h:76:0
	.fnstart
	.cfi_startproc
@ %bb.0:
	.pad	#4
	sub	sp, #4
	.cfi_def_cfa_offset 4
                                        @ kill: def $r1 killed $r0
	strb.w	r0, [sp, #3]
	movw	r1, #49216
	movt	r1, #16394
.Ltmp22:
	.loc	3 77 23 prologue_end            @ ../../libraries/sdk/drives/fsl_flexram_allocate.h:77:23
	ldr	r0, [r1]
	bic	r0, r0, #4
	str	r0, [r1]
	.loc	3 78 26                         @ ../../libraries/sdk/drives/fsl_flexram_allocate.h:78:26
	ldrb.w	r0, [sp, #3]
	and	r2, r0, #1
	.loc	3 78 23 is_stmt 0               @ ../../libraries/sdk/drives/fsl_flexram_allocate.h:78:23
	ldr	r0, [r1]
	orr.w	r0, r0, r2, lsl #2
	str	r0, [r1]
	.loc	3 79 1 is_stmt 1                @ ../../libraries/sdk/drives/fsl_flexram_allocate.h:79:1
	add	sp, #4
	bx	lr
.Ltmp23:
.Lfunc_end1:
	.size	FLEXRAM_SetAllocateRamSrc, .Lfunc_end1-FLEXRAM_SetAllocateRamSrc
	.cfi_endproc
	.cantunwind
	.fnend
                                        @ -- End function
	.type	.L.str,%object                  @ @.str
	.section	.rodata.str1.1,"aMS",%progbits,1
.L.str:
	.asciz	"config != NULL"
	.size	.L.str, 15

	.type	.L.str.1,%object                @ @.str.1
.L.str.1:
	.asciz	"../../libraries/sdk/drives/fsl_flexram_allocate.c"
	.size	.L.str.1, 50

	.section	.debug_abbrev,"",%progbits
	.byte	1                               @ Abbreviation Code
	.byte	17                              @ DW_TAG_compile_unit
	.byte	1                               @ DW_CHILDREN_yes
	.byte	37                              @ DW_AT_producer
	.byte	14                              @ DW_FORM_strp
	.byte	19                              @ DW_AT_language
	.byte	5                               @ DW_FORM_data2
	.byte	3                               @ DW_AT_name
	.byte	14                              @ DW_FORM_strp
	.byte	16                              @ DW_AT_stmt_list
	.byte	23                              @ DW_FORM_sec_offset
	.byte	27                              @ DW_AT_comp_dir
	.byte	14                              @ DW_FORM_strp
	.byte	17                              @ DW_AT_low_pc
	.byte	1                               @ DW_FORM_addr
	.byte	85                              @ DW_AT_ranges
	.byte	23                              @ DW_FORM_sec_offset
	.byte	0                               @ EOM(1)
	.byte	0                               @ EOM(2)
	.byte	2                               @ Abbreviation Code
	.byte	52                              @ DW_TAG_variable
	.byte	0                               @ DW_CHILDREN_no
	.byte	73                              @ DW_AT_type
	.byte	19                              @ DW_FORM_ref4
	.byte	58                              @ DW_AT_decl_file
	.byte	11                              @ DW_FORM_data1
	.byte	59                              @ DW_AT_decl_line
	.byte	11                              @ DW_FORM_data1
	.byte	2                               @ DW_AT_location
	.byte	24                              @ DW_FORM_exprloc
	.byte	0                               @ EOM(1)
	.byte	0                               @ EOM(2)
	.byte	3                               @ Abbreviation Code
	.byte	1                               @ DW_TAG_array_type
	.byte	1                               @ DW_CHILDREN_yes
	.byte	73                              @ DW_AT_type
	.byte	19                              @ DW_FORM_ref4
	.byte	0                               @ EOM(1)
	.byte	0                               @ EOM(2)
	.byte	4                               @ Abbreviation Code
	.byte	33                              @ DW_TAG_subrange_type
	.byte	0                               @ DW_CHILDREN_no
	.byte	73                              @ DW_AT_type
	.byte	19                              @ DW_FORM_ref4
	.byte	55                              @ DW_AT_count
	.byte	11                              @ DW_FORM_data1
	.byte	0                               @ EOM(1)
	.byte	0                               @ EOM(2)
	.byte	5                               @ Abbreviation Code
	.byte	36                              @ DW_TAG_base_type
	.byte	0                               @ DW_CHILDREN_no
	.byte	3                               @ DW_AT_name
	.byte	14                              @ DW_FORM_strp
	.byte	62                              @ DW_AT_encoding
	.byte	11                              @ DW_FORM_data1
	.byte	11                              @ DW_AT_byte_size
	.byte	11                              @ DW_FORM_data1
	.byte	0                               @ EOM(1)
	.byte	0                               @ EOM(2)
	.byte	6                               @ Abbreviation Code
	.byte	36                              @ DW_TAG_base_type
	.byte	0                               @ DW_CHILDREN_no
	.byte	3                               @ DW_AT_name
	.byte	14                              @ DW_FORM_strp
	.byte	11                              @ DW_AT_byte_size
	.byte	11                              @ DW_FORM_data1
	.byte	62                              @ DW_AT_encoding
	.byte	11                              @ DW_FORM_data1
	.byte	0                               @ EOM(1)
	.byte	0                               @ EOM(2)
	.byte	7                               @ Abbreviation Code
	.byte	4                               @ DW_TAG_enumeration_type
	.byte	1                               @ DW_CHILDREN_yes
	.byte	73                              @ DW_AT_type
	.byte	19                              @ DW_FORM_ref4
	.byte	11                              @ DW_AT_byte_size
	.byte	11                              @ DW_FORM_data1
	.byte	58                              @ DW_AT_decl_file
	.byte	11                              @ DW_FORM_data1
	.byte	59                              @ DW_AT_decl_line
	.byte	11                              @ DW_FORM_data1
	.byte	0                               @ EOM(1)
	.byte	0                               @ EOM(2)
	.byte	8                               @ Abbreviation Code
	.byte	40                              @ DW_TAG_enumerator
	.byte	0                               @ DW_CHILDREN_no
	.byte	3                               @ DW_AT_name
	.byte	14                              @ DW_FORM_strp
	.byte	28                              @ DW_AT_const_value
	.byte	15                              @ DW_FORM_udata
	.byte	0                               @ EOM(1)
	.byte	0                               @ EOM(2)
	.byte	9                               @ Abbreviation Code
	.byte	4                               @ DW_TAG_enumeration_type
	.byte	1                               @ DW_CHILDREN_yes
	.byte	73                              @ DW_AT_type
	.byte	19                              @ DW_FORM_ref4
	.byte	3                               @ DW_AT_name
	.byte	14                              @ DW_FORM_strp
	.byte	11                              @ DW_AT_byte_size
	.byte	11                              @ DW_FORM_data1
	.byte	58                              @ DW_AT_decl_file
	.byte	11                              @ DW_FORM_data1
	.byte	59                              @ DW_AT_decl_line
	.byte	11                              @ DW_FORM_data1
	.byte	0                               @ EOM(1)
	.byte	0                               @ EOM(2)
	.byte	10                              @ Abbreviation Code
	.byte	22                              @ DW_TAG_typedef
	.byte	0                               @ DW_CHILDREN_no
	.byte	73                              @ DW_AT_type
	.byte	19                              @ DW_FORM_ref4
	.byte	3                               @ DW_AT_name
	.byte	14                              @ DW_FORM_strp
	.byte	58                              @ DW_AT_decl_file
	.byte	11                              @ DW_FORM_data1
	.byte	59                              @ DW_AT_decl_line
	.byte	11                              @ DW_FORM_data1
	.byte	0                               @ EOM(1)
	.byte	0                               @ EOM(2)
	.byte	11                              @ Abbreviation Code
	.byte	15                              @ DW_TAG_pointer_type
	.byte	0                               @ DW_CHILDREN_no
	.byte	73                              @ DW_AT_type
	.byte	19                              @ DW_FORM_ref4
	.byte	0                               @ EOM(1)
	.byte	0                               @ EOM(2)
	.byte	12                              @ Abbreviation Code
	.byte	22                              @ DW_TAG_typedef
	.byte	0                               @ DW_CHILDREN_no
	.byte	73                              @ DW_AT_type
	.byte	19                              @ DW_FORM_ref4
	.byte	3                               @ DW_AT_name
	.byte	14                              @ DW_FORM_strp
	.byte	58                              @ DW_AT_decl_file
	.byte	11                              @ DW_FORM_data1
	.byte	59                              @ DW_AT_decl_line
	.byte	5                               @ DW_FORM_data2
	.byte	0                               @ EOM(1)
	.byte	0                               @ EOM(2)
	.byte	13                              @ Abbreviation Code
	.byte	19                              @ DW_TAG_structure_type
	.byte	1                               @ DW_CHILDREN_yes
	.byte	11                              @ DW_AT_byte_size
	.byte	11                              @ DW_FORM_data1
	.byte	58                              @ DW_AT_decl_file
	.byte	11                              @ DW_FORM_data1
	.byte	59                              @ DW_AT_decl_line
	.byte	5                               @ DW_FORM_data2
	.byte	0                               @ EOM(1)
	.byte	0                               @ EOM(2)
	.byte	14                              @ Abbreviation Code
	.byte	13                              @ DW_TAG_member
	.byte	0                               @ DW_CHILDREN_no
	.byte	3                               @ DW_AT_name
	.byte	14                              @ DW_FORM_strp
	.byte	73                              @ DW_AT_type
	.byte	19                              @ DW_FORM_ref4
	.byte	58                              @ DW_AT_decl_file
	.byte	11                              @ DW_FORM_data1
	.byte	59                              @ DW_AT_decl_line
	.byte	5                               @ DW_FORM_data2
	.byte	56                              @ DW_AT_data_member_location
	.byte	11                              @ DW_FORM_data1
	.byte	0                               @ EOM(1)
	.byte	0                               @ EOM(2)
	.byte	15                              @ Abbreviation Code
	.byte	53                              @ DW_TAG_volatile_type
	.byte	0                               @ DW_CHILDREN_no
	.byte	73                              @ DW_AT_type
	.byte	19                              @ DW_FORM_ref4
	.byte	0                               @ EOM(1)
	.byte	0                               @ EOM(2)
	.byte	16                              @ Abbreviation Code
	.byte	46                              @ DW_TAG_subprogram
	.byte	1                               @ DW_CHILDREN_yes
	.byte	17                              @ DW_AT_low_pc
	.byte	1                               @ DW_FORM_addr
	.byte	18                              @ DW_AT_high_pc
	.byte	6                               @ DW_FORM_data4
	.byte	64                              @ DW_AT_frame_base
	.byte	24                              @ DW_FORM_exprloc
	.byte	3                               @ DW_AT_name
	.byte	14                              @ DW_FORM_strp
	.byte	58                              @ DW_AT_decl_file
	.byte	11                              @ DW_FORM_data1
	.byte	59                              @ DW_AT_decl_line
	.byte	11                              @ DW_FORM_data1
	.byte	39                              @ DW_AT_prototyped
	.byte	25                              @ DW_FORM_flag_present
	.byte	73                              @ DW_AT_type
	.byte	19                              @ DW_FORM_ref4
	.byte	63                              @ DW_AT_external
	.byte	25                              @ DW_FORM_flag_present
	.byte	0                               @ EOM(1)
	.byte	0                               @ EOM(2)
	.byte	17                              @ Abbreviation Code
	.byte	5                               @ DW_TAG_formal_parameter
	.byte	0                               @ DW_CHILDREN_no
	.byte	2                               @ DW_AT_location
	.byte	24                              @ DW_FORM_exprloc
	.byte	3                               @ DW_AT_name
	.byte	14                              @ DW_FORM_strp
	.byte	58                              @ DW_AT_decl_file
	.byte	11                              @ DW_FORM_data1
	.byte	59                              @ DW_AT_decl_line
	.byte	11                              @ DW_FORM_data1
	.byte	73                              @ DW_AT_type
	.byte	19                              @ DW_FORM_ref4
	.byte	0                               @ EOM(1)
	.byte	0                               @ EOM(2)
	.byte	18                              @ Abbreviation Code
	.byte	52                              @ DW_TAG_variable
	.byte	0                               @ DW_CHILDREN_no
	.byte	2                               @ DW_AT_location
	.byte	24                              @ DW_FORM_exprloc
	.byte	3                               @ DW_AT_name
	.byte	14                              @ DW_FORM_strp
	.byte	58                              @ DW_AT_decl_file
	.byte	11                              @ DW_FORM_data1
	.byte	59                              @ DW_AT_decl_line
	.byte	11                              @ DW_FORM_data1
	.byte	73                              @ DW_AT_type
	.byte	19                              @ DW_FORM_ref4
	.byte	0                               @ EOM(1)
	.byte	0                               @ EOM(2)
	.byte	19                              @ Abbreviation Code
	.byte	46                              @ DW_TAG_subprogram
	.byte	1                               @ DW_CHILDREN_yes
	.byte	17                              @ DW_AT_low_pc
	.byte	1                               @ DW_FORM_addr
	.byte	18                              @ DW_AT_high_pc
	.byte	6                               @ DW_FORM_data4
	.byte	64                              @ DW_AT_frame_base
	.byte	24                              @ DW_FORM_exprloc
	.byte	3                               @ DW_AT_name
	.byte	14                              @ DW_FORM_strp
	.byte	58                              @ DW_AT_decl_file
	.byte	11                              @ DW_FORM_data1
	.byte	59                              @ DW_AT_decl_line
	.byte	11                              @ DW_FORM_data1
	.byte	39                              @ DW_AT_prototyped
	.byte	25                              @ DW_FORM_flag_present
	.byte	0                               @ EOM(1)
	.byte	0                               @ EOM(2)
	.byte	20                              @ Abbreviation Code
	.byte	19                              @ DW_TAG_structure_type
	.byte	1                               @ DW_CHILDREN_yes
	.byte	3                               @ DW_AT_name
	.byte	14                              @ DW_FORM_strp
	.byte	11                              @ DW_AT_byte_size
	.byte	11                              @ DW_FORM_data1
	.byte	58                              @ DW_AT_decl_file
	.byte	11                              @ DW_FORM_data1
	.byte	59                              @ DW_AT_decl_line
	.byte	11                              @ DW_FORM_data1
	.byte	0                               @ EOM(1)
	.byte	0                               @ EOM(2)
	.byte	21                              @ Abbreviation Code
	.byte	13                              @ DW_TAG_member
	.byte	0                               @ DW_CHILDREN_no
	.byte	3                               @ DW_AT_name
	.byte	14                              @ DW_FORM_strp
	.byte	73                              @ DW_AT_type
	.byte	19                              @ DW_FORM_ref4
	.byte	58                              @ DW_AT_decl_file
	.byte	11                              @ DW_FORM_data1
	.byte	59                              @ DW_AT_decl_line
	.byte	11                              @ DW_FORM_data1
	.byte	56                              @ DW_AT_data_member_location
	.byte	11                              @ DW_FORM_data1
	.byte	0                               @ EOM(1)
	.byte	0                               @ EOM(2)
	.byte	22                              @ Abbreviation Code
	.byte	38                              @ DW_TAG_const_type
	.byte	0                               @ DW_CHILDREN_no
	.byte	73                              @ DW_AT_type
	.byte	19                              @ DW_FORM_ref4
	.byte	0                               @ EOM(1)
	.byte	0                               @ EOM(2)
	.byte	0                               @ EOM(3)
	.section	.debug_info,"",%progbits
.Lcu_begin0:
	.long	.Ldebug_info_end0-.Ldebug_info_start0 @ Length of Unit
.Ldebug_info_start0:
	.short	4                               @ DWARF version number
	.long	.debug_abbrev                   @ Offset Into Abbrev. Section
	.byte	4                               @ Address Size (in bytes)
	.byte	1                               @ Abbrev [1] 0xb:0x3de DW_TAG_compile_unit
	.long	.Linfo_string0                  @ DW_AT_producer
	.short	12                              @ DW_AT_language
	.long	.Linfo_string1                  @ DW_AT_name
	.long	.Lline_table_start0             @ DW_AT_stmt_list
	.long	.Linfo_string2                  @ DW_AT_comp_dir
	.long	0                               @ DW_AT_low_pc
	.long	.Ldebug_ranges0                 @ DW_AT_ranges
	.byte	2                               @ Abbrev [2] 0x26:0xd DW_TAG_variable
	.long	51                              @ DW_AT_type
	.byte	1                               @ DW_AT_decl_file
	.byte	41                              @ DW_AT_decl_line
	.byte	5                               @ DW_AT_location
	.byte	3
	.long	.L.str
	.byte	3                               @ Abbrev [3] 0x33:0xc DW_TAG_array_type
	.long	63                              @ DW_AT_type
	.byte	4                               @ Abbrev [4] 0x38:0x6 DW_TAG_subrange_type
	.long	70                              @ DW_AT_type
	.byte	15                              @ DW_AT_count
	.byte	0                               @ End Of Children Mark
	.byte	5                               @ Abbrev [5] 0x3f:0x7 DW_TAG_base_type
	.long	.Linfo_string3                  @ DW_AT_name
	.byte	6                               @ DW_AT_encoding
	.byte	1                               @ DW_AT_byte_size
	.byte	6                               @ Abbrev [6] 0x46:0x7 DW_TAG_base_type
	.long	.Linfo_string4                  @ DW_AT_name
	.byte	8                               @ DW_AT_byte_size
	.byte	7                               @ DW_AT_encoding
	.byte	2                               @ Abbrev [2] 0x4d:0xd DW_TAG_variable
	.long	90                              @ DW_AT_type
	.byte	1                               @ DW_AT_decl_file
	.byte	41                              @ DW_AT_decl_line
	.byte	5                               @ DW_AT_location
	.byte	3
	.long	.L.str.1
	.byte	3                               @ Abbrev [3] 0x5a:0xc DW_TAG_array_type
	.long	63                              @ DW_AT_type
	.byte	4                               @ Abbrev [4] 0x5f:0x6 DW_TAG_subrange_type
	.long	70                              @ DW_AT_type
	.byte	50                              @ DW_AT_count
	.byte	0                               @ End Of Children Mark
	.byte	7                               @ Abbrev [7] 0x66:0x3f DW_TAG_enumeration_type
	.long	165                             @ DW_AT_type
	.byte	1                               @ DW_AT_byte_size
	.byte	2                               @ DW_AT_decl_file
	.byte	203                             @ DW_AT_decl_line
	.byte	8                               @ Abbrev [8] 0x6e:0x6 DW_TAG_enumerator
	.long	.Linfo_string6                  @ DW_AT_name
	.byte	0                               @ DW_AT_const_value
	.byte	8                               @ Abbrev [8] 0x74:0x6 DW_TAG_enumerator
	.long	.Linfo_string7                  @ DW_AT_name
	.byte	1                               @ DW_AT_const_value
	.byte	8                               @ Abbrev [8] 0x7a:0x6 DW_TAG_enumerator
	.long	.Linfo_string8                  @ DW_AT_name
	.byte	2                               @ DW_AT_const_value
	.byte	8                               @ Abbrev [8] 0x80:0x6 DW_TAG_enumerator
	.long	.Linfo_string9                  @ DW_AT_name
	.byte	3                               @ DW_AT_const_value
	.byte	8                               @ Abbrev [8] 0x86:0x6 DW_TAG_enumerator
	.long	.Linfo_string10                 @ DW_AT_name
	.byte	4                               @ DW_AT_const_value
	.byte	8                               @ Abbrev [8] 0x8c:0x6 DW_TAG_enumerator
	.long	.Linfo_string11                 @ DW_AT_name
	.byte	5                               @ DW_AT_const_value
	.byte	8                               @ Abbrev [8] 0x92:0x6 DW_TAG_enumerator
	.long	.Linfo_string12                 @ DW_AT_name
	.byte	6                               @ DW_AT_const_value
	.byte	8                               @ Abbrev [8] 0x98:0x6 DW_TAG_enumerator
	.long	.Linfo_string13                 @ DW_AT_name
	.byte	7                               @ DW_AT_const_value
	.byte	8                               @ Abbrev [8] 0x9e:0x6 DW_TAG_enumerator
	.long	.Linfo_string14                 @ DW_AT_name
	.byte	8                               @ DW_AT_const_value
	.byte	0                               @ End Of Children Mark
	.byte	5                               @ Abbrev [5] 0xa5:0x7 DW_TAG_base_type
	.long	.Linfo_string5                  @ DW_AT_name
	.byte	8                               @ DW_AT_encoding
	.byte	1                               @ DW_AT_byte_size
	.byte	7                               @ Abbrev [7] 0xac:0x21 DW_TAG_enumeration_type
	.long	165                             @ DW_AT_type
	.byte	1                               @ DW_AT_byte_size
	.byte	3                               @ DW_AT_decl_file
	.byte	30                              @ DW_AT_decl_line
	.byte	8                               @ Abbrev [8] 0xb4:0x6 DW_TAG_enumerator
	.long	.Linfo_string15                 @ DW_AT_name
	.byte	0                               @ DW_AT_const_value
	.byte	8                               @ Abbrev [8] 0xba:0x6 DW_TAG_enumerator
	.long	.Linfo_string16                 @ DW_AT_name
	.byte	1                               @ DW_AT_const_value
	.byte	8                               @ Abbrev [8] 0xc0:0x6 DW_TAG_enumerator
	.long	.Linfo_string17                 @ DW_AT_name
	.byte	2                               @ DW_AT_const_value
	.byte	8                               @ Abbrev [8] 0xc6:0x6 DW_TAG_enumerator
	.long	.Linfo_string18                 @ DW_AT_name
	.byte	3                               @ DW_AT_const_value
	.byte	0                               @ End Of Children Mark
	.byte	9                               @ Abbrev [9] 0xcd:0x19 DW_TAG_enumeration_type
	.long	165                             @ DW_AT_type
	.long	.Linfo_string21                 @ DW_AT_name
	.byte	1                               @ DW_AT_byte_size
	.byte	3                               @ DW_AT_decl_file
	.byte	39                              @ DW_AT_decl_line
	.byte	8                               @ Abbrev [8] 0xd9:0x6 DW_TAG_enumerator
	.long	.Linfo_string19                 @ DW_AT_name
	.byte	0                               @ DW_AT_const_value
	.byte	8                               @ Abbrev [8] 0xdf:0x6 DW_TAG_enumerator
	.long	.Linfo_string20                 @ DW_AT_name
	.byte	1                               @ DW_AT_const_value
	.byte	0                               @ End Of Children Mark
	.byte	10                              @ Abbrev [10] 0xe6:0xb DW_TAG_typedef
	.long	165                             @ DW_AT_type
	.long	.Linfo_string22                 @ DW_AT_name
	.byte	4                               @ DW_AT_decl_file
	.byte	62                              @ DW_AT_decl_line
	.byte	10                              @ Abbrev [10] 0xf1:0xb DW_TAG_typedef
	.long	252                             @ DW_AT_type
	.long	.Linfo_string24                 @ DW_AT_name
	.byte	4                               @ DW_AT_decl_file
	.byte	64                              @ DW_AT_decl_line
	.byte	5                               @ Abbrev [5] 0xfc:0x7 DW_TAG_base_type
	.long	.Linfo_string23                 @ DW_AT_name
	.byte	7                               @ DW_AT_encoding
	.byte	4                               @ DW_AT_byte_size
	.byte	11                              @ Abbrev [11] 0x103:0x5 DW_TAG_pointer_type
	.long	264                             @ DW_AT_type
	.byte	12                              @ Abbrev [12] 0x108:0xc DW_TAG_typedef
	.long	276                             @ DW_AT_type
	.long	.Linfo_string60                 @ DW_AT_name
	.byte	5                               @ DW_AT_decl_file
	.short	26384                           @ DW_AT_decl_line
	.byte	13                              @ Abbrev [13] 0x114:0x1cd DW_TAG_structure_type
	.byte	140                             @ DW_AT_byte_size
	.byte	5                               @ DW_AT_decl_file
	.short	26348                           @ DW_AT_decl_line
	.byte	14                              @ Abbrev [14] 0x119:0xd DW_TAG_member
	.long	.Linfo_string25                 @ DW_AT_name
	.long	241                             @ DW_AT_type
	.byte	5                               @ DW_AT_decl_file
	.short	26349                           @ DW_AT_decl_line
	.byte	0                               @ DW_AT_data_member_location
	.byte	14                              @ Abbrev [14] 0x126:0xd DW_TAG_member
	.long	.Linfo_string26                 @ DW_AT_name
	.long	737                             @ DW_AT_type
	.byte	5                               @ DW_AT_decl_file
	.short	26350                           @ DW_AT_decl_line
	.byte	4                               @ DW_AT_data_member_location
	.byte	14                              @ Abbrev [14] 0x133:0xd DW_TAG_member
	.long	.Linfo_string27                 @ DW_AT_name
	.long	737                             @ DW_AT_type
	.byte	5                               @ DW_AT_decl_file
	.short	26351                           @ DW_AT_decl_line
	.byte	8                               @ DW_AT_data_member_location
	.byte	14                              @ Abbrev [14] 0x140:0xd DW_TAG_member
	.long	.Linfo_string28                 @ DW_AT_name
	.long	737                             @ DW_AT_type
	.byte	5                               @ DW_AT_decl_file
	.short	26352                           @ DW_AT_decl_line
	.byte	12                              @ DW_AT_data_member_location
	.byte	14                              @ Abbrev [14] 0x14d:0xd DW_TAG_member
	.long	.Linfo_string29                 @ DW_AT_name
	.long	737                             @ DW_AT_type
	.byte	5                               @ DW_AT_decl_file
	.short	26353                           @ DW_AT_decl_line
	.byte	16                              @ DW_AT_data_member_location
	.byte	14                              @ Abbrev [14] 0x15a:0xd DW_TAG_member
	.long	.Linfo_string30                 @ DW_AT_name
	.long	737                             @ DW_AT_type
	.byte	5                               @ DW_AT_decl_file
	.short	26354                           @ DW_AT_decl_line
	.byte	20                              @ DW_AT_data_member_location
	.byte	14                              @ Abbrev [14] 0x167:0xd DW_TAG_member
	.long	.Linfo_string31                 @ DW_AT_name
	.long	737                             @ DW_AT_type
	.byte	5                               @ DW_AT_decl_file
	.short	26355                           @ DW_AT_decl_line
	.byte	24                              @ DW_AT_data_member_location
	.byte	14                              @ Abbrev [14] 0x174:0xd DW_TAG_member
	.long	.Linfo_string32                 @ DW_AT_name
	.long	737                             @ DW_AT_type
	.byte	5                               @ DW_AT_decl_file
	.short	26356                           @ DW_AT_decl_line
	.byte	28                              @ DW_AT_data_member_location
	.byte	14                              @ Abbrev [14] 0x181:0xd DW_TAG_member
	.long	.Linfo_string33                 @ DW_AT_name
	.long	737                             @ DW_AT_type
	.byte	5                               @ DW_AT_decl_file
	.short	26357                           @ DW_AT_decl_line
	.byte	32                              @ DW_AT_data_member_location
	.byte	14                              @ Abbrev [14] 0x18e:0xd DW_TAG_member
	.long	.Linfo_string34                 @ DW_AT_name
	.long	241                             @ DW_AT_type
	.byte	5                               @ DW_AT_decl_file
	.short	26358                           @ DW_AT_decl_line
	.byte	36                              @ DW_AT_data_member_location
	.byte	14                              @ Abbrev [14] 0x19b:0xd DW_TAG_member
	.long	.Linfo_string35                 @ DW_AT_name
	.long	737                             @ DW_AT_type
	.byte	5                               @ DW_AT_decl_file
	.short	26359                           @ DW_AT_decl_line
	.byte	40                              @ DW_AT_data_member_location
	.byte	14                              @ Abbrev [14] 0x1a8:0xd DW_TAG_member
	.long	.Linfo_string36                 @ DW_AT_name
	.long	737                             @ DW_AT_type
	.byte	5                               @ DW_AT_decl_file
	.short	26360                           @ DW_AT_decl_line
	.byte	44                              @ DW_AT_data_member_location
	.byte	14                              @ Abbrev [14] 0x1b5:0xd DW_TAG_member
	.long	.Linfo_string37                 @ DW_AT_name
	.long	737                             @ DW_AT_type
	.byte	5                               @ DW_AT_decl_file
	.short	26361                           @ DW_AT_decl_line
	.byte	48                              @ DW_AT_data_member_location
	.byte	14                              @ Abbrev [14] 0x1c2:0xd DW_TAG_member
	.long	.Linfo_string38                 @ DW_AT_name
	.long	737                             @ DW_AT_type
	.byte	5                               @ DW_AT_decl_file
	.short	26362                           @ DW_AT_decl_line
	.byte	52                              @ DW_AT_data_member_location
	.byte	14                              @ Abbrev [14] 0x1cf:0xd DW_TAG_member
	.long	.Linfo_string39                 @ DW_AT_name
	.long	737                             @ DW_AT_type
	.byte	5                               @ DW_AT_decl_file
	.short	26363                           @ DW_AT_decl_line
	.byte	56                              @ DW_AT_data_member_location
	.byte	14                              @ Abbrev [14] 0x1dc:0xd DW_TAG_member
	.long	.Linfo_string40                 @ DW_AT_name
	.long	241                             @ DW_AT_type
	.byte	5                               @ DW_AT_decl_file
	.short	26364                           @ DW_AT_decl_line
	.byte	60                              @ DW_AT_data_member_location
	.byte	14                              @ Abbrev [14] 0x1e9:0xd DW_TAG_member
	.long	.Linfo_string41                 @ DW_AT_name
	.long	737                             @ DW_AT_type
	.byte	5                               @ DW_AT_decl_file
	.short	26365                           @ DW_AT_decl_line
	.byte	64                              @ DW_AT_data_member_location
	.byte	14                              @ Abbrev [14] 0x1f6:0xd DW_TAG_member
	.long	.Linfo_string42                 @ DW_AT_name
	.long	737                             @ DW_AT_type
	.byte	5                               @ DW_AT_decl_file
	.short	26366                           @ DW_AT_decl_line
	.byte	68                              @ DW_AT_data_member_location
	.byte	14                              @ Abbrev [14] 0x203:0xd DW_TAG_member
	.long	.Linfo_string43                 @ DW_AT_name
	.long	737                             @ DW_AT_type
	.byte	5                               @ DW_AT_decl_file
	.short	26367                           @ DW_AT_decl_line
	.byte	72                              @ DW_AT_data_member_location
	.byte	14                              @ Abbrev [14] 0x210:0xd DW_TAG_member
	.long	.Linfo_string44                 @ DW_AT_name
	.long	737                             @ DW_AT_type
	.byte	5                               @ DW_AT_decl_file
	.short	26368                           @ DW_AT_decl_line
	.byte	76                              @ DW_AT_data_member_location
	.byte	14                              @ Abbrev [14] 0x21d:0xd DW_TAG_member
	.long	.Linfo_string45                 @ DW_AT_name
	.long	737                             @ DW_AT_type
	.byte	5                               @ DW_AT_decl_file
	.short	26369                           @ DW_AT_decl_line
	.byte	80                              @ DW_AT_data_member_location
	.byte	14                              @ Abbrev [14] 0x22a:0xd DW_TAG_member
	.long	.Linfo_string46                 @ DW_AT_name
	.long	737                             @ DW_AT_type
	.byte	5                               @ DW_AT_decl_file
	.short	26370                           @ DW_AT_decl_line
	.byte	84                              @ DW_AT_data_member_location
	.byte	14                              @ Abbrev [14] 0x237:0xd DW_TAG_member
	.long	.Linfo_string47                 @ DW_AT_name
	.long	737                             @ DW_AT_type
	.byte	5                               @ DW_AT_decl_file
	.short	26371                           @ DW_AT_decl_line
	.byte	88                              @ DW_AT_data_member_location
	.byte	14                              @ Abbrev [14] 0x244:0xd DW_TAG_member
	.long	.Linfo_string48                 @ DW_AT_name
	.long	737                             @ DW_AT_type
	.byte	5                               @ DW_AT_decl_file
	.short	26372                           @ DW_AT_decl_line
	.byte	92                              @ DW_AT_data_member_location
	.byte	14                              @ Abbrev [14] 0x251:0xd DW_TAG_member
	.long	.Linfo_string49                 @ DW_AT_name
	.long	737                             @ DW_AT_type
	.byte	5                               @ DW_AT_decl_file
	.short	26373                           @ DW_AT_decl_line
	.byte	96                              @ DW_AT_data_member_location
	.byte	14                              @ Abbrev [14] 0x25e:0xd DW_TAG_member
	.long	.Linfo_string50                 @ DW_AT_name
	.long	737                             @ DW_AT_type
	.byte	5                               @ DW_AT_decl_file
	.short	26374                           @ DW_AT_decl_line
	.byte	100                             @ DW_AT_data_member_location
	.byte	14                              @ Abbrev [14] 0x26b:0xd DW_TAG_member
	.long	.Linfo_string51                 @ DW_AT_name
	.long	737                             @ DW_AT_type
	.byte	5                               @ DW_AT_decl_file
	.short	26375                           @ DW_AT_decl_line
	.byte	104                             @ DW_AT_data_member_location
	.byte	14                              @ Abbrev [14] 0x278:0xd DW_TAG_member
	.long	.Linfo_string52                 @ DW_AT_name
	.long	737                             @ DW_AT_type
	.byte	5                               @ DW_AT_decl_file
	.short	26376                           @ DW_AT_decl_line
	.byte	108                             @ DW_AT_data_member_location
	.byte	14                              @ Abbrev [14] 0x285:0xd DW_TAG_member
	.long	.Linfo_string53                 @ DW_AT_name
	.long	737                             @ DW_AT_type
	.byte	5                               @ DW_AT_decl_file
	.short	26377                           @ DW_AT_decl_line
	.byte	112                             @ DW_AT_data_member_location
	.byte	14                              @ Abbrev [14] 0x292:0xd DW_TAG_member
	.long	.Linfo_string54                 @ DW_AT_name
	.long	737                             @ DW_AT_type
	.byte	5                               @ DW_AT_decl_file
	.short	26378                           @ DW_AT_decl_line
	.byte	116                             @ DW_AT_data_member_location
	.byte	14                              @ Abbrev [14] 0x29f:0xd DW_TAG_member
	.long	.Linfo_string55                 @ DW_AT_name
	.long	737                             @ DW_AT_type
	.byte	5                               @ DW_AT_decl_file
	.short	26379                           @ DW_AT_decl_line
	.byte	120                             @ DW_AT_data_member_location
	.byte	14                              @ Abbrev [14] 0x2ac:0xd DW_TAG_member
	.long	.Linfo_string56                 @ DW_AT_name
	.long	737                             @ DW_AT_type
	.byte	5                               @ DW_AT_decl_file
	.short	26380                           @ DW_AT_decl_line
	.byte	124                             @ DW_AT_data_member_location
	.byte	14                              @ Abbrev [14] 0x2b9:0xd DW_TAG_member
	.long	.Linfo_string57                 @ DW_AT_name
	.long	737                             @ DW_AT_type
	.byte	5                               @ DW_AT_decl_file
	.short	26381                           @ DW_AT_decl_line
	.byte	128                             @ DW_AT_data_member_location
	.byte	14                              @ Abbrev [14] 0x2c6:0xd DW_TAG_member
	.long	.Linfo_string58                 @ DW_AT_name
	.long	737                             @ DW_AT_type
	.byte	5                               @ DW_AT_decl_file
	.short	26382                           @ DW_AT_decl_line
	.byte	132                             @ DW_AT_data_member_location
	.byte	14                              @ Abbrev [14] 0x2d3:0xd DW_TAG_member
	.long	.Linfo_string59                 @ DW_AT_name
	.long	737                             @ DW_AT_type
	.byte	5                               @ DW_AT_decl_file
	.short	26383                           @ DW_AT_decl_line
	.byte	136                             @ DW_AT_data_member_location
	.byte	0                               @ End Of Children Mark
	.byte	15                              @ Abbrev [15] 0x2e1:0x5 DW_TAG_volatile_type
	.long	241                             @ DW_AT_type
	.byte	16                              @ Abbrev [16] 0x2e6:0x78 DW_TAG_subprogram
	.long	.Lfunc_begin0                   @ DW_AT_low_pc
	.long	.Lfunc_end0-.Lfunc_begin0       @ DW_AT_high_pc
	.byte	1                               @ DW_AT_frame_base
	.byte	93
	.long	.Linfo_string61                 @ DW_AT_name
	.byte	1                               @ DW_AT_decl_file
	.byte	39                              @ DW_AT_decl_line
                                        @ DW_AT_prototyped
	.long	894                             @ DW_AT_type
                                        @ DW_AT_external
	.byte	17                              @ Abbrev [17] 0x2fb:0xe DW_TAG_formal_parameter
	.byte	2                               @ DW_AT_location
	.byte	145
	.byte	12
	.long	.Linfo_string66                 @ DW_AT_name
	.byte	1                               @ DW_AT_decl_file
	.byte	39                              @ DW_AT_decl_line
	.long	923                             @ DW_AT_type
	.byte	18                              @ Abbrev [18] 0x309:0xe DW_TAG_variable
	.byte	2                               @ DW_AT_location
	.byte	145
	.byte	11
	.long	.Linfo_string68                 @ DW_AT_name
	.byte	1                               @ DW_AT_decl_file
	.byte	43                              @ DW_AT_decl_line
	.long	230                             @ DW_AT_type
	.byte	18                              @ Abbrev [18] 0x317:0xe DW_TAG_variable
	.byte	2                               @ DW_AT_location
	.byte	145
	.byte	10
	.long	.Linfo_string69                 @ DW_AT_name
	.byte	1                               @ DW_AT_decl_file
	.byte	44                              @ DW_AT_decl_line
	.long	230                             @ DW_AT_type
	.byte	18                              @ Abbrev [18] 0x325:0xe DW_TAG_variable
	.byte	2                               @ DW_AT_location
	.byte	145
	.byte	9
	.long	.Linfo_string67                 @ DW_AT_name
	.byte	1                               @ DW_AT_decl_file
	.byte	45                              @ DW_AT_decl_line
	.long	230                             @ DW_AT_type
	.byte	18                              @ Abbrev [18] 0x333:0xe DW_TAG_variable
	.byte	2                               @ DW_AT_location
	.byte	145
	.byte	8
	.long	.Linfo_string72                 @ DW_AT_name
	.byte	1                               @ DW_AT_decl_file
	.byte	46                              @ DW_AT_decl_line
	.long	230                             @ DW_AT_type
	.byte	18                              @ Abbrev [18] 0x341:0xe DW_TAG_variable
	.byte	2                               @ DW_AT_location
	.byte	145
	.byte	4
	.long	.Linfo_string73                 @ DW_AT_name
	.byte	1                               @ DW_AT_decl_file
	.byte	47                              @ DW_AT_decl_line
	.long	241                             @ DW_AT_type
	.byte	18                              @ Abbrev [18] 0x34f:0xe DW_TAG_variable
	.byte	2                               @ DW_AT_location
	.byte	145
	.byte	0
	.long	.Linfo_string74                 @ DW_AT_name
	.byte	1                               @ DW_AT_decl_file
	.byte	48                              @ DW_AT_decl_line
	.long	894                             @ DW_AT_type
	.byte	0                               @ End Of Children Mark
	.byte	19                              @ Abbrev [19] 0x35e:0x20 DW_TAG_subprogram
	.long	.Lfunc_begin1                   @ DW_AT_low_pc
	.long	.Lfunc_end1-.Lfunc_begin1       @ DW_AT_high_pc
	.byte	1                               @ DW_AT_frame_base
	.byte	93
	.long	.Linfo_string65                 @ DW_AT_name
	.byte	3                               @ DW_AT_decl_file
	.byte	75                              @ DW_AT_decl_line
                                        @ DW_AT_prototyped
	.byte	17                              @ Abbrev [17] 0x36f:0xe DW_TAG_formal_parameter
	.byte	2                               @ DW_AT_location
	.byte	145
	.byte	3
	.long	.Linfo_string75                 @ DW_AT_name
	.byte	3                               @ DW_AT_decl_file
	.byte	75                              @ DW_AT_decl_line
	.long	989                             @ DW_AT_type
	.byte	0                               @ End Of Children Mark
	.byte	10                              @ Abbrev [10] 0x37e:0xb DW_TAG_typedef
	.long	905                             @ DW_AT_type
	.long	.Linfo_string64                 @ DW_AT_name
	.byte	2                               @ DW_AT_decl_file
	.byte	219                             @ DW_AT_decl_line
	.byte	10                              @ Abbrev [10] 0x389:0xb DW_TAG_typedef
	.long	916                             @ DW_AT_type
	.long	.Linfo_string63                 @ DW_AT_name
	.byte	4                               @ DW_AT_decl_file
	.byte	58                              @ DW_AT_decl_line
	.byte	5                               @ Abbrev [5] 0x394:0x7 DW_TAG_base_type
	.long	.Linfo_string62                 @ DW_AT_name
	.byte	5                               @ DW_AT_encoding
	.byte	4                               @ DW_AT_byte_size
	.byte	11                              @ Abbrev [11] 0x39b:0x5 DW_TAG_pointer_type
	.long	928                             @ DW_AT_type
	.byte	10                              @ Abbrev [10] 0x3a0:0xb DW_TAG_typedef
	.long	939                             @ DW_AT_type
	.long	.Linfo_string71                 @ DW_AT_name
	.byte	3                               @ DW_AT_decl_file
	.byte	51                              @ DW_AT_decl_line
	.byte	20                              @ Abbrev [20] 0x3ab:0x2d DW_TAG_structure_type
	.long	.Linfo_string70                 @ DW_AT_name
	.byte	3                               @ DW_AT_byte_size
	.byte	3                               @ DW_AT_decl_file
	.byte	46                              @ DW_AT_decl_line
	.byte	21                              @ Abbrev [21] 0x3b3:0xc DW_TAG_member
	.long	.Linfo_string67                 @ DW_AT_name
	.long	984                             @ DW_AT_type
	.byte	3                               @ DW_AT_decl_file
	.byte	48                              @ DW_AT_decl_line
	.byte	0                               @ DW_AT_data_member_location
	.byte	21                              @ Abbrev [21] 0x3bf:0xc DW_TAG_member
	.long	.Linfo_string68                 @ DW_AT_name
	.long	984                             @ DW_AT_type
	.byte	3                               @ DW_AT_decl_file
	.byte	49                              @ DW_AT_decl_line
	.byte	1                               @ DW_AT_data_member_location
	.byte	21                              @ Abbrev [21] 0x3cb:0xc DW_TAG_member
	.long	.Linfo_string69                 @ DW_AT_name
	.long	984                             @ DW_AT_type
	.byte	3                               @ DW_AT_decl_file
	.byte	50                              @ DW_AT_decl_line
	.byte	2                               @ DW_AT_data_member_location
	.byte	0                               @ End Of Children Mark
	.byte	22                              @ Abbrev [22] 0x3d8:0x5 DW_TAG_const_type
	.long	230                             @ DW_AT_type
	.byte	10                              @ Abbrev [10] 0x3dd:0xb DW_TAG_typedef
	.long	205                             @ DW_AT_type
	.long	.Linfo_string76                 @ DW_AT_name
	.byte	3                               @ DW_AT_decl_file
	.byte	43                              @ DW_AT_decl_line
	.byte	0                               @ End Of Children Mark
.Ldebug_info_end0:
	.section	.debug_ranges,"",%progbits
.Ldebug_ranges0:
	.long	.Lfunc_begin0
	.long	.Lfunc_end0
	.long	.Lfunc_begin1
	.long	.Lfunc_end1
	.long	0
	.long	0
	.section	.debug_str,"MS",%progbits,1
.Linfo_string0:
	.asciz	"Component: Arm Compiler for Embedded 6.19 Tool: armclang [5e73cb00]" @ string offset=0
.Linfo_string1:
	.asciz	"../../libraries/sdk/drives\\fsl_flexram_allocate.c" @ string offset=68
.Linfo_string2:
	.asciz	"E:\\FILE_SMART_CAR\\\346\231\272\350\203\275\350\247\206\350\247\211\\RT1064_Library-master\\RT1064_Library-master\\SeekFree_RT1064_Opensource_Library\\project\\mdk" @ string offset=118
.Linfo_string3:
	.asciz	"char"                          @ string offset=240
.Linfo_string4:
	.asciz	"__ARRAY_SIZE_TYPE__"           @ string offset=245
.Linfo_string5:
	.asciz	"unsigned char"                 @ string offset=265
.Linfo_string6:
	.asciz	"kStatus_Success"               @ string offset=279
.Linfo_string7:
	.asciz	"kStatus_Fail"                  @ string offset=295
.Linfo_string8:
	.asciz	"kStatus_ReadOnly"              @ string offset=308
.Linfo_string9:
	.asciz	"kStatus_OutOfRange"            @ string offset=325
.Linfo_string10:
	.asciz	"kStatus_InvalidArgument"       @ string offset=344
.Linfo_string11:
	.asciz	"kStatus_Timeout"               @ string offset=368
.Linfo_string12:
	.asciz	"kStatus_NoTransferInProgress"  @ string offset=384
.Linfo_string13:
	.asciz	"kStatus_Busy"                  @ string offset=413
.Linfo_string14:
	.asciz	"kStatus_NoData"                @ string offset=426
.Linfo_string15:
	.asciz	"kFLEXRAM_BankNotUsed"          @ string offset=441
.Linfo_string16:
	.asciz	"kFLEXRAM_BankOCRAM"            @ string offset=462
.Linfo_string17:
	.asciz	"kFLEXRAM_BankDTCM"             @ string offset=481
.Linfo_string18:
	.asciz	"kFLEXRAM_BankITCM"             @ string offset=499
.Linfo_string19:
	.asciz	"kFLEXRAM_BankAllocateThroughHardwareFuse" @ string offset=517
.Linfo_string20:
	.asciz	"kFLEXRAM_BankAllocateThroughBankCfg" @ string offset=558
.Linfo_string21:
	.asciz	"_flexram_bank_allocate_src"    @ string offset=594
.Linfo_string22:
	.asciz	"uint8_t"                       @ string offset=621
.Linfo_string23:
	.asciz	"unsigned int"                  @ string offset=629
.Linfo_string24:
	.asciz	"uint32_t"                      @ string offset=642
.Linfo_string25:
	.asciz	"GPR0"                          @ string offset=651
.Linfo_string26:
	.asciz	"GPR1"                          @ string offset=656
.Linfo_string27:
	.asciz	"GPR2"                          @ string offset=661
.Linfo_string28:
	.asciz	"GPR3"                          @ string offset=666
.Linfo_string29:
	.asciz	"GPR4"                          @ string offset=671
.Linfo_string30:
	.asciz	"GPR5"                          @ string offset=676
.Linfo_string31:
	.asciz	"GPR6"                          @ string offset=681
.Linfo_string32:
	.asciz	"GPR7"                          @ string offset=686
.Linfo_string33:
	.asciz	"GPR8"                          @ string offset=691
.Linfo_string34:
	.asciz	"GPR9"                          @ string offset=696
.Linfo_string35:
	.asciz	"GPR10"                         @ string offset=701
.Linfo_string36:
	.asciz	"GPR11"                         @ string offset=707
.Linfo_string37:
	.asciz	"GPR12"                         @ string offset=713
.Linfo_string38:
	.asciz	"GPR13"                         @ string offset=719
.Linfo_string39:
	.asciz	"GPR14"                         @ string offset=725
.Linfo_string40:
	.asciz	"GPR15"                         @ string offset=731
.Linfo_string41:
	.asciz	"GPR16"                         @ string offset=737
.Linfo_string42:
	.asciz	"GPR17"                         @ string offset=743
.Linfo_string43:
	.asciz	"GPR18"                         @ string offset=749
.Linfo_string44:
	.asciz	"GPR19"                         @ string offset=755
.Linfo_string45:
	.asciz	"GPR20"                         @ string offset=761
.Linfo_string46:
	.asciz	"GPR21"                         @ string offset=767
.Linfo_string47:
	.asciz	"GPR22"                         @ string offset=773
.Linfo_string48:
	.asciz	"GPR23"                         @ string offset=779
.Linfo_string49:
	.asciz	"GPR24"                         @ string offset=785
.Linfo_string50:
	.asciz	"GPR25"                         @ string offset=791
.Linfo_string51:
	.asciz	"GPR26"                         @ string offset=797
.Linfo_string52:
	.asciz	"GPR27"                         @ string offset=803
.Linfo_string53:
	.asciz	"GPR28"                         @ string offset=809
.Linfo_string54:
	.asciz	"GPR29"                         @ string offset=815
.Linfo_string55:
	.asciz	"GPR30"                         @ string offset=821
.Linfo_string56:
	.asciz	"GPR31"                         @ string offset=827
.Linfo_string57:
	.asciz	"GPR32"                         @ string offset=833
.Linfo_string58:
	.asciz	"GPR33"                         @ string offset=839
.Linfo_string59:
	.asciz	"GPR34"                         @ string offset=845
.Linfo_string60:
	.asciz	"IOMUXC_GPR_Type"               @ string offset=851
.Linfo_string61:
	.asciz	"FLEXRAM_AllocateRam"           @ string offset=867
.Linfo_string62:
	.asciz	"int"                           @ string offset=887
.Linfo_string63:
	.asciz	"int32_t"                       @ string offset=891
.Linfo_string64:
	.asciz	"status_t"                      @ string offset=899
.Linfo_string65:
	.asciz	"FLEXRAM_SetAllocateRamSrc"     @ string offset=908
.Linfo_string66:
	.asciz	"config"                        @ string offset=934
.Linfo_string67:
	.asciz	"ocramBankNum"                  @ string offset=941
.Linfo_string68:
	.asciz	"dtcmBankNum"                   @ string offset=954
.Linfo_string69:
	.asciz	"itcmBankNum"                   @ string offset=966
.Linfo_string70:
	.asciz	"_flexram_allocate_ram"         @ string offset=978
.Linfo_string71:
	.asciz	"flexram_allocate_ram_t"        @ string offset=1000
.Linfo_string72:
	.asciz	"i"                             @ string offset=1023
.Linfo_string73:
	.asciz	"bankCfg"                       @ string offset=1025
.Linfo_string74:
	.asciz	"status"                        @ string offset=1033
.Linfo_string75:
	.asciz	"src"                           @ string offset=1040
.Linfo_string76:
	.asciz	"flexram_bank_allocate_src_t"   @ string offset=1044
	.ident	"Component: Arm Compiler for Embedded 6.19 Tool: armclang [5e73cb00]"
	.section	".note.GNU-stack","",%progbits
	.eabi_attribute	30, 6	@ Tag_ABI_optimization_goals
	.ARM_attribute	16, 1	@ Tag_AV_eba
	.section	.debug_line,"",%progbits
.Lline_table_start0:
