	.text
	.syntax unified
	.eabi_attribute	67, "2.09"	@ Tag_conformance
	.cpu	cortex-m7
	.eabi_attribute	6, 13	@ Tag_CPU_arch
	.eabi_attribute	7, 77	@ Tag_CPU_arch_profile
	.eabi_attribute	8, 0	@ Tag_ARM_ISA_use
	.eabi_attribute	9, 2	@ Tag_THUMB_ISA_use
	.fpu	fpv5-d16
	.eabi_attribute	36, 1	@ Tag_FP_HP_extension
	.eabi_attribute	34, 1	@ Tag_CPU_unaligned_access
	.eabi_attribute	17, 1	@ Tag_ABI_PCS_GOT_use
	.eabi_attribute	20, 2	@ Tag_ABI_FP_denormal
	.eabi_attribute	21, 0	@ Tag_ABI_FP_exceptions
	.eabi_attribute	23, 1	@ Tag_ABI_FP_number_model
	.eabi_attribute	24, 1	@ Tag_ABI_align_needed
	.eabi_attribute	25, 1	@ Tag_ABI_align_preserved
	.eabi_attribute	28, 1	@ Tag_ABI_VFP_args
	.eabi_attribute	38, 1	@ Tag_ABI_FP_16bit_format
	.eabi_attribute	18, 2	@ Tag_ABI_PCS_wchar_t
	.eabi_attribute	26, 1	@ Tag_ABI_enum_size
	.eabi_attribute	14, 0	@ Tag_ABI_PCS_R9_use
	.file	"fsl_sdmmc_osa.c"
	.file	1 "E:\\FILE_SMART_CAR\\\346\231\272\350\203\275\350\247\206\350\247\211\\RT1064_Library-master\\RT1064_Library-master\\SeekFree_RT1064_Opensource_Library\\project\\mdk" "../../libraries/components/sdmmc/osa/fsl_sdmmc_osa.c"
	.file	2 "E:\\FILE_SMART_CAR\\\346\231\272\350\203\275\350\247\206\350\247\211\\RT1064_Library-master\\RT1064_Library-master\\SeekFree_RT1064_Opensource_Library\\project\\mdk" "../../libraries/sdk/drives/fsl_common.h"
	.file	3 "E:\\FILE_SMART_CAR\\\346\231\272\350\203\275\350\247\206\350\247\211\\RT1064_Library-master\\RT1064_Library-master\\SeekFree_RT1064_Opensource_Library\\project\\mdk" "../../libraries/sdk/components/osa\\fsl_os_abstraction.h"
	.file	4 "D:\\KEIL\\ARM\\ARMCLANG\\Bin\\..\\include" "stdint.h"
	.file	5 "E:\\FILE_SMART_CAR\\\346\231\272\350\203\275\350\247\206\350\247\211\\RT1064_Library-master\\RT1064_Library-master\\SeekFree_RT1064_Opensource_Library\\project\\mdk" "../../libraries/components/sdmmc/osa/fsl_sdmmc_osa.h"
	.section	.text.SDMMC_OSAInit,"ax",%progbits
	.hidden	SDMMC_OSAInit                   @ -- Begin function SDMMC_OSAInit
	.globl	SDMMC_OSAInit
	.p2align	3
	.type	SDMMC_OSAInit,%function
	.code	16                              @ @SDMMC_OSAInit
	.thumb_func
SDMMC_OSAInit:
.Lfunc_begin0:
	.loc	1 29 0                          @ ../../libraries/components/sdmmc/osa/fsl_sdmmc_osa.c:29:0
	.fnstart
	.cfi_sections .debug_frame
	.cfi_startproc
@ %bb.0:
	.loc	1 31 1 prologue_end             @ ../../libraries/components/sdmmc/osa/fsl_sdmmc_osa.c:31:1
	bx	lr
.Ltmp0:
.Lfunc_end0:
	.size	SDMMC_OSAInit, .Lfunc_end0-SDMMC_OSAInit
	.cfi_endproc
	.cantunwind
	.fnend
                                        @ -- End function
	.section	.text.SDMMC_OSAEventCreate,"ax",%progbits
	.hidden	SDMMC_OSAEventCreate            @ -- Begin function SDMMC_OSAEventCreate
	.globl	SDMMC_OSAEventCreate
	.p2align	3
	.type	SDMMC_OSAEventCreate,%function
	.code	16                              @ @SDMMC_OSAEventCreate
	.thumb_func
SDMMC_OSAEventCreate:
.Lfunc_begin1:
	.loc	1 39 0                          @ ../../libraries/components/sdmmc/osa/fsl_sdmmc_osa.c:39:0
	.fnstart
	.cfi_startproc
@ %bb.0:
	.save	{r7, lr}
	push	{r7, lr}
	.cfi_def_cfa_offset 8
	.cfi_offset lr, -4
	.cfi_offset r7, -8
	.pad	#8
	sub	sp, #8
	.cfi_def_cfa_offset 16
	str	r0, [sp, #4]
.Ltmp1:
	.loc	1 40 5 prologue_end             @ ../../libraries/components/sdmmc/osa/fsl_sdmmc_osa.c:40:5
	ldr	r0, [sp, #4]
	cbz	r0, .LBB1_2
	b	.LBB1_1
.LBB1_1:
	b	.LBB1_3
.LBB1_2:
	movw	r0, :lower16:.L.str
	movt	r0, :upper16:.L.str
	movw	r1, :lower16:.L.str.1
	movt	r1, :upper16:.L.str.1
	movs	r2, #40
	bl	__aeabi_assert
.LBB1_3:
	ldr	r0, [sp, #4]
	.loc	1 43 69                         @ ../../libraries/components/sdmmc/osa/fsl_sdmmc_osa.c:43:69
	adds	r0, #4
	movs	r1, #0
	.loc	1 43 11 is_stmt 0               @ ../../libraries/components/sdmmc/osa/fsl_sdmmc_osa.c:43:11
	str	r1, [sp]                        @ 4-byte Spill
	bl	OSA_SemaphoreCreate
                                        @ kill: def $r1 killed $r0
	.loc	1 48 5 is_stmt 1                @ ../../libraries/components/sdmmc/osa/fsl_sdmmc_osa.c:48:5
	ldr	r0, [sp]                        @ 4-byte Reload
	add	sp, #8
	pop	{r7, pc}
.Ltmp2:
.Lfunc_end1:
	.size	SDMMC_OSAEventCreate, .Lfunc_end1-SDMMC_OSAEventCreate
	.cfi_endproc
	.cantunwind
	.fnend
                                        @ -- End function
	.section	.text.SDMMC_OSAEventWait,"ax",%progbits
	.hidden	SDMMC_OSAEventWait              @ -- Begin function SDMMC_OSAEventWait
	.globl	SDMMC_OSAEventWait
	.p2align	3
	.type	SDMMC_OSAEventWait,%function
	.code	16                              @ @SDMMC_OSAEventWait
	.thumb_func
SDMMC_OSAEventWait:
.Lfunc_begin2:
	.loc	1 61 0                          @ ../../libraries/components/sdmmc/osa/fsl_sdmmc_osa.c:61:0
	.fnstart
	.cfi_startproc
@ %bb.0:
	.save	{r7, lr}
	push	{r7, lr}
	.cfi_def_cfa_offset 8
	.cfi_offset lr, -4
	.cfi_offset r7, -8
	.pad	#24
	sub	sp, #24
	.cfi_def_cfa_offset 32
	str	r0, [sp, #16]
	str	r1, [sp, #12]
	str	r2, [sp, #8]
	str	r3, [sp, #4]
.Ltmp3:
	.loc	1 62 5 prologue_end             @ ../../libraries/components/sdmmc/osa/fsl_sdmmc_osa.c:62:5
	ldr	r0, [sp, #16]
	cbz	r0, .LBB2_2
	b	.LBB2_1
.LBB2_1:
	b	.LBB2_3
.LBB2_2:
	movw	r0, :lower16:.L.str
	movt	r0, :upper16:.L.str
	movw	r1, :lower16:.L.str.1
	movt	r1, :upper16:.L.str.1
	movs	r2, #62
	bl	__aeabi_assert
.LBB2_3:
	.loc	1 0 5 is_stmt 0                 @ ../../libraries/components/sdmmc/osa/fsl_sdmmc_osa.c:0:5
	movw	r0, #14301
	.loc	1 64 18 is_stmt 1               @ ../../libraries/components/sdmmc/osa/fsl_sdmmc_osa.c:64:18
	strh.w	r0, [sp, #2]
	.loc	1 67 5                          @ ../../libraries/components/sdmmc/osa/fsl_sdmmc_osa.c:67:5
	b	.LBB2_4
.LBB2_4:                                @ =>This Inner Loop Header: Depth=1
.Ltmp4:
	.loc	1 69 60                         @ ../../libraries/components/sdmmc/osa/fsl_sdmmc_osa.c:69:60
	ldr	r0, [sp, #16]
	.loc	1 69 74 is_stmt 0               @ ../../libraries/components/sdmmc/osa/fsl_sdmmc_osa.c:69:74
	adds	r0, #4
	.loc	1 69 83                         @ ../../libraries/components/sdmmc/osa/fsl_sdmmc_osa.c:69:83
	ldr	r1, [sp, #8]
	.loc	1 69 18                         @ ../../libraries/components/sdmmc/osa/fsl_sdmmc_osa.c:69:18
	bl	OSA_SemaphoreWait
	.loc	1 69 16                         @ ../../libraries/components/sdmmc/osa/fsl_sdmmc_osa.c:69:16
	strh.w	r0, [sp, #2]
.Ltmp5:
	.loc	1 70 35 is_stmt 1               @ ../../libraries/components/sdmmc/osa/fsl_sdmmc_osa.c:70:35
	ldrh.w	r0, [sp, #2]
	movw	r1, #14302
.Ltmp6:
	.loc	1 70 13 is_stmt 0               @ ../../libraries/components/sdmmc/osa/fsl_sdmmc_osa.c:70:13
	cmp	r0, r1
	bne	.LBB2_6
	b	.LBB2_5
.LBB2_5:
.Ltmp7:
	.loc	1 72 13 is_stmt 1               @ ../../libraries/components/sdmmc/osa/fsl_sdmmc_osa.c:72:13
	b	.LBB2_11
.Ltmp8:
.LBB2_6:                                @   in Loop: Header=BB2_4 Depth=1
	.loc	1 75 35                         @ ../../libraries/components/sdmmc/osa/fsl_sdmmc_osa.c:75:35
	ldrh.w	r0, [sp, #2]
.Ltmp9:
	.loc	1 75 13 is_stmt 0               @ ../../libraries/components/sdmmc/osa/fsl_sdmmc_osa.c:75:13
	cbnz	r0, .LBB2_10
	b	.LBB2_7
.LBB2_7:                                @   in Loop: Header=BB2_4 Depth=1
.Ltmp10:
	.loc	1 77 37 is_stmt 1               @ ../../libraries/components/sdmmc/osa/fsl_sdmmc_osa.c:77:37
	ldr	r0, [sp, #16]
	.loc	1 77 50 is_stmt 0               @ ../../libraries/components/sdmmc/osa/fsl_sdmmc_osa.c:77:50
	ldr	r1, [sp, #12]
	.loc	1 77 61                         @ ../../libraries/components/sdmmc/osa/fsl_sdmmc_osa.c:77:61
	ldr	r2, [sp, #4]
	.loc	1 77 19                         @ ../../libraries/components/sdmmc/osa/fsl_sdmmc_osa.c:77:19
	bl	SDMMC_OSAEventGet
.Ltmp11:
	.loc	1 78 19 is_stmt 1               @ ../../libraries/components/sdmmc/osa/fsl_sdmmc_osa.c:78:19
	ldr	r0, [sp, #4]
	.loc	1 78 18 is_stmt 0               @ ../../libraries/components/sdmmc/osa/fsl_sdmmc_osa.c:78:18
	ldr	r0, [r0]
	.loc	1 78 27                         @ ../../libraries/components/sdmmc/osa/fsl_sdmmc_osa.c:78:27
	ldr	r1, [sp, #12]
.Ltmp12:
	.loc	1 78 17                         @ ../../libraries/components/sdmmc/osa/fsl_sdmmc_osa.c:78:17
	tst	r0, r1
	beq	.LBB2_9
	b	.LBB2_8
.LBB2_8:
	.loc	1 0 17                          @ ../../libraries/components/sdmmc/osa/fsl_sdmmc_osa.c:0:17
	movs	r0, #0
.Ltmp13:
	.loc	1 80 17 is_stmt 1               @ ../../libraries/components/sdmmc/osa/fsl_sdmmc_osa.c:80:17
	str	r0, [sp, #20]
	b	.LBB2_12
.Ltmp14:
.LBB2_9:                                @   in Loop: Header=BB2_4 Depth=1
	.loc	1 82 9                          @ ../../libraries/components/sdmmc/osa/fsl_sdmmc_osa.c:82:9
	b	.LBB2_10
.Ltmp15:
.LBB2_10:                               @   in Loop: Header=BB2_4 Depth=1
	.loc	1 67 5                          @ ../../libraries/components/sdmmc/osa/fsl_sdmmc_osa.c:67:5
	b	.LBB2_4
.LBB2_11:
	.loc	1 0 5 is_stmt 0                 @ ../../libraries/components/sdmmc/osa/fsl_sdmmc_osa.c:0:5
	movs	r0, #1
	.loc	1 101 5 is_stmt 1               @ ../../libraries/components/sdmmc/osa/fsl_sdmmc_osa.c:101:5
	str	r0, [sp, #20]
	b	.LBB2_12
.LBB2_12:
	.loc	1 102 1                         @ ../../libraries/components/sdmmc/osa/fsl_sdmmc_osa.c:102:1
	ldr	r0, [sp, #20]
	add	sp, #24
	pop	{r7, pc}
.Ltmp16:
.Lfunc_end2:
	.size	SDMMC_OSAEventWait, .Lfunc_end2-SDMMC_OSAEventWait
	.cfi_endproc
	.cantunwind
	.fnend
                                        @ -- End function
	.section	.text.SDMMC_OSAEventGet,"ax",%progbits
	.hidden	SDMMC_OSAEventGet               @ -- Begin function SDMMC_OSAEventGet
	.globl	SDMMC_OSAEventGet
	.p2align	3
	.type	SDMMC_OSAEventGet,%function
	.code	16                              @ @SDMMC_OSAEventGet
	.thumb_func
SDMMC_OSAEventGet:
.Lfunc_begin3:
	.loc	1 136 0                         @ ../../libraries/components/sdmmc/osa/fsl_sdmmc_osa.c:136:0
	.fnstart
	.cfi_startproc
@ %bb.0:
	.pad	#16
	sub	sp, #16
	.cfi_def_cfa_offset 16
	str	r0, [sp, #12]
	str	r1, [sp, #8]
	str	r2, [sp, #4]
.Ltmp17:
	.loc	1 137 5 prologue_end            @ ../../libraries/components/sdmmc/osa/fsl_sdmmc_osa.c:137:5
	ldr	r0, [sp, #12]
	cbz	r0, .LBB3_2
	b	.LBB3_1
.LBB3_1:
	b	.LBB3_3
.LBB3_2:
	movw	r0, :lower16:.L.str
	movt	r0, :upper16:.L.str
	movw	r1, :lower16:.L.str.1
	movt	r1, :upper16:.L.str.1
	movs	r2, #137
	bl	__aeabi_assert
.LBB3_3:
	.loc	1 138 5                         @ ../../libraries/components/sdmmc/osa/fsl_sdmmc_osa.c:138:5
	ldr	r0, [sp, #4]
	cbz	r0, .LBB3_5
	b	.LBB3_4
.LBB3_4:
	b	.LBB3_6
.LBB3_5:
	movw	r0, :lower16:.L.str.2
	movt	r0, :upper16:.L.str.2
	movw	r1, :lower16:.L.str.1
	movt	r1, :upper16:.L.str.1
	movs	r2, #138
	bl	__aeabi_assert
.LBB3_6:
	.loc	1 141 35                        @ ../../libraries/components/sdmmc/osa/fsl_sdmmc_osa.c:141:35
	ldr	r0, [sp, #12]
	.loc	1 141 49 is_stmt 0              @ ../../libraries/components/sdmmc/osa/fsl_sdmmc_osa.c:141:49
	ldr	r0, [r0]
	.loc	1 141 6                         @ ../../libraries/components/sdmmc/osa/fsl_sdmmc_osa.c:141:6
	ldr	r1, [sp, #4]
	.loc	1 141 11                        @ ../../libraries/components/sdmmc/osa/fsl_sdmmc_osa.c:141:11
	str	r0, [r1]
	movs	r0, #0
	.loc	1 146 5 is_stmt 1               @ ../../libraries/components/sdmmc/osa/fsl_sdmmc_osa.c:146:5
	add	sp, #16
	bx	lr
.Ltmp18:
.Lfunc_end3:
	.size	SDMMC_OSAEventGet, .Lfunc_end3-SDMMC_OSAEventGet
	.cfi_endproc
	.cantunwind
	.fnend
                                        @ -- End function
	.section	.text.SDMMC_OSAEventSet,"ax",%progbits
	.hidden	SDMMC_OSAEventSet               @ -- Begin function SDMMC_OSAEventSet
	.globl	SDMMC_OSAEventSet
	.p2align	3
	.type	SDMMC_OSAEventSet,%function
	.code	16                              @ @SDMMC_OSAEventSet
	.thumb_func
SDMMC_OSAEventSet:
.Lfunc_begin4:
	.loc	1 111 0                         @ ../../libraries/components/sdmmc/osa/fsl_sdmmc_osa.c:111:0
	.fnstart
	.cfi_startproc
@ %bb.0:
	.save	{r7, lr}
	push	{r7, lr}
	.cfi_def_cfa_offset 8
	.cfi_offset lr, -4
	.cfi_offset r7, -8
	.pad	#16
	sub	sp, #16
	.cfi_def_cfa_offset 24
	str	r0, [sp, #12]
	str	r1, [sp, #8]
.Ltmp19:
	.loc	1 112 5 prologue_end            @ ../../libraries/components/sdmmc/osa/fsl_sdmmc_osa.c:112:5
	ldr	r0, [sp, #12]
	cbz	r0, .LBB4_2
	b	.LBB4_1
.LBB4_1:
	b	.LBB4_3
.LBB4_2:
	movw	r0, :lower16:.L.str
	movt	r0, :upper16:.L.str
	movw	r1, :lower16:.L.str.1
	movt	r1, :upper16:.L.str.1
	movs	r2, #112
	bl	__aeabi_assert
.LBB4_3:
	.loc	1 0 5 is_stmt 0                 @ ../../libraries/components/sdmmc/osa/fsl_sdmmc_osa.c:0:5
	movs	r0, #0
	.loc	1 115 5 is_stmt 1               @ ../../libraries/components/sdmmc/osa/fsl_sdmmc_osa.c:115:5
	str	r0, [sp]                        @ 4-byte Spill
	str	r0, [sp, #4]
	add	r0, sp, #4
	.loc	1 116 5                         @ ../../libraries/components/sdmmc/osa/fsl_sdmmc_osa.c:116:5
	bl	OSA_EnterCritical
	.loc	1 117 54                        @ ../../libraries/components/sdmmc/osa/fsl_sdmmc_osa.c:117:54
	ldr	r2, [sp, #8]
	.loc	1 117 27 is_stmt 0              @ ../../libraries/components/sdmmc/osa/fsl_sdmmc_osa.c:117:27
	ldr	r1, [sp, #12]
	.loc	1 117 51                        @ ../../libraries/components/sdmmc/osa/fsl_sdmmc_osa.c:117:51
	ldr	r0, [r1]
	orrs	r0, r2
	str	r0, [r1]
	.loc	1 118 5 is_stmt 1               @ ../../libraries/components/sdmmc/osa/fsl_sdmmc_osa.c:118:5
	ldr	r0, [sp, #4]
	bl	OSA_ExitCritical
	.loc	1 120 53                        @ ../../libraries/components/sdmmc/osa/fsl_sdmmc_osa.c:120:53
	ldr	r0, [sp, #12]
	.loc	1 120 67 is_stmt 0              @ ../../libraries/components/sdmmc/osa/fsl_sdmmc_osa.c:120:67
	adds	r0, #4
	.loc	1 120 11                        @ ../../libraries/components/sdmmc/osa/fsl_sdmmc_osa.c:120:11
	bl	OSA_SemaphorePost
                                        @ kill: def $r1 killed $r0
	.loc	1 125 5 is_stmt 1               @ ../../libraries/components/sdmmc/osa/fsl_sdmmc_osa.c:125:5
	ldr	r0, [sp]                        @ 4-byte Reload
	add	sp, #16
	pop	{r7, pc}
.Ltmp20:
.Lfunc_end4:
	.size	SDMMC_OSAEventSet, .Lfunc_end4-SDMMC_OSAEventSet
	.cfi_endproc
	.cantunwind
	.fnend
                                        @ -- End function
	.section	.text.SDMMC_OSAEventClear,"ax",%progbits
	.hidden	SDMMC_OSAEventClear             @ -- Begin function SDMMC_OSAEventClear
	.globl	SDMMC_OSAEventClear
	.p2align	3
	.type	SDMMC_OSAEventClear,%function
	.code	16                              @ @SDMMC_OSAEventClear
	.thumb_func
SDMMC_OSAEventClear:
.Lfunc_begin5:
	.loc	1 156 0                         @ ../../libraries/components/sdmmc/osa/fsl_sdmmc_osa.c:156:0
	.fnstart
	.cfi_startproc
@ %bb.0:
	.save	{r7, lr}
	push	{r7, lr}
	.cfi_def_cfa_offset 8
	.cfi_offset lr, -4
	.cfi_offset r7, -8
	.pad	#16
	sub	sp, #16
	.cfi_def_cfa_offset 24
	str	r0, [sp, #12]
	str	r1, [sp, #8]
.Ltmp21:
	.loc	1 157 5 prologue_end            @ ../../libraries/components/sdmmc/osa/fsl_sdmmc_osa.c:157:5
	ldr	r0, [sp, #12]
	cbz	r0, .LBB5_2
	b	.LBB5_1
.LBB5_1:
	b	.LBB5_3
.LBB5_2:
	movw	r0, :lower16:.L.str
	movt	r0, :upper16:.L.str
	movw	r1, :lower16:.L.str.1
	movt	r1, :upper16:.L.str.1
	movs	r2, #157
	bl	__aeabi_assert
.LBB5_3:
	.loc	1 0 5 is_stmt 0                 @ ../../libraries/components/sdmmc/osa/fsl_sdmmc_osa.c:0:5
	movs	r0, #0
	.loc	1 160 5 is_stmt 1               @ ../../libraries/components/sdmmc/osa/fsl_sdmmc_osa.c:160:5
	str	r0, [sp]                        @ 4-byte Spill
	str	r0, [sp, #4]
	add	r0, sp, #4
	.loc	1 161 5                         @ ../../libraries/components/sdmmc/osa/fsl_sdmmc_osa.c:161:5
	bl	OSA_EnterCritical
	.loc	1 162 55                        @ ../../libraries/components/sdmmc/osa/fsl_sdmmc_osa.c:162:55
	ldr	r2, [sp, #8]
	.loc	1 162 27 is_stmt 0              @ ../../libraries/components/sdmmc/osa/fsl_sdmmc_osa.c:162:27
	ldr	r1, [sp, #12]
	.loc	1 162 51                        @ ../../libraries/components/sdmmc/osa/fsl_sdmmc_osa.c:162:51
	ldr	r0, [r1]
	bics	r0, r2
	str	r0, [r1]
	.loc	1 163 5 is_stmt 1               @ ../../libraries/components/sdmmc/osa/fsl_sdmmc_osa.c:163:5
	ldr	r0, [sp, #4]
	bl	OSA_ExitCritical
	ldr	r0, [sp]                        @ 4-byte Reload
	.loc	1 168 5                         @ ../../libraries/components/sdmmc/osa/fsl_sdmmc_osa.c:168:5
	add	sp, #16
	pop	{r7, pc}
.Ltmp22:
.Lfunc_end5:
	.size	SDMMC_OSAEventClear, .Lfunc_end5-SDMMC_OSAEventClear
	.cfi_endproc
	.cantunwind
	.fnend
                                        @ -- End function
	.section	.text.SDMMC_OSAEventDestroy,"ax",%progbits
	.hidden	SDMMC_OSAEventDestroy           @ -- Begin function SDMMC_OSAEventDestroy
	.globl	SDMMC_OSAEventDestroy
	.p2align	3
	.type	SDMMC_OSAEventDestroy,%function
	.code	16                              @ @SDMMC_OSAEventDestroy
	.thumb_func
SDMMC_OSAEventDestroy:
.Lfunc_begin6:
	.loc	1 176 0                         @ ../../libraries/components/sdmmc/osa/fsl_sdmmc_osa.c:176:0
	.fnstart
	.cfi_startproc
@ %bb.0:
	.save	{r7, lr}
	push	{r7, lr}
	.cfi_def_cfa_offset 8
	.cfi_offset lr, -4
	.cfi_offset r7, -8
	.pad	#8
	sub	sp, #8
	.cfi_def_cfa_offset 16
	str	r0, [sp, #4]
.Ltmp23:
	.loc	1 177 5 prologue_end            @ ../../libraries/components/sdmmc/osa/fsl_sdmmc_osa.c:177:5
	ldr	r0, [sp, #4]
	cbz	r0, .LBB6_2
	b	.LBB6_1
.LBB6_1:
	b	.LBB6_3
.LBB6_2:
	movw	r0, :lower16:.L.str
	movt	r0, :upper16:.L.str
	movw	r1, :lower16:.L.str.1
	movt	r1, :upper16:.L.str.1
	movs	r2, #177
	bl	__aeabi_assert
.LBB6_3:
	ldr	r0, [sp, #4]
	.loc	1 180 70                        @ ../../libraries/components/sdmmc/osa/fsl_sdmmc_osa.c:180:70
	adds	r0, #4
	.loc	1 180 11 is_stmt 0              @ ../../libraries/components/sdmmc/osa/fsl_sdmmc_osa.c:180:11
	bl	OSA_SemaphoreDestroy
	movs	r0, #0
	.loc	1 185 5 is_stmt 1               @ ../../libraries/components/sdmmc/osa/fsl_sdmmc_osa.c:185:5
	add	sp, #8
	pop	{r7, pc}
.Ltmp24:
.Lfunc_end6:
	.size	SDMMC_OSAEventDestroy, .Lfunc_end6-SDMMC_OSAEventDestroy
	.cfi_endproc
	.cantunwind
	.fnend
                                        @ -- End function
	.section	.text.SDMMC_OSAMutexCreate,"ax",%progbits
	.hidden	SDMMC_OSAMutexCreate            @ -- Begin function SDMMC_OSAMutexCreate
	.globl	SDMMC_OSAMutexCreate
	.p2align	3
	.type	SDMMC_OSAMutexCreate,%function
	.code	16                              @ @SDMMC_OSAMutexCreate
	.thumb_func
SDMMC_OSAMutexCreate:
.Lfunc_begin7:
	.loc	1 194 0                         @ ../../libraries/components/sdmmc/osa/fsl_sdmmc_osa.c:194:0
	.fnstart
	.cfi_startproc
@ %bb.0:
	.save	{r7, lr}
	push	{r7, lr}
	.cfi_def_cfa_offset 8
	.cfi_offset lr, -4
	.cfi_offset r7, -8
	.pad	#8
	sub	sp, #8
	.cfi_def_cfa_offset 16
	str	r0, [sp, #4]
.Ltmp25:
	.loc	1 195 5 prologue_end            @ ../../libraries/components/sdmmc/osa/fsl_sdmmc_osa.c:195:5
	ldr	r0, [sp, #4]
	cbz	r0, .LBB7_2
	b	.LBB7_1
.LBB7_1:
	b	.LBB7_3
.LBB7_2:
	movw	r0, :lower16:.L.str.3
	movt	r0, :upper16:.L.str.3
	movw	r1, :lower16:.L.str.1
	movt	r1, :upper16:.L.str.1
	movs	r2, #195
	bl	__aeabi_assert
.LBB7_3:
	ldr	r0, [sp, #4]
	.loc	1 197 11                        @ ../../libraries/components/sdmmc/osa/fsl_sdmmc_osa.c:197:11
	bl	OSA_MutexCreate
	movs	r0, #0
	.loc	1 199 5                         @ ../../libraries/components/sdmmc/osa/fsl_sdmmc_osa.c:199:5
	add	sp, #8
	pop	{r7, pc}
.Ltmp26:
.Lfunc_end7:
	.size	SDMMC_OSAMutexCreate, .Lfunc_end7-SDMMC_OSAMutexCreate
	.cfi_endproc
	.cantunwind
	.fnend
                                        @ -- End function
	.section	.text.SDMMC_OSAMutexLock,"ax",%progbits
	.hidden	SDMMC_OSAMutexLock              @ -- Begin function SDMMC_OSAMutexLock
	.globl	SDMMC_OSAMutexLock
	.p2align	3
	.type	SDMMC_OSAMutexLock,%function
	.code	16                              @ @SDMMC_OSAMutexLock
	.thumb_func
SDMMC_OSAMutexLock:
.Lfunc_begin8:
	.loc	1 212 0                         @ ../../libraries/components/sdmmc/osa/fsl_sdmmc_osa.c:212:0
	.fnstart
	.cfi_startproc
@ %bb.0:
	.save	{r7, lr}
	push	{r7, lr}
	.cfi_def_cfa_offset 8
	.cfi_offset lr, -4
	.cfi_offset r7, -8
	.pad	#8
	sub	sp, #8
	.cfi_def_cfa_offset 16
	str	r0, [sp, #4]
	str	r1, [sp]
.Ltmp27:
	.loc	1 213 5 prologue_end            @ ../../libraries/components/sdmmc/osa/fsl_sdmmc_osa.c:213:5
	ldr	r0, [sp, #4]
	cbz	r0, .LBB8_2
	b	.LBB8_1
.LBB8_1:
	b	.LBB8_3
.LBB8_2:
	movw	r0, :lower16:.L.str.3
	movt	r0, :upper16:.L.str.3
	movw	r1, :lower16:.L.str.1
	movt	r1, :upper16:.L.str.1
	movs	r2, #213
	bl	__aeabi_assert
.LBB8_3:
	ldr	r0, [sp, #4]
	.loc	1 215 70                        @ ../../libraries/components/sdmmc/osa/fsl_sdmmc_osa.c:215:70
	ldr	r1, [sp]
	.loc	1 215 11 is_stmt 0              @ ../../libraries/components/sdmmc/osa/fsl_sdmmc_osa.c:215:11
	bl	OSA_MutexLock
	movs	r0, #0
	.loc	1 217 5 is_stmt 1               @ ../../libraries/components/sdmmc/osa/fsl_sdmmc_osa.c:217:5
	add	sp, #8
	pop	{r7, pc}
.Ltmp28:
.Lfunc_end8:
	.size	SDMMC_OSAMutexLock, .Lfunc_end8-SDMMC_OSAMutexLock
	.cfi_endproc
	.cantunwind
	.fnend
                                        @ -- End function
	.section	.text.SDMMC_OSAMutexUnlock,"ax",%progbits
	.hidden	SDMMC_OSAMutexUnlock            @ -- Begin function SDMMC_OSAMutexUnlock
	.globl	SDMMC_OSAMutexUnlock
	.p2align	3
	.type	SDMMC_OSAMutexUnlock,%function
	.code	16                              @ @SDMMC_OSAMutexUnlock
	.thumb_func
SDMMC_OSAMutexUnlock:
.Lfunc_begin9:
	.loc	1 226 0                         @ ../../libraries/components/sdmmc/osa/fsl_sdmmc_osa.c:226:0
	.fnstart
	.cfi_startproc
@ %bb.0:
	.save	{r7, lr}
	push	{r7, lr}
	.cfi_def_cfa_offset 8
	.cfi_offset lr, -4
	.cfi_offset r7, -8
	.pad	#8
	sub	sp, #8
	.cfi_def_cfa_offset 16
	str	r0, [sp, #4]
.Ltmp29:
	.loc	1 227 5 prologue_end            @ ../../libraries/components/sdmmc/osa/fsl_sdmmc_osa.c:227:5
	ldr	r0, [sp, #4]
	cbz	r0, .LBB9_2
	b	.LBB9_1
.LBB9_1:
	b	.LBB9_3
.LBB9_2:
	movw	r0, :lower16:.L.str.3
	movt	r0, :upper16:.L.str.3
	movw	r1, :lower16:.L.str.1
	movt	r1, :upper16:.L.str.1
	movs	r2, #227
	bl	__aeabi_assert
.LBB9_3:
	ldr	r0, [sp, #4]
	.loc	1 229 11                        @ ../../libraries/components/sdmmc/osa/fsl_sdmmc_osa.c:229:11
	bl	OSA_MutexUnlock
	movs	r0, #0
	.loc	1 231 5                         @ ../../libraries/components/sdmmc/osa/fsl_sdmmc_osa.c:231:5
	add	sp, #8
	pop	{r7, pc}
.Ltmp30:
.Lfunc_end9:
	.size	SDMMC_OSAMutexUnlock, .Lfunc_end9-SDMMC_OSAMutexUnlock
	.cfi_endproc
	.cantunwind
	.fnend
                                        @ -- End function
	.section	.text.SDMMC_OSAMutexDestroy,"ax",%progbits
	.hidden	SDMMC_OSAMutexDestroy           @ -- Begin function SDMMC_OSAMutexDestroy
	.globl	SDMMC_OSAMutexDestroy
	.p2align	3
	.type	SDMMC_OSAMutexDestroy,%function
	.code	16                              @ @SDMMC_OSAMutexDestroy
	.thumb_func
SDMMC_OSAMutexDestroy:
.Lfunc_begin10:
	.loc	1 239 0                         @ ../../libraries/components/sdmmc/osa/fsl_sdmmc_osa.c:239:0
	.fnstart
	.cfi_startproc
@ %bb.0:
	.save	{r7, lr}
	push	{r7, lr}
	.cfi_def_cfa_offset 8
	.cfi_offset lr, -4
	.cfi_offset r7, -8
	.pad	#8
	sub	sp, #8
	.cfi_def_cfa_offset 16
	str	r0, [sp, #4]
.Ltmp31:
	.loc	1 240 5 prologue_end            @ ../../libraries/components/sdmmc/osa/fsl_sdmmc_osa.c:240:5
	ldr	r0, [sp, #4]
	cbz	r0, .LBB10_2
	b	.LBB10_1
.LBB10_1:
	b	.LBB10_3
.LBB10_2:
	movw	r0, :lower16:.L.str.3
	movt	r0, :upper16:.L.str.3
	movw	r1, :lower16:.L.str.1
	movt	r1, :upper16:.L.str.1
	movs	r2, #240
	bl	__aeabi_assert
.LBB10_3:
	ldr	r0, [sp, #4]
	.loc	1 242 11                        @ ../../libraries/components/sdmmc/osa/fsl_sdmmc_osa.c:242:11
	bl	OSA_MutexDestroy
	movs	r0, #0
	.loc	1 244 5                         @ ../../libraries/components/sdmmc/osa/fsl_sdmmc_osa.c:244:5
	add	sp, #8
	pop	{r7, pc}
.Ltmp32:
.Lfunc_end10:
	.size	SDMMC_OSAMutexDestroy, .Lfunc_end10-SDMMC_OSAMutexDestroy
	.cfi_endproc
	.cantunwind
	.fnend
                                        @ -- End function
	.section	.text.SDMMC_OSADelay,"ax",%progbits
	.hidden	SDMMC_OSADelay                  @ -- Begin function SDMMC_OSADelay
	.globl	SDMMC_OSADelay
	.p2align	3
	.type	SDMMC_OSADelay,%function
	.code	16                              @ @SDMMC_OSADelay
	.thumb_func
SDMMC_OSADelay:
.Lfunc_begin11:
	.loc	1 252 0                         @ ../../libraries/components/sdmmc/osa/fsl_sdmmc_osa.c:252:0
	.fnstart
	.cfi_startproc
@ %bb.0:
	.save	{r7, lr}
	push	{r7, lr}
	.cfi_def_cfa_offset 8
	.cfi_offset lr, -4
	.cfi_offset r7, -8
	.pad	#8
	sub	sp, #8
	.cfi_def_cfa_offset 16
	str	r0, [sp, #4]
.Ltmp33:
	.loc	1 254 24 prologue_end           @ ../../libraries/components/sdmmc/osa/fsl_sdmmc_osa.c:254:24
	ldr	r0, [sp, #4]
	mov.w	r1, #1000
	.loc	1 254 37 is_stmt 0              @ ../../libraries/components/sdmmc/osa/fsl_sdmmc_osa.c:254:37
	muls	r0, r1, r0
	movw	r1, #17920
	movt	r1, #9155
	.loc	1 254 5                         @ ../../libraries/components/sdmmc/osa/fsl_sdmmc_osa.c:254:5
	bl	SDK_DelayAtLeastUs
	.loc	1 258 1 is_stmt 1               @ ../../libraries/components/sdmmc/osa/fsl_sdmmc_osa.c:258:1
	add	sp, #8
	pop	{r7, pc}
.Ltmp34:
.Lfunc_end11:
	.size	SDMMC_OSADelay, .Lfunc_end11-SDMMC_OSADelay
	.cfi_endproc
	.cantunwind
	.fnend
                                        @ -- End function
	.section	.text.SDMMC_OSADelayUs,"ax",%progbits
	.hidden	SDMMC_OSADelayUs                @ -- Begin function SDMMC_OSADelayUs
	.globl	SDMMC_OSADelayUs
	.p2align	3
	.type	SDMMC_OSADelayUs,%function
	.code	16                              @ @SDMMC_OSADelayUs
	.thumb_func
SDMMC_OSADelayUs:
.Lfunc_begin12:
	.loc	1 266 0                         @ ../../libraries/components/sdmmc/osa/fsl_sdmmc_osa.c:266:0
	.fnstart
	.cfi_startproc
@ %bb.0:
	.save	{r7, lr}
	push	{r7, lr}
	.cfi_def_cfa_offset 8
	.cfi_offset lr, -4
	.cfi_offset r7, -8
	.pad	#8
	sub	sp, #8
	.cfi_def_cfa_offset 16
	str	r0, [sp, #4]
.Ltmp35:
	.loc	1 268 24 prologue_end           @ ../../libraries/components/sdmmc/osa/fsl_sdmmc_osa.c:268:24
	ldr	r0, [sp, #4]
	movw	r1, #17920
	movt	r1, #9155
	.loc	1 268 5 is_stmt 0               @ ../../libraries/components/sdmmc/osa/fsl_sdmmc_osa.c:268:5
	bl	SDK_DelayAtLeastUs
	.loc	1 269 12 is_stmt 1              @ ../../libraries/components/sdmmc/osa/fsl_sdmmc_osa.c:269:12
	ldr	r0, [sp, #4]
	.loc	1 269 5 is_stmt 0               @ ../../libraries/components/sdmmc/osa/fsl_sdmmc_osa.c:269:5
	add	sp, #8
	pop	{r7, pc}
.Ltmp36:
.Lfunc_end12:
	.size	SDMMC_OSADelayUs, .Lfunc_end12-SDMMC_OSADelayUs
	.cfi_endproc
	.cantunwind
	.fnend
                                        @ -- End function
	.type	.L.str,%object                  @ @.str
	.section	.rodata.str1.1,"aMS",%progbits,1
.L.str:
	.asciz	"eventHandle != NULL"
	.size	.L.str, 20

	.type	.L.str.1,%object                @ @.str.1
.L.str.1:
	.asciz	"../../libraries/components/sdmmc/osa/fsl_sdmmc_osa.c"
	.size	.L.str.1, 53

	.type	.L.str.2,%object                @ @.str.2
.L.str.2:
	.asciz	"flag != NULL"
	.size	.L.str.2, 13

	.type	.L.str.3,%object                @ @.str.3
.L.str.3:
	.asciz	"mutexHandle != NULL"
	.size	.L.str.3, 20

	.section	.debug_abbrev,"",%progbits
	.byte	1                               @ Abbreviation Code
	.byte	17                              @ DW_TAG_compile_unit
	.byte	1                               @ DW_CHILDREN_yes
	.byte	37                              @ DW_AT_producer
	.byte	14                              @ DW_FORM_strp
	.byte	19                              @ DW_AT_language
	.byte	5                               @ DW_FORM_data2
	.byte	3                               @ DW_AT_name
	.byte	14                              @ DW_FORM_strp
	.byte	16                              @ DW_AT_stmt_list
	.byte	23                              @ DW_FORM_sec_offset
	.byte	27                              @ DW_AT_comp_dir
	.byte	14                              @ DW_FORM_strp
	.byte	17                              @ DW_AT_low_pc
	.byte	1                               @ DW_FORM_addr
	.byte	85                              @ DW_AT_ranges
	.byte	23                              @ DW_FORM_sec_offset
	.byte	0                               @ EOM(1)
	.byte	0                               @ EOM(2)
	.byte	2                               @ Abbreviation Code
	.byte	52                              @ DW_TAG_variable
	.byte	0                               @ DW_CHILDREN_no
	.byte	73                              @ DW_AT_type
	.byte	19                              @ DW_FORM_ref4
	.byte	58                              @ DW_AT_decl_file
	.byte	11                              @ DW_FORM_data1
	.byte	59                              @ DW_AT_decl_line
	.byte	11                              @ DW_FORM_data1
	.byte	2                               @ DW_AT_location
	.byte	24                              @ DW_FORM_exprloc
	.byte	0                               @ EOM(1)
	.byte	0                               @ EOM(2)
	.byte	3                               @ Abbreviation Code
	.byte	1                               @ DW_TAG_array_type
	.byte	1                               @ DW_CHILDREN_yes
	.byte	73                              @ DW_AT_type
	.byte	19                              @ DW_FORM_ref4
	.byte	0                               @ EOM(1)
	.byte	0                               @ EOM(2)
	.byte	4                               @ Abbreviation Code
	.byte	33                              @ DW_TAG_subrange_type
	.byte	0                               @ DW_CHILDREN_no
	.byte	73                              @ DW_AT_type
	.byte	19                              @ DW_FORM_ref4
	.byte	55                              @ DW_AT_count
	.byte	11                              @ DW_FORM_data1
	.byte	0                               @ EOM(1)
	.byte	0                               @ EOM(2)
	.byte	5                               @ Abbreviation Code
	.byte	36                              @ DW_TAG_base_type
	.byte	0                               @ DW_CHILDREN_no
	.byte	3                               @ DW_AT_name
	.byte	14                              @ DW_FORM_strp
	.byte	62                              @ DW_AT_encoding
	.byte	11                              @ DW_FORM_data1
	.byte	11                              @ DW_AT_byte_size
	.byte	11                              @ DW_FORM_data1
	.byte	0                               @ EOM(1)
	.byte	0                               @ EOM(2)
	.byte	6                               @ Abbreviation Code
	.byte	36                              @ DW_TAG_base_type
	.byte	0                               @ DW_CHILDREN_no
	.byte	3                               @ DW_AT_name
	.byte	14                              @ DW_FORM_strp
	.byte	11                              @ DW_AT_byte_size
	.byte	11                              @ DW_FORM_data1
	.byte	62                              @ DW_AT_encoding
	.byte	11                              @ DW_FORM_data1
	.byte	0                               @ EOM(1)
	.byte	0                               @ EOM(2)
	.byte	7                               @ Abbreviation Code
	.byte	4                               @ DW_TAG_enumeration_type
	.byte	1                               @ DW_CHILDREN_yes
	.byte	73                              @ DW_AT_type
	.byte	19                              @ DW_FORM_ref4
	.byte	11                              @ DW_AT_byte_size
	.byte	11                              @ DW_FORM_data1
	.byte	58                              @ DW_AT_decl_file
	.byte	11                              @ DW_FORM_data1
	.byte	59                              @ DW_AT_decl_line
	.byte	11                              @ DW_FORM_data1
	.byte	0                               @ EOM(1)
	.byte	0                               @ EOM(2)
	.byte	8                               @ Abbreviation Code
	.byte	40                              @ DW_TAG_enumerator
	.byte	0                               @ DW_CHILDREN_no
	.byte	3                               @ DW_AT_name
	.byte	14                              @ DW_FORM_strp
	.byte	28                              @ DW_AT_const_value
	.byte	15                              @ DW_FORM_udata
	.byte	0                               @ EOM(1)
	.byte	0                               @ EOM(2)
	.byte	9                               @ Abbreviation Code
	.byte	4                               @ DW_TAG_enumeration_type
	.byte	1                               @ DW_CHILDREN_yes
	.byte	73                              @ DW_AT_type
	.byte	19                              @ DW_FORM_ref4
	.byte	3                               @ DW_AT_name
	.byte	14                              @ DW_FORM_strp
	.byte	11                              @ DW_AT_byte_size
	.byte	11                              @ DW_FORM_data1
	.byte	58                              @ DW_AT_decl_file
	.byte	11                              @ DW_FORM_data1
	.byte	59                              @ DW_AT_decl_line
	.byte	11                              @ DW_FORM_data1
	.byte	0                               @ EOM(1)
	.byte	0                               @ EOM(2)
	.byte	10                              @ Abbreviation Code
	.byte	15                              @ DW_TAG_pointer_type
	.byte	0                               @ DW_CHILDREN_no
	.byte	73                              @ DW_AT_type
	.byte	19                              @ DW_FORM_ref4
	.byte	0                               @ EOM(1)
	.byte	0                               @ EOM(2)
	.byte	11                              @ Abbreviation Code
	.byte	22                              @ DW_TAG_typedef
	.byte	0                               @ DW_CHILDREN_no
	.byte	73                              @ DW_AT_type
	.byte	19                              @ DW_FORM_ref4
	.byte	3                               @ DW_AT_name
	.byte	14                              @ DW_FORM_strp
	.byte	58                              @ DW_AT_decl_file
	.byte	11                              @ DW_FORM_data1
	.byte	59                              @ DW_AT_decl_line
	.byte	11                              @ DW_FORM_data1
	.byte	0                               @ EOM(1)
	.byte	0                               @ EOM(2)
	.byte	12                              @ Abbreviation Code
	.byte	19                              @ DW_TAG_structure_type
	.byte	1                               @ DW_CHILDREN_yes
	.byte	3                               @ DW_AT_name
	.byte	14                              @ DW_FORM_strp
	.byte	11                              @ DW_AT_byte_size
	.byte	11                              @ DW_FORM_data1
	.byte	58                              @ DW_AT_decl_file
	.byte	11                              @ DW_FORM_data1
	.byte	59                              @ DW_AT_decl_line
	.byte	11                              @ DW_FORM_data1
	.byte	0                               @ EOM(1)
	.byte	0                               @ EOM(2)
	.byte	13                              @ Abbreviation Code
	.byte	13                              @ DW_TAG_member
	.byte	0                               @ DW_CHILDREN_no
	.byte	3                               @ DW_AT_name
	.byte	14                              @ DW_FORM_strp
	.byte	73                              @ DW_AT_type
	.byte	19                              @ DW_FORM_ref4
	.byte	58                              @ DW_AT_decl_file
	.byte	11                              @ DW_FORM_data1
	.byte	59                              @ DW_AT_decl_line
	.byte	11                              @ DW_FORM_data1
	.byte	56                              @ DW_AT_data_member_location
	.byte	11                              @ DW_FORM_data1
	.byte	0                               @ EOM(1)
	.byte	0                               @ EOM(2)
	.byte	14                              @ Abbreviation Code
	.byte	53                              @ DW_TAG_volatile_type
	.byte	0                               @ DW_CHILDREN_no
	.byte	73                              @ DW_AT_type
	.byte	19                              @ DW_FORM_ref4
	.byte	0                               @ EOM(1)
	.byte	0                               @ EOM(2)
	.byte	15                              @ Abbreviation Code
	.byte	46                              @ DW_TAG_subprogram
	.byte	0                               @ DW_CHILDREN_no
	.byte	17                              @ DW_AT_low_pc
	.byte	1                               @ DW_FORM_addr
	.byte	18                              @ DW_AT_high_pc
	.byte	6                               @ DW_FORM_data4
	.byte	64                              @ DW_AT_frame_base
	.byte	24                              @ DW_FORM_exprloc
	.byte	3                               @ DW_AT_name
	.byte	14                              @ DW_FORM_strp
	.byte	58                              @ DW_AT_decl_file
	.byte	11                              @ DW_FORM_data1
	.byte	59                              @ DW_AT_decl_line
	.byte	11                              @ DW_FORM_data1
	.byte	39                              @ DW_AT_prototyped
	.byte	25                              @ DW_FORM_flag_present
	.byte	63                              @ DW_AT_external
	.byte	25                              @ DW_FORM_flag_present
	.byte	0                               @ EOM(1)
	.byte	0                               @ EOM(2)
	.byte	16                              @ Abbreviation Code
	.byte	46                              @ DW_TAG_subprogram
	.byte	1                               @ DW_CHILDREN_yes
	.byte	17                              @ DW_AT_low_pc
	.byte	1                               @ DW_FORM_addr
	.byte	18                              @ DW_AT_high_pc
	.byte	6                               @ DW_FORM_data4
	.byte	64                              @ DW_AT_frame_base
	.byte	24                              @ DW_FORM_exprloc
	.byte	3                               @ DW_AT_name
	.byte	14                              @ DW_FORM_strp
	.byte	58                              @ DW_AT_decl_file
	.byte	11                              @ DW_FORM_data1
	.byte	59                              @ DW_AT_decl_line
	.byte	11                              @ DW_FORM_data1
	.byte	39                              @ DW_AT_prototyped
	.byte	25                              @ DW_FORM_flag_present
	.byte	73                              @ DW_AT_type
	.byte	19                              @ DW_FORM_ref4
	.byte	63                              @ DW_AT_external
	.byte	25                              @ DW_FORM_flag_present
	.byte	0                               @ EOM(1)
	.byte	0                               @ EOM(2)
	.byte	17                              @ Abbreviation Code
	.byte	5                               @ DW_TAG_formal_parameter
	.byte	0                               @ DW_CHILDREN_no
	.byte	2                               @ DW_AT_location
	.byte	24                              @ DW_FORM_exprloc
	.byte	3                               @ DW_AT_name
	.byte	14                              @ DW_FORM_strp
	.byte	58                              @ DW_AT_decl_file
	.byte	11                              @ DW_FORM_data1
	.byte	59                              @ DW_AT_decl_line
	.byte	11                              @ DW_FORM_data1
	.byte	73                              @ DW_AT_type
	.byte	19                              @ DW_FORM_ref4
	.byte	0                               @ EOM(1)
	.byte	0                               @ EOM(2)
	.byte	18                              @ Abbreviation Code
	.byte	52                              @ DW_TAG_variable
	.byte	0                               @ DW_CHILDREN_no
	.byte	2                               @ DW_AT_location
	.byte	24                              @ DW_FORM_exprloc
	.byte	3                               @ DW_AT_name
	.byte	14                              @ DW_FORM_strp
	.byte	58                              @ DW_AT_decl_file
	.byte	11                              @ DW_FORM_data1
	.byte	59                              @ DW_AT_decl_line
	.byte	11                              @ DW_FORM_data1
	.byte	73                              @ DW_AT_type
	.byte	19                              @ DW_FORM_ref4
	.byte	0                               @ EOM(1)
	.byte	0                               @ EOM(2)
	.byte	19                              @ Abbreviation Code
	.byte	46                              @ DW_TAG_subprogram
	.byte	1                               @ DW_CHILDREN_yes
	.byte	17                              @ DW_AT_low_pc
	.byte	1                               @ DW_FORM_addr
	.byte	18                              @ DW_AT_high_pc
	.byte	6                               @ DW_FORM_data4
	.byte	64                              @ DW_AT_frame_base
	.byte	24                              @ DW_FORM_exprloc
	.byte	3                               @ DW_AT_name
	.byte	14                              @ DW_FORM_strp
	.byte	58                              @ DW_AT_decl_file
	.byte	11                              @ DW_FORM_data1
	.byte	59                              @ DW_AT_decl_line
	.byte	11                              @ DW_FORM_data1
	.byte	39                              @ DW_AT_prototyped
	.byte	25                              @ DW_FORM_flag_present
	.byte	63                              @ DW_AT_external
	.byte	25                              @ DW_FORM_flag_present
	.byte	0                               @ EOM(1)
	.byte	0                               @ EOM(2)
	.byte	20                              @ Abbreviation Code
	.byte	46                              @ DW_TAG_subprogram
	.byte	1                               @ DW_CHILDREN_yes
	.byte	17                              @ DW_AT_low_pc
	.byte	1                               @ DW_FORM_addr
	.byte	18                              @ DW_AT_high_pc
	.byte	6                               @ DW_FORM_data4
	.byte	64                              @ DW_AT_frame_base
	.byte	24                              @ DW_FORM_exprloc
	.byte	3                               @ DW_AT_name
	.byte	14                              @ DW_FORM_strp
	.byte	58                              @ DW_AT_decl_file
	.byte	11                              @ DW_FORM_data1
	.byte	59                              @ DW_AT_decl_line
	.byte	5                               @ DW_FORM_data2
	.byte	39                              @ DW_AT_prototyped
	.byte	25                              @ DW_FORM_flag_present
	.byte	73                              @ DW_AT_type
	.byte	19                              @ DW_FORM_ref4
	.byte	63                              @ DW_AT_external
	.byte	25                              @ DW_FORM_flag_present
	.byte	0                               @ EOM(1)
	.byte	0                               @ EOM(2)
	.byte	21                              @ Abbreviation Code
	.byte	5                               @ DW_TAG_formal_parameter
	.byte	0                               @ DW_CHILDREN_no
	.byte	2                               @ DW_AT_location
	.byte	24                              @ DW_FORM_exprloc
	.byte	3                               @ DW_AT_name
	.byte	14                              @ DW_FORM_strp
	.byte	58                              @ DW_AT_decl_file
	.byte	11                              @ DW_FORM_data1
	.byte	59                              @ DW_AT_decl_line
	.byte	5                               @ DW_FORM_data2
	.byte	73                              @ DW_AT_type
	.byte	19                              @ DW_FORM_ref4
	.byte	0                               @ EOM(1)
	.byte	0                               @ EOM(2)
	.byte	22                              @ Abbreviation Code
	.byte	15                              @ DW_TAG_pointer_type
	.byte	0                               @ DW_CHILDREN_no
	.byte	0                               @ EOM(1)
	.byte	0                               @ EOM(2)
	.byte	0                               @ EOM(3)
	.section	.debug_info,"",%progbits
.Lcu_begin0:
	.long	.Ldebug_info_end0-.Ldebug_info_start0 @ Length of Unit
.Ldebug_info_start0:
	.short	4                               @ DWARF version number
	.long	.debug_abbrev                   @ Offset Into Abbrev. Section
	.byte	4                               @ Address Size (in bytes)
	.byte	1                               @ Abbrev [1] 0xb:0x403 DW_TAG_compile_unit
	.long	.Linfo_string0                  @ DW_AT_producer
	.short	12                              @ DW_AT_language
	.long	.Linfo_string1                  @ DW_AT_name
	.long	.Lline_table_start0             @ DW_AT_stmt_list
	.long	.Linfo_string2                  @ DW_AT_comp_dir
	.long	0                               @ DW_AT_low_pc
	.long	.Ldebug_ranges0                 @ DW_AT_ranges
	.byte	2                               @ Abbrev [2] 0x26:0xd DW_TAG_variable
	.long	51                              @ DW_AT_type
	.byte	1                               @ DW_AT_decl_file
	.byte	40                              @ DW_AT_decl_line
	.byte	5                               @ DW_AT_location
	.byte	3
	.long	.L.str
	.byte	3                               @ Abbrev [3] 0x33:0xc DW_TAG_array_type
	.long	63                              @ DW_AT_type
	.byte	4                               @ Abbrev [4] 0x38:0x6 DW_TAG_subrange_type
	.long	70                              @ DW_AT_type
	.byte	20                              @ DW_AT_count
	.byte	0                               @ End Of Children Mark
	.byte	5                               @ Abbrev [5] 0x3f:0x7 DW_TAG_base_type
	.long	.Linfo_string3                  @ DW_AT_name
	.byte	6                               @ DW_AT_encoding
	.byte	1                               @ DW_AT_byte_size
	.byte	6                               @ Abbrev [6] 0x46:0x7 DW_TAG_base_type
	.long	.Linfo_string4                  @ DW_AT_name
	.byte	8                               @ DW_AT_byte_size
	.byte	7                               @ DW_AT_encoding
	.byte	2                               @ Abbrev [2] 0x4d:0xd DW_TAG_variable
	.long	90                              @ DW_AT_type
	.byte	1                               @ DW_AT_decl_file
	.byte	40                              @ DW_AT_decl_line
	.byte	5                               @ DW_AT_location
	.byte	3
	.long	.L.str.1
	.byte	3                               @ Abbrev [3] 0x5a:0xc DW_TAG_array_type
	.long	63                              @ DW_AT_type
	.byte	4                               @ Abbrev [4] 0x5f:0x6 DW_TAG_subrange_type
	.long	70                              @ DW_AT_type
	.byte	53                              @ DW_AT_count
	.byte	0                               @ End Of Children Mark
	.byte	2                               @ Abbrev [2] 0x66:0xd DW_TAG_variable
	.long	115                             @ DW_AT_type
	.byte	1                               @ DW_AT_decl_file
	.byte	138                             @ DW_AT_decl_line
	.byte	5                               @ DW_AT_location
	.byte	3
	.long	.L.str.2
	.byte	3                               @ Abbrev [3] 0x73:0xc DW_TAG_array_type
	.long	63                              @ DW_AT_type
	.byte	4                               @ Abbrev [4] 0x78:0x6 DW_TAG_subrange_type
	.long	70                              @ DW_AT_type
	.byte	13                              @ DW_AT_count
	.byte	0                               @ End Of Children Mark
	.byte	2                               @ Abbrev [2] 0x7f:0xd DW_TAG_variable
	.long	51                              @ DW_AT_type
	.byte	1                               @ DW_AT_decl_file
	.byte	195                             @ DW_AT_decl_line
	.byte	5                               @ DW_AT_location
	.byte	3
	.long	.L.str.3
	.byte	7                               @ Abbrev [7] 0x8c:0x3f DW_TAG_enumeration_type
	.long	203                             @ DW_AT_type
	.byte	1                               @ DW_AT_byte_size
	.byte	2                               @ DW_AT_decl_file
	.byte	203                             @ DW_AT_decl_line
	.byte	8                               @ Abbrev [8] 0x94:0x6 DW_TAG_enumerator
	.long	.Linfo_string6                  @ DW_AT_name
	.byte	0                               @ DW_AT_const_value
	.byte	8                               @ Abbrev [8] 0x9a:0x6 DW_TAG_enumerator
	.long	.Linfo_string7                  @ DW_AT_name
	.byte	1                               @ DW_AT_const_value
	.byte	8                               @ Abbrev [8] 0xa0:0x6 DW_TAG_enumerator
	.long	.Linfo_string8                  @ DW_AT_name
	.byte	2                               @ DW_AT_const_value
	.byte	8                               @ Abbrev [8] 0xa6:0x6 DW_TAG_enumerator
	.long	.Linfo_string9                  @ DW_AT_name
	.byte	3                               @ DW_AT_const_value
	.byte	8                               @ Abbrev [8] 0xac:0x6 DW_TAG_enumerator
	.long	.Linfo_string10                 @ DW_AT_name
	.byte	4                               @ DW_AT_const_value
	.byte	8                               @ Abbrev [8] 0xb2:0x6 DW_TAG_enumerator
	.long	.Linfo_string11                 @ DW_AT_name
	.byte	5                               @ DW_AT_const_value
	.byte	8                               @ Abbrev [8] 0xb8:0x6 DW_TAG_enumerator
	.long	.Linfo_string12                 @ DW_AT_name
	.byte	6                               @ DW_AT_const_value
	.byte	8                               @ Abbrev [8] 0xbe:0x6 DW_TAG_enumerator
	.long	.Linfo_string13                 @ DW_AT_name
	.byte	7                               @ DW_AT_const_value
	.byte	8                               @ Abbrev [8] 0xc4:0x6 DW_TAG_enumerator
	.long	.Linfo_string14                 @ DW_AT_name
	.byte	8                               @ DW_AT_const_value
	.byte	0                               @ End Of Children Mark
	.byte	5                               @ Abbrev [5] 0xcb:0x7 DW_TAG_base_type
	.long	.Linfo_string5                  @ DW_AT_name
	.byte	8                               @ DW_AT_encoding
	.byte	1                               @ DW_AT_byte_size
	.byte	9                               @ Abbrev [9] 0xd2:0x28 DW_TAG_enumeration_type
	.long	250                             @ DW_AT_type
	.long	.Linfo_string20                 @ DW_AT_name
	.byte	2                               @ DW_AT_byte_size
	.byte	3                               @ DW_AT_decl_file
	.byte	97                              @ DW_AT_decl_line
	.byte	8                               @ Abbrev [8] 0xde:0x6 DW_TAG_enumerator
	.long	.Linfo_string16                 @ DW_AT_name
	.byte	0                               @ DW_AT_const_value
	.byte	8                               @ Abbrev [8] 0xe4:0x7 DW_TAG_enumerator
	.long	.Linfo_string17                 @ DW_AT_name
	.ascii	"\335o"                         @ DW_AT_const_value
	.byte	8                               @ Abbrev [8] 0xeb:0x7 DW_TAG_enumerator
	.long	.Linfo_string18                 @ DW_AT_name
	.ascii	"\336o"                         @ DW_AT_const_value
	.byte	8                               @ Abbrev [8] 0xf2:0x7 DW_TAG_enumerator
	.long	.Linfo_string19                 @ DW_AT_name
	.ascii	"\337o"                         @ DW_AT_const_value
	.byte	0                               @ End Of Children Mark
	.byte	5                               @ Abbrev [5] 0xfa:0x7 DW_TAG_base_type
	.long	.Linfo_string15                 @ DW_AT_name
	.byte	7                               @ DW_AT_encoding
	.byte	2                               @ DW_AT_byte_size
	.byte	10                              @ Abbrev [10] 0x101:0x5 DW_TAG_pointer_type
	.long	262                             @ DW_AT_type
	.byte	11                              @ Abbrev [11] 0x106:0xb DW_TAG_typedef
	.long	273                             @ DW_AT_type
	.long	.Linfo_string26                 @ DW_AT_name
	.byte	5                               @ DW_AT_decl_file
	.byte	47                              @ DW_AT_decl_line
	.byte	12                              @ Abbrev [12] 0x111:0x21 DW_TAG_structure_type
	.long	.Linfo_string25                 @ DW_AT_name
	.byte	12                              @ DW_AT_byte_size
	.byte	5                               @ DW_AT_decl_file
	.byte	39                              @ DW_AT_decl_line
	.byte	13                              @ Abbrev [13] 0x119:0xc DW_TAG_member
	.long	.Linfo_string21                 @ DW_AT_name
	.long	306                             @ DW_AT_type
	.byte	5                               @ DW_AT_decl_file
	.byte	42                              @ DW_AT_decl_line
	.byte	0                               @ DW_AT_data_member_location
	.byte	13                              @ Abbrev [13] 0x125:0xc DW_TAG_member
	.long	.Linfo_string24                 @ DW_AT_name
	.long	329                             @ DW_AT_type
	.byte	5                               @ DW_AT_decl_file
	.byte	43                              @ DW_AT_decl_line
	.byte	4                               @ DW_AT_data_member_location
	.byte	0                               @ End Of Children Mark
	.byte	14                              @ Abbrev [14] 0x132:0x5 DW_TAG_volatile_type
	.long	311                             @ DW_AT_type
	.byte	11                              @ Abbrev [11] 0x137:0xb DW_TAG_typedef
	.long	322                             @ DW_AT_type
	.long	.Linfo_string23                 @ DW_AT_name
	.byte	4                               @ DW_AT_decl_file
	.byte	64                              @ DW_AT_decl_line
	.byte	5                               @ Abbrev [5] 0x142:0x7 DW_TAG_base_type
	.long	.Linfo_string22                 @ DW_AT_name
	.byte	7                               @ DW_AT_encoding
	.byte	4                               @ DW_AT_byte_size
	.byte	3                               @ Abbrev [3] 0x149:0xc DW_TAG_array_type
	.long	311                             @ DW_AT_type
	.byte	4                               @ Abbrev [4] 0x14e:0x6 DW_TAG_subrange_type
	.long	70                              @ DW_AT_type
	.byte	2                               @ DW_AT_count
	.byte	0                               @ End Of Children Mark
	.byte	10                              @ Abbrev [10] 0x155:0x5 DW_TAG_pointer_type
	.long	346                             @ DW_AT_type
	.byte	11                              @ Abbrev [11] 0x15a:0xb DW_TAG_typedef
	.long	357                             @ DW_AT_type
	.long	.Linfo_string28                 @ DW_AT_name
	.byte	5                               @ DW_AT_decl_file
	.byte	53                              @ DW_AT_decl_line
	.byte	12                              @ Abbrev [12] 0x165:0x15 DW_TAG_structure_type
	.long	.Linfo_string27                 @ DW_AT_name
	.byte	4                               @ DW_AT_byte_size
	.byte	5                               @ DW_AT_decl_file
	.byte	50                              @ DW_AT_decl_line
	.byte	13                              @ Abbrev [13] 0x16d:0xc DW_TAG_member
	.long	.Linfo_string24                 @ DW_AT_name
	.long	378                             @ DW_AT_type
	.byte	5                               @ DW_AT_decl_file
	.byte	52                              @ DW_AT_decl_line
	.byte	0                               @ DW_AT_data_member_location
	.byte	0                               @ End Of Children Mark
	.byte	3                               @ Abbrev [3] 0x17a:0xc DW_TAG_array_type
	.long	311                             @ DW_AT_type
	.byte	4                               @ Abbrev [4] 0x17f:0x6 DW_TAG_subrange_type
	.long	70                              @ DW_AT_type
	.byte	1                               @ DW_AT_count
	.byte	0                               @ End Of Children Mark
	.byte	15                              @ Abbrev [15] 0x186:0x11 DW_TAG_subprogram
	.long	.Lfunc_begin0                   @ DW_AT_low_pc
	.long	.Lfunc_end0-.Lfunc_begin0       @ DW_AT_high_pc
	.byte	1                               @ DW_AT_frame_base
	.byte	93
	.long	.Linfo_string29                 @ DW_AT_name
	.byte	1                               @ DW_AT_decl_file
	.byte	28                              @ DW_AT_decl_line
                                        @ DW_AT_prototyped
                                        @ DW_AT_external
	.byte	16                              @ Abbrev [16] 0x197:0x24 DW_TAG_subprogram
	.long	.Lfunc_begin1                   @ DW_AT_low_pc
	.long	.Lfunc_end1-.Lfunc_begin1       @ DW_AT_high_pc
	.byte	1                               @ DW_AT_frame_base
	.byte	93
	.long	.Linfo_string30                 @ DW_AT_name
	.byte	1                               @ DW_AT_decl_file
	.byte	38                              @ DW_AT_decl_line
                                        @ DW_AT_prototyped
	.long	991                             @ DW_AT_type
                                        @ DW_AT_external
	.byte	17                              @ Abbrev [17] 0x1ac:0xe DW_TAG_formal_parameter
	.byte	2                               @ DW_AT_location
	.byte	145
	.byte	4
	.long	.Linfo_string45                 @ DW_AT_name
	.byte	1                               @ DW_AT_decl_file
	.byte	38                              @ DW_AT_decl_line
	.long	1020                            @ DW_AT_type
	.byte	0                               @ End Of Children Mark
	.byte	16                              @ Abbrev [16] 0x1bb:0x5c DW_TAG_subprogram
	.long	.Lfunc_begin2                   @ DW_AT_low_pc
	.long	.Lfunc_end2-.Lfunc_begin2       @ DW_AT_high_pc
	.byte	1                               @ DW_AT_frame_base
	.byte	93
	.long	.Linfo_string34                 @ DW_AT_name
	.byte	1                               @ DW_AT_decl_file
	.byte	60                              @ DW_AT_decl_line
                                        @ DW_AT_prototyped
	.long	991                             @ DW_AT_type
                                        @ DW_AT_external
	.byte	17                              @ Abbrev [17] 0x1d0:0xe DW_TAG_formal_parameter
	.byte	2                               @ DW_AT_location
	.byte	145
	.byte	16
	.long	.Linfo_string45                 @ DW_AT_name
	.byte	1                               @ DW_AT_decl_file
	.byte	60                              @ DW_AT_decl_line
	.long	1020                            @ DW_AT_type
	.byte	17                              @ Abbrev [17] 0x1de:0xe DW_TAG_formal_parameter
	.byte	2                               @ DW_AT_location
	.byte	145
	.byte	12
	.long	.Linfo_string46                 @ DW_AT_name
	.byte	1                               @ DW_AT_decl_file
	.byte	60                              @ DW_AT_decl_line
	.long	311                             @ DW_AT_type
	.byte	17                              @ Abbrev [17] 0x1ec:0xe DW_TAG_formal_parameter
	.byte	2                               @ DW_AT_location
	.byte	145
	.byte	8
	.long	.Linfo_string47                 @ DW_AT_name
	.byte	1                               @ DW_AT_decl_file
	.byte	60                              @ DW_AT_decl_line
	.long	311                             @ DW_AT_type
	.byte	17                              @ Abbrev [17] 0x1fa:0xe DW_TAG_formal_parameter
	.byte	2                               @ DW_AT_location
	.byte	145
	.byte	4
	.long	.Linfo_string48                 @ DW_AT_name
	.byte	1                               @ DW_AT_decl_file
	.byte	60                              @ DW_AT_decl_line
	.long	1021                            @ DW_AT_type
	.byte	18                              @ Abbrev [18] 0x208:0xe DW_TAG_variable
	.byte	2                               @ DW_AT_location
	.byte	145
	.byte	2
	.long	.Linfo_string49                 @ DW_AT_name
	.byte	1                               @ DW_AT_decl_file
	.byte	64                              @ DW_AT_decl_line
	.long	1026                            @ DW_AT_type
	.byte	0                               @ End Of Children Mark
	.byte	16                              @ Abbrev [16] 0x217:0x40 DW_TAG_subprogram
	.long	.Lfunc_begin3                   @ DW_AT_low_pc
	.long	.Lfunc_end3-.Lfunc_begin3       @ DW_AT_high_pc
	.byte	1                               @ DW_AT_frame_base
	.byte	93
	.long	.Linfo_string35                 @ DW_AT_name
	.byte	1                               @ DW_AT_decl_file
	.byte	135                             @ DW_AT_decl_line
                                        @ DW_AT_prototyped
	.long	991                             @ DW_AT_type
                                        @ DW_AT_external
	.byte	17                              @ Abbrev [17] 0x22c:0xe DW_TAG_formal_parameter
	.byte	2                               @ DW_AT_location
	.byte	145
	.byte	12
	.long	.Linfo_string45                 @ DW_AT_name
	.byte	1                               @ DW_AT_decl_file
	.byte	135                             @ DW_AT_decl_line
	.long	1020                            @ DW_AT_type
	.byte	17                              @ Abbrev [17] 0x23a:0xe DW_TAG_formal_parameter
	.byte	2                               @ DW_AT_location
	.byte	145
	.byte	8
	.long	.Linfo_string46                 @ DW_AT_name
	.byte	1                               @ DW_AT_decl_file
	.byte	135                             @ DW_AT_decl_line
	.long	311                             @ DW_AT_type
	.byte	17                              @ Abbrev [17] 0x248:0xe DW_TAG_formal_parameter
	.byte	2                               @ DW_AT_location
	.byte	145
	.byte	4
	.long	.Linfo_string51                 @ DW_AT_name
	.byte	1                               @ DW_AT_decl_file
	.byte	135                             @ DW_AT_decl_line
	.long	1021                            @ DW_AT_type
	.byte	0                               @ End Of Children Mark
	.byte	16                              @ Abbrev [16] 0x257:0x40 DW_TAG_subprogram
	.long	.Lfunc_begin4                   @ DW_AT_low_pc
	.long	.Lfunc_end4-.Lfunc_begin4       @ DW_AT_high_pc
	.byte	1                               @ DW_AT_frame_base
	.byte	93
	.long	.Linfo_string36                 @ DW_AT_name
	.byte	1                               @ DW_AT_decl_file
	.byte	110                             @ DW_AT_decl_line
                                        @ DW_AT_prototyped
	.long	991                             @ DW_AT_type
                                        @ DW_AT_external
	.byte	17                              @ Abbrev [17] 0x26c:0xe DW_TAG_formal_parameter
	.byte	2                               @ DW_AT_location
	.byte	145
	.byte	12
	.long	.Linfo_string45                 @ DW_AT_name
	.byte	1                               @ DW_AT_decl_file
	.byte	110                             @ DW_AT_decl_line
	.long	1020                            @ DW_AT_type
	.byte	17                              @ Abbrev [17] 0x27a:0xe DW_TAG_formal_parameter
	.byte	2                               @ DW_AT_location
	.byte	145
	.byte	8
	.long	.Linfo_string46                 @ DW_AT_name
	.byte	1                               @ DW_AT_decl_file
	.byte	110                             @ DW_AT_decl_line
	.long	311                             @ DW_AT_type
	.byte	18                              @ Abbrev [18] 0x288:0xe DW_TAG_variable
	.byte	2                               @ DW_AT_location
	.byte	145
	.byte	4
	.long	.Linfo_string52                 @ DW_AT_name
	.byte	1                               @ DW_AT_decl_file
	.byte	115                             @ DW_AT_decl_line
	.long	311                             @ DW_AT_type
	.byte	0                               @ End Of Children Mark
	.byte	16                              @ Abbrev [16] 0x297:0x40 DW_TAG_subprogram
	.long	.Lfunc_begin5                   @ DW_AT_low_pc
	.long	.Lfunc_end5-.Lfunc_begin5       @ DW_AT_high_pc
	.byte	1                               @ DW_AT_frame_base
	.byte	93
	.long	.Linfo_string37                 @ DW_AT_name
	.byte	1                               @ DW_AT_decl_file
	.byte	155                             @ DW_AT_decl_line
                                        @ DW_AT_prototyped
	.long	991                             @ DW_AT_type
                                        @ DW_AT_external
	.byte	17                              @ Abbrev [17] 0x2ac:0xe DW_TAG_formal_parameter
	.byte	2                               @ DW_AT_location
	.byte	145
	.byte	12
	.long	.Linfo_string45                 @ DW_AT_name
	.byte	1                               @ DW_AT_decl_file
	.byte	155                             @ DW_AT_decl_line
	.long	1020                            @ DW_AT_type
	.byte	17                              @ Abbrev [17] 0x2ba:0xe DW_TAG_formal_parameter
	.byte	2                               @ DW_AT_location
	.byte	145
	.byte	8
	.long	.Linfo_string46                 @ DW_AT_name
	.byte	1                               @ DW_AT_decl_file
	.byte	155                             @ DW_AT_decl_line
	.long	311                             @ DW_AT_type
	.byte	18                              @ Abbrev [18] 0x2c8:0xe DW_TAG_variable
	.byte	2                               @ DW_AT_location
	.byte	145
	.byte	4
	.long	.Linfo_string52                 @ DW_AT_name
	.byte	1                               @ DW_AT_decl_file
	.byte	160                             @ DW_AT_decl_line
	.long	311                             @ DW_AT_type
	.byte	0                               @ End Of Children Mark
	.byte	16                              @ Abbrev [16] 0x2d7:0x24 DW_TAG_subprogram
	.long	.Lfunc_begin6                   @ DW_AT_low_pc
	.long	.Lfunc_end6-.Lfunc_begin6       @ DW_AT_high_pc
	.byte	1                               @ DW_AT_frame_base
	.byte	93
	.long	.Linfo_string38                 @ DW_AT_name
	.byte	1                               @ DW_AT_decl_file
	.byte	175                             @ DW_AT_decl_line
                                        @ DW_AT_prototyped
	.long	991                             @ DW_AT_type
                                        @ DW_AT_external
	.byte	17                              @ Abbrev [17] 0x2ec:0xe DW_TAG_formal_parameter
	.byte	2                               @ DW_AT_location
	.byte	145
	.byte	4
	.long	.Linfo_string45                 @ DW_AT_name
	.byte	1                               @ DW_AT_decl_file
	.byte	175                             @ DW_AT_decl_line
	.long	1020                            @ DW_AT_type
	.byte	0                               @ End Of Children Mark
	.byte	16                              @ Abbrev [16] 0x2fb:0x24 DW_TAG_subprogram
	.long	.Lfunc_begin7                   @ DW_AT_low_pc
	.long	.Lfunc_end7-.Lfunc_begin7       @ DW_AT_high_pc
	.byte	1                               @ DW_AT_frame_base
	.byte	93
	.long	.Linfo_string39                 @ DW_AT_name
	.byte	1                               @ DW_AT_decl_file
	.byte	193                             @ DW_AT_decl_line
                                        @ DW_AT_prototyped
	.long	991                             @ DW_AT_type
                                        @ DW_AT_external
	.byte	17                              @ Abbrev [17] 0x310:0xe DW_TAG_formal_parameter
	.byte	2                               @ DW_AT_location
	.byte	145
	.byte	4
	.long	.Linfo_string53                 @ DW_AT_name
	.byte	1                               @ DW_AT_decl_file
	.byte	193                             @ DW_AT_decl_line
	.long	1020                            @ DW_AT_type
	.byte	0                               @ End Of Children Mark
	.byte	16                              @ Abbrev [16] 0x31f:0x32 DW_TAG_subprogram
	.long	.Lfunc_begin8                   @ DW_AT_low_pc
	.long	.Lfunc_end8-.Lfunc_begin8       @ DW_AT_high_pc
	.byte	1                               @ DW_AT_frame_base
	.byte	93
	.long	.Linfo_string40                 @ DW_AT_name
	.byte	1                               @ DW_AT_decl_file
	.byte	211                             @ DW_AT_decl_line
                                        @ DW_AT_prototyped
	.long	991                             @ DW_AT_type
                                        @ DW_AT_external
	.byte	17                              @ Abbrev [17] 0x334:0xe DW_TAG_formal_parameter
	.byte	2                               @ DW_AT_location
	.byte	145
	.byte	4
	.long	.Linfo_string53                 @ DW_AT_name
	.byte	1                               @ DW_AT_decl_file
	.byte	211                             @ DW_AT_decl_line
	.long	1020                            @ DW_AT_type
	.byte	17                              @ Abbrev [17] 0x342:0xe DW_TAG_formal_parameter
	.byte	2                               @ DW_AT_location
	.byte	145
	.byte	0
	.long	.Linfo_string54                 @ DW_AT_name
	.byte	1                               @ DW_AT_decl_file
	.byte	211                             @ DW_AT_decl_line
	.long	311                             @ DW_AT_type
	.byte	0                               @ End Of Children Mark
	.byte	16                              @ Abbrev [16] 0x351:0x24 DW_TAG_subprogram
	.long	.Lfunc_begin9                   @ DW_AT_low_pc
	.long	.Lfunc_end9-.Lfunc_begin9       @ DW_AT_high_pc
	.byte	1                               @ DW_AT_frame_base
	.byte	93
	.long	.Linfo_string41                 @ DW_AT_name
	.byte	1                               @ DW_AT_decl_file
	.byte	225                             @ DW_AT_decl_line
                                        @ DW_AT_prototyped
	.long	991                             @ DW_AT_type
                                        @ DW_AT_external
	.byte	17                              @ Abbrev [17] 0x366:0xe DW_TAG_formal_parameter
	.byte	2                               @ DW_AT_location
	.byte	145
	.byte	4
	.long	.Linfo_string53                 @ DW_AT_name
	.byte	1                               @ DW_AT_decl_file
	.byte	225                             @ DW_AT_decl_line
	.long	1020                            @ DW_AT_type
	.byte	0                               @ End Of Children Mark
	.byte	16                              @ Abbrev [16] 0x375:0x24 DW_TAG_subprogram
	.long	.Lfunc_begin10                  @ DW_AT_low_pc
	.long	.Lfunc_end10-.Lfunc_begin10     @ DW_AT_high_pc
	.byte	1                               @ DW_AT_frame_base
	.byte	93
	.long	.Linfo_string42                 @ DW_AT_name
	.byte	1                               @ DW_AT_decl_file
	.byte	238                             @ DW_AT_decl_line
                                        @ DW_AT_prototyped
	.long	991                             @ DW_AT_type
                                        @ DW_AT_external
	.byte	17                              @ Abbrev [17] 0x38a:0xe DW_TAG_formal_parameter
	.byte	2                               @ DW_AT_location
	.byte	145
	.byte	4
	.long	.Linfo_string53                 @ DW_AT_name
	.byte	1                               @ DW_AT_decl_file
	.byte	238                             @ DW_AT_decl_line
	.long	1020                            @ DW_AT_type
	.byte	0                               @ End Of Children Mark
	.byte	19                              @ Abbrev [19] 0x399:0x20 DW_TAG_subprogram
	.long	.Lfunc_begin11                  @ DW_AT_low_pc
	.long	.Lfunc_end11-.Lfunc_begin11     @ DW_AT_high_pc
	.byte	1                               @ DW_AT_frame_base
	.byte	93
	.long	.Linfo_string43                 @ DW_AT_name
	.byte	1                               @ DW_AT_decl_file
	.byte	251                             @ DW_AT_decl_line
                                        @ DW_AT_prototyped
                                        @ DW_AT_external
	.byte	17                              @ Abbrev [17] 0x3aa:0xe DW_TAG_formal_parameter
	.byte	2                               @ DW_AT_location
	.byte	145
	.byte	4
	.long	.Linfo_string55                 @ DW_AT_name
	.byte	1                               @ DW_AT_decl_file
	.byte	251                             @ DW_AT_decl_line
	.long	311                             @ DW_AT_type
	.byte	0                               @ End Of Children Mark
	.byte	20                              @ Abbrev [20] 0x3b9:0x26 DW_TAG_subprogram
	.long	.Lfunc_begin12                  @ DW_AT_low_pc
	.long	.Lfunc_end12-.Lfunc_begin12     @ DW_AT_high_pc
	.byte	1                               @ DW_AT_frame_base
	.byte	93
	.long	.Linfo_string44                 @ DW_AT_name
	.byte	1                               @ DW_AT_decl_file
	.short	265                             @ DW_AT_decl_line
                                        @ DW_AT_prototyped
	.long	311                             @ DW_AT_type
                                        @ DW_AT_external
	.byte	21                              @ Abbrev [21] 0x3cf:0xf DW_TAG_formal_parameter
	.byte	2                               @ DW_AT_location
	.byte	145
	.byte	4
	.long	.Linfo_string56                 @ DW_AT_name
	.byte	1                               @ DW_AT_decl_file
	.short	265                             @ DW_AT_decl_line
	.long	311                             @ DW_AT_type
	.byte	0                               @ End Of Children Mark
	.byte	11                              @ Abbrev [11] 0x3df:0xb DW_TAG_typedef
	.long	1002                            @ DW_AT_type
	.long	.Linfo_string33                 @ DW_AT_name
	.byte	2                               @ DW_AT_decl_file
	.byte	219                             @ DW_AT_decl_line
	.byte	11                              @ Abbrev [11] 0x3ea:0xb DW_TAG_typedef
	.long	1013                            @ DW_AT_type
	.long	.Linfo_string32                 @ DW_AT_name
	.byte	4                               @ DW_AT_decl_file
	.byte	58                              @ DW_AT_decl_line
	.byte	5                               @ Abbrev [5] 0x3f5:0x7 DW_TAG_base_type
	.long	.Linfo_string31                 @ DW_AT_name
	.byte	5                               @ DW_AT_encoding
	.byte	4                               @ DW_AT_byte_size
	.byte	22                              @ Abbrev [22] 0x3fc:0x1 DW_TAG_pointer_type
	.byte	10                              @ Abbrev [10] 0x3fd:0x5 DW_TAG_pointer_type
	.long	311                             @ DW_AT_type
	.byte	11                              @ Abbrev [11] 0x402:0xb DW_TAG_typedef
	.long	210                             @ DW_AT_type
	.long	.Linfo_string50                 @ DW_AT_name
	.byte	3                               @ DW_AT_decl_file
	.byte	104                             @ DW_AT_decl_line
	.byte	0                               @ End Of Children Mark
.Ldebug_info_end0:
	.section	.debug_ranges,"",%progbits
.Ldebug_ranges0:
	.long	.Lfunc_begin0
	.long	.Lfunc_end0
	.long	.Lfunc_begin1
	.long	.Lfunc_end1
	.long	.Lfunc_begin2
	.long	.Lfunc_end2
	.long	.Lfunc_begin3
	.long	.Lfunc_end3
	.long	.Lfunc_begin4
	.long	.Lfunc_end4
	.long	.Lfunc_begin5
	.long	.Lfunc_end5
	.long	.Lfunc_begin6
	.long	.Lfunc_end6
	.long	.Lfunc_begin7
	.long	.Lfunc_end7
	.long	.Lfunc_begin8
	.long	.Lfunc_end8
	.long	.Lfunc_begin9
	.long	.Lfunc_end9
	.long	.Lfunc_begin10
	.long	.Lfunc_end10
	.long	.Lfunc_begin11
	.long	.Lfunc_end11
	.long	.Lfunc_begin12
	.long	.Lfunc_end12
	.long	0
	.long	0
	.section	.debug_str,"MS",%progbits,1
.Linfo_string0:
	.asciz	"Component: Arm Compiler for Embedded 6.19 Tool: armclang [5e73cb00]" @ string offset=0
.Linfo_string1:
	.asciz	"../../libraries/components/sdmmc/osa\\fsl_sdmmc_osa.c" @ string offset=68
.Linfo_string2:
	.asciz	"E:\\FILE_SMART_CAR\\\346\231\272\350\203\275\350\247\206\350\247\211\\RT1064_Library-master\\RT1064_Library-master\\SeekFree_RT1064_Opensource_Library\\project\\mdk" @ string offset=121
.Linfo_string3:
	.asciz	"char"                          @ string offset=243
.Linfo_string4:
	.asciz	"__ARRAY_SIZE_TYPE__"           @ string offset=248
.Linfo_string5:
	.asciz	"unsigned char"                 @ string offset=268
.Linfo_string6:
	.asciz	"kStatus_Success"               @ string offset=282
.Linfo_string7:
	.asciz	"kStatus_Fail"                  @ string offset=298
.Linfo_string8:
	.asciz	"kStatus_ReadOnly"              @ string offset=311
.Linfo_string9:
	.asciz	"kStatus_OutOfRange"            @ string offset=328
.Linfo_string10:
	.asciz	"kStatus_InvalidArgument"       @ string offset=347
.Linfo_string11:
	.asciz	"kStatus_Timeout"               @ string offset=371
.Linfo_string12:
	.asciz	"kStatus_NoTransferInProgress"  @ string offset=387
.Linfo_string13:
	.asciz	"kStatus_Busy"                  @ string offset=416
.Linfo_string14:
	.asciz	"kStatus_NoData"                @ string offset=429
.Linfo_string15:
	.asciz	"unsigned short"                @ string offset=444
.Linfo_string16:
	.asciz	"KOSA_StatusSuccess"            @ string offset=459
.Linfo_string17:
	.asciz	"KOSA_StatusError"              @ string offset=478
.Linfo_string18:
	.asciz	"KOSA_StatusTimeout"            @ string offset=495
.Linfo_string19:
	.asciz	"KOSA_StatusIdle"               @ string offset=514
.Linfo_string20:
	.asciz	"_osa_status"                   @ string offset=530
.Linfo_string21:
	.asciz	"eventFlag"                     @ string offset=542
.Linfo_string22:
	.asciz	"unsigned int"                  @ string offset=552
.Linfo_string23:
	.asciz	"uint32_t"                      @ string offset=565
.Linfo_string24:
	.asciz	"handle"                        @ string offset=574
.Linfo_string25:
	.asciz	"_sdmmc_osa_event"              @ string offset=581
.Linfo_string26:
	.asciz	"sdmmc_osa_event_t"             @ string offset=598
.Linfo_string27:
	.asciz	"_sdmmc_osa_mutex"              @ string offset=616
.Linfo_string28:
	.asciz	"sdmmc_osa_mutex_t"             @ string offset=633
.Linfo_string29:
	.asciz	"SDMMC_OSAInit"                 @ string offset=651
.Linfo_string30:
	.asciz	"SDMMC_OSAEventCreate"          @ string offset=665
.Linfo_string31:
	.asciz	"int"                           @ string offset=686
.Linfo_string32:
	.asciz	"int32_t"                       @ string offset=690
.Linfo_string33:
	.asciz	"status_t"                      @ string offset=698
.Linfo_string34:
	.asciz	"SDMMC_OSAEventWait"            @ string offset=707
.Linfo_string35:
	.asciz	"SDMMC_OSAEventGet"             @ string offset=726
.Linfo_string36:
	.asciz	"SDMMC_OSAEventSet"             @ string offset=744
.Linfo_string37:
	.asciz	"SDMMC_OSAEventClear"           @ string offset=762
.Linfo_string38:
	.asciz	"SDMMC_OSAEventDestroy"         @ string offset=782
.Linfo_string39:
	.asciz	"SDMMC_OSAMutexCreate"          @ string offset=804
.Linfo_string40:
	.asciz	"SDMMC_OSAMutexLock"            @ string offset=825
.Linfo_string41:
	.asciz	"SDMMC_OSAMutexUnlock"          @ string offset=844
.Linfo_string42:
	.asciz	"SDMMC_OSAMutexDestroy"         @ string offset=865
.Linfo_string43:
	.asciz	"SDMMC_OSADelay"                @ string offset=887
.Linfo_string44:
	.asciz	"SDMMC_OSADelayUs"              @ string offset=902
.Linfo_string45:
	.asciz	"eventHandle"                   @ string offset=919
.Linfo_string46:
	.asciz	"eventType"                     @ string offset=931
.Linfo_string47:
	.asciz	"timeoutMilliseconds"           @ string offset=941
.Linfo_string48:
	.asciz	"event"                         @ string offset=961
.Linfo_string49:
	.asciz	"status"                        @ string offset=967
.Linfo_string50:
	.asciz	"osa_status_t"                  @ string offset=974
.Linfo_string51:
	.asciz	"flag"                          @ string offset=987
.Linfo_string52:
	.asciz	"osaCurrentSr"                  @ string offset=992
.Linfo_string53:
	.asciz	"mutexHandle"                   @ string offset=1005
.Linfo_string54:
	.asciz	"millisec"                      @ string offset=1017
.Linfo_string55:
	.asciz	"milliseconds"                  @ string offset=1026
.Linfo_string56:
	.asciz	"microseconds"                  @ string offset=1039
	.ident	"Component: Arm Compiler for Embedded 6.19 Tool: armclang [5e73cb00]"
	.section	".note.GNU-stack","",%progbits
	.eabi_attribute	30, 6	@ Tag_ABI_optimization_goals
	.ARM_attribute	16, 1	@ Tag_AV_eba
	.section	.debug_line,"",%progbits
.Lline_table_start0:
