	.text
	.syntax unified
	.eabi_attribute	67, "2.09"	@ Tag_conformance
	.cpu	cortex-m7
	.eabi_attribute	6, 13	@ Tag_CPU_arch
	.eabi_attribute	7, 77	@ Tag_CPU_arch_profile
	.eabi_attribute	8, 0	@ Tag_ARM_ISA_use
	.eabi_attribute	9, 2	@ Tag_THUMB_ISA_use
	.fpu	fpv5-d16
	.eabi_attribute	36, 1	@ Tag_FP_HP_extension
	.eabi_attribute	34, 1	@ Tag_CPU_unaligned_access
	.eabi_attribute	17, 1	@ Tag_ABI_PCS_GOT_use
	.eabi_attribute	20, 2	@ Tag_ABI_FP_denormal
	.eabi_attribute	21, 0	@ Tag_ABI_FP_exceptions
	.eabi_attribute	23, 1	@ Tag_ABI_FP_number_model
	.eabi_attribute	24, 1	@ Tag_ABI_align_needed
	.eabi_attribute	25, 1	@ Tag_ABI_align_preserved
	.eabi_attribute	28, 1	@ Tag_ABI_VFP_args
	.eabi_attribute	38, 1	@ Tag_ABI_FP_16bit_format
	.eabi_attribute	18, 2	@ Tag_ABI_PCS_wchar_t
	.eabi_attribute	26, 1	@ Tag_ABI_enum_size
	.eabi_attribute	14, 0	@ Tag_ABI_PCS_R9_use
	.file	"fsl_rtwdog.c"
	.file	1 "E:\\FILE_SMART_CAR\\\346\231\272\350\203\275\350\247\206\350\247\211\\RT1064_Library-master\\RT1064_Library-master\\SeekFree_RT1064_Opensource_Library\\project\\mdk" "../../libraries/sdk/drives/fsl_rtwdog.c"
	.file	2 "E:\\FILE_SMART_CAR\\\346\231\272\350\203\275\350\247\206\350\247\211\\RT1064_Library-master\\RT1064_Library-master\\SeekFree_RT1064_Opensource_Library\\project\\mdk" "../../libraries/sdk/drives/fsl_rtwdog.h"
	.file	3 "D:\\KEIL\\ARM\\ARMCLANG\\Bin\\..\\include" "stdint.h"
	.section	.text.RTWDOG_ClearStatusFlags,"ax",%progbits
	.hidden	RTWDOG_ClearStatusFlags         @ -- Begin function RTWDOG_ClearStatusFlags
	.globl	RTWDOG_ClearStatusFlags
	.p2align	3
	.type	RTWDOG_ClearStatusFlags,%function
	.code	16                              @ @RTWDOG_ClearStatusFlags
	.thumb_func
RTWDOG_ClearStatusFlags:
.Lfunc_begin0:
	.loc	1 35 0                          @ ../../libraries/sdk/drives/fsl_rtwdog.c:35:0
	.fnstart
	.cfi_sections .debug_frame
	.cfi_startproc
@ %bb.0:
	.pad	#8
	sub	sp, #8
	.cfi_def_cfa_offset 8
	str	r0, [sp, #4]
	str	r1, [sp]
.Ltmp0:
	.loc	1 36 9 prologue_end             @ ../../libraries/sdk/drives/fsl_rtwdog.c:36:9
	ldrb.w	r0, [sp, #1]
	lsls	r0, r0, #25
	cmp	r0, #0
	bpl	.LBB0_2
	b	.LBB0_1
.LBB0_1:
.Ltmp1:
	.loc	1 38 9                          @ ../../libraries/sdk/drives/fsl_rtwdog.c:38:9
	ldr	r1, [sp, #4]
	.loc	1 38 18 is_stmt 0               @ ../../libraries/sdk/drives/fsl_rtwdog.c:38:18
	ldr	r0, [r1]
	orr	r0, r0, #16384
	str	r0, [r1]
	.loc	1 39 5 is_stmt 1                @ ../../libraries/sdk/drives/fsl_rtwdog.c:39:5
	b	.LBB0_2
.Ltmp2:
.LBB0_2:
	.loc	1 40 1                          @ ../../libraries/sdk/drives/fsl_rtwdog.c:40:1
	add	sp, #8
	bx	lr
.Ltmp3:
.Lfunc_end0:
	.size	RTWDOG_ClearStatusFlags, .Lfunc_end0-RTWDOG_ClearStatusFlags
	.cfi_endproc
	.cantunwind
	.fnend
                                        @ -- End function
	.section	.text.RTWDOG_GetDefaultConfig,"ax",%progbits
	.hidden	RTWDOG_GetDefaultConfig         @ -- Begin function RTWDOG_GetDefaultConfig
	.globl	RTWDOG_GetDefaultConfig
	.p2align	3
	.type	RTWDOG_GetDefaultConfig,%function
	.code	16                              @ @RTWDOG_GetDefaultConfig
	.thumb_func
RTWDOG_GetDefaultConfig:
.Lfunc_begin1:
	.loc	1 66 0                          @ ../../libraries/sdk/drives/fsl_rtwdog.c:66:0
	.fnstart
	.cfi_startproc
@ %bb.0:
	.save	{r7, lr}
	push	{r7, lr}
	.cfi_def_cfa_offset 8
	.cfi_offset lr, -4
	.cfi_offset r7, -8
	.pad	#8
	sub	sp, #8
	.cfi_def_cfa_offset 16
	str	r0, [sp, #4]
.Ltmp4:
	.loc	1 67 5 prologue_end             @ ../../libraries/sdk/drives/fsl_rtwdog.c:67:5
	ldr	r0, [sp, #4]
	cbz	r0, .LBB1_2
	b	.LBB1_1
.LBB1_1:
	b	.LBB1_3
.LBB1_2:
	movw	r0, :lower16:.L.str
	movt	r0, :upper16:.L.str
	movw	r1, :lower16:.L.str.1
	movt	r1, :upper16:.L.str.1
	movs	r2, #67
	bl	__aeabi_assert
.LBB1_3:
	ldr	r0, [sp, #4]
	movs	r1, #0
	str	r1, [sp]                        @ 4-byte Spill
	movs	r2, #14
	.loc	1 70 11                         @ ../../libraries/sdk/drives/fsl_rtwdog.c:70:11
	bl	memset
                                        @ kill: def $r1 killed $r0
	.loc	1 72 5                          @ ../../libraries/sdk/drives/fsl_rtwdog.c:72:5
	ldr	r0, [sp]                        @ 4-byte Reload
	ldr	r2, [sp, #4]
	movs	r1, #1
	.loc	1 72 34 is_stmt 0               @ ../../libraries/sdk/drives/fsl_rtwdog.c:72:34
	strb	r1, [r2]
	.loc	1 73 5 is_stmt 1                @ ../../libraries/sdk/drives/fsl_rtwdog.c:73:5
	ldr	r2, [sp, #4]
	.loc	1 73 34 is_stmt 0               @ ../../libraries/sdk/drives/fsl_rtwdog.c:73:34
	strb	r1, [r2, #1]
	.loc	1 74 5 is_stmt 1                @ ../../libraries/sdk/drives/fsl_rtwdog.c:74:5
	ldr	r2, [sp, #4]
	.loc	1 74 34 is_stmt 0               @ ../../libraries/sdk/drives/fsl_rtwdog.c:74:34
	strb	r0, [r2, #2]
	.loc	1 75 5 is_stmt 1                @ ../../libraries/sdk/drives/fsl_rtwdog.c:75:5
	ldr	r2, [sp, #4]
	.loc	1 75 34 is_stmt 0               @ ../../libraries/sdk/drives/fsl_rtwdog.c:75:34
	strb	r1, [r2, #3]
	.loc	1 76 5 is_stmt 1                @ ../../libraries/sdk/drives/fsl_rtwdog.c:76:5
	ldr	r2, [sp, #4]
	.loc	1 76 34 is_stmt 0               @ ../../libraries/sdk/drives/fsl_rtwdog.c:76:34
	strb	r0, [r2, #4]
	.loc	1 77 5 is_stmt 1                @ ../../libraries/sdk/drives/fsl_rtwdog.c:77:5
	ldr	r2, [sp, #4]
	.loc	1 77 34 is_stmt 0               @ ../../libraries/sdk/drives/fsl_rtwdog.c:77:34
	strb	r0, [r2, #5]
	.loc	1 78 5 is_stmt 1                @ ../../libraries/sdk/drives/fsl_rtwdog.c:78:5
	ldr	r2, [sp, #4]
	.loc	1 78 34 is_stmt 0               @ ../../libraries/sdk/drives/fsl_rtwdog.c:78:34
	strb	r0, [r2, #6]
	.loc	1 79 5 is_stmt 1                @ ../../libraries/sdk/drives/fsl_rtwdog.c:79:5
	ldr	r2, [sp, #4]
	.loc	1 79 34 is_stmt 0               @ ../../libraries/sdk/drives/fsl_rtwdog.c:79:34
	strb	r1, [r2, #7]
	.loc	1 80 5 is_stmt 1                @ ../../libraries/sdk/drives/fsl_rtwdog.c:80:5
	ldr	r1, [sp, #4]
	.loc	1 80 34 is_stmt 0               @ ../../libraries/sdk/drives/fsl_rtwdog.c:80:34
	strb	r0, [r1, #8]
	.loc	1 81 5 is_stmt 1                @ ../../libraries/sdk/drives/fsl_rtwdog.c:81:5
	ldr	r1, [sp, #4]
	.loc	1 81 34 is_stmt 0               @ ../../libraries/sdk/drives/fsl_rtwdog.c:81:34
	strb	r0, [r1, #9]
	.loc	1 82 5 is_stmt 1                @ ../../libraries/sdk/drives/fsl_rtwdog.c:82:5
	ldr	r1, [sp, #4]
	.loc	1 82 34 is_stmt 0               @ ../../libraries/sdk/drives/fsl_rtwdog.c:82:34
	strh	r0, [r1, #10]
	.loc	1 83 5 is_stmt 1                @ ../../libraries/sdk/drives/fsl_rtwdog.c:83:5
	ldr	r1, [sp, #4]
	movw	r0, #65535
	.loc	1 83 34 is_stmt 0               @ ../../libraries/sdk/drives/fsl_rtwdog.c:83:34
	strh	r0, [r1, #12]
	.loc	1 84 1 is_stmt 1                @ ../../libraries/sdk/drives/fsl_rtwdog.c:84:1
	add	sp, #8
	pop	{r7, pc}
.Ltmp5:
.Lfunc_end1:
	.size	RTWDOG_GetDefaultConfig, .Lfunc_end1-RTWDOG_GetDefaultConfig
	.cfi_endproc
	.cantunwind
	.fnend
                                        @ -- End function
	.section	CodeQuickAccess,"ax",%progbits
	.hidden	RTWDOG_Init                     @ -- Begin function RTWDOG_Init
	.globl	RTWDOG_Init
	.p2align	3
	.type	RTWDOG_Init,%function
	.code	16                              @ @RTWDOG_Init
	.thumb_func
RTWDOG_Init:
.Lfunc_begin2:
	.loc	1 106 0                         @ ../../libraries/sdk/drives/fsl_rtwdog.c:106:0
	.fnstart
	.cfi_startproc
@ %bb.0:
	.save	{r7, lr}
	push	{r7, lr}
	.cfi_def_cfa_offset 8
	.cfi_offset lr, -4
	.cfi_offset r7, -8
	.pad	#24
	sub	sp, #24
	.cfi_def_cfa_offset 32
	str	r0, [sp, #16]
	str	r1, [sp, #12]
.Ltmp6:
	.loc	1 107 5 prologue_end            @ ../../libraries/sdk/drives/fsl_rtwdog.c:107:5
	ldr	r0, [sp, #12]
	cbz	r0, .LBB2_2
	b	.LBB2_1
.LBB2_1:
	b	.LBB2_3
.LBB2_2:
	movw	r0, :lower16:.L.str.2
	movt	r0, :upper16:.L.str.2
	movw	r1, :lower16:.L.str.1
	movt	r1, :upper16:.L.str.1
	movs	r2, #107
	bl	__aeabi_assert
.LBB2_3:
	.loc	1 0 5 is_stmt 0                 @ ../../libraries/sdk/drives/fsl_rtwdog.c:0:5
	movs	r0, #0
	.loc	1 109 14 is_stmt 1              @ ../../libraries/sdk/drives/fsl_rtwdog.c:109:14
	str	r0, [sp, #8]
	.loc	1 110 14                        @ ../../libraries/sdk/drives/fsl_rtwdog.c:110:14
	str	r0, [sp, #4]
	.loc	1 112 13                        @ ../../libraries/sdk/drives/fsl_rtwdog.c:112:13
	ldr	r1, [sp, #12]
	str	r1, [sp]                        @ 4-byte Spill
	ldrb	r0, [r1]
	.loc	1 112 50 is_stmt 0              @ ../../libraries/sdk/drives/fsl_rtwdog.c:112:50
	ldrb.w	lr, [r1, #1]
	.loc	1 116 13 is_stmt 1              @ ../../libraries/sdk/drives/fsl_rtwdog.c:116:13
	ldrb	r2, [r1, #2]
	.loc	1 115 59                        @ ../../libraries/sdk/drives/fsl_rtwdog.c:115:59
	ldrb	r3, [r1, #3]
	.loc	1 112 13                        @ ../../libraries/sdk/drives/fsl_rtwdog.c:112:13
	and	r12, r0, #1
	mov.w	r0, #768
	.loc	1 112 50 is_stmt 0              @ ../../libraries/sdk/drives/fsl_rtwdog.c:112:50
	and.w	r0, r0, lr, lsl #8
	.loc	1 112 48                        @ ../../libraries/sdk/drives/fsl_rtwdog.c:112:48
	orr.w	r0, r0, r12, lsl #7
	.loc	1 113 13 is_stmt 1              @ ../../libraries/sdk/drives/fsl_rtwdog.c:113:13
	ldrb.w	r12, [r1, #8]
	and	r12, r12, #1
	.loc	1 112 85                        @ ../../libraries/sdk/drives/fsl_rtwdog.c:112:85
	orr.w	r0, r0, r12, lsl #6
	.loc	1 113 54                        @ ../../libraries/sdk/drives/fsl_rtwdog.c:113:54
	ldrb.w	r12, [r1, #9]
	and	r12, r12, #1
	.loc	1 113 52 is_stmt 0              @ ../../libraries/sdk/drives/fsl_rtwdog.c:113:52
	orr.w	r0, r0, r12, lsl #15
	.loc	1 114 13 is_stmt 1              @ ../../libraries/sdk/drives/fsl_rtwdog.c:114:13
	ldrb.w	r12, [r1, #7]
	and	r12, r12, #1
	.loc	1 113 94                        @ ../../libraries/sdk/drives/fsl_rtwdog.c:113:94
	orr.w	r0, r0, r12, lsl #5
	.loc	1 114 54                        @ ../../libraries/sdk/drives/fsl_rtwdog.c:114:54
	ldrb.w	r12, [r1, #5]
	and	r12, r12, #1
	.loc	1 114 52 is_stmt 0              @ ../../libraries/sdk/drives/fsl_rtwdog.c:114:52
	orr.w	r0, r0, r12, lsl #2
	.loc	1 115 13 is_stmt 1              @ ../../libraries/sdk/drives/fsl_rtwdog.c:115:13
	ldrb.w	r12, [r1, #4]
	and	r12, r12, #1
	.loc	1 114 98                        @ ../../libraries/sdk/drives/fsl_rtwdog.c:114:98
	add	r0, r12
	.loc	1 115 59                        @ ../../libraries/sdk/drives/fsl_rtwdog.c:115:59
	and	r3, r3, #1
	.loc	1 115 57 is_stmt 0              @ ../../libraries/sdk/drives/fsl_rtwdog.c:115:57
	orr.w	r0, r0, r3, lsl #1
	.loc	1 116 13 is_stmt 1              @ ../../libraries/sdk/drives/fsl_rtwdog.c:116:13
	and	r2, r2, #1
	.loc	1 115 103                       @ ../../libraries/sdk/drives/fsl_rtwdog.c:115:103
	orr.w	r0, r0, r2, lsl #12
	.loc	1 116 73                        @ ../../libraries/sdk/drives/fsl_rtwdog.c:116:73
	ldrb	r1, [r1, #6]
	and	r1, r1, #3
	.loc	1 116 47 is_stmt 0              @ ../../libraries/sdk/drives/fsl_rtwdog.c:116:47
	orr.w	r0, r0, r1, lsl #3
	.loc	1 116 71                        @ ../../libraries/sdk/drives/fsl_rtwdog.c:116:71
	orr	r0, r0, #8192
	.loc	1 112 11 is_stmt 1              @ ../../libraries/sdk/drives/fsl_rtwdog.c:112:11
	str	r0, [sp, #8]
	.loc	1 120 20                        @ ../../libraries/sdk/drives/fsl_rtwdog.c:120:20
	bl	DisableGlobalIRQ
	.loc	1 120 18 is_stmt 0              @ ../../libraries/sdk/drives/fsl_rtwdog.c:120:18
	str	r0, [sp, #4]
	.loc	1 121 19 is_stmt 1              @ ../../libraries/sdk/drives/fsl_rtwdog.c:121:19
	ldr	r0, [sp, #16]
	str	r0, [sp, #20]
.Ltmp7:
	.loc	2 366 11                        @ ../../libraries/sdk/drives/fsl_rtwdog.h:366:11
	ldr	r0, [sp, #20]
	.loc	2 366 17 is_stmt 0              @ ../../libraries/sdk/drives/fsl_rtwdog.h:366:17
	ldr	r0, [r0]
.Ltmp8:
	.loc	2 366 9                         @ ../../libraries/sdk/drives/fsl_rtwdog.h:366:9
	lsls	r0, r0, #18
	cmp	r0, #0
	bpl	.LBB2_5
	b	.LBB2_4
.LBB2_4:
.Ltmp9:
	.loc	2 368 9 is_stmt 1               @ ../../libraries/sdk/drives/fsl_rtwdog.h:368:9
	ldr	r1, [sp, #20]
	movw	r0, #50464
	movt	r0, #55592
	.loc	2 368 19 is_stmt 0              @ ../../libraries/sdk/drives/fsl_rtwdog.h:368:19
	str	r0, [r1, #4]
	.loc	2 369 5 is_stmt 1               @ ../../libraries/sdk/drives/fsl_rtwdog.h:369:5
	b	.LBB2_6
.Ltmp10:
.LBB2_5:
	.loc	2 372 9                         @ ../../libraries/sdk/drives/fsl_rtwdog.h:372:9
	ldr	r1, [sp, #20]
	movw	r0, #50464
	.loc	2 372 19 is_stmt 0              @ ../../libraries/sdk/drives/fsl_rtwdog.h:372:19
	str	r0, [r1, #4]
	.loc	2 373 9 is_stmt 1               @ ../../libraries/sdk/drives/fsl_rtwdog.h:373:9
	ldr	r1, [sp, #20]
	movw	r0, #55592
	.loc	2 373 19 is_stmt 0              @ ../../libraries/sdk/drives/fsl_rtwdog.h:373:19
	str	r0, [r1, #4]
	b	.LBB2_6
.Ltmp11:
.LBB2_6:
	.loc	2 375 5 is_stmt 1               @ ../../libraries/sdk/drives/fsl_rtwdog.h:375:5
	b	.LBB2_7
.LBB2_7:                                @ =>This Inner Loop Header: Depth=1
	.loc	2 375 13 is_stmt 0              @ ../../libraries/sdk/drives/fsl_rtwdog.h:375:13
	ldr	r0, [sp, #20]
	.loc	2 375 19                        @ ../../libraries/sdk/drives/fsl_rtwdog.h:375:19
	ldr	r0, [r0]
	.loc	2 375 5                         @ ../../libraries/sdk/drives/fsl_rtwdog.h:375:5
	lsls	r0, r0, #20
	cmp	r0, #0
	bmi	.LBB2_9
	b	.LBB2_8
.LBB2_8:                                @   in Loop: Header=BB2_7 Depth=1
	b	.LBB2_7
.Ltmp12:
.LBB2_9:
	.loc	1 122 19 is_stmt 1              @ ../../libraries/sdk/drives/fsl_rtwdog.c:122:19
	ldr	r0, [sp, #12]
	.loc	1 122 27 is_stmt 0              @ ../../libraries/sdk/drives/fsl_rtwdog.c:122:27
	ldrh	r0, [r0, #10]
	.loc	1 122 5                         @ ../../libraries/sdk/drives/fsl_rtwdog.c:122:5
	ldr	r1, [sp, #16]
	.loc	1 122 17                        @ ../../libraries/sdk/drives/fsl_rtwdog.c:122:17
	str	r0, [r1, #12]
	.loc	1 123 19 is_stmt 1              @ ../../libraries/sdk/drives/fsl_rtwdog.c:123:19
	ldr	r0, [sp, #12]
	.loc	1 123 27 is_stmt 0              @ ../../libraries/sdk/drives/fsl_rtwdog.c:123:27
	ldrh	r0, [r0, #12]
	.loc	1 123 5                         @ ../../libraries/sdk/drives/fsl_rtwdog.c:123:5
	ldr	r1, [sp, #16]
	.loc	1 123 17                        @ ../../libraries/sdk/drives/fsl_rtwdog.c:123:17
	str	r0, [r1, #8]
	.loc	1 124 19 is_stmt 1              @ ../../libraries/sdk/drives/fsl_rtwdog.c:124:19
	ldr	r0, [sp, #8]
	.loc	1 124 5 is_stmt 0               @ ../../libraries/sdk/drives/fsl_rtwdog.c:124:5
	ldr	r1, [sp, #16]
	.loc	1 124 17                        @ ../../libraries/sdk/drives/fsl_rtwdog.c:124:17
	str	r0, [r1]
	.loc	1 125 5 is_stmt 1               @ ../../libraries/sdk/drives/fsl_rtwdog.c:125:5
	b	.LBB2_10
.LBB2_10:                               @ =>This Inner Loop Header: Depth=1
	.loc	1 125 13 is_stmt 0              @ ../../libraries/sdk/drives/fsl_rtwdog.c:125:13
	ldr	r0, [sp, #16]
	.loc	1 125 19                        @ ../../libraries/sdk/drives/fsl_rtwdog.c:125:19
	ldr	r0, [r0]
	.loc	1 125 5                         @ ../../libraries/sdk/drives/fsl_rtwdog.c:125:5
	lsls	r0, r0, #21
	cmp	r0, #0
	bmi	.LBB2_12
	b	.LBB2_11
.LBB2_11:                               @   in Loop: Header=BB2_10 Depth=1
	b	.LBB2_10
.LBB2_12:
	.loc	1 128 21 is_stmt 1              @ ../../libraries/sdk/drives/fsl_rtwdog.c:128:21
	ldr	r0, [sp, #4]
	.loc	1 128 5 is_stmt 0               @ ../../libraries/sdk/drives/fsl_rtwdog.c:128:5
	bl	EnableGlobalIRQ
	.loc	1 129 1 is_stmt 1               @ ../../libraries/sdk/drives/fsl_rtwdog.c:129:1
	add	sp, #24
	pop	{r7, pc}
.Ltmp13:
.Lfunc_end2:
	.size	RTWDOG_Init, .Lfunc_end2-RTWDOG_Init
	.cfi_endproc
	.file	4 "E:\\FILE_SMART_CAR\\\346\231\272\350\203\275\350\247\206\350\247\211\\RT1064_Library-master\\RT1064_Library-master\\SeekFree_RT1064_Opensource_Library\\project\\mdk" "../../libraries/sdk/deceive/MIMXRT1064.h"
	.cantunwind
	.fnend
                                        @ -- End function
	.section	.text.DisableGlobalIRQ,"ax",%progbits
	.p2align	3                               @ -- Begin function DisableGlobalIRQ
	.type	DisableGlobalIRQ,%function
	.code	16                              @ @DisableGlobalIRQ
	.thumb_func
DisableGlobalIRQ:
.Lfunc_begin3:
	.file	5 "E:\\FILE_SMART_CAR\\\346\231\272\350\203\275\350\247\206\350\247\211\\RT1064_Library-master\\RT1064_Library-master\\SeekFree_RT1064_Opensource_Library\\project\\mdk" "../../libraries/sdk/drives/fsl_common_arm.h"
	.loc	5 580 0                         @ ../../libraries/sdk/drives/fsl_common_arm.h:580:0
	.fnstart
	.cfi_startproc
@ %bb.0:
	.pad	#12
	sub	sp, #12
	.cfi_def_cfa_offset 12
.Ltmp14:
	.file	6 "E:\\FILE_SMART_CAR\\\346\231\272\350\203\275\350\247\206\350\247\211\\RT1064_Library-master\\RT1064_Library-master\\SeekFree_RT1064_Opensource_Library\\project\\mdk" "../../libraries/sdk/CMSIS/Include/cmsis_armclang.h"
	.loc	6 377 3 prologue_end            @ ../../libraries/sdk/CMSIS/Include/cmsis_armclang.h:377:3
	@APP
	mrs	r0, primask
	@NO_APP
	str	r0, [sp, #4]
	.loc	6 378 10                        @ ../../libraries/sdk/CMSIS/Include/cmsis_armclang.h:378:10
	ldr	r0, [sp, #4]
.Ltmp15:
	.loc	5 588 14                        @ ../../libraries/sdk/drives/fsl_common_arm.h:588:14
	str	r0, [sp]
	.loc	5 590 5                         @ ../../libraries/sdk/drives/fsl_common_arm.h:590:5
	@APP
	mrs	r0, primask
	cpsid i

	@NO_APP
	str	r0, [sp, #8]
	.loc	5 592 12                        @ ../../libraries/sdk/drives/fsl_common_arm.h:592:12
	ldr	r0, [sp]
	.loc	5 592 5 is_stmt 0               @ ../../libraries/sdk/drives/fsl_common_arm.h:592:5
	add	sp, #12
	bx	lr
.Ltmp16:
.Lfunc_end3:
	.size	DisableGlobalIRQ, .Lfunc_end3-DisableGlobalIRQ
	.cfi_endproc
	.cantunwind
	.fnend
                                        @ -- End function
	.section	.text.EnableGlobalIRQ,"ax",%progbits
	.p2align	3                               @ -- Begin function EnableGlobalIRQ
	.type	EnableGlobalIRQ,%function
	.code	16                              @ @EnableGlobalIRQ
	.thumb_func
EnableGlobalIRQ:
.Lfunc_begin4:
	.loc	5 607 0 is_stmt 1               @ ../../libraries/sdk/drives/fsl_common_arm.h:607:0
	.fnstart
	.cfi_startproc
@ %bb.0:
	.pad	#8
	sub	sp, #8
	.cfi_def_cfa_offset 8
	str	r0, [sp]
.Ltmp17:
	.loc	5 611 19 prologue_end           @ ../../libraries/sdk/drives/fsl_common_arm.h:611:19
	ldr	r0, [sp]
	str	r0, [sp, #4]
.Ltmp18:
	.loc	6 405 46                        @ ../../libraries/sdk/CMSIS/Include/cmsis_armclang.h:405:46
	ldr	r0, [sp, #4]
	.loc	6 405 3 is_stmt 0               @ ../../libraries/sdk/CMSIS/Include/cmsis_armclang.h:405:3
	@APP
	msr	primask, r0
	@NO_APP
.Ltmp19:
	.loc	5 613 1 is_stmt 1               @ ../../libraries/sdk/drives/fsl_common_arm.h:613:1
	add	sp, #8
	bx	lr
.Ltmp20:
.Lfunc_end4:
	.size	EnableGlobalIRQ, .Lfunc_end4-EnableGlobalIRQ
	.cfi_endproc
	.cantunwind
	.fnend
                                        @ -- End function
	.section	.text.RTWDOG_Deinit,"ax",%progbits
	.hidden	RTWDOG_Deinit                   @ -- Begin function RTWDOG_Deinit
	.globl	RTWDOG_Deinit
	.p2align	3
	.type	RTWDOG_Deinit,%function
	.code	16                              @ @RTWDOG_Deinit
	.thumb_func
RTWDOG_Deinit:
.Lfunc_begin5:
	.loc	1 140 0                         @ ../../libraries/sdk/drives/fsl_rtwdog.c:140:0
	.fnstart
	.cfi_startproc
@ %bb.0:
	.save	{r7, lr}
	push	{r7, lr}
	.cfi_def_cfa_offset 8
	.cfi_offset lr, -4
	.cfi_offset r7, -8
	.pad	#16
	sub	sp, #16
	.cfi_def_cfa_offset 24
	str	r0, [sp, #8]
	movs	r0, #0
.Ltmp21:
	.loc	1 141 14 prologue_end           @ ../../libraries/sdk/drives/fsl_rtwdog.c:141:14
	str	r0, [sp, #4]
	.loc	1 144 20                        @ ../../libraries/sdk/drives/fsl_rtwdog.c:144:20
	bl	DisableGlobalIRQ
	.loc	1 144 18 is_stmt 0              @ ../../libraries/sdk/drives/fsl_rtwdog.c:144:18
	str	r0, [sp, #4]
	.loc	1 145 19 is_stmt 1              @ ../../libraries/sdk/drives/fsl_rtwdog.c:145:19
	ldr	r0, [sp, #8]
	str	r0, [sp, #12]
.Ltmp22:
	.loc	2 366 11                        @ ../../libraries/sdk/drives/fsl_rtwdog.h:366:11
	ldr	r0, [sp, #12]
	.loc	2 366 17 is_stmt 0              @ ../../libraries/sdk/drives/fsl_rtwdog.h:366:17
	ldr	r0, [r0]
.Ltmp23:
	.loc	2 366 9                         @ ../../libraries/sdk/drives/fsl_rtwdog.h:366:9
	lsls	r0, r0, #18
	cmp	r0, #0
	bpl	.LBB5_2
	b	.LBB5_1
.LBB5_1:
.Ltmp24:
	.loc	2 368 9 is_stmt 1               @ ../../libraries/sdk/drives/fsl_rtwdog.h:368:9
	ldr	r1, [sp, #12]
	movw	r0, #50464
	movt	r0, #55592
	.loc	2 368 19 is_stmt 0              @ ../../libraries/sdk/drives/fsl_rtwdog.h:368:19
	str	r0, [r1, #4]
	.loc	2 369 5 is_stmt 1               @ ../../libraries/sdk/drives/fsl_rtwdog.h:369:5
	b	.LBB5_3
.Ltmp25:
.LBB5_2:
	.loc	2 372 9                         @ ../../libraries/sdk/drives/fsl_rtwdog.h:372:9
	ldr	r1, [sp, #12]
	movw	r0, #50464
	.loc	2 372 19 is_stmt 0              @ ../../libraries/sdk/drives/fsl_rtwdog.h:372:19
	str	r0, [r1, #4]
	.loc	2 373 9 is_stmt 1               @ ../../libraries/sdk/drives/fsl_rtwdog.h:373:9
	ldr	r1, [sp, #12]
	movw	r0, #55592
	.loc	2 373 19 is_stmt 0              @ ../../libraries/sdk/drives/fsl_rtwdog.h:373:19
	str	r0, [r1, #4]
	b	.LBB5_3
.Ltmp26:
.LBB5_3:
	.loc	2 375 5 is_stmt 1               @ ../../libraries/sdk/drives/fsl_rtwdog.h:375:5
	b	.LBB5_4
.LBB5_4:                                @ =>This Inner Loop Header: Depth=1
	.loc	2 375 13 is_stmt 0              @ ../../libraries/sdk/drives/fsl_rtwdog.h:375:13
	ldr	r0, [sp, #12]
	.loc	2 375 19                        @ ../../libraries/sdk/drives/fsl_rtwdog.h:375:19
	ldr	r0, [r0]
	.loc	2 375 5                         @ ../../libraries/sdk/drives/fsl_rtwdog.h:375:5
	lsls	r0, r0, #20
	cmp	r0, #0
	bmi	.LBB5_6
	b	.LBB5_5
.LBB5_5:                                @   in Loop: Header=BB5_4 Depth=1
	b	.LBB5_4
.Ltmp27:
.LBB5_6:
	.loc	1 146 20 is_stmt 1              @ ../../libraries/sdk/drives/fsl_rtwdog.c:146:20
	ldr	r0, [sp, #8]
	.loc	1 146 5 is_stmt 0               @ ../../libraries/sdk/drives/fsl_rtwdog.c:146:5
	bl	RTWDOG_Disable
	.loc	1 147 21 is_stmt 1              @ ../../libraries/sdk/drives/fsl_rtwdog.c:147:21
	ldr	r0, [sp, #4]
	.loc	1 147 5 is_stmt 0               @ ../../libraries/sdk/drives/fsl_rtwdog.c:147:5
	bl	EnableGlobalIRQ
	.loc	1 148 1 is_stmt 1               @ ../../libraries/sdk/drives/fsl_rtwdog.c:148:1
	add	sp, #16
	pop	{r7, pc}
.Ltmp28:
.Lfunc_end5:
	.size	RTWDOG_Deinit, .Lfunc_end5-RTWDOG_Deinit
	.cfi_endproc
	.cantunwind
	.fnend
                                        @ -- End function
	.section	.text.RTWDOG_Disable,"ax",%progbits
	.p2align	3                               @ -- Begin function RTWDOG_Disable
	.type	RTWDOG_Disable,%function
	.code	16                              @ @RTWDOG_Disable
	.thumb_func
RTWDOG_Disable:
.Lfunc_begin6:
	.loc	2 212 0                         @ ../../libraries/sdk/drives/fsl_rtwdog.h:212:0
	.fnstart
	.cfi_startproc
@ %bb.0:
	.pad	#4
	sub	sp, #4
	.cfi_def_cfa_offset 4
	str	r0, [sp]
.Ltmp29:
	.loc	2 213 5 prologue_end            @ ../../libraries/sdk/drives/fsl_rtwdog.h:213:5
	ldr	r1, [sp]
	.loc	2 213 14 is_stmt 0              @ ../../libraries/sdk/drives/fsl_rtwdog.h:213:14
	ldr	r0, [r1]
	bic	r0, r0, #128
	str	r0, [r1]
	.loc	2 214 1 is_stmt 1               @ ../../libraries/sdk/drives/fsl_rtwdog.h:214:1
	add	sp, #4
	bx	lr
.Ltmp30:
.Lfunc_end6:
	.size	RTWDOG_Disable, .Lfunc_end6-RTWDOG_Disable
	.cfi_endproc
	.cantunwind
	.fnend
                                        @ -- End function
	.type	.L.str,%object                  @ @.str
	.section	.rodata.str1.1,"aMS",%progbits,1
.L.str:
	.asciz	"config != NULL"
	.size	.L.str, 15

	.type	.L.str.1,%object                @ @.str.1
.L.str.1:
	.asciz	"../../libraries/sdk/drives/fsl_rtwdog.c"
	.size	.L.str.1, 40

	.type	.L.str.2,%object                @ @.str.2
.L.str.2:
	.asciz	"NULL != config"
	.size	.L.str.2, 15

	.section	.debug_abbrev,"",%progbits
	.byte	1                               @ Abbreviation Code
	.byte	17                              @ DW_TAG_compile_unit
	.byte	1                               @ DW_CHILDREN_yes
	.byte	37                              @ DW_AT_producer
	.byte	14                              @ DW_FORM_strp
	.byte	19                              @ DW_AT_language
	.byte	5                               @ DW_FORM_data2
	.byte	3                               @ DW_AT_name
	.byte	14                              @ DW_FORM_strp
	.byte	16                              @ DW_AT_stmt_list
	.byte	23                              @ DW_FORM_sec_offset
	.byte	27                              @ DW_AT_comp_dir
	.byte	14                              @ DW_FORM_strp
	.byte	17                              @ DW_AT_low_pc
	.byte	1                               @ DW_FORM_addr
	.byte	85                              @ DW_AT_ranges
	.byte	23                              @ DW_FORM_sec_offset
	.byte	0                               @ EOM(1)
	.byte	0                               @ EOM(2)
	.byte	2                               @ Abbreviation Code
	.byte	52                              @ DW_TAG_variable
	.byte	0                               @ DW_CHILDREN_no
	.byte	73                              @ DW_AT_type
	.byte	19                              @ DW_FORM_ref4
	.byte	58                              @ DW_AT_decl_file
	.byte	11                              @ DW_FORM_data1
	.byte	59                              @ DW_AT_decl_line
	.byte	11                              @ DW_FORM_data1
	.byte	2                               @ DW_AT_location
	.byte	24                              @ DW_FORM_exprloc
	.byte	0                               @ EOM(1)
	.byte	0                               @ EOM(2)
	.byte	3                               @ Abbreviation Code
	.byte	1                               @ DW_TAG_array_type
	.byte	1                               @ DW_CHILDREN_yes
	.byte	73                              @ DW_AT_type
	.byte	19                              @ DW_FORM_ref4
	.byte	0                               @ EOM(1)
	.byte	0                               @ EOM(2)
	.byte	4                               @ Abbreviation Code
	.byte	33                              @ DW_TAG_subrange_type
	.byte	0                               @ DW_CHILDREN_no
	.byte	73                              @ DW_AT_type
	.byte	19                              @ DW_FORM_ref4
	.byte	55                              @ DW_AT_count
	.byte	11                              @ DW_FORM_data1
	.byte	0                               @ EOM(1)
	.byte	0                               @ EOM(2)
	.byte	5                               @ Abbreviation Code
	.byte	36                              @ DW_TAG_base_type
	.byte	0                               @ DW_CHILDREN_no
	.byte	3                               @ DW_AT_name
	.byte	14                              @ DW_FORM_strp
	.byte	62                              @ DW_AT_encoding
	.byte	11                              @ DW_FORM_data1
	.byte	11                              @ DW_AT_byte_size
	.byte	11                              @ DW_FORM_data1
	.byte	0                               @ EOM(1)
	.byte	0                               @ EOM(2)
	.byte	6                               @ Abbreviation Code
	.byte	36                              @ DW_TAG_base_type
	.byte	0                               @ DW_CHILDREN_no
	.byte	3                               @ DW_AT_name
	.byte	14                              @ DW_FORM_strp
	.byte	11                              @ DW_AT_byte_size
	.byte	11                              @ DW_FORM_data1
	.byte	62                              @ DW_AT_encoding
	.byte	11                              @ DW_FORM_data1
	.byte	0                               @ EOM(1)
	.byte	0                               @ EOM(2)
	.byte	7                               @ Abbreviation Code
	.byte	4                               @ DW_TAG_enumeration_type
	.byte	1                               @ DW_CHILDREN_yes
	.byte	73                              @ DW_AT_type
	.byte	19                              @ DW_FORM_ref4
	.byte	3                               @ DW_AT_name
	.byte	14                              @ DW_FORM_strp
	.byte	11                              @ DW_AT_byte_size
	.byte	11                              @ DW_FORM_data1
	.byte	58                              @ DW_AT_decl_file
	.byte	11                              @ DW_FORM_data1
	.byte	59                              @ DW_AT_decl_line
	.byte	11                              @ DW_FORM_data1
	.byte	0                               @ EOM(1)
	.byte	0                               @ EOM(2)
	.byte	8                               @ Abbreviation Code
	.byte	40                              @ DW_TAG_enumerator
	.byte	0                               @ DW_CHILDREN_no
	.byte	3                               @ DW_AT_name
	.byte	14                              @ DW_FORM_strp
	.byte	28                              @ DW_AT_const_value
	.byte	15                              @ DW_FORM_udata
	.byte	0                               @ EOM(1)
	.byte	0                               @ EOM(2)
	.byte	9                               @ Abbreviation Code
	.byte	22                              @ DW_TAG_typedef
	.byte	0                               @ DW_CHILDREN_no
	.byte	73                              @ DW_AT_type
	.byte	19                              @ DW_FORM_ref4
	.byte	3                               @ DW_AT_name
	.byte	14                              @ DW_FORM_strp
	.byte	58                              @ DW_AT_decl_file
	.byte	11                              @ DW_FORM_data1
	.byte	59                              @ DW_AT_decl_line
	.byte	11                              @ DW_FORM_data1
	.byte	0                               @ EOM(1)
	.byte	0                               @ EOM(2)
	.byte	10                              @ Abbreviation Code
	.byte	46                              @ DW_TAG_subprogram
	.byte	1                               @ DW_CHILDREN_yes
	.byte	17                              @ DW_AT_low_pc
	.byte	1                               @ DW_FORM_addr
	.byte	18                              @ DW_AT_high_pc
	.byte	6                               @ DW_FORM_data4
	.byte	64                              @ DW_AT_frame_base
	.byte	24                              @ DW_FORM_exprloc
	.byte	3                               @ DW_AT_name
	.byte	14                              @ DW_FORM_strp
	.byte	58                              @ DW_AT_decl_file
	.byte	11                              @ DW_FORM_data1
	.byte	59                              @ DW_AT_decl_line
	.byte	11                              @ DW_FORM_data1
	.byte	39                              @ DW_AT_prototyped
	.byte	25                              @ DW_FORM_flag_present
	.byte	63                              @ DW_AT_external
	.byte	25                              @ DW_FORM_flag_present
	.byte	0                               @ EOM(1)
	.byte	0                               @ EOM(2)
	.byte	11                              @ Abbreviation Code
	.byte	5                               @ DW_TAG_formal_parameter
	.byte	0                               @ DW_CHILDREN_no
	.byte	2                               @ DW_AT_location
	.byte	24                              @ DW_FORM_exprloc
	.byte	3                               @ DW_AT_name
	.byte	14                              @ DW_FORM_strp
	.byte	58                              @ DW_AT_decl_file
	.byte	11                              @ DW_FORM_data1
	.byte	59                              @ DW_AT_decl_line
	.byte	11                              @ DW_FORM_data1
	.byte	73                              @ DW_AT_type
	.byte	19                              @ DW_FORM_ref4
	.byte	0                               @ EOM(1)
	.byte	0                               @ EOM(2)
	.byte	12                              @ Abbreviation Code
	.byte	46                              @ DW_TAG_subprogram
	.byte	1                               @ DW_CHILDREN_yes
	.byte	3                               @ DW_AT_name
	.byte	14                              @ DW_FORM_strp
	.byte	58                              @ DW_AT_decl_file
	.byte	11                              @ DW_FORM_data1
	.byte	59                              @ DW_AT_decl_line
	.byte	5                               @ DW_FORM_data2
	.byte	39                              @ DW_AT_prototyped
	.byte	25                              @ DW_FORM_flag_present
	.byte	32                              @ DW_AT_inline
	.byte	11                              @ DW_FORM_data1
	.byte	0                               @ EOM(1)
	.byte	0                               @ EOM(2)
	.byte	13                              @ Abbreviation Code
	.byte	5                               @ DW_TAG_formal_parameter
	.byte	0                               @ DW_CHILDREN_no
	.byte	3                               @ DW_AT_name
	.byte	14                              @ DW_FORM_strp
	.byte	58                              @ DW_AT_decl_file
	.byte	11                              @ DW_FORM_data1
	.byte	59                              @ DW_AT_decl_line
	.byte	5                               @ DW_FORM_data2
	.byte	73                              @ DW_AT_type
	.byte	19                              @ DW_FORM_ref4
	.byte	0                               @ EOM(1)
	.byte	0                               @ EOM(2)
	.byte	14                              @ Abbreviation Code
	.byte	15                              @ DW_TAG_pointer_type
	.byte	0                               @ DW_CHILDREN_no
	.byte	73                              @ DW_AT_type
	.byte	19                              @ DW_FORM_ref4
	.byte	0                               @ EOM(1)
	.byte	0                               @ EOM(2)
	.byte	15                              @ Abbreviation Code
	.byte	22                              @ DW_TAG_typedef
	.byte	0                               @ DW_CHILDREN_no
	.byte	73                              @ DW_AT_type
	.byte	19                              @ DW_FORM_ref4
	.byte	3                               @ DW_AT_name
	.byte	14                              @ DW_FORM_strp
	.byte	58                              @ DW_AT_decl_file
	.byte	11                              @ DW_FORM_data1
	.byte	59                              @ DW_AT_decl_line
	.byte	5                               @ DW_FORM_data2
	.byte	0                               @ EOM(1)
	.byte	0                               @ EOM(2)
	.byte	16                              @ Abbreviation Code
	.byte	19                              @ DW_TAG_structure_type
	.byte	1                               @ DW_CHILDREN_yes
	.byte	11                              @ DW_AT_byte_size
	.byte	11                              @ DW_FORM_data1
	.byte	58                              @ DW_AT_decl_file
	.byte	11                              @ DW_FORM_data1
	.byte	59                              @ DW_AT_decl_line
	.byte	5                               @ DW_FORM_data2
	.byte	0                               @ EOM(1)
	.byte	0                               @ EOM(2)
	.byte	17                              @ Abbreviation Code
	.byte	13                              @ DW_TAG_member
	.byte	0                               @ DW_CHILDREN_no
	.byte	3                               @ DW_AT_name
	.byte	14                              @ DW_FORM_strp
	.byte	73                              @ DW_AT_type
	.byte	19                              @ DW_FORM_ref4
	.byte	58                              @ DW_AT_decl_file
	.byte	11                              @ DW_FORM_data1
	.byte	59                              @ DW_AT_decl_line
	.byte	5                               @ DW_FORM_data2
	.byte	56                              @ DW_AT_data_member_location
	.byte	11                              @ DW_FORM_data1
	.byte	0                               @ EOM(1)
	.byte	0                               @ EOM(2)
	.byte	18                              @ Abbreviation Code
	.byte	53                              @ DW_TAG_volatile_type
	.byte	0                               @ DW_CHILDREN_no
	.byte	73                              @ DW_AT_type
	.byte	19                              @ DW_FORM_ref4
	.byte	0                               @ EOM(1)
	.byte	0                               @ EOM(2)
	.byte	19                              @ Abbreviation Code
	.byte	52                              @ DW_TAG_variable
	.byte	0                               @ DW_CHILDREN_no
	.byte	2                               @ DW_AT_location
	.byte	24                              @ DW_FORM_exprloc
	.byte	3                               @ DW_AT_name
	.byte	14                              @ DW_FORM_strp
	.byte	58                              @ DW_AT_decl_file
	.byte	11                              @ DW_FORM_data1
	.byte	59                              @ DW_AT_decl_line
	.byte	11                              @ DW_FORM_data1
	.byte	73                              @ DW_AT_type
	.byte	19                              @ DW_FORM_ref4
	.byte	0                               @ EOM(1)
	.byte	0                               @ EOM(2)
	.byte	20                              @ Abbreviation Code
	.byte	29                              @ DW_TAG_inlined_subroutine
	.byte	1                               @ DW_CHILDREN_yes
	.byte	49                              @ DW_AT_abstract_origin
	.byte	19                              @ DW_FORM_ref4
	.byte	17                              @ DW_AT_low_pc
	.byte	1                               @ DW_FORM_addr
	.byte	18                              @ DW_AT_high_pc
	.byte	6                               @ DW_FORM_data4
	.byte	88                              @ DW_AT_call_file
	.byte	11                              @ DW_FORM_data1
	.byte	89                              @ DW_AT_call_line
	.byte	11                              @ DW_FORM_data1
	.byte	87                              @ DW_AT_call_column
	.byte	11                              @ DW_FORM_data1
	.byte	0                               @ EOM(1)
	.byte	0                               @ EOM(2)
	.byte	21                              @ Abbreviation Code
	.byte	5                               @ DW_TAG_formal_parameter
	.byte	0                               @ DW_CHILDREN_no
	.byte	2                               @ DW_AT_location
	.byte	24                              @ DW_FORM_exprloc
	.byte	49                              @ DW_AT_abstract_origin
	.byte	19                              @ DW_FORM_ref4
	.byte	0                               @ EOM(1)
	.byte	0                               @ EOM(2)
	.byte	22                              @ Abbreviation Code
	.byte	46                              @ DW_TAG_subprogram
	.byte	1                               @ DW_CHILDREN_yes
	.byte	3                               @ DW_AT_name
	.byte	14                              @ DW_FORM_strp
	.byte	58                              @ DW_AT_decl_file
	.byte	11                              @ DW_FORM_data1
	.byte	59                              @ DW_AT_decl_line
	.byte	5                               @ DW_FORM_data2
	.byte	39                              @ DW_AT_prototyped
	.byte	25                              @ DW_FORM_flag_present
	.byte	73                              @ DW_AT_type
	.byte	19                              @ DW_FORM_ref4
	.byte	32                              @ DW_AT_inline
	.byte	11                              @ DW_FORM_data1
	.byte	0                               @ EOM(1)
	.byte	0                               @ EOM(2)
	.byte	23                              @ Abbreviation Code
	.byte	52                              @ DW_TAG_variable
	.byte	0                               @ DW_CHILDREN_no
	.byte	3                               @ DW_AT_name
	.byte	14                              @ DW_FORM_strp
	.byte	58                              @ DW_AT_decl_file
	.byte	11                              @ DW_FORM_data1
	.byte	59                              @ DW_AT_decl_line
	.byte	5                               @ DW_FORM_data2
	.byte	73                              @ DW_AT_type
	.byte	19                              @ DW_FORM_ref4
	.byte	0                               @ EOM(1)
	.byte	0                               @ EOM(2)
	.byte	24                              @ Abbreviation Code
	.byte	46                              @ DW_TAG_subprogram
	.byte	1                               @ DW_CHILDREN_yes
	.byte	17                              @ DW_AT_low_pc
	.byte	1                               @ DW_FORM_addr
	.byte	18                              @ DW_AT_high_pc
	.byte	6                               @ DW_FORM_data4
	.byte	64                              @ DW_AT_frame_base
	.byte	24                              @ DW_FORM_exprloc
	.byte	3                               @ DW_AT_name
	.byte	14                              @ DW_FORM_strp
	.byte	58                              @ DW_AT_decl_file
	.byte	11                              @ DW_FORM_data1
	.byte	59                              @ DW_AT_decl_line
	.byte	5                               @ DW_FORM_data2
	.byte	39                              @ DW_AT_prototyped
	.byte	25                              @ DW_FORM_flag_present
	.byte	73                              @ DW_AT_type
	.byte	19                              @ DW_FORM_ref4
	.byte	0                               @ EOM(1)
	.byte	0                               @ EOM(2)
	.byte	25                              @ Abbreviation Code
	.byte	52                              @ DW_TAG_variable
	.byte	0                               @ DW_CHILDREN_no
	.byte	2                               @ DW_AT_location
	.byte	24                              @ DW_FORM_exprloc
	.byte	3                               @ DW_AT_name
	.byte	14                              @ DW_FORM_strp
	.byte	58                              @ DW_AT_decl_file
	.byte	11                              @ DW_FORM_data1
	.byte	59                              @ DW_AT_decl_line
	.byte	5                               @ DW_FORM_data2
	.byte	73                              @ DW_AT_type
	.byte	19                              @ DW_FORM_ref4
	.byte	0                               @ EOM(1)
	.byte	0                               @ EOM(2)
	.byte	26                              @ Abbreviation Code
	.byte	29                              @ DW_TAG_inlined_subroutine
	.byte	1                               @ DW_CHILDREN_yes
	.byte	49                              @ DW_AT_abstract_origin
	.byte	19                              @ DW_FORM_ref4
	.byte	17                              @ DW_AT_low_pc
	.byte	1                               @ DW_FORM_addr
	.byte	18                              @ DW_AT_high_pc
	.byte	6                               @ DW_FORM_data4
	.byte	88                              @ DW_AT_call_file
	.byte	11                              @ DW_FORM_data1
	.byte	89                              @ DW_AT_call_line
	.byte	5                               @ DW_FORM_data2
	.byte	87                              @ DW_AT_call_column
	.byte	11                              @ DW_FORM_data1
	.byte	0                               @ EOM(1)
	.byte	0                               @ EOM(2)
	.byte	27                              @ Abbreviation Code
	.byte	52                              @ DW_TAG_variable
	.byte	0                               @ DW_CHILDREN_no
	.byte	2                               @ DW_AT_location
	.byte	24                              @ DW_FORM_exprloc
	.byte	49                              @ DW_AT_abstract_origin
	.byte	19                              @ DW_FORM_ref4
	.byte	0                               @ EOM(1)
	.byte	0                               @ EOM(2)
	.byte	28                              @ Abbreviation Code
	.byte	46                              @ DW_TAG_subprogram
	.byte	1                               @ DW_CHILDREN_yes
	.byte	17                              @ DW_AT_low_pc
	.byte	1                               @ DW_FORM_addr
	.byte	18                              @ DW_AT_high_pc
	.byte	6                               @ DW_FORM_data4
	.byte	64                              @ DW_AT_frame_base
	.byte	24                              @ DW_FORM_exprloc
	.byte	3                               @ DW_AT_name
	.byte	14                              @ DW_FORM_strp
	.byte	58                              @ DW_AT_decl_file
	.byte	11                              @ DW_FORM_data1
	.byte	59                              @ DW_AT_decl_line
	.byte	5                               @ DW_FORM_data2
	.byte	39                              @ DW_AT_prototyped
	.byte	25                              @ DW_FORM_flag_present
	.byte	0                               @ EOM(1)
	.byte	0                               @ EOM(2)
	.byte	29                              @ Abbreviation Code
	.byte	5                               @ DW_TAG_formal_parameter
	.byte	0                               @ DW_CHILDREN_no
	.byte	2                               @ DW_AT_location
	.byte	24                              @ DW_FORM_exprloc
	.byte	3                               @ DW_AT_name
	.byte	14                              @ DW_FORM_strp
	.byte	58                              @ DW_AT_decl_file
	.byte	11                              @ DW_FORM_data1
	.byte	59                              @ DW_AT_decl_line
	.byte	5                               @ DW_FORM_data2
	.byte	73                              @ DW_AT_type
	.byte	19                              @ DW_FORM_ref4
	.byte	0                               @ EOM(1)
	.byte	0                               @ EOM(2)
	.byte	30                              @ Abbreviation Code
	.byte	46                              @ DW_TAG_subprogram
	.byte	1                               @ DW_CHILDREN_yes
	.byte	17                              @ DW_AT_low_pc
	.byte	1                               @ DW_FORM_addr
	.byte	18                              @ DW_AT_high_pc
	.byte	6                               @ DW_FORM_data4
	.byte	64                              @ DW_AT_frame_base
	.byte	24                              @ DW_FORM_exprloc
	.byte	3                               @ DW_AT_name
	.byte	14                              @ DW_FORM_strp
	.byte	58                              @ DW_AT_decl_file
	.byte	11                              @ DW_FORM_data1
	.byte	59                              @ DW_AT_decl_line
	.byte	11                              @ DW_FORM_data1
	.byte	39                              @ DW_AT_prototyped
	.byte	25                              @ DW_FORM_flag_present
	.byte	0                               @ EOM(1)
	.byte	0                               @ EOM(2)
	.byte	31                              @ Abbreviation Code
	.byte	19                              @ DW_TAG_structure_type
	.byte	1                               @ DW_CHILDREN_yes
	.byte	3                               @ DW_AT_name
	.byte	14                              @ DW_FORM_strp
	.byte	11                              @ DW_AT_byte_size
	.byte	11                              @ DW_FORM_data1
	.byte	58                              @ DW_AT_decl_file
	.byte	11                              @ DW_FORM_data1
	.byte	59                              @ DW_AT_decl_line
	.byte	11                              @ DW_FORM_data1
	.byte	0                               @ EOM(1)
	.byte	0                               @ EOM(2)
	.byte	32                              @ Abbreviation Code
	.byte	13                              @ DW_TAG_member
	.byte	0                               @ DW_CHILDREN_no
	.byte	3                               @ DW_AT_name
	.byte	14                              @ DW_FORM_strp
	.byte	73                              @ DW_AT_type
	.byte	19                              @ DW_FORM_ref4
	.byte	58                              @ DW_AT_decl_file
	.byte	11                              @ DW_FORM_data1
	.byte	59                              @ DW_AT_decl_line
	.byte	11                              @ DW_FORM_data1
	.byte	56                              @ DW_AT_data_member_location
	.byte	11                              @ DW_FORM_data1
	.byte	0                               @ EOM(1)
	.byte	0                               @ EOM(2)
	.byte	33                              @ Abbreviation Code
	.byte	38                              @ DW_TAG_const_type
	.byte	0                               @ DW_CHILDREN_no
	.byte	73                              @ DW_AT_type
	.byte	19                              @ DW_FORM_ref4
	.byte	0                               @ EOM(1)
	.byte	0                               @ EOM(2)
	.byte	0                               @ EOM(3)
	.section	.debug_info,"",%progbits
.Lcu_begin0:
	.long	.Ldebug_info_end0-.Ldebug_info_start0 @ Length of Unit
.Ldebug_info_start0:
	.short	4                               @ DWARF version number
	.long	.debug_abbrev                   @ Offset Into Abbrev. Section
	.byte	4                               @ Address Size (in bytes)
	.byte	1                               @ Abbrev [1] 0xb:0x438 DW_TAG_compile_unit
	.long	.Linfo_string0                  @ DW_AT_producer
	.short	12                              @ DW_AT_language
	.long	.Linfo_string1                  @ DW_AT_name
	.long	.Lline_table_start0             @ DW_AT_stmt_list
	.long	.Linfo_string2                  @ DW_AT_comp_dir
	.long	0                               @ DW_AT_low_pc
	.long	.Ldebug_ranges0                 @ DW_AT_ranges
	.byte	2                               @ Abbrev [2] 0x26:0xd DW_TAG_variable
	.long	51                              @ DW_AT_type
	.byte	1                               @ DW_AT_decl_file
	.byte	67                              @ DW_AT_decl_line
	.byte	5                               @ DW_AT_location
	.byte	3
	.long	.L.str
	.byte	3                               @ Abbrev [3] 0x33:0xc DW_TAG_array_type
	.long	63                              @ DW_AT_type
	.byte	4                               @ Abbrev [4] 0x38:0x6 DW_TAG_subrange_type
	.long	70                              @ DW_AT_type
	.byte	15                              @ DW_AT_count
	.byte	0                               @ End Of Children Mark
	.byte	5                               @ Abbrev [5] 0x3f:0x7 DW_TAG_base_type
	.long	.Linfo_string3                  @ DW_AT_name
	.byte	6                               @ DW_AT_encoding
	.byte	1                               @ DW_AT_byte_size
	.byte	6                               @ Abbrev [6] 0x46:0x7 DW_TAG_base_type
	.long	.Linfo_string4                  @ DW_AT_name
	.byte	8                               @ DW_AT_byte_size
	.byte	7                               @ DW_AT_encoding
	.byte	2                               @ Abbrev [2] 0x4d:0xd DW_TAG_variable
	.long	90                              @ DW_AT_type
	.byte	1                               @ DW_AT_decl_file
	.byte	67                              @ DW_AT_decl_line
	.byte	5                               @ DW_AT_location
	.byte	3
	.long	.L.str.1
	.byte	3                               @ Abbrev [3] 0x5a:0xc DW_TAG_array_type
	.long	63                              @ DW_AT_type
	.byte	4                               @ Abbrev [4] 0x5f:0x6 DW_TAG_subrange_type
	.long	70                              @ DW_AT_type
	.byte	40                              @ DW_AT_count
	.byte	0                               @ End Of Children Mark
	.byte	2                               @ Abbrev [2] 0x66:0xd DW_TAG_variable
	.long	51                              @ DW_AT_type
	.byte	1                               @ DW_AT_decl_file
	.byte	107                             @ DW_AT_decl_line
	.byte	5                               @ DW_AT_location
	.byte	3
	.long	.L.str.2
	.byte	7                               @ Abbrev [7] 0x73:0x1c DW_TAG_enumeration_type
	.long	143                             @ DW_AT_type
	.long	.Linfo_string8                  @ DW_AT_name
	.byte	2                               @ DW_AT_byte_size
	.byte	2                               @ DW_AT_decl_file
	.byte	101                             @ DW_AT_decl_line
	.byte	8                               @ Abbrev [8] 0x7f:0x7 DW_TAG_enumerator
	.long	.Linfo_string6                  @ DW_AT_name
	.ascii	"\200\001"                      @ DW_AT_const_value
	.byte	8                               @ Abbrev [8] 0x86:0x8 DW_TAG_enumerator
	.long	.Linfo_string7                  @ DW_AT_name
	.ascii	"\200\200\001"                  @ DW_AT_const_value
	.byte	0                               @ End Of Children Mark
	.byte	5                               @ Abbrev [5] 0x8f:0x7 DW_TAG_base_type
	.long	.Linfo_string5                  @ DW_AT_name
	.byte	7                               @ DW_AT_encoding
	.byte	2                               @ DW_AT_byte_size
	.byte	7                               @ Abbrev [7] 0x96:0x25 DW_TAG_enumeration_type
	.long	187                             @ DW_AT_type
	.long	.Linfo_string14                 @ DW_AT_name
	.byte	1                               @ DW_AT_byte_size
	.byte	2                               @ DW_AT_decl_file
	.byte	39                              @ DW_AT_decl_line
	.byte	8                               @ Abbrev [8] 0xa2:0x6 DW_TAG_enumerator
	.long	.Linfo_string10                 @ DW_AT_name
	.byte	0                               @ DW_AT_const_value
	.byte	8                               @ Abbrev [8] 0xa8:0x6 DW_TAG_enumerator
	.long	.Linfo_string11                 @ DW_AT_name
	.byte	1                               @ DW_AT_const_value
	.byte	8                               @ Abbrev [8] 0xae:0x6 DW_TAG_enumerator
	.long	.Linfo_string12                 @ DW_AT_name
	.byte	2                               @ DW_AT_const_value
	.byte	8                               @ Abbrev [8] 0xb4:0x6 DW_TAG_enumerator
	.long	.Linfo_string13                 @ DW_AT_name
	.byte	3                               @ DW_AT_const_value
	.byte	0                               @ End Of Children Mark
	.byte	5                               @ Abbrev [5] 0xbb:0x7 DW_TAG_base_type
	.long	.Linfo_string9                  @ DW_AT_name
	.byte	8                               @ DW_AT_encoding
	.byte	1                               @ DW_AT_byte_size
	.byte	7                               @ Abbrev [7] 0xc2:0x19 DW_TAG_enumeration_type
	.long	187                             @ DW_AT_type
	.long	.Linfo_string17                 @ DW_AT_name
	.byte	1                               @ DW_AT_byte_size
	.byte	2                               @ DW_AT_decl_file
	.byte	48                              @ DW_AT_decl_line
	.byte	8                               @ Abbrev [8] 0xce:0x6 DW_TAG_enumerator
	.long	.Linfo_string15                 @ DW_AT_name
	.byte	0                               @ DW_AT_const_value
	.byte	8                               @ Abbrev [8] 0xd4:0x6 DW_TAG_enumerator
	.long	.Linfo_string16                 @ DW_AT_name
	.byte	1                               @ DW_AT_const_value
	.byte	0                               @ End Of Children Mark
	.byte	7                               @ Abbrev [7] 0xdb:0x25 DW_TAG_enumeration_type
	.long	187                             @ DW_AT_type
	.long	.Linfo_string22                 @ DW_AT_name
	.byte	1                               @ DW_AT_byte_size
	.byte	2                               @ DW_AT_decl_file
	.byte	63                              @ DW_AT_decl_line
	.byte	8                               @ Abbrev [8] 0xe7:0x6 DW_TAG_enumerator
	.long	.Linfo_string18                 @ DW_AT_name
	.byte	0                               @ DW_AT_const_value
	.byte	8                               @ Abbrev [8] 0xed:0x6 DW_TAG_enumerator
	.long	.Linfo_string19                 @ DW_AT_name
	.byte	1                               @ DW_AT_const_value
	.byte	8                               @ Abbrev [8] 0xf3:0x6 DW_TAG_enumerator
	.long	.Linfo_string20                 @ DW_AT_name
	.byte	2                               @ DW_AT_const_value
	.byte	8                               @ Abbrev [8] 0xf9:0x6 DW_TAG_enumerator
	.long	.Linfo_string21                 @ DW_AT_name
	.byte	3                               @ DW_AT_const_value
	.byte	0                               @ End Of Children Mark
	.byte	9                               @ Abbrev [9] 0x100:0xb DW_TAG_typedef
	.long	267                             @ DW_AT_type
	.long	.Linfo_string24                 @ DW_AT_name
	.byte	3                               @ DW_AT_decl_file
	.byte	64                              @ DW_AT_decl_line
	.byte	5                               @ Abbrev [5] 0x10b:0x7 DW_TAG_base_type
	.long	.Linfo_string23                 @ DW_AT_name
	.byte	7                               @ DW_AT_encoding
	.byte	4                               @ DW_AT_byte_size
	.byte	10                              @ Abbrev [10] 0x112:0x2e DW_TAG_subprogram
	.long	.Lfunc_begin0                   @ DW_AT_low_pc
	.long	.Lfunc_end0-.Lfunc_begin0       @ DW_AT_high_pc
	.byte	1                               @ DW_AT_frame_base
	.byte	93
	.long	.Linfo_string36                 @ DW_AT_name
	.byte	1                               @ DW_AT_decl_file
	.byte	34                              @ DW_AT_decl_line
                                        @ DW_AT_prototyped
                                        @ DW_AT_external
	.byte	11                              @ Abbrev [11] 0x123:0xe DW_TAG_formal_parameter
	.byte	2                               @ DW_AT_location
	.byte	145
	.byte	4
	.long	.Linfo_string26                 @ DW_AT_name
	.byte	1                               @ DW_AT_decl_file
	.byte	34                              @ DW_AT_decl_line
	.long	374                             @ DW_AT_type
	.byte	11                              @ Abbrev [11] 0x131:0xe DW_TAG_formal_parameter
	.byte	2                               @ DW_AT_location
	.byte	145
	.byte	0
	.long	.Linfo_string43                 @ DW_AT_name
	.byte	1                               @ DW_AT_decl_file
	.byte	34                              @ DW_AT_decl_line
	.long	256                             @ DW_AT_type
	.byte	0                               @ End Of Children Mark
	.byte	10                              @ Abbrev [10] 0x140:0x20 DW_TAG_subprogram
	.long	.Lfunc_begin1                   @ DW_AT_low_pc
	.long	.Lfunc_end1-.Lfunc_begin1       @ DW_AT_high_pc
	.byte	1                               @ DW_AT_frame_base
	.byte	93
	.long	.Linfo_string37                 @ DW_AT_name
	.byte	1                               @ DW_AT_decl_file
	.byte	65                              @ DW_AT_decl_line
                                        @ DW_AT_prototyped
                                        @ DW_AT_external
	.byte	11                              @ Abbrev [11] 0x151:0xe DW_TAG_formal_parameter
	.byte	2                               @ DW_AT_location
	.byte	145
	.byte	4
	.long	.Linfo_string44                 @ DW_AT_name
	.byte	1                               @ DW_AT_decl_file
	.byte	65                              @ DW_AT_decl_line
	.long	828                             @ DW_AT_type
	.byte	0                               @ End Of Children Mark
	.byte	12                              @ Abbrev [12] 0x160:0x16 DW_TAG_subprogram
	.long	.Linfo_string25                 @ DW_AT_name
	.byte	2                               @ DW_AT_decl_file
	.short	364                             @ DW_AT_decl_line
                                        @ DW_AT_prototyped
	.byte	1                               @ DW_AT_inline
	.byte	13                              @ Abbrev [13] 0x169:0xc DW_TAG_formal_parameter
	.long	.Linfo_string26                 @ DW_AT_name
	.byte	2                               @ DW_AT_decl_file
	.short	364                             @ DW_AT_decl_line
	.long	374                             @ DW_AT_type
	.byte	0                               @ End Of Children Mark
	.byte	14                              @ Abbrev [14] 0x176:0x5 DW_TAG_pointer_type
	.long	379                             @ DW_AT_type
	.byte	15                              @ Abbrev [15] 0x17b:0xc DW_TAG_typedef
	.long	391                             @ DW_AT_type
	.long	.Linfo_string31                 @ DW_AT_name
	.byte	4                               @ DW_AT_decl_file
	.short	41725                           @ DW_AT_decl_line
	.byte	16                              @ Abbrev [16] 0x187:0x3a DW_TAG_structure_type
	.byte	16                              @ DW_AT_byte_size
	.byte	4                               @ DW_AT_decl_file
	.short	41720                           @ DW_AT_decl_line
	.byte	17                              @ Abbrev [17] 0x18c:0xd DW_TAG_member
	.long	.Linfo_string27                 @ DW_AT_name
	.long	449                             @ DW_AT_type
	.byte	4                               @ DW_AT_decl_file
	.short	41721                           @ DW_AT_decl_line
	.byte	0                               @ DW_AT_data_member_location
	.byte	17                              @ Abbrev [17] 0x199:0xd DW_TAG_member
	.long	.Linfo_string28                 @ DW_AT_name
	.long	449                             @ DW_AT_type
	.byte	4                               @ DW_AT_decl_file
	.short	41722                           @ DW_AT_decl_line
	.byte	4                               @ DW_AT_data_member_location
	.byte	17                              @ Abbrev [17] 0x1a6:0xd DW_TAG_member
	.long	.Linfo_string29                 @ DW_AT_name
	.long	449                             @ DW_AT_type
	.byte	4                               @ DW_AT_decl_file
	.short	41723                           @ DW_AT_decl_line
	.byte	8                               @ DW_AT_data_member_location
	.byte	17                              @ Abbrev [17] 0x1b3:0xd DW_TAG_member
	.long	.Linfo_string30                 @ DW_AT_name
	.long	449                             @ DW_AT_type
	.byte	4                               @ DW_AT_decl_file
	.short	41724                           @ DW_AT_decl_line
	.byte	12                              @ DW_AT_data_member_location
	.byte	0                               @ End Of Children Mark
	.byte	18                              @ Abbrev [18] 0x1c1:0x5 DW_TAG_volatile_type
	.long	256                             @ DW_AT_type
	.byte	10                              @ Abbrev [10] 0x1c6:0x63 DW_TAG_subprogram
	.long	.Lfunc_begin2                   @ DW_AT_low_pc
	.long	.Lfunc_end2-.Lfunc_begin2       @ DW_AT_high_pc
	.byte	1                               @ DW_AT_frame_base
	.byte	93
	.long	.Linfo_string38                 @ DW_AT_name
	.byte	1                               @ DW_AT_decl_file
	.byte	105                             @ DW_AT_decl_line
                                        @ DW_AT_prototyped
                                        @ DW_AT_external
	.byte	11                              @ Abbrev [11] 0x1d7:0xe DW_TAG_formal_parameter
	.byte	2                               @ DW_AT_location
	.byte	145
	.byte	16
	.long	.Linfo_string26                 @ DW_AT_name
	.byte	1                               @ DW_AT_decl_file
	.byte	105                             @ DW_AT_decl_line
	.long	374                             @ DW_AT_type
	.byte	11                              @ Abbrev [11] 0x1e5:0xe DW_TAG_formal_parameter
	.byte	2                               @ DW_AT_location
	.byte	145
	.byte	12
	.long	.Linfo_string44                 @ DW_AT_name
	.byte	1                               @ DW_AT_decl_file
	.byte	105                             @ DW_AT_decl_line
	.long	1080                            @ DW_AT_type
	.byte	19                              @ Abbrev [19] 0x1f3:0xe DW_TAG_variable
	.byte	2                               @ DW_AT_location
	.byte	145
	.byte	8
	.long	.Linfo_string67                 @ DW_AT_name
	.byte	1                               @ DW_AT_decl_file
	.byte	109                             @ DW_AT_decl_line
	.long	256                             @ DW_AT_type
	.byte	19                              @ Abbrev [19] 0x201:0xe DW_TAG_variable
	.byte	2                               @ DW_AT_location
	.byte	145
	.byte	4
	.long	.Linfo_string68                 @ DW_AT_name
	.byte	1                               @ DW_AT_decl_file
	.byte	110                             @ DW_AT_decl_line
	.long	256                             @ DW_AT_type
	.byte	20                              @ Abbrev [20] 0x20f:0x19 DW_TAG_inlined_subroutine
	.long	352                             @ DW_AT_abstract_origin
	.long	.Ltmp7                          @ DW_AT_low_pc
	.long	.Ltmp12-.Ltmp7                  @ DW_AT_high_pc
	.byte	1                               @ DW_AT_call_file
	.byte	121                             @ DW_AT_call_line
	.byte	5                               @ DW_AT_call_column
	.byte	21                              @ Abbrev [21] 0x21f:0x8 DW_TAG_formal_parameter
	.byte	2                               @ DW_AT_location
	.byte	145
	.byte	20
	.long	361                             @ DW_AT_abstract_origin
	.byte	0                               @ End Of Children Mark
	.byte	0                               @ End Of Children Mark
	.byte	22                              @ Abbrev [22] 0x229:0x1a DW_TAG_subprogram
	.long	.Linfo_string32                 @ DW_AT_name
	.byte	6                               @ DW_AT_decl_file
	.short	373                             @ DW_AT_decl_line
                                        @ DW_AT_prototyped
	.long	256                             @ DW_AT_type
	.byte	1                               @ DW_AT_inline
	.byte	23                              @ Abbrev [23] 0x236:0xc DW_TAG_variable
	.long	.Linfo_string33                 @ DW_AT_name
	.byte	6                               @ DW_AT_decl_file
	.short	375                             @ DW_AT_decl_line
	.long	256                             @ DW_AT_type
	.byte	0                               @ End Of Children Mark
	.byte	24                              @ Abbrev [24] 0x243:0x40 DW_TAG_subprogram
	.long	.Lfunc_begin3                   @ DW_AT_low_pc
	.long	.Lfunc_end3-.Lfunc_begin3       @ DW_AT_high_pc
	.byte	1                               @ DW_AT_frame_base
	.byte	93
	.long	.Linfo_string39                 @ DW_AT_name
	.byte	5                               @ DW_AT_decl_file
	.short	579                             @ DW_AT_decl_line
                                        @ DW_AT_prototyped
	.long	256                             @ DW_AT_type
	.byte	25                              @ Abbrev [25] 0x259:0xf DW_TAG_variable
	.byte	2                               @ DW_AT_location
	.byte	145
	.byte	0
	.long	.Linfo_string69                 @ DW_AT_name
	.byte	5                               @ DW_AT_decl_file
	.short	588                             @ DW_AT_decl_line
	.long	256                             @ DW_AT_type
	.byte	26                              @ Abbrev [26] 0x268:0x1a DW_TAG_inlined_subroutine
	.long	553                             @ DW_AT_abstract_origin
	.long	.Ltmp14                         @ DW_AT_low_pc
	.long	.Ltmp15-.Ltmp14                 @ DW_AT_high_pc
	.byte	5                               @ DW_AT_call_file
	.short	588                             @ DW_AT_call_line
	.byte	27                              @ DW_AT_call_column
	.byte	27                              @ Abbrev [27] 0x279:0x8 DW_TAG_variable
	.byte	2                               @ DW_AT_location
	.byte	145
	.byte	4
	.long	566                             @ DW_AT_abstract_origin
	.byte	0                               @ End Of Children Mark
	.byte	0                               @ End Of Children Mark
	.byte	12                              @ Abbrev [12] 0x283:0x16 DW_TAG_subprogram
	.long	.Linfo_string34                 @ DW_AT_name
	.byte	6                               @ DW_AT_decl_file
	.short	403                             @ DW_AT_decl_line
                                        @ DW_AT_prototyped
	.byte	1                               @ DW_AT_inline
	.byte	13                              @ Abbrev [13] 0x28c:0xc DW_TAG_formal_parameter
	.long	.Linfo_string35                 @ DW_AT_name
	.byte	6                               @ DW_AT_decl_file
	.short	403                             @ DW_AT_decl_line
	.long	256                             @ DW_AT_type
	.byte	0                               @ End Of Children Mark
	.byte	28                              @ Abbrev [28] 0x299:0x3c DW_TAG_subprogram
	.long	.Lfunc_begin4                   @ DW_AT_low_pc
	.long	.Lfunc_end4-.Lfunc_begin4       @ DW_AT_high_pc
	.byte	1                               @ DW_AT_frame_base
	.byte	93
	.long	.Linfo_string40                 @ DW_AT_name
	.byte	5                               @ DW_AT_decl_file
	.short	606                             @ DW_AT_decl_line
                                        @ DW_AT_prototyped
	.byte	29                              @ Abbrev [29] 0x2ab:0xf DW_TAG_formal_parameter
	.byte	2                               @ DW_AT_location
	.byte	145
	.byte	0
	.long	.Linfo_string70                 @ DW_AT_name
	.byte	5                               @ DW_AT_decl_file
	.short	606                             @ DW_AT_decl_line
	.long	256                             @ DW_AT_type
	.byte	26                              @ Abbrev [26] 0x2ba:0x1a DW_TAG_inlined_subroutine
	.long	643                             @ DW_AT_abstract_origin
	.long	.Ltmp18                         @ DW_AT_low_pc
	.long	.Ltmp19-.Ltmp18                 @ DW_AT_high_pc
	.byte	5                               @ DW_AT_call_file
	.short	611                             @ DW_AT_call_line
	.byte	5                               @ DW_AT_call_column
	.byte	21                              @ Abbrev [21] 0x2cb:0x8 DW_TAG_formal_parameter
	.byte	2                               @ DW_AT_location
	.byte	145
	.byte	4
	.long	652                             @ DW_AT_abstract_origin
	.byte	0                               @ End Of Children Mark
	.byte	0                               @ End Of Children Mark
	.byte	10                              @ Abbrev [10] 0x2d5:0x47 DW_TAG_subprogram
	.long	.Lfunc_begin5                   @ DW_AT_low_pc
	.long	.Lfunc_end5-.Lfunc_begin5       @ DW_AT_high_pc
	.byte	1                               @ DW_AT_frame_base
	.byte	93
	.long	.Linfo_string41                 @ DW_AT_name
	.byte	1                               @ DW_AT_decl_file
	.byte	139                             @ DW_AT_decl_line
                                        @ DW_AT_prototyped
                                        @ DW_AT_external
	.byte	11                              @ Abbrev [11] 0x2e6:0xe DW_TAG_formal_parameter
	.byte	2                               @ DW_AT_location
	.byte	145
	.byte	8
	.long	.Linfo_string26                 @ DW_AT_name
	.byte	1                               @ DW_AT_decl_file
	.byte	139                             @ DW_AT_decl_line
	.long	374                             @ DW_AT_type
	.byte	19                              @ Abbrev [19] 0x2f4:0xe DW_TAG_variable
	.byte	2                               @ DW_AT_location
	.byte	145
	.byte	4
	.long	.Linfo_string68                 @ DW_AT_name
	.byte	1                               @ DW_AT_decl_file
	.byte	141                             @ DW_AT_decl_line
	.long	256                             @ DW_AT_type
	.byte	20                              @ Abbrev [20] 0x302:0x19 DW_TAG_inlined_subroutine
	.long	352                             @ DW_AT_abstract_origin
	.long	.Ltmp22                         @ DW_AT_low_pc
	.long	.Ltmp27-.Ltmp22                 @ DW_AT_high_pc
	.byte	1                               @ DW_AT_call_file
	.byte	145                             @ DW_AT_call_line
	.byte	5                               @ DW_AT_call_column
	.byte	21                              @ Abbrev [21] 0x312:0x8 DW_TAG_formal_parameter
	.byte	2                               @ DW_AT_location
	.byte	145
	.byte	12
	.long	361                             @ DW_AT_abstract_origin
	.byte	0                               @ End Of Children Mark
	.byte	0                               @ End Of Children Mark
	.byte	30                              @ Abbrev [30] 0x31c:0x20 DW_TAG_subprogram
	.long	.Lfunc_begin6                   @ DW_AT_low_pc
	.long	.Lfunc_end6-.Lfunc_begin6       @ DW_AT_high_pc
	.byte	1                               @ DW_AT_frame_base
	.byte	93
	.long	.Linfo_string42                 @ DW_AT_name
	.byte	2                               @ DW_AT_decl_file
	.byte	211                             @ DW_AT_decl_line
                                        @ DW_AT_prototyped
	.byte	11                              @ Abbrev [11] 0x32d:0xe DW_TAG_formal_parameter
	.byte	2                               @ DW_AT_location
	.byte	145
	.byte	0
	.long	.Linfo_string26                 @ DW_AT_name
	.byte	2                               @ DW_AT_decl_file
	.byte	211                             @ DW_AT_decl_line
	.long	374                             @ DW_AT_type
	.byte	0                               @ End Of Children Mark
	.byte	14                              @ Abbrev [14] 0x33c:0x5 DW_TAG_pointer_type
	.long	833                             @ DW_AT_type
	.byte	9                               @ Abbrev [9] 0x341:0xb DW_TAG_typedef
	.long	844                             @ DW_AT_type
	.long	.Linfo_string66                 @ DW_AT_name
	.byte	2                               @ DW_AT_decl_file
	.byte	84                              @ DW_AT_decl_line
	.byte	31                              @ Abbrev [31] 0x34c:0x81 DW_TAG_structure_type
	.long	.Linfo_string65                 @ DW_AT_name
	.byte	14                              @ DW_AT_byte_size
	.byte	2                               @ DW_AT_decl_file
	.byte	72                              @ DW_AT_decl_line
	.byte	32                              @ Abbrev [32] 0x354:0xc DW_TAG_member
	.long	.Linfo_string45                 @ DW_AT_name
	.long	973                             @ DW_AT_type
	.byte	2                               @ DW_AT_decl_file
	.byte	74                              @ DW_AT_decl_line
	.byte	0                               @ DW_AT_data_member_location
	.byte	32                              @ Abbrev [32] 0x360:0xc DW_TAG_member
	.long	.Linfo_string47                 @ DW_AT_name
	.long	980                             @ DW_AT_type
	.byte	2                               @ DW_AT_decl_file
	.byte	75                              @ DW_AT_decl_line
	.byte	1                               @ DW_AT_data_member_location
	.byte	32                              @ Abbrev [32] 0x36c:0xc DW_TAG_member
	.long	.Linfo_string49                 @ DW_AT_name
	.long	991                             @ DW_AT_type
	.byte	2                               @ DW_AT_decl_file
	.byte	76                              @ DW_AT_decl_line
	.byte	2                               @ DW_AT_data_member_location
	.byte	32                              @ Abbrev [32] 0x378:0xc DW_TAG_member
	.long	.Linfo_string51                 @ DW_AT_name
	.long	1002                            @ DW_AT_type
	.byte	2                               @ DW_AT_decl_file
	.byte	77                              @ DW_AT_decl_line
	.byte	3                               @ DW_AT_data_member_location
	.byte	32                              @ Abbrev [32] 0x384:0xc DW_TAG_member
	.long	.Linfo_string57                 @ DW_AT_name
	.long	1058                            @ DW_AT_type
	.byte	2                               @ DW_AT_decl_file
	.byte	78                              @ DW_AT_decl_line
	.byte	6                               @ DW_AT_data_member_location
	.byte	32                              @ Abbrev [32] 0x390:0xc DW_TAG_member
	.long	.Linfo_string59                 @ DW_AT_name
	.long	973                             @ DW_AT_type
	.byte	2                               @ DW_AT_decl_file
	.byte	79                              @ DW_AT_decl_line
	.byte	7                               @ DW_AT_data_member_location
	.byte	32                              @ Abbrev [32] 0x39c:0xc DW_TAG_member
	.long	.Linfo_string60                 @ DW_AT_name
	.long	973                             @ DW_AT_type
	.byte	2                               @ DW_AT_decl_file
	.byte	80                              @ DW_AT_decl_line
	.byte	8                               @ DW_AT_data_member_location
	.byte	32                              @ Abbrev [32] 0x3a8:0xc DW_TAG_member
	.long	.Linfo_string61                 @ DW_AT_name
	.long	973                             @ DW_AT_type
	.byte	2                               @ DW_AT_decl_file
	.byte	81                              @ DW_AT_decl_line
	.byte	9                               @ DW_AT_data_member_location
	.byte	32                              @ Abbrev [32] 0x3b4:0xc DW_TAG_member
	.long	.Linfo_string62                 @ DW_AT_name
	.long	1069                            @ DW_AT_type
	.byte	2                               @ DW_AT_decl_file
	.byte	82                              @ DW_AT_decl_line
	.byte	10                              @ DW_AT_data_member_location
	.byte	32                              @ Abbrev [32] 0x3c0:0xc DW_TAG_member
	.long	.Linfo_string64                 @ DW_AT_name
	.long	1069                            @ DW_AT_type
	.byte	2                               @ DW_AT_decl_file
	.byte	83                              @ DW_AT_decl_line
	.byte	12                              @ DW_AT_data_member_location
	.byte	0                               @ End Of Children Mark
	.byte	5                               @ Abbrev [5] 0x3cd:0x7 DW_TAG_base_type
	.long	.Linfo_string46                 @ DW_AT_name
	.byte	2                               @ DW_AT_encoding
	.byte	1                               @ DW_AT_byte_size
	.byte	9                               @ Abbrev [9] 0x3d4:0xb DW_TAG_typedef
	.long	150                             @ DW_AT_type
	.long	.Linfo_string48                 @ DW_AT_name
	.byte	2                               @ DW_AT_decl_file
	.byte	45                              @ DW_AT_decl_line
	.byte	9                               @ Abbrev [9] 0x3df:0xb DW_TAG_typedef
	.long	194                             @ DW_AT_type
	.long	.Linfo_string50                 @ DW_AT_name
	.byte	2                               @ DW_AT_decl_file
	.byte	52                              @ DW_AT_decl_line
	.byte	9                               @ Abbrev [9] 0x3ea:0xb DW_TAG_typedef
	.long	1013                            @ DW_AT_type
	.long	.Linfo_string56                 @ DW_AT_name
	.byte	2                               @ DW_AT_decl_file
	.byte	60                              @ DW_AT_decl_line
	.byte	31                              @ Abbrev [31] 0x3f5:0x2d DW_TAG_structure_type
	.long	.Linfo_string55                 @ DW_AT_name
	.byte	3                               @ DW_AT_byte_size
	.byte	2                               @ DW_AT_decl_file
	.byte	55                              @ DW_AT_decl_line
	.byte	32                              @ Abbrev [32] 0x3fd:0xc DW_TAG_member
	.long	.Linfo_string52                 @ DW_AT_name
	.long	973                             @ DW_AT_type
	.byte	2                               @ DW_AT_decl_file
	.byte	57                              @ DW_AT_decl_line
	.byte	0                               @ DW_AT_data_member_location
	.byte	32                              @ Abbrev [32] 0x409:0xc DW_TAG_member
	.long	.Linfo_string53                 @ DW_AT_name
	.long	973                             @ DW_AT_type
	.byte	2                               @ DW_AT_decl_file
	.byte	58                              @ DW_AT_decl_line
	.byte	1                               @ DW_AT_data_member_location
	.byte	32                              @ Abbrev [32] 0x415:0xc DW_TAG_member
	.long	.Linfo_string54                 @ DW_AT_name
	.long	973                             @ DW_AT_type
	.byte	2                               @ DW_AT_decl_file
	.byte	59                              @ DW_AT_decl_line
	.byte	2                               @ DW_AT_data_member_location
	.byte	0                               @ End Of Children Mark
	.byte	9                               @ Abbrev [9] 0x422:0xb DW_TAG_typedef
	.long	219                             @ DW_AT_type
	.long	.Linfo_string58                 @ DW_AT_name
	.byte	2                               @ DW_AT_decl_file
	.byte	69                              @ DW_AT_decl_line
	.byte	9                               @ Abbrev [9] 0x42d:0xb DW_TAG_typedef
	.long	143                             @ DW_AT_type
	.long	.Linfo_string63                 @ DW_AT_name
	.byte	3                               @ DW_AT_decl_file
	.byte	63                              @ DW_AT_decl_line
	.byte	14                              @ Abbrev [14] 0x438:0x5 DW_TAG_pointer_type
	.long	1085                            @ DW_AT_type
	.byte	33                              @ Abbrev [33] 0x43d:0x5 DW_TAG_const_type
	.long	833                             @ DW_AT_type
	.byte	0                               @ End Of Children Mark
.Ldebug_info_end0:
	.section	.debug_ranges,"",%progbits
.Ldebug_ranges0:
	.long	.Lfunc_begin0
	.long	.Lfunc_end0
	.long	.Lfunc_begin1
	.long	.Lfunc_end1
	.long	.Lfunc_begin2
	.long	.Lfunc_end2
	.long	.Lfunc_begin3
	.long	.Lfunc_end3
	.long	.Lfunc_begin4
	.long	.Lfunc_end4
	.long	.Lfunc_begin5
	.long	.Lfunc_end5
	.long	.Lfunc_begin6
	.long	.Lfunc_end6
	.long	0
	.long	0
	.section	.debug_str,"MS",%progbits,1
.Linfo_string0:
	.asciz	"Component: Arm Compiler for Embedded 6.19 Tool: armclang [5e73cb00]" @ string offset=0
.Linfo_string1:
	.asciz	"../../libraries/sdk/drives\\fsl_rtwdog.c" @ string offset=68
.Linfo_string2:
	.asciz	"E:\\FILE_SMART_CAR\\\346\231\272\350\203\275\350\247\206\350\247\211\\RT1064_Library-master\\RT1064_Library-master\\SeekFree_RT1064_Opensource_Library\\project\\mdk" @ string offset=108
.Linfo_string3:
	.asciz	"char"                          @ string offset=230
.Linfo_string4:
	.asciz	"__ARRAY_SIZE_TYPE__"           @ string offset=235
.Linfo_string5:
	.asciz	"unsigned short"                @ string offset=255
.Linfo_string6:
	.asciz	"kRTWDOG_RunningFlag"           @ string offset=270
.Linfo_string7:
	.asciz	"kRTWDOG_InterruptFlag"         @ string offset=290
.Linfo_string8:
	.asciz	"_rtwdog_status_flags_t"        @ string offset=312
.Linfo_string9:
	.asciz	"unsigned char"                 @ string offset=335
.Linfo_string10:
	.asciz	"kRTWDOG_ClockSource0"          @ string offset=349
.Linfo_string11:
	.asciz	"kRTWDOG_ClockSource1"          @ string offset=370
.Linfo_string12:
	.asciz	"kRTWDOG_ClockSource2"          @ string offset=391
.Linfo_string13:
	.asciz	"kRTWDOG_ClockSource3"          @ string offset=412
.Linfo_string14:
	.asciz	"_rtwdog_clock_source"          @ string offset=433
.Linfo_string15:
	.asciz	"kRTWDOG_ClockPrescalerDivide1" @ string offset=454
.Linfo_string16:
	.asciz	"kRTWDOG_ClockPrescalerDivide256" @ string offset=484
.Linfo_string17:
	.asciz	"_rtwdog_clock_prescaler"       @ string offset=516
.Linfo_string18:
	.asciz	"kRTWDOG_TestModeDisabled"      @ string offset=540
.Linfo_string19:
	.asciz	"kRTWDOG_UserModeEnabled"       @ string offset=565
.Linfo_string20:
	.asciz	"kRTWDOG_LowByteTest"           @ string offset=589
.Linfo_string21:
	.asciz	"kRTWDOG_HighByteTest"          @ string offset=609
.Linfo_string22:
	.asciz	"_rtwdog_test_mode"             @ string offset=630
.Linfo_string23:
	.asciz	"unsigned int"                  @ string offset=648
.Linfo_string24:
	.asciz	"uint32_t"                      @ string offset=661
.Linfo_string25:
	.asciz	"RTWDOG_Unlock"                 @ string offset=670
.Linfo_string26:
	.asciz	"base"                          @ string offset=684
.Linfo_string27:
	.asciz	"CS"                            @ string offset=689
.Linfo_string28:
	.asciz	"CNT"                           @ string offset=692
.Linfo_string29:
	.asciz	"TOVAL"                         @ string offset=696
.Linfo_string30:
	.asciz	"WIN"                           @ string offset=702
.Linfo_string31:
	.asciz	"RTWDOG_Type"                   @ string offset=706
.Linfo_string32:
	.asciz	"__get_PRIMASK"                 @ string offset=718
.Linfo_string33:
	.asciz	"result"                        @ string offset=732
.Linfo_string34:
	.asciz	"__set_PRIMASK"                 @ string offset=739
.Linfo_string35:
	.asciz	"priMask"                       @ string offset=753
.Linfo_string36:
	.asciz	"RTWDOG_ClearStatusFlags"       @ string offset=761
.Linfo_string37:
	.asciz	"RTWDOG_GetDefaultConfig"       @ string offset=785
.Linfo_string38:
	.asciz	"RTWDOG_Init"                   @ string offset=809
.Linfo_string39:
	.asciz	"DisableGlobalIRQ"              @ string offset=821
.Linfo_string40:
	.asciz	"EnableGlobalIRQ"               @ string offset=838
.Linfo_string41:
	.asciz	"RTWDOG_Deinit"                 @ string offset=854
.Linfo_string42:
	.asciz	"RTWDOG_Disable"                @ string offset=868
.Linfo_string43:
	.asciz	"mask"                          @ string offset=883
.Linfo_string44:
	.asciz	"config"                        @ string offset=888
.Linfo_string45:
	.asciz	"enableRtwdog"                  @ string offset=895
.Linfo_string46:
	.asciz	"_Bool"                         @ string offset=908
.Linfo_string47:
	.asciz	"clockSource"                   @ string offset=914
.Linfo_string48:
	.asciz	"rtwdog_clock_source_t"         @ string offset=926
.Linfo_string49:
	.asciz	"prescaler"                     @ string offset=948
.Linfo_string50:
	.asciz	"rtwdog_clock_prescaler_t"      @ string offset=958
.Linfo_string51:
	.asciz	"workMode"                      @ string offset=983
.Linfo_string52:
	.asciz	"enableWait"                    @ string offset=992
.Linfo_string53:
	.asciz	"enableStop"                    @ string offset=1003
.Linfo_string54:
	.asciz	"enableDebug"                   @ string offset=1014
.Linfo_string55:
	.asciz	"_rtwdog_work_mode"             @ string offset=1026
.Linfo_string56:
	.asciz	"rtwdog_work_mode_t"            @ string offset=1044
.Linfo_string57:
	.asciz	"testMode"                      @ string offset=1063
.Linfo_string58:
	.asciz	"rtwdog_test_mode_t"            @ string offset=1072
.Linfo_string59:
	.asciz	"enableUpdate"                  @ string offset=1091
.Linfo_string60:
	.asciz	"enableInterrupt"               @ string offset=1104
.Linfo_string61:
	.asciz	"enableWindowMode"              @ string offset=1120
.Linfo_string62:
	.asciz	"windowValue"                   @ string offset=1137
.Linfo_string63:
	.asciz	"uint16_t"                      @ string offset=1149
.Linfo_string64:
	.asciz	"timeoutValue"                  @ string offset=1158
.Linfo_string65:
	.asciz	"_rtwdog_config"                @ string offset=1171
.Linfo_string66:
	.asciz	"rtwdog_config_t"               @ string offset=1186
.Linfo_string67:
	.asciz	"value"                         @ string offset=1202
.Linfo_string68:
	.asciz	"primaskValue"                  @ string offset=1208
.Linfo_string69:
	.asciz	"regPrimask"                    @ string offset=1221
.Linfo_string70:
	.asciz	"primask"                       @ string offset=1232
	.ident	"Component: Arm Compiler for Embedded 6.19 Tool: armclang [5e73cb00]"
	.section	".note.GNU-stack","",%progbits
	.eabi_attribute	30, 6	@ Tag_ABI_optimization_goals
	.ARM_attribute	16, 1	@ Tag_AV_eba
	.section	.debug_line,"",%progbits
.Lline_table_start0:
