	.text
	.syntax unified
	.eabi_attribute	67, "2.09"	@ Tag_conformance
	.cpu	cortex-m7
	.eabi_attribute	6, 13	@ Tag_CPU_arch
	.eabi_attribute	7, 77	@ Tag_CPU_arch_profile
	.eabi_attribute	8, 0	@ Tag_ARM_ISA_use
	.eabi_attribute	9, 2	@ Tag_THUMB_ISA_use
	.fpu	fpv5-d16
	.eabi_attribute	36, 1	@ Tag_FP_HP_extension
	.eabi_attribute	34, 1	@ Tag_CPU_unaligned_access
	.eabi_attribute	17, 1	@ Tag_ABI_PCS_GOT_use
	.eabi_attribute	20, 2	@ Tag_ABI_FP_denormal
	.eabi_attribute	21, 0	@ Tag_ABI_FP_exceptions
	.eabi_attribute	23, 1	@ Tag_ABI_FP_number_model
	.eabi_attribute	24, 1	@ Tag_ABI_align_needed
	.eabi_attribute	25, 1	@ Tag_ABI_align_preserved
	.eabi_attribute	28, 1	@ Tag_ABI_VFP_args
	.eabi_attribute	38, 1	@ Tag_ABI_FP_16bit_format
	.eabi_attribute	18, 2	@ Tag_ABI_PCS_wchar_t
	.eabi_attribute	26, 1	@ Tag_ABI_enum_size
	.eabi_attribute	14, 0	@ Tag_ABI_PCS_R9_use
	.file	"fsl_gpc.c"
	.file	1 "E:\\FILE_SMART_CAR\\\346\231\272\350\203\275\350\247\206\350\247\211\\RT1064_Library-master\\RT1064_Library-master\\SeekFree_RT1064_Opensource_Library\\project\\mdk" "../../libraries/sdk/drives/fsl_gpc.c"
	.section	.text.GPC_EnableIRQ,"ax",%progbits
	.hidden	GPC_EnableIRQ                   @ -- Begin function GPC_EnableIRQ
	.globl	GPC_EnableIRQ
	.p2align	3
	.type	GPC_EnableIRQ,%function
	.code	16                              @ @GPC_EnableIRQ
	.thumb_func
GPC_EnableIRQ:
.Lfunc_begin0:
	.loc	1 24 0                          @ ../../libraries/sdk/drives/fsl_gpc.c:24:0
	.fnstart
	.cfi_sections .debug_frame
	.cfi_startproc
@ %bb.0:
	.pad	#16
	sub	sp, #16
	.cfi_def_cfa_offset 16
	str	r0, [sp, #12]
	str	r1, [sp, #8]
.Ltmp0:
	.loc	1 25 31 prologue_end            @ ../../libraries/sdk/drives/fsl_gpc.c:25:31
	ldr	r0, [sp, #8]
	.loc	1 25 37 is_stmt 0               @ ../../libraries/sdk/drives/fsl_gpc.c:25:37
	lsrs	r0, r0, #5
	.loc	1 25 14                         @ ../../libraries/sdk/drives/fsl_gpc.c:25:14
	str	r0, [sp, #4]
	.loc	1 26 31 is_stmt 1               @ ../../libraries/sdk/drives/fsl_gpc.c:26:31
	ldr	r0, [sp, #8]
	.loc	1 26 37 is_stmt 0               @ ../../libraries/sdk/drives/fsl_gpc.c:26:37
	and	r0, r0, #31
	.loc	1 26 14                         @ ../../libraries/sdk/drives/fsl_gpc.c:26:14
	str	r0, [sp]
	.loc	1 28 5 is_stmt 1                @ ../../libraries/sdk/drives/fsl_gpc.c:28:5
	ldr	r0, [sp, #4]
	cmp	r0, #4
	bhi	.LBB0_2
	b	.LBB0_1
.LBB0_1:
	b	.LBB0_3
.LBB0_2:
	movw	r0, :lower16:.L.str
	movt	r0, :upper16:.L.str
	movw	r1, :lower16:.L.str.1
	movt	r1, :upper16:.L.str.1
	movs	r2, #28
	bl	__aeabi_assert
.LBB0_3:
	ldr	r0, [sp, #4]
	.loc	1 31 9                          @ ../../libraries/sdk/drives/fsl_gpc.c:31:9
	cmp	r0, #4
	bne	.LBB0_5
	b	.LBB0_4
.LBB0_4:
.Ltmp1:
	.loc	1 33 32                         @ ../../libraries/sdk/drives/fsl_gpc.c:33:32
	ldr	r1, [sp]
	movs	r0, #1
	.loc	1 33 29 is_stmt 0               @ ../../libraries/sdk/drives/fsl_gpc.c:33:29
	lsl.w	r2, r0, r1
	.loc	1 33 9                          @ ../../libraries/sdk/drives/fsl_gpc.c:33:9
	ldr	r1, [sp, #12]
	.loc	1 33 20                         @ ../../libraries/sdk/drives/fsl_gpc.c:33:20
	ldr	r0, [r1, #52]
	bics	r0, r2
	str	r0, [r1, #52]
	.loc	1 34 5 is_stmt 1                @ ../../libraries/sdk/drives/fsl_gpc.c:34:5
	b	.LBB0_6
.Ltmp2:
.LBB0_5:
	.loc	1 37 42                         @ ../../libraries/sdk/drives/fsl_gpc.c:37:42
	ldr	r1, [sp]
	movs	r0, #1
	.loc	1 37 39 is_stmt 0               @ ../../libraries/sdk/drives/fsl_gpc.c:37:39
	lsl.w	r2, r0, r1
	.loc	1 37 9                          @ ../../libraries/sdk/drives/fsl_gpc.c:37:9
	ldr	r0, [sp, #12]
	.loc	1 37 19                         @ ../../libraries/sdk/drives/fsl_gpc.c:37:19
	ldr	r1, [sp, #4]
	.loc	1 37 15                         @ ../../libraries/sdk/drives/fsl_gpc.c:37:15
	add.w	r1, r0, r1, lsl #2
	.loc	1 37 30                         @ ../../libraries/sdk/drives/fsl_gpc.c:37:30
	ldr	r0, [r1, #8]
	bics	r0, r2
	str	r0, [r1, #8]
	b	.LBB0_6
.Ltmp3:
.LBB0_6:
	.loc	1 43 1 is_stmt 1                @ ../../libraries/sdk/drives/fsl_gpc.c:43:1
	add	sp, #16
	bx	lr
.Ltmp4:
.Lfunc_end0:
	.size	GPC_EnableIRQ, .Lfunc_end0-GPC_EnableIRQ
	.cfi_endproc
	.cantunwind
	.fnend
                                        @ -- End function
	.section	.text.GPC_DisableIRQ,"ax",%progbits
	.hidden	GPC_DisableIRQ                  @ -- Begin function GPC_DisableIRQ
	.globl	GPC_DisableIRQ
	.p2align	3
	.type	GPC_DisableIRQ,%function
	.code	16                              @ @GPC_DisableIRQ
	.thumb_func
GPC_DisableIRQ:
.Lfunc_begin1:
	.loc	1 52 0                          @ ../../libraries/sdk/drives/fsl_gpc.c:52:0
	.fnstart
	.cfi_startproc
@ %bb.0:
	.pad	#16
	sub	sp, #16
	.cfi_def_cfa_offset 16
	str	r0, [sp, #12]
	str	r1, [sp, #8]
.Ltmp5:
	.loc	1 53 31 prologue_end            @ ../../libraries/sdk/drives/fsl_gpc.c:53:31
	ldr	r0, [sp, #8]
	.loc	1 53 37 is_stmt 0               @ ../../libraries/sdk/drives/fsl_gpc.c:53:37
	lsrs	r0, r0, #5
	.loc	1 53 14                         @ ../../libraries/sdk/drives/fsl_gpc.c:53:14
	str	r0, [sp, #4]
	.loc	1 54 31 is_stmt 1               @ ../../libraries/sdk/drives/fsl_gpc.c:54:31
	ldr	r0, [sp, #8]
	.loc	1 54 37 is_stmt 0               @ ../../libraries/sdk/drives/fsl_gpc.c:54:37
	and	r0, r0, #31
	.loc	1 54 14                         @ ../../libraries/sdk/drives/fsl_gpc.c:54:14
	str	r0, [sp]
	.loc	1 56 5 is_stmt 1                @ ../../libraries/sdk/drives/fsl_gpc.c:56:5
	ldr	r0, [sp, #4]
	cmp	r0, #4
	bhi	.LBB1_2
	b	.LBB1_1
.LBB1_1:
	b	.LBB1_3
.LBB1_2:
	movw	r0, :lower16:.L.str
	movt	r0, :upper16:.L.str
	movw	r1, :lower16:.L.str.1
	movt	r1, :upper16:.L.str.1
	movs	r2, #56
	bl	__aeabi_assert
.LBB1_3:
	ldr	r0, [sp, #4]
	.loc	1 59 9                          @ ../../libraries/sdk/drives/fsl_gpc.c:59:9
	cmp	r0, #4
	bne	.LBB1_5
	b	.LBB1_4
.LBB1_4:
.Ltmp6:
	.loc	1 61 31                         @ ../../libraries/sdk/drives/fsl_gpc.c:61:31
	ldr	r1, [sp]
	movs	r0, #1
	.loc	1 61 28 is_stmt 0               @ ../../libraries/sdk/drives/fsl_gpc.c:61:28
	lsl.w	r2, r0, r1
	.loc	1 61 9                          @ ../../libraries/sdk/drives/fsl_gpc.c:61:9
	ldr	r1, [sp, #12]
	.loc	1 61 20                         @ ../../libraries/sdk/drives/fsl_gpc.c:61:20
	ldr	r0, [r1, #52]
	orrs	r0, r2
	str	r0, [r1, #52]
	.loc	1 62 5 is_stmt 1                @ ../../libraries/sdk/drives/fsl_gpc.c:62:5
	b	.LBB1_6
.Ltmp7:
.LBB1_5:
	.loc	1 65 41                         @ ../../libraries/sdk/drives/fsl_gpc.c:65:41
	ldr	r1, [sp]
	movs	r0, #1
	.loc	1 65 38 is_stmt 0               @ ../../libraries/sdk/drives/fsl_gpc.c:65:38
	lsl.w	r2, r0, r1
	.loc	1 65 9                          @ ../../libraries/sdk/drives/fsl_gpc.c:65:9
	ldr	r0, [sp, #12]
	.loc	1 65 19                         @ ../../libraries/sdk/drives/fsl_gpc.c:65:19
	ldr	r1, [sp, #4]
	.loc	1 65 15                         @ ../../libraries/sdk/drives/fsl_gpc.c:65:15
	add.w	r1, r0, r1, lsl #2
	.loc	1 65 30                         @ ../../libraries/sdk/drives/fsl_gpc.c:65:30
	ldr	r0, [r1, #8]
	orrs	r0, r2
	str	r0, [r1, #8]
	b	.LBB1_6
.Ltmp8:
.LBB1_6:
	.loc	1 71 1 is_stmt 1                @ ../../libraries/sdk/drives/fsl_gpc.c:71:1
	add	sp, #16
	bx	lr
.Ltmp9:
.Lfunc_end1:
	.size	GPC_DisableIRQ, .Lfunc_end1-GPC_DisableIRQ
	.cfi_endproc
	.cantunwind
	.fnend
                                        @ -- End function
	.section	.text.GPC_GetIRQStatusFlag,"ax",%progbits
	.hidden	GPC_GetIRQStatusFlag            @ -- Begin function GPC_GetIRQStatusFlag
	.globl	GPC_GetIRQStatusFlag
	.p2align	3
	.type	GPC_GetIRQStatusFlag,%function
	.code	16                              @ @GPC_GetIRQStatusFlag
	.thumb_func
GPC_GetIRQStatusFlag:
.Lfunc_begin2:
	.loc	1 81 0                          @ ../../libraries/sdk/drives/fsl_gpc.c:81:0
	.fnstart
	.cfi_startproc
@ %bb.0:
	.pad	#24
	sub	sp, #24
	.cfi_def_cfa_offset 24
	str	r0, [sp, #20]
	str	r1, [sp, #16]
.Ltmp10:
	.loc	1 82 31 prologue_end            @ ../../libraries/sdk/drives/fsl_gpc.c:82:31
	ldr	r0, [sp, #16]
	.loc	1 82 37 is_stmt 0               @ ../../libraries/sdk/drives/fsl_gpc.c:82:37
	lsrs	r0, r0, #5
	.loc	1 82 14                         @ ../../libraries/sdk/drives/fsl_gpc.c:82:14
	str	r0, [sp, #12]
	.loc	1 83 31 is_stmt 1               @ ../../libraries/sdk/drives/fsl_gpc.c:83:31
	ldr	r0, [sp, #16]
	.loc	1 83 37 is_stmt 0               @ ../../libraries/sdk/drives/fsl_gpc.c:83:37
	and	r0, r0, #31
	.loc	1 83 14                         @ ../../libraries/sdk/drives/fsl_gpc.c:83:14
	str	r0, [sp, #8]
	.loc	1 86 5 is_stmt 1                @ ../../libraries/sdk/drives/fsl_gpc.c:86:5
	ldr	r0, [sp, #12]
	cmp	r0, #4
	bhi	.LBB2_2
	b	.LBB2_1
.LBB2_1:
	b	.LBB2_3
.LBB2_2:
	movw	r0, :lower16:.L.str
	movt	r0, :upper16:.L.str
	movw	r1, :lower16:.L.str.1
	movt	r1, :upper16:.L.str.1
	movs	r2, #86
	bl	__aeabi_assert
.LBB2_3:
	ldr	r0, [sp, #12]
	.loc	1 89 9                          @ ../../libraries/sdk/drives/fsl_gpc.c:89:9
	cmp	r0, #4
	bne	.LBB2_5
	b	.LBB2_4
.LBB2_4:
.Ltmp11:
	.loc	1 91 15                         @ ../../libraries/sdk/drives/fsl_gpc.c:91:15
	ldr	r0, [sp, #20]
	.loc	1 91 21 is_stmt 0               @ ../../libraries/sdk/drives/fsl_gpc.c:91:21
	ldr	r0, [r0, #56]
	.loc	1 91 36                         @ ../../libraries/sdk/drives/fsl_gpc.c:91:36
	ldr	r2, [sp, #8]
	movs	r1, #1
	.loc	1 91 33                         @ ../../libraries/sdk/drives/fsl_gpc.c:91:33
	lsls	r1, r2
	.loc	1 91 26                         @ ../../libraries/sdk/drives/fsl_gpc.c:91:26
	ands	r0, r1
	.loc	1 91 13                         @ ../../libraries/sdk/drives/fsl_gpc.c:91:13
	str	r0, [sp, #4]
	.loc	1 92 5 is_stmt 1                @ ../../libraries/sdk/drives/fsl_gpc.c:92:5
	b	.LBB2_6
.Ltmp12:
.LBB2_5:
	.loc	1 95 15                         @ ../../libraries/sdk/drives/fsl_gpc.c:95:15
	ldr	r0, [sp, #20]
	.loc	1 95 25 is_stmt 0               @ ../../libraries/sdk/drives/fsl_gpc.c:95:25
	ldr	r1, [sp, #12]
	.loc	1 95 21                         @ ../../libraries/sdk/drives/fsl_gpc.c:95:21
	add.w	r0, r0, r1, lsl #2
	.loc	1 95 15                         @ ../../libraries/sdk/drives/fsl_gpc.c:95:15
	ldr	r0, [r0, #24]
	.loc	1 95 46                         @ ../../libraries/sdk/drives/fsl_gpc.c:95:46
	ldr	r2, [sp, #8]
	movs	r1, #1
	.loc	1 95 43                         @ ../../libraries/sdk/drives/fsl_gpc.c:95:43
	lsls	r1, r2
	.loc	1 95 36                         @ ../../libraries/sdk/drives/fsl_gpc.c:95:36
	ands	r0, r1
	.loc	1 95 13                         @ ../../libraries/sdk/drives/fsl_gpc.c:95:13
	str	r0, [sp, #4]
	b	.LBB2_6
.Ltmp13:
.LBB2_6:
	.loc	1 102 20 is_stmt 1              @ ../../libraries/sdk/drives/fsl_gpc.c:102:20
	ldr	r1, [sp, #8]
	movs	r0, #1
	.loc	1 102 17 is_stmt 0              @ ../../libraries/sdk/drives/fsl_gpc.c:102:17
	lsl.w	r1, r0, r1
	.loc	1 102 39                        @ ../../libraries/sdk/drives/fsl_gpc.c:102:39
	ldr	r0, [sp, #4]
	.loc	1 102 36                        @ ../../libraries/sdk/drives/fsl_gpc.c:102:36
	subs	r0, r0, r1
	clz	r0, r0
	lsrs	r0, r0, #5
	.loc	1 102 5                         @ ../../libraries/sdk/drives/fsl_gpc.c:102:5
	add	sp, #24
	bx	lr
.Ltmp14:
.Lfunc_end2:
	.size	GPC_GetIRQStatusFlag, .Lfunc_end2-GPC_GetIRQStatusFlag
	.cfi_endproc
	.cantunwind
	.fnend
                                        @ -- End function
	.type	.L.str,%object                  @ @.str
	.section	.rodata.str1.1,"aMS",%progbits,1
.L.str:
	.asciz	"irqRegNum <= GPC_IMR_COUNT"
	.size	.L.str, 27

	.type	.L.str.1,%object                @ @.str.1
.L.str.1:
	.asciz	"../../libraries/sdk/drives/fsl_gpc.c"
	.size	.L.str.1, 37

	.file	2 "D:\\KEIL\\ARM\\ARMCLANG\\Bin\\..\\include" "stdint.h"
	.file	3 "E:\\FILE_SMART_CAR\\\346\231\272\350\203\275\350\247\206\350\247\211\\RT1064_Library-master\\RT1064_Library-master\\SeekFree_RT1064_Opensource_Library\\project\\mdk" "../../libraries/sdk/deceive/MIMXRT1064.h"
	.section	.debug_abbrev,"",%progbits
	.byte	1                               @ Abbreviation Code
	.byte	17                              @ DW_TAG_compile_unit
	.byte	1                               @ DW_CHILDREN_yes
	.byte	37                              @ DW_AT_producer
	.byte	14                              @ DW_FORM_strp
	.byte	19                              @ DW_AT_language
	.byte	5                               @ DW_FORM_data2
	.byte	3                               @ DW_AT_name
	.byte	14                              @ DW_FORM_strp
	.byte	16                              @ DW_AT_stmt_list
	.byte	23                              @ DW_FORM_sec_offset
	.byte	27                              @ DW_AT_comp_dir
	.byte	14                              @ DW_FORM_strp
	.byte	17                              @ DW_AT_low_pc
	.byte	1                               @ DW_FORM_addr
	.byte	85                              @ DW_AT_ranges
	.byte	23                              @ DW_FORM_sec_offset
	.byte	0                               @ EOM(1)
	.byte	0                               @ EOM(2)
	.byte	2                               @ Abbreviation Code
	.byte	52                              @ DW_TAG_variable
	.byte	0                               @ DW_CHILDREN_no
	.byte	73                              @ DW_AT_type
	.byte	19                              @ DW_FORM_ref4
	.byte	58                              @ DW_AT_decl_file
	.byte	11                              @ DW_FORM_data1
	.byte	59                              @ DW_AT_decl_line
	.byte	11                              @ DW_FORM_data1
	.byte	2                               @ DW_AT_location
	.byte	24                              @ DW_FORM_exprloc
	.byte	0                               @ EOM(1)
	.byte	0                               @ EOM(2)
	.byte	3                               @ Abbreviation Code
	.byte	1                               @ DW_TAG_array_type
	.byte	1                               @ DW_CHILDREN_yes
	.byte	73                              @ DW_AT_type
	.byte	19                              @ DW_FORM_ref4
	.byte	0                               @ EOM(1)
	.byte	0                               @ EOM(2)
	.byte	4                               @ Abbreviation Code
	.byte	33                              @ DW_TAG_subrange_type
	.byte	0                               @ DW_CHILDREN_no
	.byte	73                              @ DW_AT_type
	.byte	19                              @ DW_FORM_ref4
	.byte	55                              @ DW_AT_count
	.byte	11                              @ DW_FORM_data1
	.byte	0                               @ EOM(1)
	.byte	0                               @ EOM(2)
	.byte	5                               @ Abbreviation Code
	.byte	36                              @ DW_TAG_base_type
	.byte	0                               @ DW_CHILDREN_no
	.byte	3                               @ DW_AT_name
	.byte	14                              @ DW_FORM_strp
	.byte	62                              @ DW_AT_encoding
	.byte	11                              @ DW_FORM_data1
	.byte	11                              @ DW_AT_byte_size
	.byte	11                              @ DW_FORM_data1
	.byte	0                               @ EOM(1)
	.byte	0                               @ EOM(2)
	.byte	6                               @ Abbreviation Code
	.byte	36                              @ DW_TAG_base_type
	.byte	0                               @ DW_CHILDREN_no
	.byte	3                               @ DW_AT_name
	.byte	14                              @ DW_FORM_strp
	.byte	11                              @ DW_AT_byte_size
	.byte	11                              @ DW_FORM_data1
	.byte	62                              @ DW_AT_encoding
	.byte	11                              @ DW_FORM_data1
	.byte	0                               @ EOM(1)
	.byte	0                               @ EOM(2)
	.byte	7                               @ Abbreviation Code
	.byte	46                              @ DW_TAG_subprogram
	.byte	1                               @ DW_CHILDREN_yes
	.byte	17                              @ DW_AT_low_pc
	.byte	1                               @ DW_FORM_addr
	.byte	18                              @ DW_AT_high_pc
	.byte	6                               @ DW_FORM_data4
	.byte	64                              @ DW_AT_frame_base
	.byte	24                              @ DW_FORM_exprloc
	.byte	3                               @ DW_AT_name
	.byte	14                              @ DW_FORM_strp
	.byte	58                              @ DW_AT_decl_file
	.byte	11                              @ DW_FORM_data1
	.byte	59                              @ DW_AT_decl_line
	.byte	11                              @ DW_FORM_data1
	.byte	39                              @ DW_AT_prototyped
	.byte	25                              @ DW_FORM_flag_present
	.byte	63                              @ DW_AT_external
	.byte	25                              @ DW_FORM_flag_present
	.byte	0                               @ EOM(1)
	.byte	0                               @ EOM(2)
	.byte	8                               @ Abbreviation Code
	.byte	5                               @ DW_TAG_formal_parameter
	.byte	0                               @ DW_CHILDREN_no
	.byte	2                               @ DW_AT_location
	.byte	24                              @ DW_FORM_exprloc
	.byte	3                               @ DW_AT_name
	.byte	14                              @ DW_FORM_strp
	.byte	58                              @ DW_AT_decl_file
	.byte	11                              @ DW_FORM_data1
	.byte	59                              @ DW_AT_decl_line
	.byte	11                              @ DW_FORM_data1
	.byte	73                              @ DW_AT_type
	.byte	19                              @ DW_FORM_ref4
	.byte	0                               @ EOM(1)
	.byte	0                               @ EOM(2)
	.byte	9                               @ Abbreviation Code
	.byte	52                              @ DW_TAG_variable
	.byte	0                               @ DW_CHILDREN_no
	.byte	2                               @ DW_AT_location
	.byte	24                              @ DW_FORM_exprloc
	.byte	3                               @ DW_AT_name
	.byte	14                              @ DW_FORM_strp
	.byte	58                              @ DW_AT_decl_file
	.byte	11                              @ DW_FORM_data1
	.byte	59                              @ DW_AT_decl_line
	.byte	11                              @ DW_FORM_data1
	.byte	73                              @ DW_AT_type
	.byte	19                              @ DW_FORM_ref4
	.byte	0                               @ EOM(1)
	.byte	0                               @ EOM(2)
	.byte	10                              @ Abbreviation Code
	.byte	46                              @ DW_TAG_subprogram
	.byte	1                               @ DW_CHILDREN_yes
	.byte	17                              @ DW_AT_low_pc
	.byte	1                               @ DW_FORM_addr
	.byte	18                              @ DW_AT_high_pc
	.byte	6                               @ DW_FORM_data4
	.byte	64                              @ DW_AT_frame_base
	.byte	24                              @ DW_FORM_exprloc
	.byte	3                               @ DW_AT_name
	.byte	14                              @ DW_FORM_strp
	.byte	58                              @ DW_AT_decl_file
	.byte	11                              @ DW_FORM_data1
	.byte	59                              @ DW_AT_decl_line
	.byte	11                              @ DW_FORM_data1
	.byte	39                              @ DW_AT_prototyped
	.byte	25                              @ DW_FORM_flag_present
	.byte	73                              @ DW_AT_type
	.byte	19                              @ DW_FORM_ref4
	.byte	63                              @ DW_AT_external
	.byte	25                              @ DW_FORM_flag_present
	.byte	0                               @ EOM(1)
	.byte	0                               @ EOM(2)
	.byte	11                              @ Abbreviation Code
	.byte	15                              @ DW_TAG_pointer_type
	.byte	0                               @ DW_CHILDREN_no
	.byte	73                              @ DW_AT_type
	.byte	19                              @ DW_FORM_ref4
	.byte	0                               @ EOM(1)
	.byte	0                               @ EOM(2)
	.byte	12                              @ Abbreviation Code
	.byte	22                              @ DW_TAG_typedef
	.byte	0                               @ DW_CHILDREN_no
	.byte	73                              @ DW_AT_type
	.byte	19                              @ DW_FORM_ref4
	.byte	3                               @ DW_AT_name
	.byte	14                              @ DW_FORM_strp
	.byte	58                              @ DW_AT_decl_file
	.byte	11                              @ DW_FORM_data1
	.byte	59                              @ DW_AT_decl_line
	.byte	5                               @ DW_FORM_data2
	.byte	0                               @ EOM(1)
	.byte	0                               @ EOM(2)
	.byte	13                              @ Abbreviation Code
	.byte	19                              @ DW_TAG_structure_type
	.byte	1                               @ DW_CHILDREN_yes
	.byte	11                              @ DW_AT_byte_size
	.byte	11                              @ DW_FORM_data1
	.byte	58                              @ DW_AT_decl_file
	.byte	11                              @ DW_FORM_data1
	.byte	59                              @ DW_AT_decl_line
	.byte	5                               @ DW_FORM_data2
	.byte	0                               @ EOM(1)
	.byte	0                               @ EOM(2)
	.byte	14                              @ Abbreviation Code
	.byte	13                              @ DW_TAG_member
	.byte	0                               @ DW_CHILDREN_no
	.byte	3                               @ DW_AT_name
	.byte	14                              @ DW_FORM_strp
	.byte	73                              @ DW_AT_type
	.byte	19                              @ DW_FORM_ref4
	.byte	58                              @ DW_AT_decl_file
	.byte	11                              @ DW_FORM_data1
	.byte	59                              @ DW_AT_decl_line
	.byte	5                               @ DW_FORM_data2
	.byte	56                              @ DW_AT_data_member_location
	.byte	11                              @ DW_FORM_data1
	.byte	0                               @ EOM(1)
	.byte	0                               @ EOM(2)
	.byte	15                              @ Abbreviation Code
	.byte	53                              @ DW_TAG_volatile_type
	.byte	0                               @ DW_CHILDREN_no
	.byte	73                              @ DW_AT_type
	.byte	19                              @ DW_FORM_ref4
	.byte	0                               @ EOM(1)
	.byte	0                               @ EOM(2)
	.byte	16                              @ Abbreviation Code
	.byte	22                              @ DW_TAG_typedef
	.byte	0                               @ DW_CHILDREN_no
	.byte	73                              @ DW_AT_type
	.byte	19                              @ DW_FORM_ref4
	.byte	3                               @ DW_AT_name
	.byte	14                              @ DW_FORM_strp
	.byte	58                              @ DW_AT_decl_file
	.byte	11                              @ DW_FORM_data1
	.byte	59                              @ DW_AT_decl_line
	.byte	11                              @ DW_FORM_data1
	.byte	0                               @ EOM(1)
	.byte	0                               @ EOM(2)
	.byte	17                              @ Abbreviation Code
	.byte	38                              @ DW_TAG_const_type
	.byte	0                               @ DW_CHILDREN_no
	.byte	73                              @ DW_AT_type
	.byte	19                              @ DW_FORM_ref4
	.byte	0                               @ EOM(1)
	.byte	0                               @ EOM(2)
	.byte	0                               @ EOM(3)
	.section	.debug_info,"",%progbits
.Lcu_begin0:
	.long	.Ldebug_info_end0-.Ldebug_info_start0 @ Length of Unit
.Ldebug_info_start0:
	.short	4                               @ DWARF version number
	.long	.debug_abbrev                   @ Offset Into Abbrev. Section
	.byte	4                               @ Address Size (in bytes)
	.byte	1                               @ Abbrev [1] 0xb:0x223 DW_TAG_compile_unit
	.long	.Linfo_string0                  @ DW_AT_producer
	.short	12                              @ DW_AT_language
	.long	.Linfo_string1                  @ DW_AT_name
	.long	.Lline_table_start0             @ DW_AT_stmt_list
	.long	.Linfo_string2                  @ DW_AT_comp_dir
	.long	0                               @ DW_AT_low_pc
	.long	.Ldebug_ranges0                 @ DW_AT_ranges
	.byte	2                               @ Abbrev [2] 0x26:0xd DW_TAG_variable
	.long	51                              @ DW_AT_type
	.byte	1                               @ DW_AT_decl_file
	.byte	28                              @ DW_AT_decl_line
	.byte	5                               @ DW_AT_location
	.byte	3
	.long	.L.str
	.byte	3                               @ Abbrev [3] 0x33:0xc DW_TAG_array_type
	.long	63                              @ DW_AT_type
	.byte	4                               @ Abbrev [4] 0x38:0x6 DW_TAG_subrange_type
	.long	70                              @ DW_AT_type
	.byte	27                              @ DW_AT_count
	.byte	0                               @ End Of Children Mark
	.byte	5                               @ Abbrev [5] 0x3f:0x7 DW_TAG_base_type
	.long	.Linfo_string3                  @ DW_AT_name
	.byte	6                               @ DW_AT_encoding
	.byte	1                               @ DW_AT_byte_size
	.byte	6                               @ Abbrev [6] 0x46:0x7 DW_TAG_base_type
	.long	.Linfo_string4                  @ DW_AT_name
	.byte	8                               @ DW_AT_byte_size
	.byte	7                               @ DW_AT_encoding
	.byte	2                               @ Abbrev [2] 0x4d:0xd DW_TAG_variable
	.long	90                              @ DW_AT_type
	.byte	1                               @ DW_AT_decl_file
	.byte	28                              @ DW_AT_decl_line
	.byte	5                               @ DW_AT_location
	.byte	3
	.long	.L.str.1
	.byte	3                               @ Abbrev [3] 0x5a:0xc DW_TAG_array_type
	.long	63                              @ DW_AT_type
	.byte	4                               @ Abbrev [4] 0x5f:0x6 DW_TAG_subrange_type
	.long	70                              @ DW_AT_type
	.byte	37                              @ DW_AT_count
	.byte	0                               @ End Of Children Mark
	.byte	7                               @ Abbrev [7] 0x66:0x4a DW_TAG_subprogram
	.long	.Lfunc_begin0                   @ DW_AT_low_pc
	.long	.Lfunc_end0-.Lfunc_begin0       @ DW_AT_high_pc
	.byte	1                               @ DW_AT_frame_base
	.byte	93
	.long	.Linfo_string5                  @ DW_AT_name
	.byte	1                               @ DW_AT_decl_file
	.byte	23                              @ DW_AT_decl_line
                                        @ DW_AT_prototyped
                                        @ DW_AT_external
	.byte	8                               @ Abbrev [8] 0x77:0xe DW_TAG_formal_parameter
	.byte	2                               @ DW_AT_location
	.byte	145
	.byte	12
	.long	.Linfo_string9                  @ DW_AT_name
	.byte	1                               @ DW_AT_decl_file
	.byte	23                              @ DW_AT_decl_line
	.long	349                             @ DW_AT_type
	.byte	8                               @ Abbrev [8] 0x85:0xe DW_TAG_formal_parameter
	.byte	2                               @ DW_AT_location
	.byte	145
	.byte	8
	.long	.Linfo_string22                 @ DW_AT_name
	.byte	1                               @ DW_AT_decl_file
	.byte	23                              @ DW_AT_decl_line
	.long	468                             @ DW_AT_type
	.byte	9                               @ Abbrev [9] 0x93:0xe DW_TAG_variable
	.byte	2                               @ DW_AT_location
	.byte	145
	.byte	4
	.long	.Linfo_string23                 @ DW_AT_name
	.byte	1                               @ DW_AT_decl_file
	.byte	25                              @ DW_AT_decl_line
	.long	468                             @ DW_AT_type
	.byte	9                               @ Abbrev [9] 0xa1:0xe DW_TAG_variable
	.byte	2                               @ DW_AT_location
	.byte	145
	.byte	0
	.long	.Linfo_string24                 @ DW_AT_name
	.byte	1                               @ DW_AT_decl_file
	.byte	26                              @ DW_AT_decl_line
	.long	468                             @ DW_AT_type
	.byte	0                               @ End Of Children Mark
	.byte	7                               @ Abbrev [7] 0xb0:0x4a DW_TAG_subprogram
	.long	.Lfunc_begin1                   @ DW_AT_low_pc
	.long	.Lfunc_end1-.Lfunc_begin1       @ DW_AT_high_pc
	.byte	1                               @ DW_AT_frame_base
	.byte	93
	.long	.Linfo_string6                  @ DW_AT_name
	.byte	1                               @ DW_AT_decl_file
	.byte	51                              @ DW_AT_decl_line
                                        @ DW_AT_prototyped
                                        @ DW_AT_external
	.byte	8                               @ Abbrev [8] 0xc1:0xe DW_TAG_formal_parameter
	.byte	2                               @ DW_AT_location
	.byte	145
	.byte	12
	.long	.Linfo_string9                  @ DW_AT_name
	.byte	1                               @ DW_AT_decl_file
	.byte	51                              @ DW_AT_decl_line
	.long	349                             @ DW_AT_type
	.byte	8                               @ Abbrev [8] 0xcf:0xe DW_TAG_formal_parameter
	.byte	2                               @ DW_AT_location
	.byte	145
	.byte	8
	.long	.Linfo_string22                 @ DW_AT_name
	.byte	1                               @ DW_AT_decl_file
	.byte	51                              @ DW_AT_decl_line
	.long	468                             @ DW_AT_type
	.byte	9                               @ Abbrev [9] 0xdd:0xe DW_TAG_variable
	.byte	2                               @ DW_AT_location
	.byte	145
	.byte	4
	.long	.Linfo_string23                 @ DW_AT_name
	.byte	1                               @ DW_AT_decl_file
	.byte	53                              @ DW_AT_decl_line
	.long	468                             @ DW_AT_type
	.byte	9                               @ Abbrev [9] 0xeb:0xe DW_TAG_variable
	.byte	2                               @ DW_AT_location
	.byte	145
	.byte	0
	.long	.Linfo_string24                 @ DW_AT_name
	.byte	1                               @ DW_AT_decl_file
	.byte	54                              @ DW_AT_decl_line
	.long	468                             @ DW_AT_type
	.byte	0                               @ End Of Children Mark
	.byte	10                              @ Abbrev [10] 0xfa:0x5c DW_TAG_subprogram
	.long	.Lfunc_begin2                   @ DW_AT_low_pc
	.long	.Lfunc_end2-.Lfunc_begin2       @ DW_AT_high_pc
	.byte	1                               @ DW_AT_frame_base
	.byte	93
	.long	.Linfo_string7                  @ DW_AT_name
	.byte	1                               @ DW_AT_decl_file
	.byte	80                              @ DW_AT_decl_line
                                        @ DW_AT_prototyped
	.long	342                             @ DW_AT_type
                                        @ DW_AT_external
	.byte	8                               @ Abbrev [8] 0x10f:0xe DW_TAG_formal_parameter
	.byte	2                               @ DW_AT_location
	.byte	145
	.byte	20
	.long	.Linfo_string9                  @ DW_AT_name
	.byte	1                               @ DW_AT_decl_file
	.byte	80                              @ DW_AT_decl_line
	.long	349                             @ DW_AT_type
	.byte	8                               @ Abbrev [8] 0x11d:0xe DW_TAG_formal_parameter
	.byte	2                               @ DW_AT_location
	.byte	145
	.byte	16
	.long	.Linfo_string22                 @ DW_AT_name
	.byte	1                               @ DW_AT_decl_file
	.byte	80                              @ DW_AT_decl_line
	.long	468                             @ DW_AT_type
	.byte	9                               @ Abbrev [9] 0x12b:0xe DW_TAG_variable
	.byte	2                               @ DW_AT_location
	.byte	145
	.byte	12
	.long	.Linfo_string23                 @ DW_AT_name
	.byte	1                               @ DW_AT_decl_file
	.byte	82                              @ DW_AT_decl_line
	.long	468                             @ DW_AT_type
	.byte	9                               @ Abbrev [9] 0x139:0xe DW_TAG_variable
	.byte	2                               @ DW_AT_location
	.byte	145
	.byte	8
	.long	.Linfo_string24                 @ DW_AT_name
	.byte	1                               @ DW_AT_decl_file
	.byte	83                              @ DW_AT_decl_line
	.long	468                             @ DW_AT_type
	.byte	9                               @ Abbrev [9] 0x147:0xe DW_TAG_variable
	.byte	2                               @ DW_AT_location
	.byte	145
	.byte	4
	.long	.Linfo_string25                 @ DW_AT_name
	.byte	1                               @ DW_AT_decl_file
	.byte	84                              @ DW_AT_decl_line
	.long	468                             @ DW_AT_type
	.byte	0                               @ End Of Children Mark
	.byte	5                               @ Abbrev [5] 0x156:0x7 DW_TAG_base_type
	.long	.Linfo_string8                  @ DW_AT_name
	.byte	2                               @ DW_AT_encoding
	.byte	1                               @ DW_AT_byte_size
	.byte	11                              @ Abbrev [11] 0x15d:0x5 DW_TAG_pointer_type
	.long	354                             @ DW_AT_type
	.byte	12                              @ Abbrev [12] 0x162:0xc DW_TAG_typedef
	.long	366                             @ DW_AT_type
	.long	.Linfo_string21                 @ DW_AT_name
	.byte	3                               @ DW_AT_decl_file
	.short	24147                           @ DW_AT_decl_line
	.byte	13                              @ Abbrev [13] 0x16e:0x61 DW_TAG_structure_type
	.byte	60                              @ DW_AT_byte_size
	.byte	3                               @ DW_AT_decl_file
	.short	24139                           @ DW_AT_decl_line
	.byte	14                              @ Abbrev [14] 0x173:0xd DW_TAG_member
	.long	.Linfo_string10                 @ DW_AT_name
	.long	463                             @ DW_AT_type
	.byte	3                               @ DW_AT_decl_file
	.short	24140                           @ DW_AT_decl_line
	.byte	0                               @ DW_AT_data_member_location
	.byte	14                              @ Abbrev [14] 0x180:0xd DW_TAG_member
	.long	.Linfo_string13                 @ DW_AT_name
	.long	486                             @ DW_AT_type
	.byte	3                               @ DW_AT_decl_file
	.short	24141                           @ DW_AT_decl_line
	.byte	4                               @ DW_AT_data_member_location
	.byte	14                              @ Abbrev [14] 0x18d:0xd DW_TAG_member
	.long	.Linfo_string16                 @ DW_AT_name
	.long	516                             @ DW_AT_type
	.byte	3                               @ DW_AT_decl_file
	.short	24142                           @ DW_AT_decl_line
	.byte	8                               @ DW_AT_data_member_location
	.byte	14                              @ Abbrev [14] 0x19a:0xd DW_TAG_member
	.long	.Linfo_string17                 @ DW_AT_name
	.long	528                             @ DW_AT_type
	.byte	3                               @ DW_AT_decl_file
	.short	24143                           @ DW_AT_decl_line
	.byte	24                              @ DW_AT_data_member_location
	.byte	14                              @ Abbrev [14] 0x1a7:0xd DW_TAG_member
	.long	.Linfo_string18                 @ DW_AT_name
	.long	545                             @ DW_AT_type
	.byte	3                               @ DW_AT_decl_file
	.short	24144                           @ DW_AT_decl_line
	.byte	40                              @ DW_AT_data_member_location
	.byte	14                              @ Abbrev [14] 0x1b4:0xd DW_TAG_member
	.long	.Linfo_string19                 @ DW_AT_name
	.long	463                             @ DW_AT_type
	.byte	3                               @ DW_AT_decl_file
	.short	24145                           @ DW_AT_decl_line
	.byte	52                              @ DW_AT_data_member_location
	.byte	14                              @ Abbrev [14] 0x1c1:0xd DW_TAG_member
	.long	.Linfo_string20                 @ DW_AT_name
	.long	540                             @ DW_AT_type
	.byte	3                               @ DW_AT_decl_file
	.short	24146                           @ DW_AT_decl_line
	.byte	56                              @ DW_AT_data_member_location
	.byte	0                               @ End Of Children Mark
	.byte	15                              @ Abbrev [15] 0x1cf:0x5 DW_TAG_volatile_type
	.long	468                             @ DW_AT_type
	.byte	16                              @ Abbrev [16] 0x1d4:0xb DW_TAG_typedef
	.long	479                             @ DW_AT_type
	.long	.Linfo_string12                 @ DW_AT_name
	.byte	2                               @ DW_AT_decl_file
	.byte	64                              @ DW_AT_decl_line
	.byte	5                               @ Abbrev [5] 0x1df:0x7 DW_TAG_base_type
	.long	.Linfo_string11                 @ DW_AT_name
	.byte	7                               @ DW_AT_encoding
	.byte	4                               @ DW_AT_byte_size
	.byte	3                               @ Abbrev [3] 0x1e6:0xc DW_TAG_array_type
	.long	498                             @ DW_AT_type
	.byte	4                               @ Abbrev [4] 0x1eb:0x6 DW_TAG_subrange_type
	.long	70                              @ DW_AT_type
	.byte	4                               @ DW_AT_count
	.byte	0                               @ End Of Children Mark
	.byte	16                              @ Abbrev [16] 0x1f2:0xb DW_TAG_typedef
	.long	509                             @ DW_AT_type
	.long	.Linfo_string15                 @ DW_AT_name
	.byte	2                               @ DW_AT_decl_file
	.byte	62                              @ DW_AT_decl_line
	.byte	5                               @ Abbrev [5] 0x1fd:0x7 DW_TAG_base_type
	.long	.Linfo_string14                 @ DW_AT_name
	.byte	8                               @ DW_AT_encoding
	.byte	1                               @ DW_AT_byte_size
	.byte	3                               @ Abbrev [3] 0x204:0xc DW_TAG_array_type
	.long	463                             @ DW_AT_type
	.byte	4                               @ Abbrev [4] 0x209:0x6 DW_TAG_subrange_type
	.long	70                              @ DW_AT_type
	.byte	4                               @ DW_AT_count
	.byte	0                               @ End Of Children Mark
	.byte	3                               @ Abbrev [3] 0x210:0xc DW_TAG_array_type
	.long	540                             @ DW_AT_type
	.byte	4                               @ Abbrev [4] 0x215:0x6 DW_TAG_subrange_type
	.long	70                              @ DW_AT_type
	.byte	4                               @ DW_AT_count
	.byte	0                               @ End Of Children Mark
	.byte	17                              @ Abbrev [17] 0x21c:0x5 DW_TAG_const_type
	.long	463                             @ DW_AT_type
	.byte	3                               @ Abbrev [3] 0x221:0xc DW_TAG_array_type
	.long	498                             @ DW_AT_type
	.byte	4                               @ Abbrev [4] 0x226:0x6 DW_TAG_subrange_type
	.long	70                              @ DW_AT_type
	.byte	12                              @ DW_AT_count
	.byte	0                               @ End Of Children Mark
	.byte	0                               @ End Of Children Mark
.Ldebug_info_end0:
	.section	.debug_ranges,"",%progbits
.Ldebug_ranges0:
	.long	.Lfunc_begin0
	.long	.Lfunc_end0
	.long	.Lfunc_begin1
	.long	.Lfunc_end1
	.long	.Lfunc_begin2
	.long	.Lfunc_end2
	.long	0
	.long	0
	.section	.debug_str,"MS",%progbits,1
.Linfo_string0:
	.asciz	"Component: Arm Compiler for Embedded 6.19 Tool: armclang [5e73cb00]" @ string offset=0
.Linfo_string1:
	.asciz	"../../libraries/sdk/drives\\fsl_gpc.c" @ string offset=68
.Linfo_string2:
	.asciz	"E:\\FILE_SMART_CAR\\\346\231\272\350\203\275\350\247\206\350\247\211\\RT1064_Library-master\\RT1064_Library-master\\SeekFree_RT1064_Opensource_Library\\project\\mdk" @ string offset=105
.Linfo_string3:
	.asciz	"char"                          @ string offset=227
.Linfo_string4:
	.asciz	"__ARRAY_SIZE_TYPE__"           @ string offset=232
.Linfo_string5:
	.asciz	"GPC_EnableIRQ"                 @ string offset=252
.Linfo_string6:
	.asciz	"GPC_DisableIRQ"                @ string offset=266
.Linfo_string7:
	.asciz	"GPC_GetIRQStatusFlag"          @ string offset=281
.Linfo_string8:
	.asciz	"_Bool"                         @ string offset=302
.Linfo_string9:
	.asciz	"base"                          @ string offset=308
.Linfo_string10:
	.asciz	"CNTR"                          @ string offset=313
.Linfo_string11:
	.asciz	"unsigned int"                  @ string offset=318
.Linfo_string12:
	.asciz	"uint32_t"                      @ string offset=331
.Linfo_string13:
	.asciz	"RESERVED_0"                    @ string offset=340
.Linfo_string14:
	.asciz	"unsigned char"                 @ string offset=351
.Linfo_string15:
	.asciz	"uint8_t"                       @ string offset=365
.Linfo_string16:
	.asciz	"IMR"                           @ string offset=373
.Linfo_string17:
	.asciz	"ISR"                           @ string offset=377
.Linfo_string18:
	.asciz	"RESERVED_1"                    @ string offset=381
.Linfo_string19:
	.asciz	"IMR5"                          @ string offset=392
.Linfo_string20:
	.asciz	"ISR5"                          @ string offset=397
.Linfo_string21:
	.asciz	"GPC_Type"                      @ string offset=402
.Linfo_string22:
	.asciz	"irqId"                         @ string offset=411
.Linfo_string23:
	.asciz	"irqRegNum"                     @ string offset=417
.Linfo_string24:
	.asciz	"irqRegShiftNum"                @ string offset=427
.Linfo_string25:
	.asciz	"ret"                           @ string offset=442
	.ident	"Component: Arm Compiler for Embedded 6.19 Tool: armclang [5e73cb00]"
	.section	".note.GNU-stack","",%progbits
	.eabi_attribute	30, 6	@ Tag_ABI_optimization_goals
	.ARM_attribute	16, 1	@ Tag_AV_eba
	.section	.debug_line,"",%progbits
.Lline_table_start0:
