	.text
	.syntax unified
	.eabi_attribute	67, "2.09"	@ Tag_conformance
	.cpu	cortex-m7
	.eabi_attribute	6, 13	@ Tag_CPU_arch
	.eabi_attribute	7, 77	@ Tag_CPU_arch_profile
	.eabi_attribute	8, 0	@ Tag_ARM_ISA_use
	.eabi_attribute	9, 2	@ Tag_THUMB_ISA_use
	.fpu	fpv5-d16
	.eabi_attribute	36, 1	@ Tag_FP_HP_extension
	.eabi_attribute	34, 1	@ Tag_CPU_unaligned_access
	.eabi_attribute	17, 1	@ Tag_ABI_PCS_GOT_use
	.eabi_attribute	20, 2	@ Tag_ABI_FP_denormal
	.eabi_attribute	21, 0	@ Tag_ABI_FP_exceptions
	.eabi_attribute	23, 1	@ Tag_ABI_FP_number_model
	.eabi_attribute	24, 1	@ Tag_ABI_align_needed
	.eabi_attribute	25, 1	@ Tag_ABI_align_preserved
	.eabi_attribute	28, 1	@ Tag_ABI_VFP_args
	.eabi_attribute	38, 1	@ Tag_ABI_FP_16bit_format
	.eabi_attribute	18, 2	@ Tag_ABI_PCS_wchar_t
	.eabi_attribute	26, 1	@ Tag_ABI_enum_size
	.eabi_attribute	14, 0	@ Tag_ABI_PCS_R9_use
	.file	"main.c"
	.file	1 "E:\\FILE_SMART_CAR\\\346\231\272\350\203\275\350\247\206\350\247\211\\RT1064_Library-master\\RT1064_Library-master\\SeekFree_RT1064_Opensource_Library\\project\\mdk" "../../libraries/zf_common/zf_common_clock.h"
	.file	2 "E:\\FILE_SMART_CAR\\\346\231\272\350\203\275\350\247\206\350\247\211\\RT1064_Library-master\\RT1064_Library-master\\SeekFree_RT1064_Opensource_Library\\project\\mdk" "../../libraries/zf_driver\\zf_driver_gpio.h"
	.section	.text.main,"ax",%progbits
	.hidden	main                            @ -- Begin function main
	.globl	main
	.p2align	3
	.type	main,%function
	.code	16                              @ @main
	.thumb_func
main:
.Lfunc_begin0:
	.file	3 "E:\\FILE_SMART_CAR\\\346\231\272\350\203\275\350\247\206\350\247\211\\RT1064_Library-master\\RT1064_Library-master\\SeekFree_RT1064_Opensource_Library\\project\\mdk" "../user/src/main.c"
	.loc	3 48 0                          @ ../user/src/main.c:48:0
	.fnstart
	.cfi_sections .debug_frame
	.cfi_startproc
@ %bb.0:
	.save	{r7, lr}
	push	{r7, lr}
	.cfi_def_cfa_offset 8
	.cfi_offset lr, -4
	.cfi_offset r7, -8
	.pad	#32
	sub	sp, #32
	.cfi_def_cfa_offset 40
	movw	r0, #17920
	movt	r0, #9155
.Ltmp0:
	.loc	3 49 5 prologue_end             @ ../user/src/main.c:49:5
	bl	clock_init
	.loc	3 50 5                          @ ../user/src/main.c:50:5
	bl	debug_init
	.loc	3 54 2                          @ ../user/src/main.c:54:2
	bl	tft180_init
	movs	r0, #41
	movs	r1, #1
	movs	r2, #0
	movs	r3, #72
	.loc	3 55 2                          @ ../user/src/main.c:55:2
	bl	gpio_init
	.loc	3 56 2                          @ ../user/src/main.c:56:2
	bl	chassis_control_init
	.loc	3 60 5                          @ ../user/src/main.c:60:5
	b	.LBB0_1
.LBB0_1:                                @ =>This Inner Loop Header: Depth=1
.Ltmp1:
	.loc	3 65 9                          @ ../user/src/main.c:65:9
	movw	r1, :lower16:speed
	movt	r1, :upper16:speed
	movs	r0, #0
	movt	r0, #16544
	str	r0, [r1]
	.loc	3 76 27                         @ ../user/src/main.c:76:27
	movw	r0, :lower16:encoder_1_speed
	movt	r0, :upper16:encoder_1_speed
	vldr	s0, [r0]
	vcvt.f64.f32	d0, s0
	movs	r1, #0
	str	r1, [sp, #16]                   @ 4-byte Spill
	movs	r2, #2
	str	r2, [sp, #24]                   @ 4-byte Spill
	movs	r3, #4
	.loc	3 76 3 is_stmt 0                @ ../user/src/main.c:76:3
	str	r3, [sp, #28]                   @ 4-byte Spill
	mov	r0, r1
	bl	tft180_show_float
	ldr	r0, [sp, #16]                   @ 4-byte Reload
	ldr	r2, [sp, #24]                   @ 4-byte Reload
	ldr	r3, [sp, #28]                   @ 4-byte Reload
	.loc	3 77 28 is_stmt 1               @ ../user/src/main.c:77:28
	movw	r1, :lower16:encoder_2_speed
	movt	r1, :upper16:encoder_2_speed
	vldr	s0, [r1]
	vcvt.f64.f32	d0, s0
	movs	r1, #20
	.loc	3 77 3 is_stmt 0                @ ../user/src/main.c:77:3
	str	r1, [sp, #8]                    @ 4-byte Spill
	bl	tft180_show_float
	ldr	r0, [sp, #16]                   @ 4-byte Reload
	ldr	r2, [sp, #24]                   @ 4-byte Reload
	ldr	r3, [sp, #28]                   @ 4-byte Reload
	.loc	3 78 28 is_stmt 1               @ ../user/src/main.c:78:28
	movw	r1, :lower16:encoder_3_speed
	movt	r1, :upper16:encoder_3_speed
	vldr	s0, [r1]
	vcvt.f64.f32	d0, s0
	movs	r1, #40
	.loc	3 78 3 is_stmt 0                @ ../user/src/main.c:78:3
	str	r1, [sp, #12]                   @ 4-byte Spill
	bl	tft180_show_float
	ldr	r0, [sp, #16]                   @ 4-byte Reload
	ldr	r3, [sp, #28]                   @ 4-byte Reload
	.loc	3 79 50 is_stmt 1               @ ../user/src/main.c:79:50
	movw	r1, :lower16:chassis_control
	movt	r1, :upper16:chassis_control
	str	r1, [sp, #4]                    @ 4-byte Spill
	ldrsh.w	r2, [r1, #12]
	movs	r1, #60
	.loc	3 79 3 is_stmt 0                @ ../user/src/main.c:79:3
	str	r1, [sp, #20]                   @ 4-byte Spill
	bl	tft180_show_int
	ldr	r1, [sp, #4]                    @ 4-byte Reload
	ldr	r0, [sp, #16]                   @ 4-byte Reload
	ldr	r3, [sp, #28]                   @ 4-byte Reload
	.loc	3 80 50 is_stmt 1               @ ../user/src/main.c:80:50
	ldrsh.w	r2, [r1, #16]
	movs	r1, #80
	.loc	3 80 3 is_stmt 0                @ ../user/src/main.c:80:3
	bl	tft180_show_int
	ldr	r1, [sp, #4]                    @ 4-byte Reload
	ldr	r0, [sp, #16]                   @ 4-byte Reload
	ldr	r3, [sp, #28]                   @ 4-byte Reload
	.loc	3 81 51 is_stmt 1               @ ../user/src/main.c:81:51
	ldrsh.w	r2, [r1, #20]
	movs	r1, #100
	.loc	3 81 3 is_stmt 0                @ ../user/src/main.c:81:3
	bl	tft180_show_int
	ldr	r1, [sp, #16]                   @ 4-byte Reload
	ldr	r0, [sp, #20]                   @ 4-byte Reload
	ldr	r2, [sp, #24]                   @ 4-byte Reload
	ldr	r3, [sp, #28]                   @ 4-byte Reload
	.loc	3 83 28 is_stmt 1               @ ../user/src/main.c:83:28
	movw	r12, :lower16:acc_x
	movt	r12, :upper16:acc_x
	vldr	s0, [r12]
	vcvt.f64.f32	d0, s0
	.loc	3 83 3 is_stmt 0                @ ../user/src/main.c:83:3
	bl	tft180_show_float
	ldr	r1, [sp, #8]                    @ 4-byte Reload
	ldr	r0, [sp, #20]                   @ 4-byte Reload
	ldr	r2, [sp, #24]                   @ 4-byte Reload
	ldr	r3, [sp, #28]                   @ 4-byte Reload
	.loc	3 84 29 is_stmt 1               @ ../user/src/main.c:84:29
	movw	r12, :lower16:acc_y
	movt	r12, :upper16:acc_y
	vldr	s0, [r12]
	vcvt.f64.f32	d0, s0
	.loc	3 84 3 is_stmt 0                @ ../user/src/main.c:84:3
	bl	tft180_show_float
	ldr	r1, [sp, #12]                   @ 4-byte Reload
	ldr	r0, [sp, #20]                   @ 4-byte Reload
	ldr	r2, [sp, #24]                   @ 4-byte Reload
	ldr	r3, [sp, #28]                   @ 4-byte Reload
	.loc	3 85 29 is_stmt 1               @ ../user/src/main.c:85:29
	movw	r12, :lower16:acc_z
	movt	r12, :upper16:acc_z
	vldr	s0, [r12]
	vcvt.f64.f32	d0, s0
	.loc	3 85 3 is_stmt 0                @ ../user/src/main.c:85:3
	bl	tft180_show_float
	ldr	r0, [sp, #16]                   @ 4-byte Reload
	ldr	r2, [sp, #24]                   @ 4-byte Reload
	ldr	r3, [sp, #28]                   @ 4-byte Reload
	.loc	3 86 29 is_stmt 1               @ ../user/src/main.c:86:29
	movw	r1, :lower16:acc_x_calibration
	movt	r1, :upper16:acc_x_calibration
	vldr	s0, [r1]
	vcvt.f64.f32	d0, s0
	movs	r1, #120
	.loc	3 86 3 is_stmt 0                @ ../user/src/main.c:86:3
	bl	tft180_show_float
	.loc	3 88 29 is_stmt 1               @ ../user/src/main.c:88:29
	bl	real_yaw
	ldr	r1, [sp, #20]                   @ 4-byte Reload
	ldr	r2, [sp, #24]                   @ 4-byte Reload
	ldr	r3, [sp, #28]                   @ 4-byte Reload
	vcvt.f64.f32	d0, s0
	.loc	3 88 3 is_stmt 0                @ ../user/src/main.c:88:3
	mov	r0, r1
	bl	tft180_show_float
.Ltmp2:
	.loc	3 60 5 is_stmt 1                @ ../user/src/main.c:60:5
	b	.LBB0_1
.Ltmp3:
.Lfunc_end0:
	.size	main, .Lfunc_end0-main
	.cfi_endproc
	.cantunwind
	.fnend
                                        @ -- End function
	.type	__ARM_use_no_argv,%object       @ @__ARM_use_no_argv
	.section	.ARM.use_no_argv,"awR",%progbits,unique,1
	.globl	__ARM_use_no_argv
	.p2align	2, 0x0
__ARM_use_no_argv:
	.long	1                               @ 0x1
	.size	__ARM_use_no_argv, 4

	.section	.debug_abbrev,"",%progbits
	.byte	1                               @ Abbreviation Code
	.byte	17                              @ DW_TAG_compile_unit
	.byte	1                               @ DW_CHILDREN_yes
	.byte	37                              @ DW_AT_producer
	.byte	14                              @ DW_FORM_strp
	.byte	19                              @ DW_AT_language
	.byte	5                               @ DW_FORM_data2
	.byte	3                               @ DW_AT_name
	.byte	14                              @ DW_FORM_strp
	.byte	16                              @ DW_AT_stmt_list
	.byte	23                              @ DW_FORM_sec_offset
	.byte	27                              @ DW_AT_comp_dir
	.byte	14                              @ DW_FORM_strp
	.byte	17                              @ DW_AT_low_pc
	.byte	1                               @ DW_FORM_addr
	.byte	18                              @ DW_AT_high_pc
	.byte	6                               @ DW_FORM_data4
	.byte	0                               @ EOM(1)
	.byte	0                               @ EOM(2)
	.byte	2                               @ Abbreviation Code
	.byte	4                               @ DW_TAG_enumeration_type
	.byte	1                               @ DW_CHILDREN_yes
	.byte	73                              @ DW_AT_type
	.byte	19                              @ DW_FORM_ref4
	.byte	11                              @ DW_AT_byte_size
	.byte	11                              @ DW_FORM_data1
	.byte	58                              @ DW_AT_decl_file
	.byte	11                              @ DW_FORM_data1
	.byte	59                              @ DW_AT_decl_line
	.byte	11                              @ DW_FORM_data1
	.byte	0                               @ EOM(1)
	.byte	0                               @ EOM(2)
	.byte	3                               @ Abbreviation Code
	.byte	40                              @ DW_TAG_enumerator
	.byte	0                               @ DW_CHILDREN_no
	.byte	3                               @ DW_AT_name
	.byte	14                              @ DW_FORM_strp
	.byte	28                              @ DW_AT_const_value
	.byte	15                              @ DW_FORM_udata
	.byte	0                               @ EOM(1)
	.byte	0                               @ EOM(2)
	.byte	4                               @ Abbreviation Code
	.byte	36                              @ DW_TAG_base_type
	.byte	0                               @ DW_CHILDREN_no
	.byte	3                               @ DW_AT_name
	.byte	14                              @ DW_FORM_strp
	.byte	62                              @ DW_AT_encoding
	.byte	11                              @ DW_FORM_data1
	.byte	11                              @ DW_AT_byte_size
	.byte	11                              @ DW_FORM_data1
	.byte	0                               @ EOM(1)
	.byte	0                               @ EOM(2)
	.byte	5                               @ Abbreviation Code
	.byte	46                              @ DW_TAG_subprogram
	.byte	0                               @ DW_CHILDREN_no
	.byte	17                              @ DW_AT_low_pc
	.byte	1                               @ DW_FORM_addr
	.byte	18                              @ DW_AT_high_pc
	.byte	6                               @ DW_FORM_data4
	.byte	64                              @ DW_AT_frame_base
	.byte	24                              @ DW_FORM_exprloc
	.byte	3                               @ DW_AT_name
	.byte	14                              @ DW_FORM_strp
	.byte	58                              @ DW_AT_decl_file
	.byte	11                              @ DW_FORM_data1
	.byte	59                              @ DW_AT_decl_line
	.byte	11                              @ DW_FORM_data1
	.byte	39                              @ DW_AT_prototyped
	.byte	25                              @ DW_FORM_flag_present
	.byte	73                              @ DW_AT_type
	.byte	19                              @ DW_FORM_ref4
	.byte	63                              @ DW_AT_external
	.byte	25                              @ DW_FORM_flag_present
	.byte	0                               @ EOM(1)
	.byte	0                               @ EOM(2)
	.byte	0                               @ EOM(3)
	.section	.debug_info,"",%progbits
.Lcu_begin0:
	.long	.Ldebug_info_end0-.Ldebug_info_start0 @ Length of Unit
.Ldebug_info_start0:
	.short	4                               @ DWARF version number
	.long	.debug_abbrev                   @ Offset Into Abbrev. Section
	.byte	4                               @ Address Size (in bytes)
	.byte	1                               @ Abbrev [1] 0xb:0x30e DW_TAG_compile_unit
	.long	.Linfo_string0                  @ DW_AT_producer
	.short	12                              @ DW_AT_language
	.long	.Linfo_string1                  @ DW_AT_name
	.long	.Lline_table_start0             @ DW_AT_stmt_list
	.long	.Linfo_string2                  @ DW_AT_comp_dir
	.long	.Lfunc_begin0                   @ DW_AT_low_pc
	.long	.Lfunc_end0-.Lfunc_begin0       @ DW_AT_high_pc
	.byte	2                               @ Abbrev [2] 0x26:0x1c DW_TAG_enumeration_type
	.long	66                              @ DW_AT_type
	.byte	4                               @ DW_AT_byte_size
	.byte	1                               @ DW_AT_decl_file
	.byte	45                              @ DW_AT_decl_line
	.byte	3                               @ Abbrev [3] 0x2e:0x9 DW_TAG_enumerator
	.long	.Linfo_string4                  @ DW_AT_name
	.ascii	"\200\354\270\013"              @ DW_AT_const_value
	.byte	3                               @ Abbrev [3] 0x37:0xa DW_TAG_enumerator
	.long	.Linfo_string5                  @ DW_AT_name
	.ascii	"\200\214\215\236\002"          @ DW_AT_const_value
	.byte	0                               @ End Of Children Mark
	.byte	4                               @ Abbrev [4] 0x42:0x7 DW_TAG_base_type
	.long	.Linfo_string3                  @ DW_AT_name
	.byte	7                               @ DW_AT_encoding
	.byte	4                               @ DW_AT_byte_size
	.byte	2                               @ Abbrev [2] 0x49:0x1b9 DW_TAG_enumeration_type
	.long	514                             @ DW_AT_type
	.byte	1                               @ DW_AT_byte_size
	.byte	2                               @ DW_AT_decl_file
	.byte	48                              @ DW_AT_decl_line
	.byte	3                               @ Abbrev [3] 0x51:0x6 DW_TAG_enumerator
	.long	.Linfo_string7                  @ DW_AT_name
	.byte	32                              @ DW_AT_const_value
	.byte	3                               @ Abbrev [3] 0x57:0x6 DW_TAG_enumerator
	.long	.Linfo_string8                  @ DW_AT_name
	.byte	33                              @ DW_AT_const_value
	.byte	3                               @ Abbrev [3] 0x5d:0x6 DW_TAG_enumerator
	.long	.Linfo_string9                  @ DW_AT_name
	.byte	34                              @ DW_AT_const_value
	.byte	3                               @ Abbrev [3] 0x63:0x6 DW_TAG_enumerator
	.long	.Linfo_string10                 @ DW_AT_name
	.byte	35                              @ DW_AT_const_value
	.byte	3                               @ Abbrev [3] 0x69:0x6 DW_TAG_enumerator
	.long	.Linfo_string11                 @ DW_AT_name
	.byte	41                              @ DW_AT_const_value
	.byte	3                               @ Abbrev [3] 0x6f:0x6 DW_TAG_enumerator
	.long	.Linfo_string12                 @ DW_AT_name
	.byte	42                              @ DW_AT_const_value
	.byte	3                               @ Abbrev [3] 0x75:0x6 DW_TAG_enumerator
	.long	.Linfo_string13                 @ DW_AT_name
	.byte	43                              @ DW_AT_const_value
	.byte	3                               @ Abbrev [3] 0x7b:0x6 DW_TAG_enumerator
	.long	.Linfo_string14                 @ DW_AT_name
	.byte	44                              @ DW_AT_const_value
	.byte	3                               @ Abbrev [3] 0x81:0x6 DW_TAG_enumerator
	.long	.Linfo_string15                 @ DW_AT_name
	.byte	45                              @ DW_AT_const_value
	.byte	3                               @ Abbrev [3] 0x87:0x6 DW_TAG_enumerator
	.long	.Linfo_string16                 @ DW_AT_name
	.byte	46                              @ DW_AT_const_value
	.byte	3                               @ Abbrev [3] 0x8d:0x6 DW_TAG_enumerator
	.long	.Linfo_string17                 @ DW_AT_name
	.byte	47                              @ DW_AT_const_value
	.byte	3                               @ Abbrev [3] 0x93:0x6 DW_TAG_enumerator
	.long	.Linfo_string18                 @ DW_AT_name
	.byte	48                              @ DW_AT_const_value
	.byte	3                               @ Abbrev [3] 0x99:0x6 DW_TAG_enumerator
	.long	.Linfo_string19                 @ DW_AT_name
	.byte	49                              @ DW_AT_const_value
	.byte	3                               @ Abbrev [3] 0x9f:0x6 DW_TAG_enumerator
	.long	.Linfo_string20                 @ DW_AT_name
	.byte	50                              @ DW_AT_const_value
	.byte	3                               @ Abbrev [3] 0xa5:0x6 DW_TAG_enumerator
	.long	.Linfo_string21                 @ DW_AT_name
	.byte	51                              @ DW_AT_const_value
	.byte	3                               @ Abbrev [3] 0xab:0x6 DW_TAG_enumerator
	.long	.Linfo_string22                 @ DW_AT_name
	.byte	52                              @ DW_AT_const_value
	.byte	3                               @ Abbrev [3] 0xb1:0x6 DW_TAG_enumerator
	.long	.Linfo_string23                 @ DW_AT_name
	.byte	53                              @ DW_AT_const_value
	.byte	3                               @ Abbrev [3] 0xb7:0x6 DW_TAG_enumerator
	.long	.Linfo_string24                 @ DW_AT_name
	.byte	54                              @ DW_AT_const_value
	.byte	3                               @ Abbrev [3] 0xbd:0x6 DW_TAG_enumerator
	.long	.Linfo_string25                 @ DW_AT_name
	.byte	55                              @ DW_AT_const_value
	.byte	3                               @ Abbrev [3] 0xc3:0x6 DW_TAG_enumerator
	.long	.Linfo_string26                 @ DW_AT_name
	.byte	56                              @ DW_AT_const_value
	.byte	3                               @ Abbrev [3] 0xc9:0x6 DW_TAG_enumerator
	.long	.Linfo_string27                 @ DW_AT_name
	.byte	57                              @ DW_AT_const_value
	.byte	3                               @ Abbrev [3] 0xcf:0x6 DW_TAG_enumerator
	.long	.Linfo_string28                 @ DW_AT_name
	.byte	58                              @ DW_AT_const_value
	.byte	3                               @ Abbrev [3] 0xd5:0x6 DW_TAG_enumerator
	.long	.Linfo_string29                 @ DW_AT_name
	.byte	59                              @ DW_AT_const_value
	.byte	3                               @ Abbrev [3] 0xdb:0x6 DW_TAG_enumerator
	.long	.Linfo_string30                 @ DW_AT_name
	.byte	60                              @ DW_AT_const_value
	.byte	3                               @ Abbrev [3] 0xe1:0x6 DW_TAG_enumerator
	.long	.Linfo_string31                 @ DW_AT_name
	.byte	61                              @ DW_AT_const_value
	.byte	3                               @ Abbrev [3] 0xe7:0x6 DW_TAG_enumerator
	.long	.Linfo_string32                 @ DW_AT_name
	.byte	62                              @ DW_AT_const_value
	.byte	3                               @ Abbrev [3] 0xed:0x6 DW_TAG_enumerator
	.long	.Linfo_string33                 @ DW_AT_name
	.byte	63                              @ DW_AT_const_value
	.byte	3                               @ Abbrev [3] 0xf3:0x6 DW_TAG_enumerator
	.long	.Linfo_string34                 @ DW_AT_name
	.byte	64                              @ DW_AT_const_value
	.byte	3                               @ Abbrev [3] 0xf9:0x6 DW_TAG_enumerator
	.long	.Linfo_string35                 @ DW_AT_name
	.byte	65                              @ DW_AT_const_value
	.byte	3                               @ Abbrev [3] 0xff:0x6 DW_TAG_enumerator
	.long	.Linfo_string36                 @ DW_AT_name
	.byte	66                              @ DW_AT_const_value
	.byte	3                               @ Abbrev [3] 0x105:0x6 DW_TAG_enumerator
	.long	.Linfo_string37                 @ DW_AT_name
	.byte	67                              @ DW_AT_const_value
	.byte	3                               @ Abbrev [3] 0x10b:0x6 DW_TAG_enumerator
	.long	.Linfo_string38                 @ DW_AT_name
	.byte	68                              @ DW_AT_const_value
	.byte	3                               @ Abbrev [3] 0x111:0x6 DW_TAG_enumerator
	.long	.Linfo_string39                 @ DW_AT_name
	.byte	69                              @ DW_AT_const_value
	.byte	3                               @ Abbrev [3] 0x117:0x6 DW_TAG_enumerator
	.long	.Linfo_string40                 @ DW_AT_name
	.byte	70                              @ DW_AT_const_value
	.byte	3                               @ Abbrev [3] 0x11d:0x6 DW_TAG_enumerator
	.long	.Linfo_string41                 @ DW_AT_name
	.byte	71                              @ DW_AT_const_value
	.byte	3                               @ Abbrev [3] 0x123:0x6 DW_TAG_enumerator
	.long	.Linfo_string42                 @ DW_AT_name
	.byte	72                              @ DW_AT_const_value
	.byte	3                               @ Abbrev [3] 0x129:0x6 DW_TAG_enumerator
	.long	.Linfo_string43                 @ DW_AT_name
	.byte	73                              @ DW_AT_const_value
	.byte	3                               @ Abbrev [3] 0x12f:0x6 DW_TAG_enumerator
	.long	.Linfo_string44                 @ DW_AT_name
	.byte	74                              @ DW_AT_const_value
	.byte	3                               @ Abbrev [3] 0x135:0x6 DW_TAG_enumerator
	.long	.Linfo_string45                 @ DW_AT_name
	.byte	75                              @ DW_AT_const_value
	.byte	3                               @ Abbrev [3] 0x13b:0x6 DW_TAG_enumerator
	.long	.Linfo_string46                 @ DW_AT_name
	.byte	76                              @ DW_AT_const_value
	.byte	3                               @ Abbrev [3] 0x141:0x6 DW_TAG_enumerator
	.long	.Linfo_string47                 @ DW_AT_name
	.byte	77                              @ DW_AT_const_value
	.byte	3                               @ Abbrev [3] 0x147:0x6 DW_TAG_enumerator
	.long	.Linfo_string48                 @ DW_AT_name
	.byte	78                              @ DW_AT_const_value
	.byte	3                               @ Abbrev [3] 0x14d:0x6 DW_TAG_enumerator
	.long	.Linfo_string49                 @ DW_AT_name
	.byte	79                              @ DW_AT_const_value
	.byte	3                               @ Abbrev [3] 0x153:0x6 DW_TAG_enumerator
	.long	.Linfo_string50                 @ DW_AT_name
	.byte	80                              @ DW_AT_const_value
	.byte	3                               @ Abbrev [3] 0x159:0x6 DW_TAG_enumerator
	.long	.Linfo_string51                 @ DW_AT_name
	.byte	81                              @ DW_AT_const_value
	.byte	3                               @ Abbrev [3] 0x15f:0x6 DW_TAG_enumerator
	.long	.Linfo_string52                 @ DW_AT_name
	.byte	82                              @ DW_AT_const_value
	.byte	3                               @ Abbrev [3] 0x165:0x6 DW_TAG_enumerator
	.long	.Linfo_string53                 @ DW_AT_name
	.byte	83                              @ DW_AT_const_value
	.byte	3                               @ Abbrev [3] 0x16b:0x6 DW_TAG_enumerator
	.long	.Linfo_string54                 @ DW_AT_name
	.byte	84                              @ DW_AT_const_value
	.byte	3                               @ Abbrev [3] 0x171:0x6 DW_TAG_enumerator
	.long	.Linfo_string55                 @ DW_AT_name
	.byte	85                              @ DW_AT_const_value
	.byte	3                               @ Abbrev [3] 0x177:0x6 DW_TAG_enumerator
	.long	.Linfo_string56                 @ DW_AT_name
	.byte	86                              @ DW_AT_const_value
	.byte	3                               @ Abbrev [3] 0x17d:0x6 DW_TAG_enumerator
	.long	.Linfo_string57                 @ DW_AT_name
	.byte	87                              @ DW_AT_const_value
	.byte	3                               @ Abbrev [3] 0x183:0x6 DW_TAG_enumerator
	.long	.Linfo_string58                 @ DW_AT_name
	.byte	88                              @ DW_AT_const_value
	.byte	3                               @ Abbrev [3] 0x189:0x6 DW_TAG_enumerator
	.long	.Linfo_string59                 @ DW_AT_name
	.byte	89                              @ DW_AT_const_value
	.byte	3                               @ Abbrev [3] 0x18f:0x6 DW_TAG_enumerator
	.long	.Linfo_string60                 @ DW_AT_name
	.byte	90                              @ DW_AT_const_value
	.byte	3                               @ Abbrev [3] 0x195:0x6 DW_TAG_enumerator
	.long	.Linfo_string61                 @ DW_AT_name
	.byte	91                              @ DW_AT_const_value
	.byte	3                               @ Abbrev [3] 0x19b:0x6 DW_TAG_enumerator
	.long	.Linfo_string62                 @ DW_AT_name
	.byte	92                              @ DW_AT_const_value
	.byte	3                               @ Abbrev [3] 0x1a1:0x6 DW_TAG_enumerator
	.long	.Linfo_string63                 @ DW_AT_name
	.byte	93                              @ DW_AT_const_value
	.byte	3                               @ Abbrev [3] 0x1a7:0x6 DW_TAG_enumerator
	.long	.Linfo_string64                 @ DW_AT_name
	.byte	94                              @ DW_AT_const_value
	.byte	3                               @ Abbrev [3] 0x1ad:0x6 DW_TAG_enumerator
	.long	.Linfo_string65                 @ DW_AT_name
	.byte	95                              @ DW_AT_const_value
	.byte	3                               @ Abbrev [3] 0x1b3:0x6 DW_TAG_enumerator
	.long	.Linfo_string66                 @ DW_AT_name
	.byte	96                              @ DW_AT_const_value
	.byte	3                               @ Abbrev [3] 0x1b9:0x6 DW_TAG_enumerator
	.long	.Linfo_string67                 @ DW_AT_name
	.byte	97                              @ DW_AT_const_value
	.byte	3                               @ Abbrev [3] 0x1bf:0x6 DW_TAG_enumerator
	.long	.Linfo_string68                 @ DW_AT_name
	.byte	98                              @ DW_AT_const_value
	.byte	3                               @ Abbrev [3] 0x1c5:0x6 DW_TAG_enumerator
	.long	.Linfo_string69                 @ DW_AT_name
	.byte	99                              @ DW_AT_const_value
	.byte	3                               @ Abbrev [3] 0x1cb:0x6 DW_TAG_enumerator
	.long	.Linfo_string70                 @ DW_AT_name
	.byte	100                             @ DW_AT_const_value
	.byte	3                               @ Abbrev [3] 0x1d1:0x6 DW_TAG_enumerator
	.long	.Linfo_string71                 @ DW_AT_name
	.byte	108                             @ DW_AT_const_value
	.byte	3                               @ Abbrev [3] 0x1d7:0x6 DW_TAG_enumerator
	.long	.Linfo_string72                 @ DW_AT_name
	.byte	109                             @ DW_AT_const_value
	.byte	3                               @ Abbrev [3] 0x1dd:0x6 DW_TAG_enumerator
	.long	.Linfo_string73                 @ DW_AT_name
	.byte	110                             @ DW_AT_const_value
	.byte	3                               @ Abbrev [3] 0x1e3:0x6 DW_TAG_enumerator
	.long	.Linfo_string74                 @ DW_AT_name
	.byte	111                             @ DW_AT_const_value
	.byte	3                               @ Abbrev [3] 0x1e9:0x6 DW_TAG_enumerator
	.long	.Linfo_string75                 @ DW_AT_name
	.byte	112                             @ DW_AT_const_value
	.byte	3                               @ Abbrev [3] 0x1ef:0x6 DW_TAG_enumerator
	.long	.Linfo_string76                 @ DW_AT_name
	.byte	113                             @ DW_AT_const_value
	.byte	3                               @ Abbrev [3] 0x1f5:0x6 DW_TAG_enumerator
	.long	.Linfo_string77                 @ DW_AT_name
	.byte	122                             @ DW_AT_const_value
	.byte	3                               @ Abbrev [3] 0x1fb:0x6 DW_TAG_enumerator
	.long	.Linfo_string78                 @ DW_AT_name
	.byte	123                             @ DW_AT_const_value
	.byte	0                               @ End Of Children Mark
	.byte	4                               @ Abbrev [4] 0x202:0x7 DW_TAG_base_type
	.long	.Linfo_string6                  @ DW_AT_name
	.byte	8                               @ DW_AT_encoding
	.byte	1                               @ DW_AT_byte_size
	.byte	2                               @ Abbrev [2] 0x209:0x15 DW_TAG_enumeration_type
	.long	514                             @ DW_AT_type
	.byte	1                               @ DW_AT_byte_size
	.byte	2                               @ DW_AT_decl_file
	.byte	140                             @ DW_AT_decl_line
	.byte	3                               @ Abbrev [3] 0x211:0x6 DW_TAG_enumerator
	.long	.Linfo_string79                 @ DW_AT_name
	.byte	0                               @ DW_AT_const_value
	.byte	3                               @ Abbrev [3] 0x217:0x6 DW_TAG_enumerator
	.long	.Linfo_string80                 @ DW_AT_name
	.byte	1                               @ DW_AT_const_value
	.byte	0                               @ End Of Children Mark
	.byte	2                               @ Abbrev [2] 0x21e:0xde DW_TAG_enumeration_type
	.long	66                              @ DW_AT_type
	.byte	4                               @ DW_AT_byte_size
	.byte	2                               @ DW_AT_decl_file
	.byte	89                              @ DW_AT_decl_line
	.byte	3                               @ Abbrev [3] 0x226:0x8 DW_TAG_enumerator
	.long	.Linfo_string81                 @ DW_AT_name
	.ascii	"\200\200\004"                  @ DW_AT_const_value
	.byte	3                               @ Abbrev [3] 0x22e:0x6 DW_TAG_enumerator
	.long	.Linfo_string82                 @ DW_AT_name
	.byte	0                               @ DW_AT_const_value
	.byte	3                               @ Abbrev [3] 0x234:0x8 DW_TAG_enumerator
	.long	.Linfo_string83                 @ DW_AT_name
	.ascii	"\200\200\001"                  @ DW_AT_const_value
	.byte	3                               @ Abbrev [3] 0x23c:0x8 DW_TAG_enumerator
	.long	.Linfo_string84                 @ DW_AT_name
	.ascii	"\200\200\002"                  @ DW_AT_const_value
	.byte	3                               @ Abbrev [3] 0x244:0x8 DW_TAG_enumerator
	.long	.Linfo_string85                 @ DW_AT_name
	.ascii	"\200\200\003"                  @ DW_AT_const_value
	.byte	3                               @ Abbrev [3] 0x24c:0x7 DW_TAG_enumerator
	.long	.Linfo_string86                 @ DW_AT_name
	.ascii	"\200`"                         @ DW_AT_const_value
	.byte	3                               @ Abbrev [3] 0x253:0x7 DW_TAG_enumerator
	.long	.Linfo_string87                 @ DW_AT_name
	.ascii	"\200 "                         @ DW_AT_const_value
	.byte	3                               @ Abbrev [3] 0x25a:0x7 DW_TAG_enumerator
	.long	.Linfo_string88                 @ DW_AT_name
	.ascii	"\200\020"                      @ DW_AT_const_value
	.byte	3                               @ Abbrev [3] 0x261:0x6 DW_TAG_enumerator
	.long	.Linfo_string89                 @ DW_AT_name
	.byte	0                               @ DW_AT_const_value
	.byte	3                               @ Abbrev [3] 0x267:0x6 DW_TAG_enumerator
	.long	.Linfo_string90                 @ DW_AT_name
	.byte	64                              @ DW_AT_const_value
	.byte	3                               @ Abbrev [3] 0x26d:0x7 DW_TAG_enumerator
	.long	.Linfo_string91                 @ DW_AT_name
	.ascii	"\300\001"                      @ DW_AT_const_value
	.byte	3                               @ Abbrev [3] 0x274:0x6 DW_TAG_enumerator
	.long	.Linfo_string92                 @ DW_AT_name
	.byte	0                               @ DW_AT_const_value
	.byte	3                               @ Abbrev [3] 0x27a:0x6 DW_TAG_enumerator
	.long	.Linfo_string93                 @ DW_AT_name
	.byte	8                               @ DW_AT_const_value
	.byte	3                               @ Abbrev [3] 0x280:0x6 DW_TAG_enumerator
	.long	.Linfo_string94                 @ DW_AT_name
	.byte	16                              @ DW_AT_const_value
	.byte	3                               @ Abbrev [3] 0x286:0x6 DW_TAG_enumerator
	.long	.Linfo_string95                 @ DW_AT_name
	.byte	24                              @ DW_AT_const_value
	.byte	3                               @ Abbrev [3] 0x28c:0x6 DW_TAG_enumerator
	.long	.Linfo_string96                 @ DW_AT_name
	.byte	32                              @ DW_AT_const_value
	.byte	3                               @ Abbrev [3] 0x292:0x6 DW_TAG_enumerator
	.long	.Linfo_string97                 @ DW_AT_name
	.byte	40                              @ DW_AT_const_value
	.byte	3                               @ Abbrev [3] 0x298:0x6 DW_TAG_enumerator
	.long	.Linfo_string98                 @ DW_AT_name
	.byte	48                              @ DW_AT_const_value
	.byte	3                               @ Abbrev [3] 0x29e:0x6 DW_TAG_enumerator
	.long	.Linfo_string99                 @ DW_AT_name
	.byte	56                              @ DW_AT_const_value
	.byte	3                               @ Abbrev [3] 0x2a4:0x6 DW_TAG_enumerator
	.long	.Linfo_string100                @ DW_AT_name
	.byte	0                               @ DW_AT_const_value
	.byte	3                               @ Abbrev [3] 0x2aa:0x6 DW_TAG_enumerator
	.long	.Linfo_string101                @ DW_AT_name
	.byte	1                               @ DW_AT_const_value
	.byte	3                               @ Abbrev [3] 0x2b0:0x6 DW_TAG_enumerator
	.long	.Linfo_string102                @ DW_AT_name
	.byte	112                             @ DW_AT_const_value
	.byte	3                               @ Abbrev [3] 0x2b6:0x6 DW_TAG_enumerator
	.long	.Linfo_string103                @ DW_AT_name
	.byte	72                              @ DW_AT_const_value
	.byte	3                               @ Abbrev [3] 0x2bc:0x7 DW_TAG_enumerator
	.long	.Linfo_string104                @ DW_AT_name
	.ascii	"\310`"                         @ DW_AT_const_value
	.byte	3                               @ Abbrev [3] 0x2c3:0x8 DW_TAG_enumerator
	.long	.Linfo_string105                @ DW_AT_name
	.ascii	"\310\340\001"                  @ DW_AT_const_value
	.byte	3                               @ Abbrev [3] 0x2cb:0x6 DW_TAG_enumerator
	.long	.Linfo_string106                @ DW_AT_name
	.byte	72                              @ DW_AT_const_value
	.byte	3                               @ Abbrev [3] 0x2d1:0x7 DW_TAG_enumerator
	.long	.Linfo_string107                @ DW_AT_name
	.ascii	"\310\020"                      @ DW_AT_const_value
	.byte	3                               @ Abbrev [3] 0x2d8:0x6 DW_TAG_enumerator
	.long	.Linfo_string108                @ DW_AT_name
	.byte	72                              @ DW_AT_const_value
	.byte	3                               @ Abbrev [3] 0x2de:0x7 DW_TAG_enumerator
	.long	.Linfo_string109                @ DW_AT_name
	.ascii	"\310\020"                      @ DW_AT_const_value
	.byte	3                               @ Abbrev [3] 0x2e5:0x7 DW_TAG_enumerator
	.long	.Linfo_string110                @ DW_AT_name
	.ascii	"\310a"                         @ DW_AT_const_value
	.byte	3                               @ Abbrev [3] 0x2ec:0x8 DW_TAG_enumerator
	.long	.Linfo_string111                @ DW_AT_name
	.ascii	"\310\341\001"                  @ DW_AT_const_value
	.byte	3                               @ Abbrev [3] 0x2f4:0x7 DW_TAG_enumerator
	.long	.Linfo_string112                @ DW_AT_name
	.ascii	"\310\001"                      @ DW_AT_const_value
	.byte	0                               @ End Of Children Mark
	.byte	5                               @ Abbrev [5] 0x2fc:0x15 DW_TAG_subprogram
	.long	.Lfunc_begin0                   @ DW_AT_low_pc
	.long	.Lfunc_end0-.Lfunc_begin0       @ DW_AT_high_pc
	.byte	1                               @ DW_AT_frame_base
	.byte	93
	.long	.Linfo_string113                @ DW_AT_name
	.byte	3                               @ DW_AT_decl_file
	.byte	47                              @ DW_AT_decl_line
                                        @ DW_AT_prototyped
	.long	785                             @ DW_AT_type
                                        @ DW_AT_external
	.byte	4                               @ Abbrev [4] 0x311:0x7 DW_TAG_base_type
	.long	.Linfo_string114                @ DW_AT_name
	.byte	5                               @ DW_AT_encoding
	.byte	4                               @ DW_AT_byte_size
	.byte	0                               @ End Of Children Mark
.Ldebug_info_end0:
	.section	.debug_str,"MS",%progbits,1
.Linfo_string0:
	.asciz	"Component: Arm Compiler for Embedded 6.19 Tool: armclang [5e73cb00]" @ string offset=0
.Linfo_string1:
	.asciz	"../user/src\\main.c"           @ string offset=68
.Linfo_string2:
	.asciz	"E:\\FILE_SMART_CAR\\\346\231\272\350\203\275\350\247\206\350\247\211\\RT1064_Library-master\\RT1064_Library-master\\SeekFree_RT1064_Opensource_Library\\project\\mdk" @ string offset=87
.Linfo_string3:
	.asciz	"unsigned int"                  @ string offset=209
.Linfo_string4:
	.asciz	"SYSTEM_CLOCK_XTAL"             @ string offset=222
.Linfo_string5:
	.asciz	"SYSTEM_CLOCK_600M"             @ string offset=240
.Linfo_string6:
	.asciz	"unsigned char"                 @ string offset=258
.Linfo_string7:
	.asciz	"B0"                            @ string offset=272
.Linfo_string8:
	.asciz	"B1"                            @ string offset=275
.Linfo_string9:
	.asciz	"B2"                            @ string offset=278
.Linfo_string10:
	.asciz	"B3"                            @ string offset=281
.Linfo_string11:
	.asciz	"B9"                            @ string offset=284
.Linfo_string12:
	.asciz	"B10"                           @ string offset=287
.Linfo_string13:
	.asciz	"B11"                           @ string offset=291
.Linfo_string14:
	.asciz	"B12"                           @ string offset=295
.Linfo_string15:
	.asciz	"B13"                           @ string offset=299
.Linfo_string16:
	.asciz	"B14"                           @ string offset=303
.Linfo_string17:
	.asciz	"B15"                           @ string offset=307
.Linfo_string18:
	.asciz	"B16"                           @ string offset=311
.Linfo_string19:
	.asciz	"B17"                           @ string offset=315
.Linfo_string20:
	.asciz	"B18"                           @ string offset=319
.Linfo_string21:
	.asciz	"B19"                           @ string offset=323
.Linfo_string22:
	.asciz	"B20"                           @ string offset=327
.Linfo_string23:
	.asciz	"B21"                           @ string offset=331
.Linfo_string24:
	.asciz	"B22"                           @ string offset=335
.Linfo_string25:
	.asciz	"B23"                           @ string offset=339
.Linfo_string26:
	.asciz	"B24"                           @ string offset=343
.Linfo_string27:
	.asciz	"B25"                           @ string offset=347
.Linfo_string28:
	.asciz	"B26"                           @ string offset=351
.Linfo_string29:
	.asciz	"B27"                           @ string offset=355
.Linfo_string30:
	.asciz	"B28"                           @ string offset=359
.Linfo_string31:
	.asciz	"B29"                           @ string offset=363
.Linfo_string32:
	.asciz	"B30"                           @ string offset=367
.Linfo_string33:
	.asciz	"B31"                           @ string offset=371
.Linfo_string34:
	.asciz	"C0"                            @ string offset=375
.Linfo_string35:
	.asciz	"C1"                            @ string offset=378
.Linfo_string36:
	.asciz	"C2"                            @ string offset=381
.Linfo_string37:
	.asciz	"C3"                            @ string offset=384
.Linfo_string38:
	.asciz	"C4"                            @ string offset=387
.Linfo_string39:
	.asciz	"C5"                            @ string offset=390
.Linfo_string40:
	.asciz	"C6"                            @ string offset=393
.Linfo_string41:
	.asciz	"C7"                            @ string offset=396
.Linfo_string42:
	.asciz	"C8"                            @ string offset=399
.Linfo_string43:
	.asciz	"C9"                            @ string offset=402
.Linfo_string44:
	.asciz	"C10"                           @ string offset=405
.Linfo_string45:
	.asciz	"C11"                           @ string offset=409
.Linfo_string46:
	.asciz	"C12"                           @ string offset=413
.Linfo_string47:
	.asciz	"C13"                           @ string offset=417
.Linfo_string48:
	.asciz	"C14"                           @ string offset=421
.Linfo_string49:
	.asciz	"C15"                           @ string offset=425
.Linfo_string50:
	.asciz	"C16"                           @ string offset=429
.Linfo_string51:
	.asciz	"C17"                           @ string offset=433
.Linfo_string52:
	.asciz	"C18"                           @ string offset=437
.Linfo_string53:
	.asciz	"C19"                           @ string offset=441
.Linfo_string54:
	.asciz	"C20"                           @ string offset=445
.Linfo_string55:
	.asciz	"C21"                           @ string offset=449
.Linfo_string56:
	.asciz	"C22"                           @ string offset=453
.Linfo_string57:
	.asciz	"C23"                           @ string offset=457
.Linfo_string58:
	.asciz	"C24"                           @ string offset=461
.Linfo_string59:
	.asciz	"C25"                           @ string offset=465
.Linfo_string60:
	.asciz	"C26"                           @ string offset=469
.Linfo_string61:
	.asciz	"C27"                           @ string offset=473
.Linfo_string62:
	.asciz	"C28"                           @ string offset=477
.Linfo_string63:
	.asciz	"C29"                           @ string offset=481
.Linfo_string64:
	.asciz	"C30"                           @ string offset=485
.Linfo_string65:
	.asciz	"C31"                           @ string offset=489
.Linfo_string66:
	.asciz	"D0"                            @ string offset=493
.Linfo_string67:
	.asciz	"D1"                            @ string offset=496
.Linfo_string68:
	.asciz	"D2"                            @ string offset=499
.Linfo_string69:
	.asciz	"D3"                            @ string offset=502
.Linfo_string70:
	.asciz	"D4"                            @ string offset=505
.Linfo_string71:
	.asciz	"D12"                           @ string offset=508
.Linfo_string72:
	.asciz	"D13"                           @ string offset=512
.Linfo_string73:
	.asciz	"D14"                           @ string offset=516
.Linfo_string74:
	.asciz	"D15"                           @ string offset=520
.Linfo_string75:
	.asciz	"D16"                           @ string offset=524
.Linfo_string76:
	.asciz	"D17"                           @ string offset=528
.Linfo_string77:
	.asciz	"D26"                           @ string offset=532
.Linfo_string78:
	.asciz	"D27"                           @ string offset=536
.Linfo_string79:
	.asciz	"GPI"                           @ string offset=540
.Linfo_string80:
	.asciz	"GPO"                           @ string offset=544
.Linfo_string81:
	.asciz	"HYS_EN"                        @ string offset=548
.Linfo_string82:
	.asciz	"PULLDOWN_100K"                 @ string offset=555
.Linfo_string83:
	.asciz	"PULLUP_47K"                    @ string offset=569
.Linfo_string84:
	.asciz	"PULLUP_100K"                   @ string offset=580
.Linfo_string85:
	.asciz	"PULLUP_22K"                    @ string offset=592
.Linfo_string86:
	.asciz	"PULL_EN"                       @ string offset=603
.Linfo_string87:
	.asciz	"KEEPER_EN"                     @ string offset=611
.Linfo_string88:
	.asciz	"OD_EN"                         @ string offset=621
.Linfo_string89:
	.asciz	"SPEED_50MHZ"                   @ string offset=627
.Linfo_string90:
	.asciz	"SPEED_100MHZ"                  @ string offset=639
.Linfo_string91:
	.asciz	"SPEED_200MHZ"                  @ string offset=652
.Linfo_string92:
	.asciz	"DSE_DIS"                       @ string offset=665
.Linfo_string93:
	.asciz	"DSE_R0"                        @ string offset=673
.Linfo_string94:
	.asciz	"DSE_R0_2"                      @ string offset=680
.Linfo_string95:
	.asciz	"DSE_R0_3"                      @ string offset=689
.Linfo_string96:
	.asciz	"DSE_R0_4"                      @ string offset=698
.Linfo_string97:
	.asciz	"DSE_R0_5"                      @ string offset=707
.Linfo_string98:
	.asciz	"DSE_R0_6"                      @ string offset=716
.Linfo_string99:
	.asciz	"DSE_R0_7"                      @ string offset=725
.Linfo_string100:
	.asciz	"SRE_SLOW"                      @ string offset=734
.Linfo_string101:
	.asciz	"SRE_FAST"                      @ string offset=743
.Linfo_string102:
	.asciz	"GPI_ANAOG_IN"                  @ string offset=752
.Linfo_string103:
	.asciz	"GPI_FLOATING_IN"               @ string offset=765
.Linfo_string104:
	.asciz	"GPI_PULL_DOWN"                 @ string offset=781
.Linfo_string105:
	.asciz	"GPI_PULL_UP"                   @ string offset=795
.Linfo_string106:
	.asciz	"GPO_PUSH_PULL"                 @ string offset=807
.Linfo_string107:
	.asciz	"GPO_OPEN_DTAIN"                @ string offset=821
.Linfo_string108:
	.asciz	"GPO_AF_PUSH_PULL"              @ string offset=836
.Linfo_string109:
	.asciz	"GPO_AF_OPEN_DTAIN"             @ string offset=853
.Linfo_string110:
	.asciz	"FAST_GPI_PULL_DOWN"            @ string offset=871
.Linfo_string111:
	.asciz	"FAST_GPI_PULL_UP"              @ string offset=890
.Linfo_string112:
	.asciz	"FAST_GPO_PUSH_PULL"            @ string offset=907
.Linfo_string113:
	.asciz	"main"                          @ string offset=926
.Linfo_string114:
	.asciz	"int"                           @ string offset=931
	.ident	"Component: Arm Compiler for Embedded 6.19 Tool: armclang [5e73cb00]"
	.section	".note.GNU-stack","",%progbits
	.eabi_attribute	30, 6	@ Tag_ABI_optimization_goals
	.ARM_attribute	16, 1	@ Tag_AV_eba
	.section	.debug_line,"",%progbits
.Lline_table_start0:
