	.text
	.syntax unified
	.eabi_attribute	67, "2.09"	@ Tag_conformance
	.cpu	cortex-m7
	.eabi_attribute	6, 13	@ Tag_CPU_arch
	.eabi_attribute	7, 77	@ Tag_CPU_arch_profile
	.eabi_attribute	8, 0	@ Tag_ARM_ISA_use
	.eabi_attribute	9, 2	@ Tag_THUMB_ISA_use
	.fpu	fpv5-d16
	.eabi_attribute	36, 1	@ Tag_FP_HP_extension
	.eabi_attribute	34, 1	@ Tag_CPU_unaligned_access
	.eabi_attribute	17, 1	@ Tag_ABI_PCS_GOT_use
	.eabi_attribute	20, 2	@ Tag_ABI_FP_denormal
	.eabi_attribute	21, 0	@ Tag_ABI_FP_exceptions
	.eabi_attribute	23, 1	@ Tag_ABI_FP_number_model
	.eabi_attribute	24, 1	@ Tag_ABI_align_needed
	.eabi_attribute	25, 1	@ Tag_ABI_align_preserved
	.eabi_attribute	28, 1	@ Tag_ABI_VFP_args
	.eabi_attribute	38, 1	@ Tag_ABI_FP_16bit_format
	.eabi_attribute	18, 2	@ Tag_ABI_PCS_wchar_t
	.eabi_attribute	26, 1	@ Tag_ABI_enum_size
	.eabi_attribute	14, 0	@ Tag_ABI_PCS_R9_use
	.file	"seekfree_assistant_interface.c"
	.file	1 "E:\\FILE_SMART_CAR\\\346\231\272\350\203\275\350\247\206\350\247\211\\RT1064_Library-master\\RT1064_Library-master\\SeekFree_RT1064_Opensource_Library\\project\\mdk" "../../libraries/zf_components/seekfree_assistant_interface.h"
	.section	.text.seekfree_assistant_transfer,"ax",%progbits
	.hidden	seekfree_assistant_transfer     @ -- Begin function seekfree_assistant_transfer
	.weak	seekfree_assistant_transfer
	.p2align	3
	.type	seekfree_assistant_transfer,%function
	.code	16                              @ @seekfree_assistant_transfer
	.thumb_func
seekfree_assistant_transfer:
.Lfunc_begin0:
	.file	2 "E:\\FILE_SMART_CAR\\\346\231\272\350\203\275\350\247\206\350\247\211\\RT1064_Library-master\\RT1064_Library-master\\SeekFree_RT1064_Opensource_Library\\project\\mdk" "../../libraries/zf_components/seekfree_assistant_interface.c"
	.loc	2 62 0                          @ ../../libraries/zf_components/seekfree_assistant_interface.c:62:0
	.fnstart
	.cfi_sections .debug_frame
	.cfi_startproc
@ %bb.0:
	.pad	#8
	sub	sp, #8
	.cfi_def_cfa_offset 8
	str	r0, [sp, #4]
	str	r1, [sp]
.Ltmp0:
	.loc	2 65 12 prologue_end            @ ../../libraries/zf_components/seekfree_assistant_interface.c:65:12
	ldr	r0, [sp]
	.loc	2 65 5 is_stmt 0                @ ../../libraries/zf_components/seekfree_assistant_interface.c:65:5
	add	sp, #8
	bx	lr
.Ltmp1:
.Lfunc_end0:
	.size	seekfree_assistant_transfer, .Lfunc_end0-seekfree_assistant_transfer
	.cfi_endproc
	.cantunwind
	.fnend
                                        @ -- End function
	.section	.text.seekfree_assistant_receive,"ax",%progbits
	.hidden	seekfree_assistant_receive      @ -- Begin function seekfree_assistant_receive
	.weak	seekfree_assistant_receive
	.p2align	3
	.type	seekfree_assistant_receive,%function
	.code	16                              @ @seekfree_assistant_receive
	.thumb_func
seekfree_assistant_receive:
.Lfunc_begin1:
	.loc	2 76 0 is_stmt 1                @ ../../libraries/zf_components/seekfree_assistant_interface.c:76:0
	.fnstart
	.cfi_startproc
@ %bb.0:
	.pad	#8
	sub	sp, #8
	.cfi_def_cfa_offset 8
	str	r0, [sp, #4]
	str	r1, [sp]
	movs	r0, #0
.Ltmp2:
	.loc	2 78 5 prologue_end             @ ../../libraries/zf_components/seekfree_assistant_interface.c:78:5
	add	sp, #8
	bx	lr
.Ltmp3:
.Lfunc_end1:
	.size	seekfree_assistant_receive, .Lfunc_end1-seekfree_assistant_receive
	.cfi_endproc
	.cantunwind
	.fnend
                                        @ -- End function
	.section	.text.seekfree_assistant_interface_init,"ax",%progbits
	.hidden	seekfree_assistant_interface_init @ -- Begin function seekfree_assistant_interface_init
	.weak	seekfree_assistant_interface_init
	.p2align	3
	.type	seekfree_assistant_interface_init,%function
	.code	16                              @ @seekfree_assistant_interface_init
	.thumb_func
seekfree_assistant_interface_init:
.Lfunc_begin2:
	.loc	2 89 0                          @ ../../libraries/zf_components/seekfree_assistant_interface.c:89:0
	.fnstart
	.cfi_startproc
@ %bb.0:
	.pad	#8
	sub	sp, #8
	.cfi_def_cfa_offset 8
                                        @ kill: def $r1 killed $r0
	strb.w	r0, [sp, #7]
.Ltmp4:
	.loc	2 90 12 prologue_end            @ ../../libraries/zf_components/seekfree_assistant_interface.c:90:12
	ldrb.w	r0, [sp, #7]
	.loc	2 90 5 is_stmt 0                @ ../../libraries/zf_components/seekfree_assistant_interface.c:90:5
	mov	r1, r0
	str	r1, [sp]                        @ 4-byte Spill
	cmp	r0, #6
	bhi.w	.LBB2_10
@ %bb.1:
	.loc	2 0 5                           @ ../../libraries/zf_components/seekfree_assistant_interface.c:0:5
	ldr	r1, [sp]                        @ 4-byte Reload
.LCPI2_0:
	tbb	[pc, r1]
@ %bb.2:
.LJTI2_0:
	.byte	(.LBB2_3-(.LCPI2_0+4))/2
	.byte	(.LBB2_4-(.LCPI2_0+4))/2
	.byte	(.LBB2_5-(.LCPI2_0+4))/2
	.byte	(.LBB2_6-(.LCPI2_0+4))/2
	.byte	(.LBB2_7-(.LCPI2_0+4))/2
	.byte	(.LBB2_8-(.LCPI2_0+4))/2
	.byte	(.LBB2_9-(.LCPI2_0+4))/2
	.p2align	1
.LBB2_3:
.Ltmp5:
	.loc	2 94 50 is_stmt 1               @ ../../libraries/zf_components/seekfree_assistant_interface.c:94:50
	movw	r1, :lower16:seekfree_assistant_transfer_callback
	movt	r1, :upper16:seekfree_assistant_transfer_callback
	movw	r0, :lower16:debug_send_buffer
	movt	r0, :upper16:debug_send_buffer
	str	r0, [r1]
	.loc	2 95 49                         @ ../../libraries/zf_components/seekfree_assistant_interface.c:95:49
	movw	r1, :lower16:seekfree_assistant_receive_callback
	movt	r1, :upper16:seekfree_assistant_receive_callback
	movw	r0, :lower16:debug_read_ring_buffer
	movt	r0, :upper16:debug_read_ring_buffer
	str	r0, [r1]
.Ltmp6:
	.loc	2 96 10                         @ ../../libraries/zf_components/seekfree_assistant_interface.c:96:10
	b	.LBB2_10
.LBB2_4:
.Ltmp7:
	.loc	2 100 50                        @ ../../libraries/zf_components/seekfree_assistant_interface.c:100:50
	movw	r1, :lower16:seekfree_assistant_transfer_callback
	movt	r1, :upper16:seekfree_assistant_transfer_callback
	movw	r0, :lower16:wireless_uart_send_buffer
	movt	r0, :upper16:wireless_uart_send_buffer
	str	r0, [r1]
	.loc	2 101 49                        @ ../../libraries/zf_components/seekfree_assistant_interface.c:101:49
	movw	r1, :lower16:seekfree_assistant_receive_callback
	movt	r1, :upper16:seekfree_assistant_receive_callback
	movw	r0, :lower16:wireless_uart_read_buffer
	movt	r0, :upper16:wireless_uart_read_buffer
	str	r0, [r1]
.Ltmp8:
	.loc	2 102 10                        @ ../../libraries/zf_components/seekfree_assistant_interface.c:102:10
	b	.LBB2_10
.LBB2_5:
.Ltmp9:
	.loc	2 106 50                        @ ../../libraries/zf_components/seekfree_assistant_interface.c:106:50
	movw	r1, :lower16:seekfree_assistant_transfer_callback
	movt	r1, :upper16:seekfree_assistant_transfer_callback
	movw	r0, :lower16:bluetooth_ch9141_send_buffer
	movt	r0, :upper16:bluetooth_ch9141_send_buffer
	str	r0, [r1]
	.loc	2 107 49                        @ ../../libraries/zf_components/seekfree_assistant_interface.c:107:49
	movw	r1, :lower16:seekfree_assistant_receive_callback
	movt	r1, :upper16:seekfree_assistant_receive_callback
	movw	r0, :lower16:bluetooth_ch9141_read_buffer
	movt	r0, :upper16:bluetooth_ch9141_read_buffer
	str	r0, [r1]
.Ltmp10:
	.loc	2 108 10                        @ ../../libraries/zf_components/seekfree_assistant_interface.c:108:10
	b	.LBB2_10
.LBB2_6:
.Ltmp11:
	.loc	2 112 50                        @ ../../libraries/zf_components/seekfree_assistant_interface.c:112:50
	movw	r1, :lower16:seekfree_assistant_transfer_callback
	movt	r1, :upper16:seekfree_assistant_transfer_callback
	movw	r0, :lower16:wifi_uart_send_buffer
	movt	r0, :upper16:wifi_uart_send_buffer
	str	r0, [r1]
	.loc	2 113 49                        @ ../../libraries/zf_components/seekfree_assistant_interface.c:113:49
	movw	r1, :lower16:seekfree_assistant_receive_callback
	movt	r1, :upper16:seekfree_assistant_receive_callback
	movw	r0, :lower16:wifi_uart_read_buffer
	movt	r0, :upper16:wifi_uart_read_buffer
	str	r0, [r1]
.Ltmp12:
	.loc	2 114 10                        @ ../../libraries/zf_components/seekfree_assistant_interface.c:114:10
	b	.LBB2_10
.LBB2_7:
.Ltmp13:
	.loc	2 118 50                        @ ../../libraries/zf_components/seekfree_assistant_interface.c:118:50
	movw	r1, :lower16:seekfree_assistant_transfer_callback
	movt	r1, :upper16:seekfree_assistant_transfer_callback
	movw	r0, :lower16:wifi_spi_send_buffer
	movt	r0, :upper16:wifi_spi_send_buffer
	str	r0, [r1]
	.loc	2 119 49                        @ ../../libraries/zf_components/seekfree_assistant_interface.c:119:49
	movw	r1, :lower16:seekfree_assistant_receive_callback
	movt	r1, :upper16:seekfree_assistant_receive_callback
	movw	r0, :lower16:wifi_spi_read_buffer
	movt	r0, :upper16:wifi_spi_read_buffer
	str	r0, [r1]
.Ltmp14:
	.loc	2 120 10                        @ ../../libraries/zf_components/seekfree_assistant_interface.c:120:10
	b	.LBB2_10
.LBB2_8:
.Ltmp15:
	.loc	2 124 50                        @ ../../libraries/zf_components/seekfree_assistant_interface.c:124:50
	movw	r1, :lower16:seekfree_assistant_transfer_callback
	movt	r1, :upper16:seekfree_assistant_transfer_callback
	movw	r0, :lower16:ble6a20_send_buffer
	movt	r0, :upper16:ble6a20_send_buffer
	str	r0, [r1]
	.loc	2 125 49                        @ ../../libraries/zf_components/seekfree_assistant_interface.c:125:49
	movw	r1, :lower16:seekfree_assistant_receive_callback
	movt	r1, :upper16:seekfree_assistant_receive_callback
	movw	r0, :lower16:ble6a20_read_buffer
	movt	r0, :upper16:ble6a20_read_buffer
	str	r0, [r1]
.Ltmp16:
	.loc	2 126 10                        @ ../../libraries/zf_components/seekfree_assistant_interface.c:126:10
	b	.LBB2_10
.LBB2_9:
	.loc	2 132 10                        @ ../../libraries/zf_components/seekfree_assistant_interface.c:132:10
	b	.LBB2_10
.Ltmp17:
.LBB2_10:
	.loc	2 134 1                         @ ../../libraries/zf_components/seekfree_assistant_interface.c:134:1
	add	sp, #8
	bx	lr
.Ltmp18:
.Lfunc_end2:
	.size	seekfree_assistant_interface_init, .Lfunc_end2-seekfree_assistant_interface_init
	.cfi_endproc
	.cantunwind
	.fnend
                                        @ -- End function
	.file	3 "E:\\FILE_SMART_CAR\\\346\231\272\350\203\275\350\247\206\350\247\211\\RT1064_Library-master\\RT1064_Library-master\\SeekFree_RT1064_Opensource_Library\\project\\mdk" "../../libraries/zf_common/zf_common_typedef.h"
	.section	.debug_abbrev,"",%progbits
	.byte	1                               @ Abbreviation Code
	.byte	17                              @ DW_TAG_compile_unit
	.byte	1                               @ DW_CHILDREN_yes
	.byte	37                              @ DW_AT_producer
	.byte	14                              @ DW_FORM_strp
	.byte	19                              @ DW_AT_language
	.byte	5                               @ DW_FORM_data2
	.byte	3                               @ DW_AT_name
	.byte	14                              @ DW_FORM_strp
	.byte	16                              @ DW_AT_stmt_list
	.byte	23                              @ DW_FORM_sec_offset
	.byte	27                              @ DW_AT_comp_dir
	.byte	14                              @ DW_FORM_strp
	.byte	17                              @ DW_AT_low_pc
	.byte	1                               @ DW_FORM_addr
	.byte	85                              @ DW_AT_ranges
	.byte	23                              @ DW_FORM_sec_offset
	.byte	0                               @ EOM(1)
	.byte	0                               @ EOM(2)
	.byte	2                               @ Abbreviation Code
	.byte	4                               @ DW_TAG_enumeration_type
	.byte	1                               @ DW_CHILDREN_yes
	.byte	73                              @ DW_AT_type
	.byte	19                              @ DW_FORM_ref4
	.byte	11                              @ DW_AT_byte_size
	.byte	11                              @ DW_FORM_data1
	.byte	58                              @ DW_AT_decl_file
	.byte	11                              @ DW_FORM_data1
	.byte	59                              @ DW_AT_decl_line
	.byte	11                              @ DW_FORM_data1
	.byte	0                               @ EOM(1)
	.byte	0                               @ EOM(2)
	.byte	3                               @ Abbreviation Code
	.byte	40                              @ DW_TAG_enumerator
	.byte	0                               @ DW_CHILDREN_no
	.byte	3                               @ DW_AT_name
	.byte	14                              @ DW_FORM_strp
	.byte	28                              @ DW_AT_const_value
	.byte	15                              @ DW_FORM_udata
	.byte	0                               @ EOM(1)
	.byte	0                               @ EOM(2)
	.byte	4                               @ Abbreviation Code
	.byte	36                              @ DW_TAG_base_type
	.byte	0                               @ DW_CHILDREN_no
	.byte	3                               @ DW_AT_name
	.byte	14                              @ DW_FORM_strp
	.byte	62                              @ DW_AT_encoding
	.byte	11                              @ DW_FORM_data1
	.byte	11                              @ DW_AT_byte_size
	.byte	11                              @ DW_FORM_data1
	.byte	0                               @ EOM(1)
	.byte	0                               @ EOM(2)
	.byte	5                               @ Abbreviation Code
	.byte	46                              @ DW_TAG_subprogram
	.byte	1                               @ DW_CHILDREN_yes
	.byte	17                              @ DW_AT_low_pc
	.byte	1                               @ DW_FORM_addr
	.byte	18                              @ DW_AT_high_pc
	.byte	6                               @ DW_FORM_data4
	.byte	64                              @ DW_AT_frame_base
	.byte	24                              @ DW_FORM_exprloc
	.byte	3                               @ DW_AT_name
	.byte	14                              @ DW_FORM_strp
	.byte	58                              @ DW_AT_decl_file
	.byte	11                              @ DW_FORM_data1
	.byte	59                              @ DW_AT_decl_line
	.byte	11                              @ DW_FORM_data1
	.byte	39                              @ DW_AT_prototyped
	.byte	25                              @ DW_FORM_flag_present
	.byte	73                              @ DW_AT_type
	.byte	19                              @ DW_FORM_ref4
	.byte	63                              @ DW_AT_external
	.byte	25                              @ DW_FORM_flag_present
	.byte	0                               @ EOM(1)
	.byte	0                               @ EOM(2)
	.byte	6                               @ Abbreviation Code
	.byte	5                               @ DW_TAG_formal_parameter
	.byte	0                               @ DW_CHILDREN_no
	.byte	2                               @ DW_AT_location
	.byte	24                              @ DW_FORM_exprloc
	.byte	3                               @ DW_AT_name
	.byte	14                              @ DW_FORM_strp
	.byte	58                              @ DW_AT_decl_file
	.byte	11                              @ DW_FORM_data1
	.byte	59                              @ DW_AT_decl_line
	.byte	11                              @ DW_FORM_data1
	.byte	73                              @ DW_AT_type
	.byte	19                              @ DW_FORM_ref4
	.byte	0                               @ EOM(1)
	.byte	0                               @ EOM(2)
	.byte	7                               @ Abbreviation Code
	.byte	46                              @ DW_TAG_subprogram
	.byte	1                               @ DW_CHILDREN_yes
	.byte	17                              @ DW_AT_low_pc
	.byte	1                               @ DW_FORM_addr
	.byte	18                              @ DW_AT_high_pc
	.byte	6                               @ DW_FORM_data4
	.byte	64                              @ DW_AT_frame_base
	.byte	24                              @ DW_FORM_exprloc
	.byte	3                               @ DW_AT_name
	.byte	14                              @ DW_FORM_strp
	.byte	58                              @ DW_AT_decl_file
	.byte	11                              @ DW_FORM_data1
	.byte	59                              @ DW_AT_decl_line
	.byte	11                              @ DW_FORM_data1
	.byte	39                              @ DW_AT_prototyped
	.byte	25                              @ DW_FORM_flag_present
	.byte	63                              @ DW_AT_external
	.byte	25                              @ DW_FORM_flag_present
	.byte	0                               @ EOM(1)
	.byte	0                               @ EOM(2)
	.byte	8                               @ Abbreviation Code
	.byte	22                              @ DW_TAG_typedef
	.byte	0                               @ DW_CHILDREN_no
	.byte	73                              @ DW_AT_type
	.byte	19                              @ DW_FORM_ref4
	.byte	3                               @ DW_AT_name
	.byte	14                              @ DW_FORM_strp
	.byte	58                              @ DW_AT_decl_file
	.byte	11                              @ DW_FORM_data1
	.byte	59                              @ DW_AT_decl_line
	.byte	11                              @ DW_FORM_data1
	.byte	0                               @ EOM(1)
	.byte	0                               @ EOM(2)
	.byte	9                               @ Abbreviation Code
	.byte	15                              @ DW_TAG_pointer_type
	.byte	0                               @ DW_CHILDREN_no
	.byte	73                              @ DW_AT_type
	.byte	19                              @ DW_FORM_ref4
	.byte	0                               @ EOM(1)
	.byte	0                               @ EOM(2)
	.byte	10                              @ Abbreviation Code
	.byte	38                              @ DW_TAG_const_type
	.byte	0                               @ DW_CHILDREN_no
	.byte	73                              @ DW_AT_type
	.byte	19                              @ DW_FORM_ref4
	.byte	0                               @ EOM(1)
	.byte	0                               @ EOM(2)
	.byte	0                               @ EOM(3)
	.section	.debug_info,"",%progbits
.Lcu_begin0:
	.long	.Ldebug_info_end0-.Ldebug_info_start0 @ Length of Unit
.Ldebug_info_start0:
	.short	4                               @ DWARF version number
	.long	.debug_abbrev                   @ Offset Into Abbrev. Section
	.byte	4                               @ Address Size (in bytes)
	.byte	1                               @ Abbrev [1] 0xb:0x111 DW_TAG_compile_unit
	.long	.Linfo_string0                  @ DW_AT_producer
	.short	12                              @ DW_AT_language
	.long	.Linfo_string1                  @ DW_AT_name
	.long	.Lline_table_start0             @ DW_AT_stmt_list
	.long	.Linfo_string2                  @ DW_AT_comp_dir
	.long	0                               @ DW_AT_low_pc
	.long	.Ldebug_ranges0                 @ DW_AT_ranges
	.byte	2                               @ Abbrev [2] 0x26:0x33 DW_TAG_enumeration_type
	.long	89                              @ DW_AT_type
	.byte	1                               @ DW_AT_byte_size
	.byte	1                               @ DW_AT_decl_file
	.byte	42                              @ DW_AT_decl_line
	.byte	3                               @ Abbrev [3] 0x2e:0x6 DW_TAG_enumerator
	.long	.Linfo_string4                  @ DW_AT_name
	.byte	0                               @ DW_AT_const_value
	.byte	3                               @ Abbrev [3] 0x34:0x6 DW_TAG_enumerator
	.long	.Linfo_string5                  @ DW_AT_name
	.byte	1                               @ DW_AT_const_value
	.byte	3                               @ Abbrev [3] 0x3a:0x6 DW_TAG_enumerator
	.long	.Linfo_string6                  @ DW_AT_name
	.byte	2                               @ DW_AT_const_value
	.byte	3                               @ Abbrev [3] 0x40:0x6 DW_TAG_enumerator
	.long	.Linfo_string7                  @ DW_AT_name
	.byte	3                               @ DW_AT_const_value
	.byte	3                               @ Abbrev [3] 0x46:0x6 DW_TAG_enumerator
	.long	.Linfo_string8                  @ DW_AT_name
	.byte	4                               @ DW_AT_const_value
	.byte	3                               @ Abbrev [3] 0x4c:0x6 DW_TAG_enumerator
	.long	.Linfo_string9                  @ DW_AT_name
	.byte	5                               @ DW_AT_const_value
	.byte	3                               @ Abbrev [3] 0x52:0x6 DW_TAG_enumerator
	.long	.Linfo_string10                 @ DW_AT_name
	.byte	6                               @ DW_AT_const_value
	.byte	0                               @ End Of Children Mark
	.byte	4                               @ Abbrev [4] 0x59:0x7 DW_TAG_base_type
	.long	.Linfo_string3                  @ DW_AT_name
	.byte	8                               @ DW_AT_encoding
	.byte	1                               @ DW_AT_byte_size
	.byte	5                               @ Abbrev [5] 0x60:0x32 DW_TAG_subprogram
	.long	.Lfunc_begin0                   @ DW_AT_low_pc
	.long	.Lfunc_end0-.Lfunc_begin0       @ DW_AT_high_pc
	.byte	1                               @ DW_AT_frame_base
	.byte	93
	.long	.Linfo_string11                 @ DW_AT_name
	.byte	2                               @ DW_AT_decl_file
	.byte	61                              @ DW_AT_decl_line
                                        @ DW_AT_prototyped
	.long	228                             @ DW_AT_type
                                        @ DW_AT_external
	.byte	6                               @ Abbrev [6] 0x75:0xe DW_TAG_formal_parameter
	.byte	2                               @ DW_AT_location
	.byte	145
	.byte	4
	.long	.Linfo_string16                 @ DW_AT_name
	.byte	2                               @ DW_AT_decl_file
	.byte	61                              @ DW_AT_decl_line
	.long	246                             @ DW_AT_type
	.byte	6                               @ Abbrev [6] 0x83:0xe DW_TAG_formal_parameter
	.byte	2                               @ DW_AT_location
	.byte	145
	.byte	0
	.long	.Linfo_string18                 @ DW_AT_name
	.byte	2                               @ DW_AT_decl_file
	.byte	61                              @ DW_AT_decl_line
	.long	228                             @ DW_AT_type
	.byte	0                               @ End Of Children Mark
	.byte	5                               @ Abbrev [5] 0x92:0x32 DW_TAG_subprogram
	.long	.Lfunc_begin1                   @ DW_AT_low_pc
	.long	.Lfunc_end1-.Lfunc_begin1       @ DW_AT_high_pc
	.byte	1                               @ DW_AT_frame_base
	.byte	93
	.long	.Linfo_string14                 @ DW_AT_name
	.byte	2                               @ DW_AT_decl_file
	.byte	75                              @ DW_AT_decl_line
                                        @ DW_AT_prototyped
	.long	228                             @ DW_AT_type
                                        @ DW_AT_external
	.byte	6                               @ Abbrev [6] 0xa7:0xe DW_TAG_formal_parameter
	.byte	2                               @ DW_AT_location
	.byte	145
	.byte	4
	.long	.Linfo_string16                 @ DW_AT_name
	.byte	2                               @ DW_AT_decl_file
	.byte	75                              @ DW_AT_decl_line
	.long	267                             @ DW_AT_type
	.byte	6                               @ Abbrev [6] 0xb5:0xe DW_TAG_formal_parameter
	.byte	2                               @ DW_AT_location
	.byte	145
	.byte	0
	.long	.Linfo_string18                 @ DW_AT_name
	.byte	2                               @ DW_AT_decl_file
	.byte	75                              @ DW_AT_decl_line
	.long	228                             @ DW_AT_type
	.byte	0                               @ End Of Children Mark
	.byte	7                               @ Abbrev [7] 0xc4:0x20 DW_TAG_subprogram
	.long	.Lfunc_begin2                   @ DW_AT_low_pc
	.long	.Lfunc_end2-.Lfunc_begin2       @ DW_AT_high_pc
	.byte	1                               @ DW_AT_frame_base
	.byte	93
	.long	.Linfo_string15                 @ DW_AT_name
	.byte	2                               @ DW_AT_decl_file
	.byte	88                              @ DW_AT_decl_line
                                        @ DW_AT_prototyped
                                        @ DW_AT_external
	.byte	6                               @ Abbrev [6] 0xd5:0xe DW_TAG_formal_parameter
	.byte	2                               @ DW_AT_location
	.byte	145
	.byte	7
	.long	.Linfo_string19                 @ DW_AT_name
	.byte	2                               @ DW_AT_decl_file
	.byte	88                              @ DW_AT_decl_line
	.long	272                             @ DW_AT_type
	.byte	0                               @ End Of Children Mark
	.byte	8                               @ Abbrev [8] 0xe4:0xb DW_TAG_typedef
	.long	239                             @ DW_AT_type
	.long	.Linfo_string13                 @ DW_AT_name
	.byte	3                               @ DW_AT_decl_file
	.byte	57                              @ DW_AT_decl_line
	.byte	4                               @ Abbrev [4] 0xef:0x7 DW_TAG_base_type
	.long	.Linfo_string12                 @ DW_AT_name
	.byte	7                               @ DW_AT_encoding
	.byte	4                               @ DW_AT_byte_size
	.byte	9                               @ Abbrev [9] 0xf6:0x5 DW_TAG_pointer_type
	.long	251                             @ DW_AT_type
	.byte	10                              @ Abbrev [10] 0xfb:0x5 DW_TAG_const_type
	.long	256                             @ DW_AT_type
	.byte	8                               @ Abbrev [8] 0x100:0xb DW_TAG_typedef
	.long	89                              @ DW_AT_type
	.long	.Linfo_string17                 @ DW_AT_name
	.byte	3                               @ DW_AT_decl_file
	.byte	55                              @ DW_AT_decl_line
	.byte	9                               @ Abbrev [9] 0x10b:0x5 DW_TAG_pointer_type
	.long	256                             @ DW_AT_type
	.byte	8                               @ Abbrev [8] 0x110:0xb DW_TAG_typedef
	.long	38                              @ DW_AT_type
	.long	.Linfo_string20                 @ DW_AT_name
	.byte	1                               @ DW_AT_decl_file
	.byte	51                              @ DW_AT_decl_line
	.byte	0                               @ End Of Children Mark
.Ldebug_info_end0:
	.section	.debug_ranges,"",%progbits
.Ldebug_ranges0:
	.long	.Lfunc_begin0
	.long	.Lfunc_end0
	.long	.Lfunc_begin1
	.long	.Lfunc_end1
	.long	.Lfunc_begin2
	.long	.Lfunc_end2
	.long	0
	.long	0
	.section	.debug_str,"MS",%progbits,1
.Linfo_string0:
	.asciz	"Component: Arm Compiler for Embedded 6.19 Tool: armclang [5e73cb00]" @ string offset=0
.Linfo_string1:
	.asciz	"../../libraries/zf_components\\seekfree_assistant_interface.c" @ string offset=68
.Linfo_string2:
	.asciz	"E:\\FILE_SMART_CAR\\\346\231\272\350\203\275\350\247\206\350\247\211\\RT1064_Library-master\\RT1064_Library-master\\SeekFree_RT1064_Opensource_Library\\project\\mdk" @ string offset=129
.Linfo_string3:
	.asciz	"unsigned char"                 @ string offset=251
.Linfo_string4:
	.asciz	"SEEKFREE_ASSISTANT_DEBUG_UART" @ string offset=265
.Linfo_string5:
	.asciz	"SEEKFREE_ASSISTANT_WIRELESS_UART" @ string offset=295
.Linfo_string6:
	.asciz	"SEEKFREE_ASSISTANT_CH9141"     @ string offset=328
.Linfo_string7:
	.asciz	"SEEKFREE_ASSISTANT_WIFI_UART"  @ string offset=354
.Linfo_string8:
	.asciz	"SEEKFREE_ASSISTANT_WIFI_SPI"   @ string offset=383
.Linfo_string9:
	.asciz	"SEEKFREE_ASSISTANT_BLE6A20"    @ string offset=411
.Linfo_string10:
	.asciz	"SEEKFREE_ASSISTANT_CUSTOM"     @ string offset=438
.Linfo_string11:
	.asciz	"seekfree_assistant_transfer"   @ string offset=464
.Linfo_string12:
	.asciz	"unsigned int"                  @ string offset=492
.Linfo_string13:
	.asciz	"uint32"                        @ string offset=505
.Linfo_string14:
	.asciz	"seekfree_assistant_receive"    @ string offset=512
.Linfo_string15:
	.asciz	"seekfree_assistant_interface_init" @ string offset=539
.Linfo_string16:
	.asciz	"buff"                          @ string offset=573
.Linfo_string17:
	.asciz	"uint8"                         @ string offset=578
.Linfo_string18:
	.asciz	"length"                        @ string offset=584
.Linfo_string19:
	.asciz	"transfer_device"               @ string offset=591
.Linfo_string20:
	.asciz	"seekfree_assistant_transfer_device_enum" @ string offset=607
	.ident	"Component: Arm Compiler for Embedded 6.19 Tool: armclang [5e73cb00]"
	.section	".note.GNU-stack","",%progbits
	.eabi_attribute	30, 6	@ Tag_ABI_optimization_goals
	.ARM_attribute	16, 1	@ Tag_AV_eba
	.section	.debug_line,"",%progbits
.Lline_table_start0:
