	.text
	.syntax unified
	.eabi_attribute	67, "2.09"	@ Tag_conformance
	.cpu	cortex-m7
	.eabi_attribute	6, 13	@ Tag_CPU_arch
	.eabi_attribute	7, 77	@ Tag_CPU_arch_profile
	.eabi_attribute	8, 0	@ Tag_ARM_ISA_use
	.eabi_attribute	9, 2	@ Tag_THUMB_ISA_use
	.fpu	fpv5-d16
	.eabi_attribute	36, 1	@ Tag_FP_HP_extension
	.eabi_attribute	34, 1	@ Tag_CPU_unaligned_access
	.eabi_attribute	17, 1	@ Tag_ABI_PCS_GOT_use
	.eabi_attribute	20, 2	@ Tag_ABI_FP_denormal
	.eabi_attribute	21, 0	@ Tag_ABI_FP_exceptions
	.eabi_attribute	23, 1	@ Tag_ABI_FP_number_model
	.eabi_attribute	24, 1	@ Tag_ABI_align_needed
	.eabi_attribute	25, 1	@ Tag_ABI_align_preserved
	.eabi_attribute	28, 1	@ Tag_ABI_VFP_args
	.eabi_attribute	38, 1	@ Tag_ABI_FP_16bit_format
	.eabi_attribute	18, 2	@ Tag_ABI_PCS_wchar_t
	.eabi_attribute	26, 1	@ Tag_ABI_enum_size
	.eabi_attribute	14, 0	@ Tag_ABI_PCS_R9_use
	.file	"usb_phy.c"
	.file	1 "E:\\FILE_SMART_CAR\\\346\231\272\350\203\275\350\247\206\350\247\211\\RT1064_Library-master\\RT1064_Library-master\\SeekFree_RT1064_Opensource_Library\\project\\mdk" "../../libraries/components/usb/include\\usb.h"
	.file	2 "D:\\KEIL\\ARM\\ARMCLANG\\Bin\\..\\include" "stdint.h"
	.file	3 "E:\\FILE_SMART_CAR\\\346\231\272\350\203\275\350\247\206\350\247\211\\RT1064_Library-master\\RT1064_Library-master\\SeekFree_RT1064_Opensource_Library\\project\\mdk" "../../libraries/sdk/deceive/MIMXRT1064.h"
	.section	.text.USB_EhciPhyGetBase,"ax",%progbits
	.hidden	USB_EhciPhyGetBase              @ -- Begin function USB_EhciPhyGetBase
	.globl	USB_EhciPhyGetBase
	.p2align	3
	.type	USB_EhciPhyGetBase,%function
	.code	16                              @ @USB_EhciPhyGetBase
	.thumb_func
USB_EhciPhyGetBase:
.Lfunc_begin0:
	.file	4 "E:\\FILE_SMART_CAR\\\346\231\272\350\203\275\350\247\206\350\247\211\\RT1064_Library-master\\RT1064_Library-master\\SeekFree_RT1064_Opensource_Library\\project\\mdk" "../../libraries/components/usb/phy/usb_phy.c"
	.loc	4 15 0                          @ ../../libraries/components/usb/phy/usb_phy.c:15:0
	.fnstart
	.cfi_sections .debug_frame
	.cfi_startproc
@ %bb.0:
	.pad	#48
	sub	sp, #48
	.cfi_def_cfa_offset 48
                                        @ kill: def $r1 killed $r0
	strb.w	r0, [sp, #43]
	movs	r0, #0
.Ltmp0:
	.loc	4 16 11 prologue_end            @ ../../libraries/components/usb/phy/usb_phy.c:16:11
	str	r0, [sp, #36]
	.loc	4 19 14                         @ ../../libraries/components/usb/phy/usb_phy.c:19:14
	str	r0, [sp, #28]
	movw	r2, #40960
	movt	r2, #16397
	.loc	4 20 14                         @ ../../libraries/components/usb/phy/usb_phy.c:20:14
	str	r2, [sp, #24]
	movw	r1, #36864
	movt	r1, #16397
	str	r1, [sp, #20]
	str	r0, [sp, #16]
	.loc	4 21 14                         @ ../../libraries/components/usb/phy/usb_phy.c:21:14
	str	r2, [sp, #12]
	str	r1, [sp, #8]
	str	r0, [sp, #4]
.Ltmp1:
	.loc	4 23 9                          @ ../../libraries/components/usb/phy/usb_phy.c:23:9
	ldrb.w	r0, [sp, #43]
.Ltmp2:
	.loc	4 23 9 is_stmt 0                @ ../../libraries/components/usb/phy/usb_phy.c:23:9
	cmp	r0, #1
	bgt	.LBB0_2
	b	.LBB0_1
.LBB0_1:
	.loc	4 0 9                           @ ../../libraries/components/usb/phy/usb_phy.c:0:9
	movs	r0, #0
.Ltmp3:
	.loc	4 25 9 is_stmt 1                @ ../../libraries/components/usb/phy/usb_phy.c:25:9
	str	r0, [sp, #44]
	b	.LBB0_23
.Ltmp4:
.LBB0_2:
	.loc	4 28 10                         @ ../../libraries/components/usb/phy/usb_phy.c:28:10
	ldrb.w	r0, [sp, #43]
	.loc	4 28 57 is_stmt 0               @ ../../libraries/components/usb/phy/usb_phy.c:28:57
	cmp	r0, #2
	beq	.LBB0_4
	b	.LBB0_3
.LBB0_3:
	.loc	4 28 61                         @ ../../libraries/components/usb/phy/usb_phy.c:28:61
	ldrb.w	r0, [sp, #43]
.Ltmp5:
	.loc	4 28 9                          @ ../../libraries/components/usb/phy/usb_phy.c:28:9
	cmp	r0, #3
	bne	.LBB0_5
	b	.LBB0_4
.LBB0_4:
.Ltmp6:
	.loc	4 30 24 is_stmt 1               @ ../../libraries/components/usb/phy/usb_phy.c:30:24
	ldrb.w	r0, [sp, #43]
	.loc	4 30 37 is_stmt 0               @ ../../libraries/components/usb/phy/usb_phy.c:30:37
	subs	r0, #2
	.loc	4 30 22                         @ ../../libraries/components/usb/phy/usb_phy.c:30:22
	strb.w	r0, [sp, #43]
	.loc	4 31 5 is_stmt 1                @ ../../libraries/components/usb/phy/usb_phy.c:31:5
	b	.LBB0_14
.Ltmp7:
.LBB0_5:
	.loc	4 32 15                         @ ../../libraries/components/usb/phy/usb_phy.c:32:15
	ldrb.w	r0, [sp, #43]
	.loc	4 32 69 is_stmt 0               @ ../../libraries/components/usb/phy/usb_phy.c:32:69
	cmp	r0, #6
	beq	.LBB0_7
	b	.LBB0_6
.LBB0_6:
	.loc	4 33 15 is_stmt 1               @ ../../libraries/components/usb/phy/usb_phy.c:33:15
	ldrb.w	r0, [sp, #43]
.Ltmp8:
	.loc	4 32 14                         @ ../../libraries/components/usb/phy/usb_phy.c:32:14
	cmp	r0, #7
	bne	.LBB0_8
	b	.LBB0_7
.LBB0_7:
.Ltmp9:
	.loc	4 35 24                         @ ../../libraries/components/usb/phy/usb_phy.c:35:24
	ldrb.w	r0, [sp, #43]
	.loc	4 35 37 is_stmt 0               @ ../../libraries/components/usb/phy/usb_phy.c:35:37
	subs	r0, #6
	.loc	4 35 22                         @ ../../libraries/components/usb/phy/usb_phy.c:35:22
	strb.w	r0, [sp, #43]
	.loc	4 36 5 is_stmt 1                @ ../../libraries/components/usb/phy/usb_phy.c:36:5
	b	.LBB0_13
.Ltmp10:
.LBB0_8:
	.loc	4 37 15                         @ ../../libraries/components/usb/phy/usb_phy.c:37:15
	ldrb.w	r0, [sp, #43]
	.loc	4 37 66 is_stmt 0               @ ../../libraries/components/usb/phy/usb_phy.c:37:66
	cmp	r0, #10
	beq	.LBB0_10
	b	.LBB0_9
.LBB0_9:
	.loc	4 37 70                         @ ../../libraries/components/usb/phy/usb_phy.c:37:70
	ldrb.w	r0, [sp, #43]
.Ltmp11:
	.loc	4 37 14                         @ ../../libraries/components/usb/phy/usb_phy.c:37:14
	cmp	r0, #11
	bne	.LBB0_11
	b	.LBB0_10
.LBB0_10:
.Ltmp12:
	.loc	4 39 24 is_stmt 1               @ ../../libraries/components/usb/phy/usb_phy.c:39:24
	ldrb.w	r0, [sp, #43]
	.loc	4 39 37 is_stmt 0               @ ../../libraries/components/usb/phy/usb_phy.c:39:37
	subs	r0, #10
	.loc	4 39 22                         @ ../../libraries/components/usb/phy/usb_phy.c:39:22
	strb.w	r0, [sp, #43]
	.loc	4 40 5 is_stmt 1                @ ../../libraries/components/usb/phy/usb_phy.c:40:5
	b	.LBB0_12
.Ltmp13:
.LBB0_11:
	.loc	4 0 5 is_stmt 0                 @ ../../libraries/components/usb/phy/usb_phy.c:0:5
	b	.LBB0_12
.LBB0_12:
	b	.LBB0_13
.LBB0_13:
	b	.LBB0_14
.LBB0_14:
	movs	r0, #0
.Ltmp14:
	.loc	4 46 19 is_stmt 1               @ ../../libraries/components/usb/phy/usb_phy.c:46:19
	str	r0, [sp, #32]
	.loc	4 46 10 is_stmt 0               @ ../../libraries/components/usb/phy/usb_phy.c:46:10
	b	.LBB0_15
.LBB0_15:                               @ =>This Inner Loop Header: Depth=1
.Ltmp15:
	.loc	4 46 24                         @ ../../libraries/components/usb/phy/usb_phy.c:46:24
	ldr	r0, [sp, #32]
.Ltmp16:
	.loc	4 46 5                          @ ../../libraries/components/usb/phy/usb_phy.c:46:5
	cmp	r0, #2
	bhi	.LBB0_20
	b	.LBB0_16
.LBB0_16:                               @   in Loop: Header=BB0_15 Depth=1
.Ltmp17:
	.loc	4 48 36 is_stmt 1               @ ../../libraries/components/usb/phy/usb_phy.c:48:36
	ldr	r1, [sp, #32]
	add	r0, sp, #16
	.loc	4 48 19 is_stmt 0               @ ../../libraries/components/usb/phy/usb_phy.c:48:19
	ldr.w	r0, [r0, r1, lsl #2]
.Ltmp18:
	.loc	4 48 13                         @ ../../libraries/components/usb/phy/usb_phy.c:48:13
	cbz	r0, .LBB0_18
	b	.LBB0_17
.LBB0_17:                               @   in Loop: Header=BB0_15 Depth=1
.Ltmp19:
	.loc	4 50 59 is_stmt 1               @ ../../libraries/components/usb/phy/usb_phy.c:50:59
	ldr	r1, [sp, #32]
	add	r0, sp, #16
	.loc	4 50 42 is_stmt 0               @ ../../libraries/components/usb/phy/usb_phy.c:50:42
	ldr.w	r0, [r0, r1, lsl #2]
	.loc	4 50 36                         @ ../../libraries/components/usb/phy/usb_phy.c:50:36
	ldr	r2, [sp, #28]
	adds	r1, r2, #1
	str	r1, [sp, #28]
	add	r1, sp, #4
	.loc	4 50 40                         @ ../../libraries/components/usb/phy/usb_phy.c:50:40
	str.w	r0, [r1, r2, lsl #2]
	.loc	4 51 9 is_stmt 1                @ ../../libraries/components/usb/phy/usb_phy.c:51:9
	b	.LBB0_18
.Ltmp20:
.LBB0_18:                               @   in Loop: Header=BB0_15 Depth=1
	.loc	4 52 5                          @ ../../libraries/components/usb/phy/usb_phy.c:52:5
	b	.LBB0_19
.Ltmp21:
.LBB0_19:                               @   in Loop: Header=BB0_15 Depth=1
	.loc	4 46 101                        @ ../../libraries/components/usb/phy/usb_phy.c:46:101
	ldr	r0, [sp, #32]
	adds	r0, #1
	str	r0, [sp, #32]
	.loc	4 46 5 is_stmt 0                @ ../../libraries/components/usb/phy/usb_phy.c:46:5
	b	.LBB0_15
.Ltmp22:
.LBB0_20:
	.loc	4 53 9 is_stmt 1                @ ../../libraries/components/usb/phy/usb_phy.c:53:9
	ldrb.w	r0, [sp, #43]
	.loc	4 53 24 is_stmt 0               @ ../../libraries/components/usb/phy/usb_phy.c:53:24
	ldr	r1, [sp, #28]
.Ltmp23:
	.loc	4 53 9                          @ ../../libraries/components/usb/phy/usb_phy.c:53:9
	cmp	r0, r1
	bls	.LBB0_22
	b	.LBB0_21
.LBB0_21:
	.loc	4 0 9                           @ ../../libraries/components/usb/phy/usb_phy.c:0:9
	movs	r0, #0
.Ltmp24:
	.loc	4 55 9 is_stmt 1                @ ../../libraries/components/usb/phy/usb_phy.c:55:9
	str	r0, [sp, #44]
	b	.LBB0_23
.Ltmp25:
.LBB0_22:
	.loc	4 57 42                         @ ../../libraries/components/usb/phy/usb_phy.c:57:42
	ldrb.w	r1, [sp, #43]
	add	r0, sp, #4
	.loc	4 57 30 is_stmt 0               @ ../../libraries/components/usb/phy/usb_phy.c:57:30
	ldr.w	r0, [r0, r1, lsl #2]
	.loc	4 57 16                         @ ../../libraries/components/usb/phy/usb_phy.c:57:16
	str	r0, [sp]
	.loc	4 58 26 is_stmt 1               @ ../../libraries/components/usb/phy/usb_phy.c:58:26
	ldr	r0, [sp]
	.loc	4 58 16 is_stmt 0               @ ../../libraries/components/usb/phy/usb_phy.c:58:16
	str	r0, [sp, #36]
	.loc	4 60 12 is_stmt 1               @ ../../libraries/components/usb/phy/usb_phy.c:60:12
	ldr	r0, [sp, #36]
	.loc	4 60 5 is_stmt 0                @ ../../libraries/components/usb/phy/usb_phy.c:60:5
	str	r0, [sp, #44]
	b	.LBB0_23
.LBB0_23:
	.loc	4 61 1 is_stmt 1                @ ../../libraries/components/usb/phy/usb_phy.c:61:1
	ldr	r0, [sp, #44]
	add	sp, #48
	bx	lr
.Ltmp26:
.Lfunc_end0:
	.size	USB_EhciPhyGetBase, .Lfunc_end0-USB_EhciPhyGetBase
	.cfi_endproc
	.cantunwind
	.fnend
                                        @ -- End function
	.section	.text.USB_EhciPhyInit,"ax",%progbits
	.hidden	USB_EhciPhyInit                 @ -- Begin function USB_EhciPhyInit
	.globl	USB_EhciPhyInit
	.p2align	3
	.type	USB_EhciPhyInit,%function
	.code	16                              @ @USB_EhciPhyInit
	.thumb_func
USB_EhciPhyInit:
.Lfunc_begin1:
	.loc	4 76 0                          @ ../../libraries/components/usb/phy/usb_phy.c:76:0
	.fnstart
	.cfi_startproc
@ %bb.0:
	.save	{r7, lr}
	push	{r7, lr}
	.cfi_def_cfa_offset 8
	.cfi_offset lr, -4
	.cfi_offset r7, -8
	.pad	#24
	sub	sp, #24
	.cfi_def_cfa_offset 32
                                        @ kill: def $r3 killed $r0
	strb.w	r0, [sp, #19]
	str	r1, [sp, #12]
	str	r2, [sp, #8]
.Ltmp27:
	.loc	4 80 52 prologue_end            @ ../../libraries/components/usb/phy/usb_phy.c:80:52
	ldrb.w	r0, [sp, #19]
	.loc	4 80 33 is_stmt 0               @ ../../libraries/components/usb/phy/usb_phy.c:80:33
	bl	USB_EhciPhyGetBase
	.loc	4 80 16                         @ ../../libraries/components/usb/phy/usb_phy.c:80:16
	str	r0, [sp, #4]
.Ltmp28:
	.loc	4 81 17 is_stmt 1               @ ../../libraries/components/usb/phy/usb_phy.c:81:17
	ldr	r0, [sp, #4]
.Ltmp29:
	.loc	4 81 9 is_stmt 0                @ ../../libraries/components/usb/phy/usb_phy.c:81:9
	cbnz	r0, .LBB1_2
	b	.LBB1_1
.LBB1_1:
	.loc	4 0 9                           @ ../../libraries/components/usb/phy/usb_phy.c:0:9
	movs	r0, #1
.Ltmp30:
	.loc	4 83 9 is_stmt 1                @ ../../libraries/components/usb/phy/usb_phy.c:83:9
	str	r0, [sp, #20]
	b	.LBB1_10
.Ltmp31:
.LBB1_2:
	.loc	4 96 26                         @ ../../libraries/components/usb/phy/usb_phy.c:96:26
	ldrb.w	r0, [sp, #19]
	.loc	4 96 39 is_stmt 0               @ ../../libraries/components/usb/phy/usb_phy.c:96:39
	add.w	r0, r0, r0, lsl #1
	lsls	r2, r0, #5
	movw	r1, #33012
	movt	r1, #16397
	mov.w	r0, #1572864
	.loc	4 96 88                         @ ../../libraries/components/usb/phy/usb_phy.c:96:88
	str	r0, [r1, r2]
	.loc	4 104 5 is_stmt 1               @ ../../libraries/components/usb/phy/usb_phy.c:104:5
	ldr	r1, [sp, #4]
	.loc	4 104 22 is_stmt 0              @ ../../libraries/components/usb/phy/usb_phy.c:104:22
	ldr	r0, [r1, #48]
	orr	r0, r0, #16384
	str	r0, [r1, #48]
	.loc	4 105 5 is_stmt 1               @ ../../libraries/components/usb/phy/usb_phy.c:105:5
	ldr	r1, [sp, #4]
	.loc	4 105 22 is_stmt 0              @ ../../libraries/components/usb/phy/usb_phy.c:105:22
	ldr	r0, [r1, #48]
	orr	r0, r0, #32768
	str	r0, [r1, #48]
	.loc	4 107 5 is_stmt 1               @ ../../libraries/components/usb/phy/usb_phy.c:107:5
	ldr	r1, [sp, #4]
	movs	r0, #0
	.loc	4 107 21 is_stmt 0              @ ../../libraries/components/usb/phy/usb_phy.c:107:21
	str	r0, [r1]
.Ltmp32:
	.loc	4 108 47 is_stmt 1              @ ../../libraries/components/usb/phy/usb_phy.c:108:47
	ldrb.w	r0, [sp, #19]
	.loc	4 108 61 is_stmt 0              @ ../../libraries/components/usb/phy/usb_phy.c:108:61
	cmp	r0, #10
	beq	.LBB1_6
	b	.LBB1_3
.LBB1_3:
	.loc	4 108 102                       @ ../../libraries/components/usb/phy/usb_phy.c:108:102
	ldrb.w	r0, [sp, #19]
	.loc	4 108 116                       @ ../../libraries/components/usb/phy/usb_phy.c:108:116
	cmp	r0, #11
	beq	.LBB1_6
	b	.LBB1_4
.LBB1_4:
	.loc	4 109 50 is_stmt 1              @ ../../libraries/components/usb/phy/usb_phy.c:109:50
	ldrb.w	r0, [sp, #19]
	.loc	4 109 64 is_stmt 0              @ ../../libraries/components/usb/phy/usb_phy.c:109:64
	cmp	r0, #6
	beq	.LBB1_6
	b	.LBB1_5
.LBB1_5:
	.loc	4 110 50 is_stmt 1              @ ../../libraries/components/usb/phy/usb_phy.c:110:50
	ldrb.w	r0, [sp, #19]
.Ltmp33:
	.loc	4 108 9                         @ ../../libraries/components/usb/phy/usb_phy.c:108:9
	cmp	r0, #7
	bne	.LBB1_7
	b	.LBB1_6
.LBB1_6:
.Ltmp34:
	.loc	4 112 9                         @ ../../libraries/components/usb/phy/usb_phy.c:112:9
	ldr	r1, [sp, #4]
	mov.w	r0, #524288
	.loc	4 112 30 is_stmt 0              @ ../../libraries/components/usb/phy/usb_phy.c:112:30
	str	r0, [r1, #52]
	.loc	4 113 9 is_stmt 1               @ ../../libraries/components/usb/phy/usb_phy.c:113:9
	ldr	r1, [sp, #4]
	mov.w	r0, #1048576
	.loc	4 113 30 is_stmt 0              @ ../../libraries/components/usb/phy/usb_phy.c:113:30
	str	r0, [r1, #52]
	.loc	4 114 5 is_stmt 1               @ ../../libraries/components/usb/phy/usb_phy.c:114:5
	b	.LBB1_7
.Ltmp35:
.LBB1_7:
	.loc	4 115 17                        @ ../../libraries/components/usb/phy/usb_phy.c:115:17
	ldr	r0, [sp, #8]
.Ltmp36:
	.loc	4 115 9 is_stmt 0               @ ../../libraries/components/usb/phy/usb_phy.c:115:9
	cbz	r0, .LBB1_9
	b	.LBB1_8
.LBB1_8:
.Ltmp37:
	.loc	4 119 15 is_stmt 1              @ ../../libraries/components/usb/phy/usb_phy.c:119:15
	ldr	r0, [sp, #4]
	.loc	4 119 27 is_stmt 0              @ ../../libraries/components/usb/phy/usb_phy.c:119:27
	ldr	r0, [r0, #16]
	movw	r1, #61680
	movt	r1, #65520
	.loc	4 119 30                        @ ../../libraries/components/usb/phy/usb_phy.c:119:30
	ands	r0, r1
	.loc	4 120 15 is_stmt 1              @ ../../libraries/components/usb/phy/usb_phy.c:120:15
	ldr	r2, [sp, #8]
	ldrb	r1, [r2]
	.loc	4 120 51 is_stmt 0              @ ../../libraries/components/usb/phy/usb_phy.c:120:51
	ldrb	r3, [r2, #1]
	.loc	4 121 15 is_stmt 1              @ ../../libraries/components/usb/phy/usb_phy.c:121:15
	ldrb	r2, [r2, #2]
	.loc	4 120 15                        @ ../../libraries/components/usb/phy/usb_phy.c:120:15
	orr.w	r1, r1, r3, lsl #16
	.loc	4 120 49 is_stmt 0              @ ../../libraries/components/usb/phy/usb_phy.c:120:49
	and	r1, r1, #983055
	.loc	4 121 15 is_stmt 1              @ ../../libraries/components/usb/phy/usb_phy.c:121:15
	and	r2, r2, #15
	.loc	4 120 93                        @ ../../libraries/components/usb/phy/usb_phy.c:120:93
	orr.w	r1, r1, r2, lsl #8
	.loc	4 119 113                       @ ../../libraries/components/usb/phy/usb_phy.c:119:113
	add	r0, r1
	.loc	4 118 9                         @ ../../libraries/components/usb/phy/usb_phy.c:118:9
	ldr	r1, [sp, #4]
	.loc	4 118 24 is_stmt 0              @ ../../libraries/components/usb/phy/usb_phy.c:118:24
	str	r0, [r1, #16]
	.loc	4 122 5 is_stmt 1               @ ../../libraries/components/usb/phy/usb_phy.c:122:5
	b	.LBB1_9
.Ltmp38:
.LBB1_9:
	.loc	4 0 5 is_stmt 0                 @ ../../libraries/components/usb/phy/usb_phy.c:0:5
	movs	r0, #0
	.loc	4 125 5 is_stmt 1               @ ../../libraries/components/usb/phy/usb_phy.c:125:5
	str	r0, [sp, #20]
	b	.LBB1_10
.LBB1_10:
	.loc	4 126 1                         @ ../../libraries/components/usb/phy/usb_phy.c:126:1
	ldr	r0, [sp, #20]
	add	sp, #24
	pop	{r7, pc}
.Ltmp39:
.Lfunc_end1:
	.size	USB_EhciPhyInit, .Lfunc_end1-USB_EhciPhyInit
	.cfi_endproc
	.cantunwind
	.fnend
                                        @ -- End function
	.section	.text.USB_EhciLowPowerPhyInit,"ax",%progbits
	.hidden	USB_EhciLowPowerPhyInit         @ -- Begin function USB_EhciLowPowerPhyInit
	.globl	USB_EhciLowPowerPhyInit
	.p2align	3
	.type	USB_EhciLowPowerPhyInit,%function
	.code	16                              @ @USB_EhciLowPowerPhyInit
	.thumb_func
USB_EhciLowPowerPhyInit:
.Lfunc_begin2:
	.loc	4 141 0                         @ ../../libraries/components/usb/phy/usb_phy.c:141:0
	.fnstart
	.cfi_startproc
@ %bb.0:
	.save	{r7, lr}
	push	{r7, lr}
	.cfi_def_cfa_offset 8
	.cfi_offset lr, -4
	.cfi_offset r7, -8
	.pad	#24
	sub	sp, #24
	.cfi_def_cfa_offset 32
                                        @ kill: def $r3 killed $r0
	strb.w	r0, [sp, #19]
	str	r1, [sp, #12]
	str	r2, [sp, #8]
.Ltmp40:
	.loc	4 145 52 prologue_end           @ ../../libraries/components/usb/phy/usb_phy.c:145:52
	ldrb.w	r0, [sp, #19]
	.loc	4 145 33 is_stmt 0              @ ../../libraries/components/usb/phy/usb_phy.c:145:33
	bl	USB_EhciPhyGetBase
	.loc	4 145 16                        @ ../../libraries/components/usb/phy/usb_phy.c:145:16
	str	r0, [sp, #4]
.Ltmp41:
	.loc	4 146 17 is_stmt 1              @ ../../libraries/components/usb/phy/usb_phy.c:146:17
	ldr	r0, [sp, #4]
.Ltmp42:
	.loc	4 146 9 is_stmt 0               @ ../../libraries/components/usb/phy/usb_phy.c:146:9
	cbnz	r0, .LBB2_2
	b	.LBB2_1
.LBB2_1:
	.loc	4 0 9                           @ ../../libraries/components/usb/phy/usb_phy.c:0:9
	movs	r0, #1
.Ltmp43:
	.loc	4 148 9 is_stmt 1               @ ../../libraries/components/usb/phy/usb_phy.c:148:9
	str	r0, [sp, #20]
	b	.LBB2_5
.Ltmp44:
.LBB2_2:
	.loc	4 158 5                         @ ../../libraries/components/usb/phy/usb_phy.c:158:5
	ldr	r1, [sp, #4]
	.loc	4 158 22 is_stmt 0              @ ../../libraries/components/usb/phy/usb_phy.c:158:22
	ldr	r0, [r1, #48]
	orr	r0, r0, #262144
	str	r0, [r1, #48]
	.loc	4 160 5 is_stmt 1               @ ../../libraries/components/usb/phy/usb_phy.c:160:5
	ldr	r1, [sp, #4]
	.loc	4 160 22 is_stmt 0              @ ../../libraries/components/usb/phy/usb_phy.c:160:22
	ldr	r0, [r1, #48]
	orr	r0, r0, #1572864
	str	r0, [r1, #48]
	.loc	4 161 5 is_stmt 1               @ ../../libraries/components/usb/phy/usb_phy.c:161:5
	ldr	r1, [sp, #4]
	.loc	4 161 22 is_stmt 0              @ ../../libraries/components/usb/phy/usb_phy.c:161:22
	ldr	r0, [r1, #48]
	orr	r0, r0, #16384
	str	r0, [r1, #48]
	.loc	4 162 5 is_stmt 1               @ ../../libraries/components/usb/phy/usb_phy.c:162:5
	ldr	r1, [sp, #4]
	.loc	4 162 22 is_stmt 0              @ ../../libraries/components/usb/phy/usb_phy.c:162:22
	ldr	r0, [r1, #48]
	orr	r0, r0, #32768
	str	r0, [r1, #48]
	.loc	4 164 5 is_stmt 1               @ ../../libraries/components/usb/phy/usb_phy.c:164:5
	ldr	r1, [sp, #4]
	movs	r0, #0
	.loc	4 164 21 is_stmt 0              @ ../../libraries/components/usb/phy/usb_phy.c:164:21
	str	r0, [r1]
.Ltmp45:
	.loc	4 179 17 is_stmt 1              @ ../../libraries/components/usb/phy/usb_phy.c:179:17
	ldr	r0, [sp, #8]
.Ltmp46:
	.loc	4 179 9 is_stmt 0               @ ../../libraries/components/usb/phy/usb_phy.c:179:9
	cbz	r0, .LBB2_4
	b	.LBB2_3
.LBB2_3:
.Ltmp47:
	.loc	4 183 15 is_stmt 1              @ ../../libraries/components/usb/phy/usb_phy.c:183:15
	ldr	r0, [sp, #4]
	.loc	4 183 27 is_stmt 0              @ ../../libraries/components/usb/phy/usb_phy.c:183:27
	ldr	r0, [r0, #16]
	movw	r1, #61680
	movt	r1, #65520
	.loc	4 183 30                        @ ../../libraries/components/usb/phy/usb_phy.c:183:30
	ands	r0, r1
	.loc	4 184 15 is_stmt 1              @ ../../libraries/components/usb/phy/usb_phy.c:184:15
	ldr	r2, [sp, #8]
	ldrb	r1, [r2]
	.loc	4 184 51 is_stmt 0              @ ../../libraries/components/usb/phy/usb_phy.c:184:51
	ldrb	r3, [r2, #1]
	.loc	4 185 15 is_stmt 1              @ ../../libraries/components/usb/phy/usb_phy.c:185:15
	ldrb	r2, [r2, #2]
	.loc	4 184 15                        @ ../../libraries/components/usb/phy/usb_phy.c:184:15
	orr.w	r1, r1, r3, lsl #16
	.loc	4 184 49 is_stmt 0              @ ../../libraries/components/usb/phy/usb_phy.c:184:49
	and	r1, r1, #983055
	.loc	4 185 15 is_stmt 1              @ ../../libraries/components/usb/phy/usb_phy.c:185:15
	and	r2, r2, #15
	.loc	4 184 93                        @ ../../libraries/components/usb/phy/usb_phy.c:184:93
	orr.w	r1, r1, r2, lsl #8
	.loc	4 183 113                       @ ../../libraries/components/usb/phy/usb_phy.c:183:113
	add	r0, r1
	.loc	4 182 9                         @ ../../libraries/components/usb/phy/usb_phy.c:182:9
	ldr	r1, [sp, #4]
	.loc	4 182 24 is_stmt 0              @ ../../libraries/components/usb/phy/usb_phy.c:182:24
	str	r0, [r1, #16]
	.loc	4 186 5 is_stmt 1               @ ../../libraries/components/usb/phy/usb_phy.c:186:5
	b	.LBB2_4
.Ltmp48:
.LBB2_4:
	.loc	4 0 5 is_stmt 0                 @ ../../libraries/components/usb/phy/usb_phy.c:0:5
	movs	r0, #0
	.loc	4 189 5 is_stmt 1               @ ../../libraries/components/usb/phy/usb_phy.c:189:5
	str	r0, [sp, #20]
	b	.LBB2_5
.LBB2_5:
	.loc	4 190 1                         @ ../../libraries/components/usb/phy/usb_phy.c:190:1
	ldr	r0, [sp, #20]
	add	sp, #24
	pop	{r7, pc}
.Ltmp49:
.Lfunc_end2:
	.size	USB_EhciLowPowerPhyInit, .Lfunc_end2-USB_EhciLowPowerPhyInit
	.cfi_endproc
	.cantunwind
	.fnend
                                        @ -- End function
	.section	.text.USB_EhciPhyDeinit,"ax",%progbits
	.hidden	USB_EhciPhyDeinit               @ -- Begin function USB_EhciPhyDeinit
	.globl	USB_EhciPhyDeinit
	.p2align	3
	.type	USB_EhciPhyDeinit,%function
	.code	16                              @ @USB_EhciPhyDeinit
	.thumb_func
USB_EhciPhyDeinit:
.Lfunc_begin3:
	.loc	4 200 0                         @ ../../libraries/components/usb/phy/usb_phy.c:200:0
	.fnstart
	.cfi_startproc
@ %bb.0:
	.save	{r7, lr}
	push	{r7, lr}
	.cfi_def_cfa_offset 8
	.cfi_offset lr, -4
	.cfi_offset r7, -8
	.pad	#8
	sub	sp, #8
	.cfi_def_cfa_offset 16
                                        @ kill: def $r1 killed $r0
	strb.w	r0, [sp, #7]
.Ltmp50:
	.loc	4 204 52 prologue_end           @ ../../libraries/components/usb/phy/usb_phy.c:204:52
	ldrb.w	r0, [sp, #7]
	.loc	4 204 33 is_stmt 0              @ ../../libraries/components/usb/phy/usb_phy.c:204:33
	bl	USB_EhciPhyGetBase
	.loc	4 204 16                        @ ../../libraries/components/usb/phy/usb_phy.c:204:16
	str	r0, [sp]
.Ltmp51:
	.loc	4 205 17 is_stmt 1              @ ../../libraries/components/usb/phy/usb_phy.c:205:17
	ldr	r0, [sp]
.Ltmp52:
	.loc	4 205 9 is_stmt 0               @ ../../libraries/components/usb/phy/usb_phy.c:205:9
	cbnz	r0, .LBB3_2
	b	.LBB3_1
.LBB3_1:
.Ltmp53:
	.loc	4 207 9 is_stmt 1               @ ../../libraries/components/usb/phy/usb_phy.c:207:9
	b	.LBB3_3
.Ltmp54:
.LBB3_2:
	.loc	4 213 5                         @ ../../libraries/components/usb/phy/usb_phy.c:213:5
	ldr	r1, [sp]
	.loc	4 213 22 is_stmt 0              @ ../../libraries/components/usb/phy/usb_phy.c:213:22
	ldr	r0, [r1, #48]
	orr	r0, r0, #1073741824
	str	r0, [r1, #48]
	.loc	4 215 1 is_stmt 1               @ ../../libraries/components/usb/phy/usb_phy.c:215:1
	b	.LBB3_3
.LBB3_3:
	add	sp, #8
	pop	{r7, pc}
.Ltmp55:
.Lfunc_end3:
	.size	USB_EhciPhyDeinit, .Lfunc_end3-USB_EhciPhyDeinit
	.cfi_endproc
	.cantunwind
	.fnend
                                        @ -- End function
	.section	.text.USB_EhcihostPhyDisconnectDetectCmd,"ax",%progbits
	.hidden	USB_EhcihostPhyDisconnectDetectCmd @ -- Begin function USB_EhcihostPhyDisconnectDetectCmd
	.globl	USB_EhcihostPhyDisconnectDetectCmd
	.p2align	3
	.type	USB_EhcihostPhyDisconnectDetectCmd,%function
	.code	16                              @ @USB_EhcihostPhyDisconnectDetectCmd
	.thumb_func
USB_EhcihostPhyDisconnectDetectCmd:
.Lfunc_begin4:
	.loc	4 228 0                         @ ../../libraries/components/usb/phy/usb_phy.c:228:0
	.fnstart
	.cfi_startproc
@ %bb.0:
	.save	{r7, lr}
	push	{r7, lr}
	.cfi_def_cfa_offset 8
	.cfi_offset lr, -4
	.cfi_offset r7, -8
	.pad	#8
	sub	sp, #8
	.cfi_def_cfa_offset 16
                                        @ kill: def $r2 killed $r1
                                        @ kill: def $r2 killed $r0
	strb.w	r0, [sp, #7]
	strb.w	r1, [sp, #6]
.Ltmp56:
	.loc	4 232 52 prologue_end           @ ../../libraries/components/usb/phy/usb_phy.c:232:52
	ldrb.w	r0, [sp, #7]
	.loc	4 232 33 is_stmt 0              @ ../../libraries/components/usb/phy/usb_phy.c:232:33
	bl	USB_EhciPhyGetBase
	.loc	4 232 16                        @ ../../libraries/components/usb/phy/usb_phy.c:232:16
	str	r0, [sp]
.Ltmp57:
	.loc	4 233 17 is_stmt 1              @ ../../libraries/components/usb/phy/usb_phy.c:233:17
	ldr	r0, [sp]
.Ltmp58:
	.loc	4 233 9 is_stmt 0               @ ../../libraries/components/usb/phy/usb_phy.c:233:9
	cbnz	r0, .LBB4_2
	b	.LBB4_1
.LBB4_1:
.Ltmp59:
	.loc	4 235 9 is_stmt 1               @ ../../libraries/components/usb/phy/usb_phy.c:235:9
	b	.LBB4_5
.Ltmp60:
.LBB4_2:
	.loc	4 238 15                        @ ../../libraries/components/usb/phy/usb_phy.c:238:15
	ldrb.w	r0, [sp, #6]
.Ltmp61:
	.loc	4 238 9 is_stmt 0               @ ../../libraries/components/usb/phy/usb_phy.c:238:9
	cbz	r0, .LBB4_4
	b	.LBB4_3
.LBB4_3:
.Ltmp62:
	.loc	4 240 9 is_stmt 1               @ ../../libraries/components/usb/phy/usb_phy.c:240:9
	ldr	r1, [sp]
	.loc	4 240 26 is_stmt 0              @ ../../libraries/components/usb/phy/usb_phy.c:240:26
	ldr	r0, [r1, #48]
	orr	r0, r0, #2
	str	r0, [r1, #48]
	.loc	4 241 5 is_stmt 1               @ ../../libraries/components/usb/phy/usb_phy.c:241:5
	b	.LBB4_5
.Ltmp63:
.LBB4_4:
	.loc	4 244 9                         @ ../../libraries/components/usb/phy/usb_phy.c:244:9
	ldr	r1, [sp]
	.loc	4 244 26 is_stmt 0              @ ../../libraries/components/usb/phy/usb_phy.c:244:26
	ldr	r0, [r1, #48]
	bic	r0, r0, #2
	str	r0, [r1, #48]
	b	.LBB4_5
.Ltmp64:
.LBB4_5:
	.loc	4 247 1 is_stmt 1               @ ../../libraries/components/usb/phy/usb_phy.c:247:1
	add	sp, #8
	pop	{r7, pc}
.Ltmp65:
.Lfunc_end4:
	.size	USB_EhcihostPhyDisconnectDetectCmd, .Lfunc_end4-USB_EhcihostPhyDisconnectDetectCmd
	.cfi_endproc
	.cantunwind
	.fnend
                                        @ -- End function
	.type	.L__const.USB_EhciPhyGetBase.usbphy_base_temp,%object @ @__const.USB_EhciPhyGetBase.usbphy_base_temp
	.section	.rodata..L__const.USB_EhciPhyGetBase.usbphy_base_temp,"a",%progbits
	.p2align	2, 0x0
.L__const.USB_EhciPhyGetBase.usbphy_base_temp:
	.long	0                               @ 0x0
	.long	1074630656                      @ 0x400d9000
	.long	1074634752                      @ 0x400da000
	.size	.L__const.USB_EhciPhyGetBase.usbphy_base_temp, 12

	.type	.L__const.USB_EhciPhyGetBase.usbphy_base,%object @ @__const.USB_EhciPhyGetBase.usbphy_base
	.section	.rodata..L__const.USB_EhciPhyGetBase.usbphy_base,"a",%progbits
	.p2align	2, 0x0
.L__const.USB_EhciPhyGetBase.usbphy_base:
	.long	0                               @ 0x0
	.long	1074630656                      @ 0x400d9000
	.long	1074634752                      @ 0x400da000
	.size	.L__const.USB_EhciPhyGetBase.usbphy_base, 12

	.file	5 "E:\\FILE_SMART_CAR\\\346\231\272\350\203\275\350\247\206\350\247\211\\RT1064_Library-master\\RT1064_Library-master\\SeekFree_RT1064_Opensource_Library\\project\\mdk" "../../libraries/components/usb/phy/usb_phy.h"
	.section	.debug_abbrev,"",%progbits
	.byte	1                               @ Abbreviation Code
	.byte	17                              @ DW_TAG_compile_unit
	.byte	1                               @ DW_CHILDREN_yes
	.byte	37                              @ DW_AT_producer
	.byte	14                              @ DW_FORM_strp
	.byte	19                              @ DW_AT_language
	.byte	5                               @ DW_FORM_data2
	.byte	3                               @ DW_AT_name
	.byte	14                              @ DW_FORM_strp
	.byte	16                              @ DW_AT_stmt_list
	.byte	23                              @ DW_FORM_sec_offset
	.byte	27                              @ DW_AT_comp_dir
	.byte	14                              @ DW_FORM_strp
	.byte	17                              @ DW_AT_low_pc
	.byte	1                               @ DW_FORM_addr
	.byte	85                              @ DW_AT_ranges
	.byte	23                              @ DW_FORM_sec_offset
	.byte	0                               @ EOM(1)
	.byte	0                               @ EOM(2)
	.byte	2                               @ Abbreviation Code
	.byte	4                               @ DW_TAG_enumeration_type
	.byte	1                               @ DW_CHILDREN_yes
	.byte	73                              @ DW_AT_type
	.byte	19                              @ DW_FORM_ref4
	.byte	3                               @ DW_AT_name
	.byte	14                              @ DW_FORM_strp
	.byte	11                              @ DW_AT_byte_size
	.byte	11                              @ DW_FORM_data1
	.byte	58                              @ DW_AT_decl_file
	.byte	11                              @ DW_FORM_data1
	.byte	59                              @ DW_AT_decl_line
	.byte	11                              @ DW_FORM_data1
	.byte	0                               @ EOM(1)
	.byte	0                               @ EOM(2)
	.byte	3                               @ Abbreviation Code
	.byte	40                              @ DW_TAG_enumerator
	.byte	0                               @ DW_CHILDREN_no
	.byte	3                               @ DW_AT_name
	.byte	14                              @ DW_FORM_strp
	.byte	28                              @ DW_AT_const_value
	.byte	15                              @ DW_FORM_udata
	.byte	0                               @ EOM(1)
	.byte	0                               @ EOM(2)
	.byte	4                               @ Abbreviation Code
	.byte	36                              @ DW_TAG_base_type
	.byte	0                               @ DW_CHILDREN_no
	.byte	3                               @ DW_AT_name
	.byte	14                              @ DW_FORM_strp
	.byte	62                              @ DW_AT_encoding
	.byte	11                              @ DW_FORM_data1
	.byte	11                              @ DW_AT_byte_size
	.byte	11                              @ DW_FORM_data1
	.byte	0                               @ EOM(1)
	.byte	0                               @ EOM(2)
	.byte	5                               @ Abbreviation Code
	.byte	22                              @ DW_TAG_typedef
	.byte	0                               @ DW_CHILDREN_no
	.byte	73                              @ DW_AT_type
	.byte	19                              @ DW_FORM_ref4
	.byte	3                               @ DW_AT_name
	.byte	14                              @ DW_FORM_strp
	.byte	58                              @ DW_AT_decl_file
	.byte	11                              @ DW_FORM_data1
	.byte	59                              @ DW_AT_decl_line
	.byte	11                              @ DW_FORM_data1
	.byte	0                               @ EOM(1)
	.byte	0                               @ EOM(2)
	.byte	6                               @ Abbreviation Code
	.byte	15                              @ DW_TAG_pointer_type
	.byte	0                               @ DW_CHILDREN_no
	.byte	73                              @ DW_AT_type
	.byte	19                              @ DW_FORM_ref4
	.byte	0                               @ EOM(1)
	.byte	0                               @ EOM(2)
	.byte	7                               @ Abbreviation Code
	.byte	15                              @ DW_TAG_pointer_type
	.byte	0                               @ DW_CHILDREN_no
	.byte	0                               @ EOM(1)
	.byte	0                               @ EOM(2)
	.byte	8                               @ Abbreviation Code
	.byte	22                              @ DW_TAG_typedef
	.byte	0                               @ DW_CHILDREN_no
	.byte	73                              @ DW_AT_type
	.byte	19                              @ DW_FORM_ref4
	.byte	3                               @ DW_AT_name
	.byte	14                              @ DW_FORM_strp
	.byte	58                              @ DW_AT_decl_file
	.byte	11                              @ DW_FORM_data1
	.byte	59                              @ DW_AT_decl_line
	.byte	5                               @ DW_FORM_data2
	.byte	0                               @ EOM(1)
	.byte	0                               @ EOM(2)
	.byte	9                               @ Abbreviation Code
	.byte	19                              @ DW_TAG_structure_type
	.byte	1                               @ DW_CHILDREN_yes
	.byte	11                              @ DW_AT_byte_size
	.byte	11                              @ DW_FORM_data1
	.byte	58                              @ DW_AT_decl_file
	.byte	11                              @ DW_FORM_data1
	.byte	59                              @ DW_AT_decl_line
	.byte	5                               @ DW_FORM_data2
	.byte	0                               @ EOM(1)
	.byte	0                               @ EOM(2)
	.byte	10                              @ Abbreviation Code
	.byte	13                              @ DW_TAG_member
	.byte	0                               @ DW_CHILDREN_no
	.byte	3                               @ DW_AT_name
	.byte	14                              @ DW_FORM_strp
	.byte	73                              @ DW_AT_type
	.byte	19                              @ DW_FORM_ref4
	.byte	58                              @ DW_AT_decl_file
	.byte	11                              @ DW_FORM_data1
	.byte	59                              @ DW_AT_decl_line
	.byte	5                               @ DW_FORM_data2
	.byte	56                              @ DW_AT_data_member_location
	.byte	11                              @ DW_FORM_data1
	.byte	0                               @ EOM(1)
	.byte	0                               @ EOM(2)
	.byte	11                              @ Abbreviation Code
	.byte	53                              @ DW_TAG_volatile_type
	.byte	0                               @ DW_CHILDREN_no
	.byte	73                              @ DW_AT_type
	.byte	19                              @ DW_FORM_ref4
	.byte	0                               @ EOM(1)
	.byte	0                               @ EOM(2)
	.byte	12                              @ Abbreviation Code
	.byte	1                               @ DW_TAG_array_type
	.byte	1                               @ DW_CHILDREN_yes
	.byte	73                              @ DW_AT_type
	.byte	19                              @ DW_FORM_ref4
	.byte	0                               @ EOM(1)
	.byte	0                               @ EOM(2)
	.byte	13                              @ Abbreviation Code
	.byte	33                              @ DW_TAG_subrange_type
	.byte	0                               @ DW_CHILDREN_no
	.byte	73                              @ DW_AT_type
	.byte	19                              @ DW_FORM_ref4
	.byte	55                              @ DW_AT_count
	.byte	11                              @ DW_FORM_data1
	.byte	0                               @ EOM(1)
	.byte	0                               @ EOM(2)
	.byte	14                              @ Abbreviation Code
	.byte	36                              @ DW_TAG_base_type
	.byte	0                               @ DW_CHILDREN_no
	.byte	3                               @ DW_AT_name
	.byte	14                              @ DW_FORM_strp
	.byte	11                              @ DW_AT_byte_size
	.byte	11                              @ DW_FORM_data1
	.byte	62                              @ DW_AT_encoding
	.byte	11                              @ DW_FORM_data1
	.byte	0                               @ EOM(1)
	.byte	0                               @ EOM(2)
	.byte	15                              @ Abbreviation Code
	.byte	38                              @ DW_TAG_const_type
	.byte	0                               @ DW_CHILDREN_no
	.byte	73                              @ DW_AT_type
	.byte	19                              @ DW_FORM_ref4
	.byte	0                               @ EOM(1)
	.byte	0                               @ EOM(2)
	.byte	16                              @ Abbreviation Code
	.byte	19                              @ DW_TAG_structure_type
	.byte	1                               @ DW_CHILDREN_yes
	.byte	11                              @ DW_AT_byte_size
	.byte	5                               @ DW_FORM_data2
	.byte	58                              @ DW_AT_decl_file
	.byte	11                              @ DW_FORM_data1
	.byte	59                              @ DW_AT_decl_line
	.byte	5                               @ DW_FORM_data2
	.byte	0                               @ EOM(1)
	.byte	0                               @ EOM(2)
	.byte	17                              @ Abbreviation Code
	.byte	13                              @ DW_TAG_member
	.byte	0                               @ DW_CHILDREN_no
	.byte	3                               @ DW_AT_name
	.byte	14                              @ DW_FORM_strp
	.byte	73                              @ DW_AT_type
	.byte	19                              @ DW_FORM_ref4
	.byte	58                              @ DW_AT_decl_file
	.byte	11                              @ DW_FORM_data1
	.byte	59                              @ DW_AT_decl_line
	.byte	5                               @ DW_FORM_data2
	.byte	56                              @ DW_AT_data_member_location
	.byte	5                               @ DW_FORM_data2
	.byte	0                               @ EOM(1)
	.byte	0                               @ EOM(2)
	.byte	18                              @ Abbreviation Code
	.byte	33                              @ DW_TAG_subrange_type
	.byte	0                               @ DW_CHILDREN_no
	.byte	73                              @ DW_AT_type
	.byte	19                              @ DW_FORM_ref4
	.byte	55                              @ DW_AT_count
	.byte	5                               @ DW_FORM_data2
	.byte	0                               @ EOM(1)
	.byte	0                               @ EOM(2)
	.byte	19                              @ Abbreviation Code
	.byte	46                              @ DW_TAG_subprogram
	.byte	1                               @ DW_CHILDREN_yes
	.byte	17                              @ DW_AT_low_pc
	.byte	1                               @ DW_FORM_addr
	.byte	18                              @ DW_AT_high_pc
	.byte	6                               @ DW_FORM_data4
	.byte	64                              @ DW_AT_frame_base
	.byte	24                              @ DW_FORM_exprloc
	.byte	3                               @ DW_AT_name
	.byte	14                              @ DW_FORM_strp
	.byte	58                              @ DW_AT_decl_file
	.byte	11                              @ DW_FORM_data1
	.byte	59                              @ DW_AT_decl_line
	.byte	11                              @ DW_FORM_data1
	.byte	39                              @ DW_AT_prototyped
	.byte	25                              @ DW_FORM_flag_present
	.byte	73                              @ DW_AT_type
	.byte	19                              @ DW_FORM_ref4
	.byte	63                              @ DW_AT_external
	.byte	25                              @ DW_FORM_flag_present
	.byte	0                               @ EOM(1)
	.byte	0                               @ EOM(2)
	.byte	20                              @ Abbreviation Code
	.byte	5                               @ DW_TAG_formal_parameter
	.byte	0                               @ DW_CHILDREN_no
	.byte	2                               @ DW_AT_location
	.byte	24                              @ DW_FORM_exprloc
	.byte	3                               @ DW_AT_name
	.byte	14                              @ DW_FORM_strp
	.byte	58                              @ DW_AT_decl_file
	.byte	11                              @ DW_FORM_data1
	.byte	59                              @ DW_AT_decl_line
	.byte	11                              @ DW_FORM_data1
	.byte	73                              @ DW_AT_type
	.byte	19                              @ DW_FORM_ref4
	.byte	0                               @ EOM(1)
	.byte	0                               @ EOM(2)
	.byte	21                              @ Abbreviation Code
	.byte	52                              @ DW_TAG_variable
	.byte	0                               @ DW_CHILDREN_no
	.byte	2                               @ DW_AT_location
	.byte	24                              @ DW_FORM_exprloc
	.byte	3                               @ DW_AT_name
	.byte	14                              @ DW_FORM_strp
	.byte	58                              @ DW_AT_decl_file
	.byte	11                              @ DW_FORM_data1
	.byte	59                              @ DW_AT_decl_line
	.byte	11                              @ DW_FORM_data1
	.byte	73                              @ DW_AT_type
	.byte	19                              @ DW_FORM_ref4
	.byte	0                               @ EOM(1)
	.byte	0                               @ EOM(2)
	.byte	22                              @ Abbreviation Code
	.byte	46                              @ DW_TAG_subprogram
	.byte	1                               @ DW_CHILDREN_yes
	.byte	17                              @ DW_AT_low_pc
	.byte	1                               @ DW_FORM_addr
	.byte	18                              @ DW_AT_high_pc
	.byte	6                               @ DW_FORM_data4
	.byte	64                              @ DW_AT_frame_base
	.byte	24                              @ DW_FORM_exprloc
	.byte	3                               @ DW_AT_name
	.byte	14                              @ DW_FORM_strp
	.byte	58                              @ DW_AT_decl_file
	.byte	11                              @ DW_FORM_data1
	.byte	59                              @ DW_AT_decl_line
	.byte	11                              @ DW_FORM_data1
	.byte	39                              @ DW_AT_prototyped
	.byte	25                              @ DW_FORM_flag_present
	.byte	63                              @ DW_AT_external
	.byte	25                              @ DW_FORM_flag_present
	.byte	0                               @ EOM(1)
	.byte	0                               @ EOM(2)
	.byte	23                              @ Abbreviation Code
	.byte	19                              @ DW_TAG_structure_type
	.byte	1                               @ DW_CHILDREN_yes
	.byte	3                               @ DW_AT_name
	.byte	14                              @ DW_FORM_strp
	.byte	11                              @ DW_AT_byte_size
	.byte	11                              @ DW_FORM_data1
	.byte	58                              @ DW_AT_decl_file
	.byte	11                              @ DW_FORM_data1
	.byte	59                              @ DW_AT_decl_line
	.byte	11                              @ DW_FORM_data1
	.byte	0                               @ EOM(1)
	.byte	0                               @ EOM(2)
	.byte	24                              @ Abbreviation Code
	.byte	13                              @ DW_TAG_member
	.byte	0                               @ DW_CHILDREN_no
	.byte	3                               @ DW_AT_name
	.byte	14                              @ DW_FORM_strp
	.byte	73                              @ DW_AT_type
	.byte	19                              @ DW_FORM_ref4
	.byte	58                              @ DW_AT_decl_file
	.byte	11                              @ DW_FORM_data1
	.byte	59                              @ DW_AT_decl_line
	.byte	11                              @ DW_FORM_data1
	.byte	56                              @ DW_AT_data_member_location
	.byte	11                              @ DW_FORM_data1
	.byte	0                               @ EOM(1)
	.byte	0                               @ EOM(2)
	.byte	0                               @ EOM(3)
	.section	.debug_info,"",%progbits
.Lcu_begin0:
	.long	.Ldebug_info_end0-.Ldebug_info_start0 @ Length of Unit
.Ldebug_info_start0:
	.short	4                               @ DWARF version number
	.long	.debug_abbrev                   @ Offset Into Abbrev. Section
	.byte	4                               @ Address Size (in bytes)
	.byte	1                               @ Abbrev [1] 0xb:0x604 DW_TAG_compile_unit
	.long	.Linfo_string0                  @ DW_AT_producer
	.short	12                              @ DW_AT_language
	.long	.Linfo_string1                  @ DW_AT_name
	.long	.Lline_table_start0             @ DW_AT_stmt_list
	.long	.Linfo_string2                  @ DW_AT_comp_dir
	.long	0                               @ DW_AT_low_pc
	.long	.Ldebug_ranges0                 @ DW_AT_ranges
	.byte	2                               @ Abbrev [2] 0x26:0x61 DW_TAG_enumeration_type
	.long	135                             @ DW_AT_type
	.long	.Linfo_string18                 @ DW_AT_name
	.byte	1                               @ DW_AT_byte_size
	.byte	1                               @ DW_AT_decl_file
	.byte	87                              @ DW_AT_decl_line
	.byte	3                               @ Abbrev [3] 0x32:0x6 DW_TAG_enumerator
	.long	.Linfo_string4                  @ DW_AT_name
	.byte	0                               @ DW_AT_const_value
	.byte	3                               @ Abbrev [3] 0x38:0x6 DW_TAG_enumerator
	.long	.Linfo_string5                  @ DW_AT_name
	.byte	1                               @ DW_AT_const_value
	.byte	3                               @ Abbrev [3] 0x3e:0x6 DW_TAG_enumerator
	.long	.Linfo_string6                  @ DW_AT_name
	.byte	2                               @ DW_AT_const_value
	.byte	3                               @ Abbrev [3] 0x44:0x6 DW_TAG_enumerator
	.long	.Linfo_string7                  @ DW_AT_name
	.byte	3                               @ DW_AT_const_value
	.byte	3                               @ Abbrev [3] 0x4a:0x6 DW_TAG_enumerator
	.long	.Linfo_string8                  @ DW_AT_name
	.byte	4                               @ DW_AT_const_value
	.byte	3                               @ Abbrev [3] 0x50:0x6 DW_TAG_enumerator
	.long	.Linfo_string9                  @ DW_AT_name
	.byte	5                               @ DW_AT_const_value
	.byte	3                               @ Abbrev [3] 0x56:0x6 DW_TAG_enumerator
	.long	.Linfo_string10                 @ DW_AT_name
	.byte	6                               @ DW_AT_const_value
	.byte	3                               @ Abbrev [3] 0x5c:0x6 DW_TAG_enumerator
	.long	.Linfo_string11                 @ DW_AT_name
	.byte	7                               @ DW_AT_const_value
	.byte	3                               @ Abbrev [3] 0x62:0x6 DW_TAG_enumerator
	.long	.Linfo_string12                 @ DW_AT_name
	.byte	8                               @ DW_AT_const_value
	.byte	3                               @ Abbrev [3] 0x68:0x6 DW_TAG_enumerator
	.long	.Linfo_string13                 @ DW_AT_name
	.byte	9                               @ DW_AT_const_value
	.byte	3                               @ Abbrev [3] 0x6e:0x6 DW_TAG_enumerator
	.long	.Linfo_string14                 @ DW_AT_name
	.byte	10                              @ DW_AT_const_value
	.byte	3                               @ Abbrev [3] 0x74:0x6 DW_TAG_enumerator
	.long	.Linfo_string15                 @ DW_AT_name
	.byte	11                              @ DW_AT_const_value
	.byte	3                               @ Abbrev [3] 0x7a:0x6 DW_TAG_enumerator
	.long	.Linfo_string16                 @ DW_AT_name
	.byte	12                              @ DW_AT_const_value
	.byte	3                               @ Abbrev [3] 0x80:0x6 DW_TAG_enumerator
	.long	.Linfo_string17                 @ DW_AT_name
	.byte	13                              @ DW_AT_const_value
	.byte	0                               @ End Of Children Mark
	.byte	4                               @ Abbrev [4] 0x87:0x7 DW_TAG_base_type
	.long	.Linfo_string3                  @ DW_AT_name
	.byte	8                               @ DW_AT_encoding
	.byte	1                               @ DW_AT_byte_size
	.byte	2                               @ Abbrev [2] 0x8e:0x85 DW_TAG_enumeration_type
	.long	135                             @ DW_AT_type
	.long	.Linfo_string39                 @ DW_AT_name
	.byte	1                               @ DW_AT_byte_size
	.byte	1                               @ DW_AT_decl_file
	.byte	48                              @ DW_AT_decl_line
	.byte	3                               @ Abbrev [3] 0x9a:0x6 DW_TAG_enumerator
	.long	.Linfo_string19                 @ DW_AT_name
	.byte	0                               @ DW_AT_const_value
	.byte	3                               @ Abbrev [3] 0xa0:0x6 DW_TAG_enumerator
	.long	.Linfo_string20                 @ DW_AT_name
	.byte	1                               @ DW_AT_const_value
	.byte	3                               @ Abbrev [3] 0xa6:0x6 DW_TAG_enumerator
	.long	.Linfo_string21                 @ DW_AT_name
	.byte	2                               @ DW_AT_const_value
	.byte	3                               @ Abbrev [3] 0xac:0x6 DW_TAG_enumerator
	.long	.Linfo_string22                 @ DW_AT_name
	.byte	3                               @ DW_AT_const_value
	.byte	3                               @ Abbrev [3] 0xb2:0x6 DW_TAG_enumerator
	.long	.Linfo_string23                 @ DW_AT_name
	.byte	4                               @ DW_AT_const_value
	.byte	3                               @ Abbrev [3] 0xb8:0x6 DW_TAG_enumerator
	.long	.Linfo_string24                 @ DW_AT_name
	.byte	5                               @ DW_AT_const_value
	.byte	3                               @ Abbrev [3] 0xbe:0x6 DW_TAG_enumerator
	.long	.Linfo_string25                 @ DW_AT_name
	.byte	6                               @ DW_AT_const_value
	.byte	3                               @ Abbrev [3] 0xc4:0x6 DW_TAG_enumerator
	.long	.Linfo_string26                 @ DW_AT_name
	.byte	7                               @ DW_AT_const_value
	.byte	3                               @ Abbrev [3] 0xca:0x6 DW_TAG_enumerator
	.long	.Linfo_string27                 @ DW_AT_name
	.byte	8                               @ DW_AT_const_value
	.byte	3                               @ Abbrev [3] 0xd0:0x6 DW_TAG_enumerator
	.long	.Linfo_string28                 @ DW_AT_name
	.byte	9                               @ DW_AT_const_value
	.byte	3                               @ Abbrev [3] 0xd6:0x6 DW_TAG_enumerator
	.long	.Linfo_string29                 @ DW_AT_name
	.byte	10                              @ DW_AT_const_value
	.byte	3                               @ Abbrev [3] 0xdc:0x6 DW_TAG_enumerator
	.long	.Linfo_string30                 @ DW_AT_name
	.byte	11                              @ DW_AT_const_value
	.byte	3                               @ Abbrev [3] 0xe2:0x6 DW_TAG_enumerator
	.long	.Linfo_string31                 @ DW_AT_name
	.byte	12                              @ DW_AT_const_value
	.byte	3                               @ Abbrev [3] 0xe8:0x6 DW_TAG_enumerator
	.long	.Linfo_string32                 @ DW_AT_name
	.byte	13                              @ DW_AT_const_value
	.byte	3                               @ Abbrev [3] 0xee:0x6 DW_TAG_enumerator
	.long	.Linfo_string33                 @ DW_AT_name
	.byte	14                              @ DW_AT_const_value
	.byte	3                               @ Abbrev [3] 0xf4:0x6 DW_TAG_enumerator
	.long	.Linfo_string34                 @ DW_AT_name
	.byte	15                              @ DW_AT_const_value
	.byte	3                               @ Abbrev [3] 0xfa:0x6 DW_TAG_enumerator
	.long	.Linfo_string35                 @ DW_AT_name
	.byte	16                              @ DW_AT_const_value
	.byte	3                               @ Abbrev [3] 0x100:0x6 DW_TAG_enumerator
	.long	.Linfo_string36                 @ DW_AT_name
	.byte	17                              @ DW_AT_const_value
	.byte	3                               @ Abbrev [3] 0x106:0x6 DW_TAG_enumerator
	.long	.Linfo_string37                 @ DW_AT_name
	.byte	18                              @ DW_AT_const_value
	.byte	3                               @ Abbrev [3] 0x10c:0x6 DW_TAG_enumerator
	.long	.Linfo_string38                 @ DW_AT_name
	.byte	19                              @ DW_AT_const_value
	.byte	0                               @ End Of Children Mark
	.byte	5                               @ Abbrev [5] 0x113:0xb DW_TAG_typedef
	.long	135                             @ DW_AT_type
	.long	.Linfo_string40                 @ DW_AT_name
	.byte	2                               @ DW_AT_decl_file
	.byte	62                              @ DW_AT_decl_line
	.byte	6                               @ Abbrev [6] 0x11e:0x5 DW_TAG_pointer_type
	.long	291                             @ DW_AT_type
	.byte	5                               @ Abbrev [5] 0x123:0xb DW_TAG_typedef
	.long	302                             @ DW_AT_type
	.long	.Linfo_string42                 @ DW_AT_name
	.byte	2                               @ DW_AT_decl_file
	.byte	64                              @ DW_AT_decl_line
	.byte	4                               @ Abbrev [4] 0x12e:0x7 DW_TAG_base_type
	.long	.Linfo_string41                 @ DW_AT_name
	.byte	7                               @ DW_AT_encoding
	.byte	4                               @ DW_AT_byte_size
	.byte	7                               @ Abbrev [7] 0x135:0x1 DW_TAG_pointer_type
	.byte	6                               @ Abbrev [6] 0x136:0x5 DW_TAG_pointer_type
	.long	315                             @ DW_AT_type
	.byte	8                               @ Abbrev [8] 0x13b:0xc DW_TAG_typedef
	.long	327                             @ DW_AT_type
	.long	.Linfo_string73                 @ DW_AT_name
	.byte	3                               @ DW_AT_decl_file
	.short	49595                           @ DW_AT_decl_line
	.byte	9                               @ Abbrev [9] 0x147:0x17f DW_TAG_structure_type
	.byte	132                             @ DW_AT_byte_size
	.byte	3                               @ DW_AT_decl_file
	.short	49565                           @ DW_AT_decl_line
	.byte	10                              @ Abbrev [10] 0x14c:0xd DW_TAG_member
	.long	.Linfo_string43                 @ DW_AT_name
	.long	710                             @ DW_AT_type
	.byte	3                               @ DW_AT_decl_file
	.short	49566                           @ DW_AT_decl_line
	.byte	0                               @ DW_AT_data_member_location
	.byte	10                              @ Abbrev [10] 0x159:0xd DW_TAG_member
	.long	.Linfo_string44                 @ DW_AT_name
	.long	710                             @ DW_AT_type
	.byte	3                               @ DW_AT_decl_file
	.short	49567                           @ DW_AT_decl_line
	.byte	4                               @ DW_AT_data_member_location
	.byte	10                              @ Abbrev [10] 0x166:0xd DW_TAG_member
	.long	.Linfo_string45                 @ DW_AT_name
	.long	710                             @ DW_AT_type
	.byte	3                               @ DW_AT_decl_file
	.short	49568                           @ DW_AT_decl_line
	.byte	8                               @ DW_AT_data_member_location
	.byte	10                              @ Abbrev [10] 0x173:0xd DW_TAG_member
	.long	.Linfo_string46                 @ DW_AT_name
	.long	710                             @ DW_AT_type
	.byte	3                               @ DW_AT_decl_file
	.short	49569                           @ DW_AT_decl_line
	.byte	12                              @ DW_AT_data_member_location
	.byte	10                              @ Abbrev [10] 0x180:0xd DW_TAG_member
	.long	.Linfo_string47                 @ DW_AT_name
	.long	710                             @ DW_AT_type
	.byte	3                               @ DW_AT_decl_file
	.short	49570                           @ DW_AT_decl_line
	.byte	16                              @ DW_AT_data_member_location
	.byte	10                              @ Abbrev [10] 0x18d:0xd DW_TAG_member
	.long	.Linfo_string48                 @ DW_AT_name
	.long	710                             @ DW_AT_type
	.byte	3                               @ DW_AT_decl_file
	.short	49571                           @ DW_AT_decl_line
	.byte	20                              @ DW_AT_data_member_location
	.byte	10                              @ Abbrev [10] 0x19a:0xd DW_TAG_member
	.long	.Linfo_string49                 @ DW_AT_name
	.long	710                             @ DW_AT_type
	.byte	3                               @ DW_AT_decl_file
	.short	49572                           @ DW_AT_decl_line
	.byte	24                              @ DW_AT_data_member_location
	.byte	10                              @ Abbrev [10] 0x1a7:0xd DW_TAG_member
	.long	.Linfo_string50                 @ DW_AT_name
	.long	710                             @ DW_AT_type
	.byte	3                               @ DW_AT_decl_file
	.short	49573                           @ DW_AT_decl_line
	.byte	28                              @ DW_AT_data_member_location
	.byte	10                              @ Abbrev [10] 0x1b4:0xd DW_TAG_member
	.long	.Linfo_string51                 @ DW_AT_name
	.long	710                             @ DW_AT_type
	.byte	3                               @ DW_AT_decl_file
	.short	49574                           @ DW_AT_decl_line
	.byte	32                              @ DW_AT_data_member_location
	.byte	10                              @ Abbrev [10] 0x1c1:0xd DW_TAG_member
	.long	.Linfo_string52                 @ DW_AT_name
	.long	710                             @ DW_AT_type
	.byte	3                               @ DW_AT_decl_file
	.short	49575                           @ DW_AT_decl_line
	.byte	36                              @ DW_AT_data_member_location
	.byte	10                              @ Abbrev [10] 0x1ce:0xd DW_TAG_member
	.long	.Linfo_string53                 @ DW_AT_name
	.long	710                             @ DW_AT_type
	.byte	3                               @ DW_AT_decl_file
	.short	49576                           @ DW_AT_decl_line
	.byte	40                              @ DW_AT_data_member_location
	.byte	10                              @ Abbrev [10] 0x1db:0xd DW_TAG_member
	.long	.Linfo_string54                 @ DW_AT_name
	.long	710                             @ DW_AT_type
	.byte	3                               @ DW_AT_decl_file
	.short	49577                           @ DW_AT_decl_line
	.byte	44                              @ DW_AT_data_member_location
	.byte	10                              @ Abbrev [10] 0x1e8:0xd DW_TAG_member
	.long	.Linfo_string55                 @ DW_AT_name
	.long	710                             @ DW_AT_type
	.byte	3                               @ DW_AT_decl_file
	.short	49578                           @ DW_AT_decl_line
	.byte	48                              @ DW_AT_data_member_location
	.byte	10                              @ Abbrev [10] 0x1f5:0xd DW_TAG_member
	.long	.Linfo_string56                 @ DW_AT_name
	.long	710                             @ DW_AT_type
	.byte	3                               @ DW_AT_decl_file
	.short	49579                           @ DW_AT_decl_line
	.byte	52                              @ DW_AT_data_member_location
	.byte	10                              @ Abbrev [10] 0x202:0xd DW_TAG_member
	.long	.Linfo_string57                 @ DW_AT_name
	.long	710                             @ DW_AT_type
	.byte	3                               @ DW_AT_decl_file
	.short	49580                           @ DW_AT_decl_line
	.byte	56                              @ DW_AT_data_member_location
	.byte	10                              @ Abbrev [10] 0x20f:0xd DW_TAG_member
	.long	.Linfo_string58                 @ DW_AT_name
	.long	710                             @ DW_AT_type
	.byte	3                               @ DW_AT_decl_file
	.short	49581                           @ DW_AT_decl_line
	.byte	60                              @ DW_AT_data_member_location
	.byte	10                              @ Abbrev [10] 0x21c:0xd DW_TAG_member
	.long	.Linfo_string59                 @ DW_AT_name
	.long	710                             @ DW_AT_type
	.byte	3                               @ DW_AT_decl_file
	.short	49582                           @ DW_AT_decl_line
	.byte	64                              @ DW_AT_data_member_location
	.byte	10                              @ Abbrev [10] 0x229:0xd DW_TAG_member
	.long	.Linfo_string60                 @ DW_AT_name
	.long	715                             @ DW_AT_type
	.byte	3                               @ DW_AT_decl_file
	.short	49583                           @ DW_AT_decl_line
	.byte	68                              @ DW_AT_data_member_location
	.byte	10                              @ Abbrev [10] 0x236:0xd DW_TAG_member
	.long	.Linfo_string62                 @ DW_AT_name
	.long	710                             @ DW_AT_type
	.byte	3                               @ DW_AT_decl_file
	.short	49584                           @ DW_AT_decl_line
	.byte	80                              @ DW_AT_data_member_location
	.byte	10                              @ Abbrev [10] 0x243:0xd DW_TAG_member
	.long	.Linfo_string63                 @ DW_AT_name
	.long	710                             @ DW_AT_type
	.byte	3                               @ DW_AT_decl_file
	.short	49585                           @ DW_AT_decl_line
	.byte	84                              @ DW_AT_data_member_location
	.byte	10                              @ Abbrev [10] 0x250:0xd DW_TAG_member
	.long	.Linfo_string64                 @ DW_AT_name
	.long	710                             @ DW_AT_type
	.byte	3                               @ DW_AT_decl_file
	.short	49586                           @ DW_AT_decl_line
	.byte	88                              @ DW_AT_data_member_location
	.byte	10                              @ Abbrev [10] 0x25d:0xd DW_TAG_member
	.long	.Linfo_string65                 @ DW_AT_name
	.long	710                             @ DW_AT_type
	.byte	3                               @ DW_AT_decl_file
	.short	49587                           @ DW_AT_decl_line
	.byte	92                              @ DW_AT_data_member_location
	.byte	10                              @ Abbrev [10] 0x26a:0xd DW_TAG_member
	.long	.Linfo_string66                 @ DW_AT_name
	.long	734                             @ DW_AT_type
	.byte	3                               @ DW_AT_decl_file
	.short	49588                           @ DW_AT_decl_line
	.byte	96                              @ DW_AT_data_member_location
	.byte	10                              @ Abbrev [10] 0x277:0xd DW_TAG_member
	.long	.Linfo_string67                 @ DW_AT_name
	.long	715                             @ DW_AT_type
	.byte	3                               @ DW_AT_decl_file
	.short	49589                           @ DW_AT_decl_line
	.byte	100                             @ DW_AT_data_member_location
	.byte	10                              @ Abbrev [10] 0x284:0xd DW_TAG_member
	.long	.Linfo_string68                 @ DW_AT_name
	.long	710                             @ DW_AT_type
	.byte	3                               @ DW_AT_decl_file
	.short	49590                           @ DW_AT_decl_line
	.byte	112                             @ DW_AT_data_member_location
	.byte	10                              @ Abbrev [10] 0x291:0xd DW_TAG_member
	.long	.Linfo_string69                 @ DW_AT_name
	.long	710                             @ DW_AT_type
	.byte	3                               @ DW_AT_decl_file
	.short	49591                           @ DW_AT_decl_line
	.byte	116                             @ DW_AT_data_member_location
	.byte	10                              @ Abbrev [10] 0x29e:0xd DW_TAG_member
	.long	.Linfo_string70                 @ DW_AT_name
	.long	710                             @ DW_AT_type
	.byte	3                               @ DW_AT_decl_file
	.short	49592                           @ DW_AT_decl_line
	.byte	120                             @ DW_AT_data_member_location
	.byte	10                              @ Abbrev [10] 0x2ab:0xd DW_TAG_member
	.long	.Linfo_string71                 @ DW_AT_name
	.long	710                             @ DW_AT_type
	.byte	3                               @ DW_AT_decl_file
	.short	49593                           @ DW_AT_decl_line
	.byte	124                             @ DW_AT_data_member_location
	.byte	10                              @ Abbrev [10] 0x2b8:0xd DW_TAG_member
	.long	.Linfo_string72                 @ DW_AT_name
	.long	734                             @ DW_AT_type
	.byte	3                               @ DW_AT_decl_file
	.short	49594                           @ DW_AT_decl_line
	.byte	128                             @ DW_AT_data_member_location
	.byte	0                               @ End Of Children Mark
	.byte	11                              @ Abbrev [11] 0x2c6:0x5 DW_TAG_volatile_type
	.long	291                             @ DW_AT_type
	.byte	12                              @ Abbrev [12] 0x2cb:0xc DW_TAG_array_type
	.long	275                             @ DW_AT_type
	.byte	13                              @ Abbrev [13] 0x2d0:0x6 DW_TAG_subrange_type
	.long	727                             @ DW_AT_type
	.byte	12                              @ DW_AT_count
	.byte	0                               @ End Of Children Mark
	.byte	14                              @ Abbrev [14] 0x2d7:0x7 DW_TAG_base_type
	.long	.Linfo_string61                 @ DW_AT_name
	.byte	8                               @ DW_AT_byte_size
	.byte	7                               @ DW_AT_encoding
	.byte	15                              @ Abbrev [15] 0x2de:0x5 DW_TAG_const_type
	.long	710                             @ DW_AT_type
	.byte	6                               @ Abbrev [6] 0x2e3:0x5 DW_TAG_pointer_type
	.long	744                             @ DW_AT_type
	.byte	8                               @ Abbrev [8] 0x2e8:0xc DW_TAG_typedef
	.long	756                             @ DW_AT_type
	.long	.Linfo_string94                 @ DW_AT_name
	.byte	3                               @ DW_AT_decl_file
	.short	51012                           @ DW_AT_decl_line
	.byte	16                              @ Abbrev [16] 0x2f4:0x13a DW_TAG_structure_type
	.short	612                             @ DW_AT_byte_size
	.byte	3                               @ DW_AT_decl_file
	.short	50987                           @ DW_AT_decl_line
	.byte	10                              @ Abbrev [10] 0x2fa:0xd DW_TAG_member
	.long	.Linfo_string60                 @ DW_AT_name
	.long	1070                            @ DW_AT_type
	.byte	3                               @ DW_AT_decl_file
	.short	50988                           @ DW_AT_decl_line
	.byte	0                               @ DW_AT_data_member_location
	.byte	17                              @ Abbrev [17] 0x307:0xe DW_TAG_member
	.long	.Linfo_string74                 @ DW_AT_name
	.long	1083                            @ DW_AT_type
	.byte	3                               @ DW_AT_decl_file
	.short	51010                           @ DW_AT_decl_line
	.short	416                             @ DW_AT_data_member_location
	.byte	9                               @ Abbrev [9] 0x315:0x10a DW_TAG_structure_type
	.byte	96                              @ DW_AT_byte_size
	.byte	3                               @ DW_AT_decl_file
	.short	50989                           @ DW_AT_decl_line
	.byte	10                              @ Abbrev [10] 0x31a:0xd DW_TAG_member
	.long	.Linfo_string75                 @ DW_AT_name
	.long	710                             @ DW_AT_type
	.byte	3                               @ DW_AT_decl_file
	.short	50990                           @ DW_AT_decl_line
	.byte	0                               @ DW_AT_data_member_location
	.byte	10                              @ Abbrev [10] 0x327:0xd DW_TAG_member
	.long	.Linfo_string76                 @ DW_AT_name
	.long	710                             @ DW_AT_type
	.byte	3                               @ DW_AT_decl_file
	.short	50991                           @ DW_AT_decl_line
	.byte	4                               @ DW_AT_data_member_location
	.byte	10                              @ Abbrev [10] 0x334:0xd DW_TAG_member
	.long	.Linfo_string77                 @ DW_AT_name
	.long	710                             @ DW_AT_type
	.byte	3                               @ DW_AT_decl_file
	.short	50992                           @ DW_AT_decl_line
	.byte	8                               @ DW_AT_data_member_location
	.byte	10                              @ Abbrev [10] 0x341:0xd DW_TAG_member
	.long	.Linfo_string78                 @ DW_AT_name
	.long	710                             @ DW_AT_type
	.byte	3                               @ DW_AT_decl_file
	.short	50993                           @ DW_AT_decl_line
	.byte	12                              @ DW_AT_data_member_location
	.byte	10                              @ Abbrev [10] 0x34e:0xd DW_TAG_member
	.long	.Linfo_string79                 @ DW_AT_name
	.long	710                             @ DW_AT_type
	.byte	3                               @ DW_AT_decl_file
	.short	50994                           @ DW_AT_decl_line
	.byte	16                              @ DW_AT_data_member_location
	.byte	10                              @ Abbrev [10] 0x35b:0xd DW_TAG_member
	.long	.Linfo_string80                 @ DW_AT_name
	.long	710                             @ DW_AT_type
	.byte	3                               @ DW_AT_decl_file
	.short	50995                           @ DW_AT_decl_line
	.byte	20                              @ DW_AT_data_member_location
	.byte	10                              @ Abbrev [10] 0x368:0xd DW_TAG_member
	.long	.Linfo_string81                 @ DW_AT_name
	.long	710                             @ DW_AT_type
	.byte	3                               @ DW_AT_decl_file
	.short	50996                           @ DW_AT_decl_line
	.byte	24                              @ DW_AT_data_member_location
	.byte	10                              @ Abbrev [10] 0x375:0xd DW_TAG_member
	.long	.Linfo_string82                 @ DW_AT_name
	.long	710                             @ DW_AT_type
	.byte	3                               @ DW_AT_decl_file
	.short	50997                           @ DW_AT_decl_line
	.byte	28                              @ DW_AT_data_member_location
	.byte	10                              @ Abbrev [10] 0x382:0xd DW_TAG_member
	.long	.Linfo_string83                 @ DW_AT_name
	.long	734                             @ DW_AT_type
	.byte	3                               @ DW_AT_decl_file
	.short	50998                           @ DW_AT_decl_line
	.byte	32                              @ DW_AT_data_member_location
	.byte	10                              @ Abbrev [10] 0x38f:0xd DW_TAG_member
	.long	.Linfo_string60                 @ DW_AT_name
	.long	715                             @ DW_AT_type
	.byte	3                               @ DW_AT_decl_file
	.short	50999                           @ DW_AT_decl_line
	.byte	36                              @ DW_AT_data_member_location
	.byte	10                              @ Abbrev [10] 0x39c:0xd DW_TAG_member
	.long	.Linfo_string84                 @ DW_AT_name
	.long	734                             @ DW_AT_type
	.byte	3                               @ DW_AT_decl_file
	.short	51000                           @ DW_AT_decl_line
	.byte	48                              @ DW_AT_data_member_location
	.byte	10                              @ Abbrev [10] 0x3a9:0xd DW_TAG_member
	.long	.Linfo_string67                 @ DW_AT_name
	.long	715                             @ DW_AT_type
	.byte	3                               @ DW_AT_decl_file
	.short	51001                           @ DW_AT_decl_line
	.byte	52                              @ DW_AT_data_member_location
	.byte	10                              @ Abbrev [10] 0x3b6:0xd DW_TAG_member
	.long	.Linfo_string85                 @ DW_AT_name
	.long	710                             @ DW_AT_type
	.byte	3                               @ DW_AT_decl_file
	.short	51002                           @ DW_AT_decl_line
	.byte	64                              @ DW_AT_data_member_location
	.byte	10                              @ Abbrev [10] 0x3c3:0xd DW_TAG_member
	.long	.Linfo_string86                 @ DW_AT_name
	.long	710                             @ DW_AT_type
	.byte	3                               @ DW_AT_decl_file
	.short	51003                           @ DW_AT_decl_line
	.byte	68                              @ DW_AT_data_member_location
	.byte	10                              @ Abbrev [10] 0x3d0:0xd DW_TAG_member
	.long	.Linfo_string87                 @ DW_AT_name
	.long	710                             @ DW_AT_type
	.byte	3                               @ DW_AT_decl_file
	.short	51004                           @ DW_AT_decl_line
	.byte	72                              @ DW_AT_data_member_location
	.byte	10                              @ Abbrev [10] 0x3dd:0xd DW_TAG_member
	.long	.Linfo_string88                 @ DW_AT_name
	.long	710                             @ DW_AT_type
	.byte	3                               @ DW_AT_decl_file
	.short	51005                           @ DW_AT_decl_line
	.byte	76                              @ DW_AT_data_member_location
	.byte	10                              @ Abbrev [10] 0x3ea:0xd DW_TAG_member
	.long	.Linfo_string89                 @ DW_AT_name
	.long	710                             @ DW_AT_type
	.byte	3                               @ DW_AT_decl_file
	.short	51006                           @ DW_AT_decl_line
	.byte	80                              @ DW_AT_data_member_location
	.byte	10                              @ Abbrev [10] 0x3f7:0xd DW_TAG_member
	.long	.Linfo_string90                 @ DW_AT_name
	.long	710                             @ DW_AT_type
	.byte	3                               @ DW_AT_decl_file
	.short	51007                           @ DW_AT_decl_line
	.byte	84                              @ DW_AT_data_member_location
	.byte	10                              @ Abbrev [10] 0x404:0xd DW_TAG_member
	.long	.Linfo_string91                 @ DW_AT_name
	.long	710                             @ DW_AT_type
	.byte	3                               @ DW_AT_decl_file
	.short	51008                           @ DW_AT_decl_line
	.byte	88                              @ DW_AT_data_member_location
	.byte	10                              @ Abbrev [10] 0x411:0xd DW_TAG_member
	.long	.Linfo_string92                 @ DW_AT_name
	.long	710                             @ DW_AT_type
	.byte	3                               @ DW_AT_decl_file
	.short	51009                           @ DW_AT_decl_line
	.byte	92                              @ DW_AT_data_member_location
	.byte	0                               @ End Of Children Mark
	.byte	17                              @ Abbrev [17] 0x41f:0xe DW_TAG_member
	.long	.Linfo_string93                 @ DW_AT_name
	.long	734                             @ DW_AT_type
	.byte	3                               @ DW_AT_decl_file
	.short	51011                           @ DW_AT_decl_line
	.short	608                             @ DW_AT_data_member_location
	.byte	0                               @ End Of Children Mark
	.byte	12                              @ Abbrev [12] 0x42e:0xd DW_TAG_array_type
	.long	275                             @ DW_AT_type
	.byte	18                              @ Abbrev [18] 0x433:0x7 DW_TAG_subrange_type
	.long	727                             @ DW_AT_type
	.short	416                             @ DW_AT_count
	.byte	0                               @ End Of Children Mark
	.byte	12                              @ Abbrev [12] 0x43b:0xc DW_TAG_array_type
	.long	789                             @ DW_AT_type
	.byte	13                              @ Abbrev [13] 0x440:0x6 DW_TAG_subrange_type
	.long	727                             @ DW_AT_type
	.byte	2                               @ DW_AT_count
	.byte	0                               @ End Of Children Mark
	.byte	19                              @ Abbrev [19] 0x447:0x78 DW_TAG_subprogram
	.long	.Lfunc_begin0                   @ DW_AT_low_pc
	.long	.Lfunc_end0-.Lfunc_begin0       @ DW_AT_high_pc
	.byte	1                               @ DW_AT_frame_base
	.byte	93
	.long	.Linfo_string95                 @ DW_AT_name
	.byte	4                               @ DW_AT_decl_file
	.byte	14                              @ DW_AT_decl_line
                                        @ DW_AT_prototyped
	.long	309                             @ DW_AT_type
                                        @ DW_AT_external
	.byte	20                              @ Abbrev [20] 0x45c:0xe DW_TAG_formal_parameter
	.byte	2                               @ DW_AT_location
	.byte	145
	.byte	43
	.long	.Linfo_string100                @ DW_AT_name
	.byte	4                               @ DW_AT_decl_file
	.byte	14                              @ DW_AT_decl_line
	.long	275                             @ DW_AT_type
	.byte	21                              @ Abbrev [21] 0x46a:0xe DW_TAG_variable
	.byte	2                               @ DW_AT_location
	.byte	145
	.byte	36
	.long	.Linfo_string101                @ DW_AT_name
	.byte	4                               @ DW_AT_decl_file
	.byte	16                              @ DW_AT_decl_line
	.long	309                             @ DW_AT_type
	.byte	21                              @ Abbrev [21] 0x478:0xe DW_TAG_variable
	.byte	2                               @ DW_AT_location
	.byte	145
	.byte	32
	.long	.Linfo_string102                @ DW_AT_name
	.byte	4                               @ DW_AT_decl_file
	.byte	18                              @ DW_AT_decl_line
	.long	291                             @ DW_AT_type
	.byte	21                              @ Abbrev [21] 0x486:0xe DW_TAG_variable
	.byte	2                               @ DW_AT_location
	.byte	145
	.byte	28
	.long	.Linfo_string103                @ DW_AT_name
	.byte	4                               @ DW_AT_decl_file
	.byte	19                              @ DW_AT_decl_line
	.long	291                             @ DW_AT_type
	.byte	21                              @ Abbrev [21] 0x494:0xe DW_TAG_variable
	.byte	2                               @ DW_AT_location
	.byte	145
	.byte	16
	.long	.Linfo_string104                @ DW_AT_name
	.byte	4                               @ DW_AT_decl_file
	.byte	20                              @ DW_AT_decl_line
	.long	1477                            @ DW_AT_type
	.byte	21                              @ Abbrev [21] 0x4a2:0xe DW_TAG_variable
	.byte	2                               @ DW_AT_location
	.byte	145
	.byte	4
	.long	.Linfo_string105                @ DW_AT_name
	.byte	4                               @ DW_AT_decl_file
	.byte	21                              @ DW_AT_decl_line
	.long	1477                            @ DW_AT_type
	.byte	21                              @ Abbrev [21] 0x4b0:0xe DW_TAG_variable
	.byte	2                               @ DW_AT_location
	.byte	145
	.byte	0
	.long	.Linfo_string106                @ DW_AT_name
	.byte	4                               @ DW_AT_decl_file
	.byte	22                              @ DW_AT_decl_line
	.long	286                             @ DW_AT_type
	.byte	0                               @ End Of Children Mark
	.byte	19                              @ Abbrev [19] 0x4bf:0x4e DW_TAG_subprogram
	.long	.Lfunc_begin1                   @ DW_AT_low_pc
	.long	.Lfunc_end1-.Lfunc_begin1       @ DW_AT_high_pc
	.byte	1                               @ DW_AT_frame_base
	.byte	93
	.long	.Linfo_string96                 @ DW_AT_name
	.byte	4                               @ DW_AT_decl_file
	.byte	75                              @ DW_AT_decl_line
                                        @ DW_AT_prototyped
	.long	291                             @ DW_AT_type
                                        @ DW_AT_external
	.byte	20                              @ Abbrev [20] 0x4d4:0xe DW_TAG_formal_parameter
	.byte	2                               @ DW_AT_location
	.byte	145
	.byte	19
	.long	.Linfo_string100                @ DW_AT_name
	.byte	4                               @ DW_AT_decl_file
	.byte	75                              @ DW_AT_decl_line
	.long	275                             @ DW_AT_type
	.byte	20                              @ Abbrev [20] 0x4e2:0xe DW_TAG_formal_parameter
	.byte	2                               @ DW_AT_location
	.byte	145
	.byte	12
	.long	.Linfo_string107                @ DW_AT_name
	.byte	4                               @ DW_AT_decl_file
	.byte	75                              @ DW_AT_decl_line
	.long	291                             @ DW_AT_type
	.byte	20                              @ Abbrev [20] 0x4f0:0xe DW_TAG_formal_parameter
	.byte	2                               @ DW_AT_location
	.byte	145
	.byte	8
	.long	.Linfo_string108                @ DW_AT_name
	.byte	4                               @ DW_AT_decl_file
	.byte	75                              @ DW_AT_decl_line
	.long	1489                            @ DW_AT_type
	.byte	21                              @ Abbrev [21] 0x4fe:0xe DW_TAG_variable
	.byte	2                               @ DW_AT_location
	.byte	145
	.byte	4
	.long	.Linfo_string101                @ DW_AT_name
	.byte	4                               @ DW_AT_decl_file
	.byte	78                              @ DW_AT_decl_line
	.long	310                             @ DW_AT_type
	.byte	0                               @ End Of Children Mark
	.byte	19                              @ Abbrev [19] 0x50d:0x4e DW_TAG_subprogram
	.long	.Lfunc_begin2                   @ DW_AT_low_pc
	.long	.Lfunc_end2-.Lfunc_begin2       @ DW_AT_high_pc
	.byte	1                               @ DW_AT_frame_base
	.byte	93
	.long	.Linfo_string97                 @ DW_AT_name
	.byte	4                               @ DW_AT_decl_file
	.byte	140                             @ DW_AT_decl_line
                                        @ DW_AT_prototyped
	.long	291                             @ DW_AT_type
                                        @ DW_AT_external
	.byte	20                              @ Abbrev [20] 0x522:0xe DW_TAG_formal_parameter
	.byte	2                               @ DW_AT_location
	.byte	145
	.byte	19
	.long	.Linfo_string100                @ DW_AT_name
	.byte	4                               @ DW_AT_decl_file
	.byte	140                             @ DW_AT_decl_line
	.long	275                             @ DW_AT_type
	.byte	20                              @ Abbrev [20] 0x530:0xe DW_TAG_formal_parameter
	.byte	2                               @ DW_AT_location
	.byte	145
	.byte	12
	.long	.Linfo_string107                @ DW_AT_name
	.byte	4                               @ DW_AT_decl_file
	.byte	140                             @ DW_AT_decl_line
	.long	291                             @ DW_AT_type
	.byte	20                              @ Abbrev [20] 0x53e:0xe DW_TAG_formal_parameter
	.byte	2                               @ DW_AT_location
	.byte	145
	.byte	8
	.long	.Linfo_string108                @ DW_AT_name
	.byte	4                               @ DW_AT_decl_file
	.byte	140                             @ DW_AT_decl_line
	.long	1489                            @ DW_AT_type
	.byte	21                              @ Abbrev [21] 0x54c:0xe DW_TAG_variable
	.byte	2                               @ DW_AT_location
	.byte	145
	.byte	4
	.long	.Linfo_string101                @ DW_AT_name
	.byte	4                               @ DW_AT_decl_file
	.byte	143                             @ DW_AT_decl_line
	.long	310                             @ DW_AT_type
	.byte	0                               @ End Of Children Mark
	.byte	22                              @ Abbrev [22] 0x55b:0x2e DW_TAG_subprogram
	.long	.Lfunc_begin3                   @ DW_AT_low_pc
	.long	.Lfunc_end3-.Lfunc_begin3       @ DW_AT_high_pc
	.byte	1                               @ DW_AT_frame_base
	.byte	93
	.long	.Linfo_string98                 @ DW_AT_name
	.byte	4                               @ DW_AT_decl_file
	.byte	199                             @ DW_AT_decl_line
                                        @ DW_AT_prototyped
                                        @ DW_AT_external
	.byte	20                              @ Abbrev [20] 0x56c:0xe DW_TAG_formal_parameter
	.byte	2                               @ DW_AT_location
	.byte	145
	.byte	7
	.long	.Linfo_string100                @ DW_AT_name
	.byte	4                               @ DW_AT_decl_file
	.byte	199                             @ DW_AT_decl_line
	.long	275                             @ DW_AT_type
	.byte	21                              @ Abbrev [21] 0x57a:0xe DW_TAG_variable
	.byte	2                               @ DW_AT_location
	.byte	145
	.byte	0
	.long	.Linfo_string101                @ DW_AT_name
	.byte	4                               @ DW_AT_decl_file
	.byte	202                             @ DW_AT_decl_line
	.long	310                             @ DW_AT_type
	.byte	0                               @ End Of Children Mark
	.byte	22                              @ Abbrev [22] 0x589:0x3c DW_TAG_subprogram
	.long	.Lfunc_begin4                   @ DW_AT_low_pc
	.long	.Lfunc_end4-.Lfunc_begin4       @ DW_AT_high_pc
	.byte	1                               @ DW_AT_frame_base
	.byte	93
	.long	.Linfo_string99                 @ DW_AT_name
	.byte	4                               @ DW_AT_decl_file
	.byte	227                             @ DW_AT_decl_line
                                        @ DW_AT_prototyped
                                        @ DW_AT_external
	.byte	20                              @ Abbrev [20] 0x59a:0xe DW_TAG_formal_parameter
	.byte	2                               @ DW_AT_location
	.byte	145
	.byte	7
	.long	.Linfo_string100                @ DW_AT_name
	.byte	4                               @ DW_AT_decl_file
	.byte	227                             @ DW_AT_decl_line
	.long	275                             @ DW_AT_type
	.byte	20                              @ Abbrev [20] 0x5a8:0xe DW_TAG_formal_parameter
	.byte	2                               @ DW_AT_location
	.byte	145
	.byte	6
	.long	.Linfo_string114                @ DW_AT_name
	.byte	4                               @ DW_AT_decl_file
	.byte	227                             @ DW_AT_decl_line
	.long	275                             @ DW_AT_type
	.byte	21                              @ Abbrev [21] 0x5b6:0xe DW_TAG_variable
	.byte	2                               @ DW_AT_location
	.byte	145
	.byte	0
	.long	.Linfo_string101                @ DW_AT_name
	.byte	4                               @ DW_AT_decl_file
	.byte	230                             @ DW_AT_decl_line
	.long	310                             @ DW_AT_type
	.byte	0                               @ End Of Children Mark
	.byte	12                              @ Abbrev [12] 0x5c5:0xc DW_TAG_array_type
	.long	291                             @ DW_AT_type
	.byte	13                              @ Abbrev [13] 0x5ca:0x6 DW_TAG_subrange_type
	.long	727                             @ DW_AT_type
	.byte	3                               @ DW_AT_count
	.byte	0                               @ End Of Children Mark
	.byte	6                               @ Abbrev [6] 0x5d1:0x5 DW_TAG_pointer_type
	.long	1494                            @ DW_AT_type
	.byte	5                               @ Abbrev [5] 0x5d6:0xb DW_TAG_typedef
	.long	1505                            @ DW_AT_type
	.long	.Linfo_string113                @ DW_AT_name
	.byte	5                               @ DW_AT_decl_file
	.byte	19                              @ DW_AT_decl_line
	.byte	23                              @ Abbrev [23] 0x5e1:0x2d DW_TAG_structure_type
	.long	.Linfo_string112                @ DW_AT_name
	.byte	3                               @ DW_AT_byte_size
	.byte	5                               @ DW_AT_decl_file
	.byte	14                              @ DW_AT_decl_line
	.byte	24                              @ Abbrev [24] 0x5e9:0xc DW_TAG_member
	.long	.Linfo_string109                @ DW_AT_name
	.long	275                             @ DW_AT_type
	.byte	5                               @ DW_AT_decl_file
	.byte	16                              @ DW_AT_decl_line
	.byte	0                               @ DW_AT_data_member_location
	.byte	24                              @ Abbrev [24] 0x5f5:0xc DW_TAG_member
	.long	.Linfo_string110                @ DW_AT_name
	.long	275                             @ DW_AT_type
	.byte	5                               @ DW_AT_decl_file
	.byte	17                              @ DW_AT_decl_line
	.byte	1                               @ DW_AT_data_member_location
	.byte	24                              @ Abbrev [24] 0x601:0xc DW_TAG_member
	.long	.Linfo_string111                @ DW_AT_name
	.long	275                             @ DW_AT_type
	.byte	5                               @ DW_AT_decl_file
	.byte	18                              @ DW_AT_decl_line
	.byte	2                               @ DW_AT_data_member_location
	.byte	0                               @ End Of Children Mark
	.byte	0                               @ End Of Children Mark
.Ldebug_info_end0:
	.section	.debug_ranges,"",%progbits
.Ldebug_ranges0:
	.long	.Lfunc_begin0
	.long	.Lfunc_end0
	.long	.Lfunc_begin1
	.long	.Lfunc_end1
	.long	.Lfunc_begin2
	.long	.Lfunc_end2
	.long	.Lfunc_begin3
	.long	.Lfunc_end3
	.long	.Lfunc_begin4
	.long	.Lfunc_end4
	.long	0
	.long	0
	.section	.debug_str,"MS",%progbits,1
.Linfo_string0:
	.asciz	"Component: Arm Compiler for Embedded 6.19 Tool: armclang [5e73cb00]" @ string offset=0
.Linfo_string1:
	.asciz	"../../libraries/components/usb/phy\\usb_phy.c" @ string offset=68
.Linfo_string2:
	.asciz	"E:\\FILE_SMART_CAR\\\346\231\272\350\203\275\350\247\206\350\247\211\\RT1064_Library-master\\RT1064_Library-master\\SeekFree_RT1064_Opensource_Library\\project\\mdk" @ string offset=113
.Linfo_string3:
	.asciz	"unsigned char"                 @ string offset=235
.Linfo_string4:
	.asciz	"kUSB_ControllerKhci0"          @ string offset=249
.Linfo_string5:
	.asciz	"kUSB_ControllerKhci1"          @ string offset=270
.Linfo_string6:
	.asciz	"kUSB_ControllerEhci0"          @ string offset=291
.Linfo_string7:
	.asciz	"kUSB_ControllerEhci1"          @ string offset=312
.Linfo_string8:
	.asciz	"kUSB_ControllerLpcIp3511Fs0"   @ string offset=333
.Linfo_string9:
	.asciz	"kUSB_ControllerLpcIp3511Fs1"   @ string offset=361
.Linfo_string10:
	.asciz	"kUSB_ControllerLpcIp3511Hs0"   @ string offset=389
.Linfo_string11:
	.asciz	"kUSB_ControllerLpcIp3511Hs1"   @ string offset=417
.Linfo_string12:
	.asciz	"kUSB_ControllerOhci0"          @ string offset=445
.Linfo_string13:
	.asciz	"kUSB_ControllerOhci1"          @ string offset=466
.Linfo_string14:
	.asciz	"kUSB_ControllerIp3516Hs0"      @ string offset=487
.Linfo_string15:
	.asciz	"kUSB_ControllerIp3516Hs1"      @ string offset=512
.Linfo_string16:
	.asciz	"kUSB_ControllerDwc30"          @ string offset=537
.Linfo_string17:
	.asciz	"kUSB_ControllerDwc31"          @ string offset=558
.Linfo_string18:
	.asciz	"_usb_controller_index"         @ string offset=579
.Linfo_string19:
	.asciz	"kStatus_USB_Success"           @ string offset=601
.Linfo_string20:
	.asciz	"kStatus_USB_Error"             @ string offset=621
.Linfo_string21:
	.asciz	"kStatus_USB_Busy"              @ string offset=639
.Linfo_string22:
	.asciz	"kStatus_USB_InvalidHandle"     @ string offset=656
.Linfo_string23:
	.asciz	"kStatus_USB_InvalidParameter"  @ string offset=682
.Linfo_string24:
	.asciz	"kStatus_USB_InvalidRequest"    @ string offset=711
.Linfo_string25:
	.asciz	"kStatus_USB_ControllerNotFound" @ string offset=738
.Linfo_string26:
	.asciz	"kStatus_USB_InvalidControllerInterface" @ string offset=769
.Linfo_string27:
	.asciz	"kStatus_USB_NotSupported"      @ string offset=808
.Linfo_string28:
	.asciz	"kStatus_USB_Retry"             @ string offset=833
.Linfo_string29:
	.asciz	"kStatus_USB_TransferStall"     @ string offset=851
.Linfo_string30:
	.asciz	"kStatus_USB_TransferFailed"    @ string offset=877
.Linfo_string31:
	.asciz	"kStatus_USB_AllocFail"         @ string offset=904
.Linfo_string32:
	.asciz	"kStatus_USB_LackSwapBuffer"    @ string offset=926
.Linfo_string33:
	.asciz	"kStatus_USB_TransferCancel"    @ string offset=953
.Linfo_string34:
	.asciz	"kStatus_USB_BandwidthFail"     @ string offset=980
.Linfo_string35:
	.asciz	"kStatus_USB_MSDStatusFail"     @ string offset=1006
.Linfo_string36:
	.asciz	"kStatus_USB_EHCIAttached"      @ string offset=1032
.Linfo_string37:
	.asciz	"kStatus_USB_EHCIDetached"      @ string offset=1057
.Linfo_string38:
	.asciz	"kStatus_USB_DataOverRun"       @ string offset=1082
.Linfo_string39:
	.asciz	"_usb_status"                   @ string offset=1106
.Linfo_string40:
	.asciz	"uint8_t"                       @ string offset=1118
.Linfo_string41:
	.asciz	"unsigned int"                  @ string offset=1126
.Linfo_string42:
	.asciz	"uint32_t"                      @ string offset=1139
.Linfo_string43:
	.asciz	"PWD"                           @ string offset=1148
.Linfo_string44:
	.asciz	"PWD_SET"                       @ string offset=1152
.Linfo_string45:
	.asciz	"PWD_CLR"                       @ string offset=1160
.Linfo_string46:
	.asciz	"PWD_TOG"                       @ string offset=1168
.Linfo_string47:
	.asciz	"TX"                            @ string offset=1176
.Linfo_string48:
	.asciz	"TX_SET"                        @ string offset=1179
.Linfo_string49:
	.asciz	"TX_CLR"                        @ string offset=1186
.Linfo_string50:
	.asciz	"TX_TOG"                        @ string offset=1193
.Linfo_string51:
	.asciz	"RX"                            @ string offset=1200
.Linfo_string52:
	.asciz	"RX_SET"                        @ string offset=1203
.Linfo_string53:
	.asciz	"RX_CLR"                        @ string offset=1210
.Linfo_string54:
	.asciz	"RX_TOG"                        @ string offset=1217
.Linfo_string55:
	.asciz	"CTRL"                          @ string offset=1224
.Linfo_string56:
	.asciz	"CTRL_SET"                      @ string offset=1229
.Linfo_string57:
	.asciz	"CTRL_CLR"                      @ string offset=1238
.Linfo_string58:
	.asciz	"CTRL_TOG"                      @ string offset=1247
.Linfo_string59:
	.asciz	"STATUS"                        @ string offset=1256
.Linfo_string60:
	.asciz	"RESERVED_0"                    @ string offset=1263
.Linfo_string61:
	.asciz	"__ARRAY_SIZE_TYPE__"           @ string offset=1274
.Linfo_string62:
	.asciz	"DEBUGr"                        @ string offset=1294
.Linfo_string63:
	.asciz	"DEBUG_SET"                     @ string offset=1301
.Linfo_string64:
	.asciz	"DEBUG_CLR"                     @ string offset=1311
.Linfo_string65:
	.asciz	"DEBUG_TOG"                     @ string offset=1321
.Linfo_string66:
	.asciz	"DEBUG0_STATUS"                 @ string offset=1331
.Linfo_string67:
	.asciz	"RESERVED_1"                    @ string offset=1345
.Linfo_string68:
	.asciz	"DEBUG1"                        @ string offset=1356
.Linfo_string69:
	.asciz	"DEBUG1_SET"                    @ string offset=1363
.Linfo_string70:
	.asciz	"DEBUG1_CLR"                    @ string offset=1374
.Linfo_string71:
	.asciz	"DEBUG1_TOG"                    @ string offset=1385
.Linfo_string72:
	.asciz	"VERSION"                       @ string offset=1396
.Linfo_string73:
	.asciz	"USBPHY_Type"                   @ string offset=1404
.Linfo_string74:
	.asciz	"INSTANCE"                      @ string offset=1416
.Linfo_string75:
	.asciz	"VBUS_DETECT"                   @ string offset=1425
.Linfo_string76:
	.asciz	"VBUS_DETECT_SET"               @ string offset=1437
.Linfo_string77:
	.asciz	"VBUS_DETECT_CLR"               @ string offset=1453
.Linfo_string78:
	.asciz	"VBUS_DETECT_TOG"               @ string offset=1469
.Linfo_string79:
	.asciz	"CHRG_DETECT"                   @ string offset=1485
.Linfo_string80:
	.asciz	"CHRG_DETECT_SET"               @ string offset=1497
.Linfo_string81:
	.asciz	"CHRG_DETECT_CLR"               @ string offset=1513
.Linfo_string82:
	.asciz	"CHRG_DETECT_TOG"               @ string offset=1529
.Linfo_string83:
	.asciz	"VBUS_DETECT_STAT"              @ string offset=1545
.Linfo_string84:
	.asciz	"CHRG_DETECT_STAT"              @ string offset=1562
.Linfo_string85:
	.asciz	"LOOPBACK"                      @ string offset=1579
.Linfo_string86:
	.asciz	"LOOPBACK_SET"                  @ string offset=1588
.Linfo_string87:
	.asciz	"LOOPBACK_CLR"                  @ string offset=1601
.Linfo_string88:
	.asciz	"LOOPBACK_TOG"                  @ string offset=1614
.Linfo_string89:
	.asciz	"MISC"                          @ string offset=1627
.Linfo_string90:
	.asciz	"MISC_SET"                      @ string offset=1632
.Linfo_string91:
	.asciz	"MISC_CLR"                      @ string offset=1641
.Linfo_string92:
	.asciz	"MISC_TOG"                      @ string offset=1650
.Linfo_string93:
	.asciz	"DIGPROG"                       @ string offset=1659
.Linfo_string94:
	.asciz	"USB_ANALOG_Type"               @ string offset=1667
.Linfo_string95:
	.asciz	"USB_EhciPhyGetBase"            @ string offset=1683
.Linfo_string96:
	.asciz	"USB_EhciPhyInit"               @ string offset=1702
.Linfo_string97:
	.asciz	"USB_EhciLowPowerPhyInit"       @ string offset=1718
.Linfo_string98:
	.asciz	"USB_EhciPhyDeinit"             @ string offset=1742
.Linfo_string99:
	.asciz	"USB_EhcihostPhyDisconnectDetectCmd" @ string offset=1760
.Linfo_string100:
	.asciz	"controllerId"                  @ string offset=1795
.Linfo_string101:
	.asciz	"usbPhyBase"                    @ string offset=1808
.Linfo_string102:
	.asciz	"instance"                      @ string offset=1819
.Linfo_string103:
	.asciz	"newinstance"                   @ string offset=1828
.Linfo_string104:
	.asciz	"usbphy_base_temp"              @ string offset=1840
.Linfo_string105:
	.asciz	"usbphy_base"                   @ string offset=1857
.Linfo_string106:
	.asciz	"temp"                          @ string offset=1869
.Linfo_string107:
	.asciz	"freq"                          @ string offset=1874
.Linfo_string108:
	.asciz	"phyConfig"                     @ string offset=1879
.Linfo_string109:
	.asciz	"D_CAL"                         @ string offset=1889
.Linfo_string110:
	.asciz	"TXCAL45DP"                     @ string offset=1895
.Linfo_string111:
	.asciz	"TXCAL45DM"                     @ string offset=1905
.Linfo_string112:
	.asciz	"_usb_phy_config_struct"        @ string offset=1915
.Linfo_string113:
	.asciz	"usb_phy_config_struct_t"       @ string offset=1938
.Linfo_string114:
	.asciz	"enable"                        @ string offset=1962
	.ident	"Component: Arm Compiler for Embedded 6.19 Tool: armclang [5e73cb00]"
	.section	".note.GNU-stack","",%progbits
	.eabi_attribute	30, 6	@ Tag_ABI_optimization_goals
	.ARM_attribute	16, 1	@ Tag_AV_eba
	.section	.debug_line,"",%progbits
.Lline_table_start0:
