	.text
	.syntax unified
	.eabi_attribute	67, "2.09"	@ Tag_conformance
	.cpu	cortex-m7
	.eabi_attribute	6, 13	@ Tag_CPU_arch
	.eabi_attribute	7, 77	@ Tag_CPU_arch_profile
	.eabi_attribute	8, 0	@ Tag_ARM_ISA_use
	.eabi_attribute	9, 2	@ Tag_THUMB_ISA_use
	.fpu	fpv5-d16
	.eabi_attribute	36, 1	@ Tag_FP_HP_extension
	.eabi_attribute	34, 1	@ Tag_CPU_unaligned_access
	.eabi_attribute	17, 1	@ Tag_ABI_PCS_GOT_use
	.eabi_attribute	20, 2	@ Tag_ABI_FP_denormal
	.eabi_attribute	21, 0	@ Tag_ABI_FP_exceptions
	.eabi_attribute	23, 1	@ Tag_ABI_FP_number_model
	.eabi_attribute	24, 1	@ Tag_ABI_align_needed
	.eabi_attribute	25, 1	@ Tag_ABI_align_preserved
	.eabi_attribute	28, 1	@ Tag_ABI_VFP_args
	.eabi_attribute	38, 1	@ Tag_ABI_FP_16bit_format
	.eabi_attribute	18, 2	@ Tag_ABI_PCS_wchar_t
	.eabi_attribute	26, 1	@ Tag_ABI_enum_size
	.eabi_attribute	14, 0	@ Tag_ABI_PCS_R9_use
	.file	"zf_common_vector.c"
	.section	.text.NMI_Handler,"ax",%progbits
	.hidden	NMI_Handler                     @ -- Begin function NMI_Handler
	.globl	NMI_Handler
	.p2align	3
	.type	NMI_Handler,%function
	.code	16                              @ @NMI_Handler
	.thumb_func
NMI_Handler:
.Lfunc_begin0:
	.file	1 "E:\\FILE_SMART_CAR\\\346\231\272\350\203\275\350\247\206\350\247\211\\RT1064_Library-master\\RT1064_Library-master\\SeekFree_RT1064_Opensource_Library\\project\\mdk" "../../libraries/zf_common/zf_common_vector.c"
	.loc	1 5 0                           @ ../../libraries/zf_common/zf_common_vector.c:5:0
	.fnstart
	.cfi_sections .debug_frame
	.cfi_startproc
@ %bb.0:
	.loc	1 6 2 prologue_end              @ ../../libraries/zf_common/zf_common_vector.c:6:2
	b	.LBB0_1
.LBB0_1:                                @ =>This Inner Loop Header: Depth=1
	b	.LBB0_1
.Ltmp0:
.Lfunc_end0:
	.size	NMI_Handler, .Lfunc_end0-NMI_Handler
	.cfi_endproc
	.cantunwind
	.fnend
                                        @ -- End function
	.section	.text.HardFault_Handler,"ax",%progbits
	.hidden	HardFault_Handler               @ -- Begin function HardFault_Handler
	.globl	HardFault_Handler
	.p2align	3
	.type	HardFault_Handler,%function
	.code	16                              @ @HardFault_Handler
	.thumb_func
HardFault_Handler:
.Lfunc_begin1:
	.loc	1 9 0                           @ ../../libraries/zf_common/zf_common_vector.c:9:0
	.fnstart
	.cfi_startproc
@ %bb.0:
	.loc	1 15 2 prologue_end             @ ../../libraries/zf_common/zf_common_vector.c:15:2
	b	.LBB1_1
.LBB1_1:                                @ =>This Inner Loop Header: Depth=1
	b	.LBB1_1
.Ltmp1:
.Lfunc_end1:
	.size	HardFault_Handler, .Lfunc_end1-HardFault_Handler
	.cfi_endproc
	.cantunwind
	.fnend
                                        @ -- End function
	.section	.text.MemManage_Handler,"ax",%progbits
	.hidden	MemManage_Handler               @ -- Begin function MemManage_Handler
	.globl	MemManage_Handler
	.p2align	3
	.type	MemManage_Handler,%function
	.code	16                              @ @MemManage_Handler
	.thumb_func
MemManage_Handler:
.Lfunc_begin2:
	.loc	1 18 0                          @ ../../libraries/zf_common/zf_common_vector.c:18:0
	.fnstart
	.cfi_startproc
@ %bb.0:
	.loc	1 19 2 prologue_end             @ ../../libraries/zf_common/zf_common_vector.c:19:2
	b	.LBB2_1
.LBB2_1:                                @ =>This Inner Loop Header: Depth=1
	b	.LBB2_1
.Ltmp2:
.Lfunc_end2:
	.size	MemManage_Handler, .Lfunc_end2-MemManage_Handler
	.cfi_endproc
	.cantunwind
	.fnend
                                        @ -- End function
	.section	.text.BusFault_Handler,"ax",%progbits
	.hidden	BusFault_Handler                @ -- Begin function BusFault_Handler
	.globl	BusFault_Handler
	.p2align	3
	.type	BusFault_Handler,%function
	.code	16                              @ @BusFault_Handler
	.thumb_func
BusFault_Handler:
.Lfunc_begin3:
	.loc	1 22 0                          @ ../../libraries/zf_common/zf_common_vector.c:22:0
	.fnstart
	.cfi_startproc
@ %bb.0:
	.loc	1 23 2 prologue_end             @ ../../libraries/zf_common/zf_common_vector.c:23:2
	b	.LBB3_1
.LBB3_1:                                @ =>This Inner Loop Header: Depth=1
	b	.LBB3_1
.Ltmp3:
.Lfunc_end3:
	.size	BusFault_Handler, .Lfunc_end3-BusFault_Handler
	.cfi_endproc
	.cantunwind
	.fnend
                                        @ -- End function
	.section	.text.UsageFault_Handler,"ax",%progbits
	.hidden	UsageFault_Handler              @ -- Begin function UsageFault_Handler
	.globl	UsageFault_Handler
	.p2align	3
	.type	UsageFault_Handler,%function
	.code	16                              @ @UsageFault_Handler
	.thumb_func
UsageFault_Handler:
.Lfunc_begin4:
	.loc	1 26 0                          @ ../../libraries/zf_common/zf_common_vector.c:26:0
	.fnstart
	.cfi_startproc
@ %bb.0:
	.loc	1 27 2 prologue_end             @ ../../libraries/zf_common/zf_common_vector.c:27:2
	b	.LBB4_1
.LBB4_1:                                @ =>This Inner Loop Header: Depth=1
	b	.LBB4_1
.Ltmp4:
.Lfunc_end4:
	.size	UsageFault_Handler, .Lfunc_end4-UsageFault_Handler
	.cfi_endproc
	.cantunwind
	.fnend
                                        @ -- End function
	.section	.text.SVC_Handler,"ax",%progbits
	.hidden	SVC_Handler                     @ -- Begin function SVC_Handler
	.globl	SVC_Handler
	.p2align	3
	.type	SVC_Handler,%function
	.code	16                              @ @SVC_Handler
	.thumb_func
SVC_Handler:
.Lfunc_begin5:
	.loc	1 30 0                          @ ../../libraries/zf_common/zf_common_vector.c:30:0
	.fnstart
	.cfi_startproc
@ %bb.0:
	.loc	1 31 2 prologue_end             @ ../../libraries/zf_common/zf_common_vector.c:31:2
	b	.LBB5_1
.LBB5_1:                                @ =>This Inner Loop Header: Depth=1
	b	.LBB5_1
.Ltmp5:
.Lfunc_end5:
	.size	SVC_Handler, .Lfunc_end5-SVC_Handler
	.cfi_endproc
	.cantunwind
	.fnend
                                        @ -- End function
	.section	.text.DebugMon_Handler,"ax",%progbits
	.hidden	DebugMon_Handler                @ -- Begin function DebugMon_Handler
	.globl	DebugMon_Handler
	.p2align	3
	.type	DebugMon_Handler,%function
	.code	16                              @ @DebugMon_Handler
	.thumb_func
DebugMon_Handler:
.Lfunc_begin6:
	.loc	1 34 0                          @ ../../libraries/zf_common/zf_common_vector.c:34:0
	.fnstart
	.cfi_startproc
@ %bb.0:
	.loc	1 35 2 prologue_end             @ ../../libraries/zf_common/zf_common_vector.c:35:2
	b	.LBB6_1
.LBB6_1:                                @ =>This Inner Loop Header: Depth=1
	b	.LBB6_1
.Ltmp6:
.Lfunc_end6:
	.size	DebugMon_Handler, .Lfunc_end6-DebugMon_Handler
	.cfi_endproc
	.cantunwind
	.fnend
                                        @ -- End function
	.section	.text.PendSV_Handler,"ax",%progbits
	.hidden	PendSV_Handler                  @ -- Begin function PendSV_Handler
	.globl	PendSV_Handler
	.p2align	3
	.type	PendSV_Handler,%function
	.code	16                              @ @PendSV_Handler
	.thumb_func
PendSV_Handler:
.Lfunc_begin7:
	.loc	1 38 0                          @ ../../libraries/zf_common/zf_common_vector.c:38:0
	.fnstart
	.cfi_startproc
@ %bb.0:
	.loc	1 39 2 prologue_end             @ ../../libraries/zf_common/zf_common_vector.c:39:2
	b	.LBB7_1
.LBB7_1:                                @ =>This Inner Loop Header: Depth=1
	b	.LBB7_1
.Ltmp7:
.Lfunc_end7:
	.size	PendSV_Handler, .Lfunc_end7-PendSV_Handler
	.cfi_endproc
	.cantunwind
	.fnend
                                        @ -- End function
	.section	.debug_abbrev,"",%progbits
	.byte	1                               @ Abbreviation Code
	.byte	17                              @ DW_TAG_compile_unit
	.byte	1                               @ DW_CHILDREN_yes
	.byte	37                              @ DW_AT_producer
	.byte	14                              @ DW_FORM_strp
	.byte	19                              @ DW_AT_language
	.byte	5                               @ DW_FORM_data2
	.byte	3                               @ DW_AT_name
	.byte	14                              @ DW_FORM_strp
	.byte	16                              @ DW_AT_stmt_list
	.byte	23                              @ DW_FORM_sec_offset
	.byte	27                              @ DW_AT_comp_dir
	.byte	14                              @ DW_FORM_strp
	.byte	17                              @ DW_AT_low_pc
	.byte	1                               @ DW_FORM_addr
	.byte	85                              @ DW_AT_ranges
	.byte	23                              @ DW_FORM_sec_offset
	.byte	0                               @ EOM(1)
	.byte	0                               @ EOM(2)
	.byte	2                               @ Abbreviation Code
	.byte	46                              @ DW_TAG_subprogram
	.byte	0                               @ DW_CHILDREN_no
	.byte	17                              @ DW_AT_low_pc
	.byte	1                               @ DW_FORM_addr
	.byte	18                              @ DW_AT_high_pc
	.byte	6                               @ DW_FORM_data4
	.byte	64                              @ DW_AT_frame_base
	.byte	24                              @ DW_FORM_exprloc
	.byte	3                               @ DW_AT_name
	.byte	14                              @ DW_FORM_strp
	.byte	58                              @ DW_AT_decl_file
	.byte	11                              @ DW_FORM_data1
	.byte	59                              @ DW_AT_decl_line
	.byte	11                              @ DW_FORM_data1
	.byte	39                              @ DW_AT_prototyped
	.byte	25                              @ DW_FORM_flag_present
	.byte	63                              @ DW_AT_external
	.byte	25                              @ DW_FORM_flag_present
	.byte	0                               @ EOM(1)
	.byte	0                               @ EOM(2)
	.byte	0                               @ EOM(3)
	.section	.debug_info,"",%progbits
.Lcu_begin0:
	.long	.Ldebug_info_end0-.Ldebug_info_start0 @ Length of Unit
.Ldebug_info_start0:
	.short	4                               @ DWARF version number
	.long	.debug_abbrev                   @ Offset Into Abbrev. Section
	.byte	4                               @ Address Size (in bytes)
	.byte	1                               @ Abbrev [1] 0xb:0xa4 DW_TAG_compile_unit
	.long	.Linfo_string0                  @ DW_AT_producer
	.short	12                              @ DW_AT_language
	.long	.Linfo_string1                  @ DW_AT_name
	.long	.Lline_table_start0             @ DW_AT_stmt_list
	.long	.Linfo_string2                  @ DW_AT_comp_dir
	.long	0                               @ DW_AT_low_pc
	.long	.Ldebug_ranges0                 @ DW_AT_ranges
	.byte	2                               @ Abbrev [2] 0x26:0x11 DW_TAG_subprogram
	.long	.Lfunc_begin0                   @ DW_AT_low_pc
	.long	.Lfunc_end0-.Lfunc_begin0       @ DW_AT_high_pc
	.byte	1                               @ DW_AT_frame_base
	.byte	93
	.long	.Linfo_string3                  @ DW_AT_name
	.byte	1                               @ DW_AT_decl_file
	.byte	4                               @ DW_AT_decl_line
                                        @ DW_AT_prototyped
                                        @ DW_AT_external
	.byte	2                               @ Abbrev [2] 0x37:0x11 DW_TAG_subprogram
	.long	.Lfunc_begin1                   @ DW_AT_low_pc
	.long	.Lfunc_end1-.Lfunc_begin1       @ DW_AT_high_pc
	.byte	1                               @ DW_AT_frame_base
	.byte	93
	.long	.Linfo_string4                  @ DW_AT_name
	.byte	1                               @ DW_AT_decl_file
	.byte	8                               @ DW_AT_decl_line
                                        @ DW_AT_prototyped
                                        @ DW_AT_external
	.byte	2                               @ Abbrev [2] 0x48:0x11 DW_TAG_subprogram
	.long	.Lfunc_begin2                   @ DW_AT_low_pc
	.long	.Lfunc_end2-.Lfunc_begin2       @ DW_AT_high_pc
	.byte	1                               @ DW_AT_frame_base
	.byte	93
	.long	.Linfo_string5                  @ DW_AT_name
	.byte	1                               @ DW_AT_decl_file
	.byte	17                              @ DW_AT_decl_line
                                        @ DW_AT_prototyped
                                        @ DW_AT_external
	.byte	2                               @ Abbrev [2] 0x59:0x11 DW_TAG_subprogram
	.long	.Lfunc_begin3                   @ DW_AT_low_pc
	.long	.Lfunc_end3-.Lfunc_begin3       @ DW_AT_high_pc
	.byte	1                               @ DW_AT_frame_base
	.byte	93
	.long	.Linfo_string6                  @ DW_AT_name
	.byte	1                               @ DW_AT_decl_file
	.byte	21                              @ DW_AT_decl_line
                                        @ DW_AT_prototyped
                                        @ DW_AT_external
	.byte	2                               @ Abbrev [2] 0x6a:0x11 DW_TAG_subprogram
	.long	.Lfunc_begin4                   @ DW_AT_low_pc
	.long	.Lfunc_end4-.Lfunc_begin4       @ DW_AT_high_pc
	.byte	1                               @ DW_AT_frame_base
	.byte	93
	.long	.Linfo_string7                  @ DW_AT_name
	.byte	1                               @ DW_AT_decl_file
	.byte	25                              @ DW_AT_decl_line
                                        @ DW_AT_prototyped
                                        @ DW_AT_external
	.byte	2                               @ Abbrev [2] 0x7b:0x11 DW_TAG_subprogram
	.long	.Lfunc_begin5                   @ DW_AT_low_pc
	.long	.Lfunc_end5-.Lfunc_begin5       @ DW_AT_high_pc
	.byte	1                               @ DW_AT_frame_base
	.byte	93
	.long	.Linfo_string8                  @ DW_AT_name
	.byte	1                               @ DW_AT_decl_file
	.byte	29                              @ DW_AT_decl_line
                                        @ DW_AT_prototyped
                                        @ DW_AT_external
	.byte	2                               @ Abbrev [2] 0x8c:0x11 DW_TAG_subprogram
	.long	.Lfunc_begin6                   @ DW_AT_low_pc
	.long	.Lfunc_end6-.Lfunc_begin6       @ DW_AT_high_pc
	.byte	1                               @ DW_AT_frame_base
	.byte	93
	.long	.Linfo_string9                  @ DW_AT_name
	.byte	1                               @ DW_AT_decl_file
	.byte	33                              @ DW_AT_decl_line
                                        @ DW_AT_prototyped
                                        @ DW_AT_external
	.byte	2                               @ Abbrev [2] 0x9d:0x11 DW_TAG_subprogram
	.long	.Lfunc_begin7                   @ DW_AT_low_pc
	.long	.Lfunc_end7-.Lfunc_begin7       @ DW_AT_high_pc
	.byte	1                               @ DW_AT_frame_base
	.byte	93
	.long	.Linfo_string10                 @ DW_AT_name
	.byte	1                               @ DW_AT_decl_file
	.byte	37                              @ DW_AT_decl_line
                                        @ DW_AT_prototyped
                                        @ DW_AT_external
	.byte	0                               @ End Of Children Mark
.Ldebug_info_end0:
	.section	.debug_ranges,"",%progbits
.Ldebug_ranges0:
	.long	.Lfunc_begin0
	.long	.Lfunc_end0
	.long	.Lfunc_begin1
	.long	.Lfunc_end1
	.long	.Lfunc_begin2
	.long	.Lfunc_end2
	.long	.Lfunc_begin3
	.long	.Lfunc_end3
	.long	.Lfunc_begin4
	.long	.Lfunc_end4
	.long	.Lfunc_begin5
	.long	.Lfunc_end5
	.long	.Lfunc_begin6
	.long	.Lfunc_end6
	.long	.Lfunc_begin7
	.long	.Lfunc_end7
	.long	0
	.long	0
	.section	.debug_str,"MS",%progbits,1
.Linfo_string0:
	.asciz	"Component: Arm Compiler for Embedded 6.19 Tool: armclang [5e73cb00]" @ string offset=0
.Linfo_string1:
	.asciz	"../../libraries/zf_common\\zf_common_vector.c" @ string offset=68
.Linfo_string2:
	.asciz	"E:\\FILE_SMART_CAR\\\346\231\272\350\203\275\350\247\206\350\247\211\\RT1064_Library-master\\RT1064_Library-master\\SeekFree_RT1064_Opensource_Library\\project\\mdk" @ string offset=113
.Linfo_string3:
	.asciz	"NMI_Handler"                   @ string offset=235
.Linfo_string4:
	.asciz	"HardFault_Handler"             @ string offset=247
.Linfo_string5:
	.asciz	"MemManage_Handler"             @ string offset=265
.Linfo_string6:
	.asciz	"BusFault_Handler"              @ string offset=283
.Linfo_string7:
	.asciz	"UsageFault_Handler"            @ string offset=300
.Linfo_string8:
	.asciz	"SVC_Handler"                   @ string offset=319
.Linfo_string9:
	.asciz	"DebugMon_Handler"              @ string offset=331
.Linfo_string10:
	.asciz	"PendSV_Handler"                @ string offset=348
	.ident	"Component: Arm Compiler for Embedded 6.19 Tool: armclang [5e73cb00]"
	.section	".note.GNU-stack","",%progbits
	.eabi_attribute	30, 6	@ Tag_ABI_optimization_goals
	.ARM_attribute	16, 1	@ Tag_AV_eba
	.section	.debug_line,"",%progbits
.Lline_table_start0:
