	.text
	.syntax unified
	.eabi_attribute	67, "2.09"	@ Tag_conformance
	.cpu	cortex-m7
	.eabi_attribute	6, 13	@ Tag_CPU_arch
	.eabi_attribute	7, 77	@ Tag_CPU_arch_profile
	.eabi_attribute	8, 0	@ Tag_ARM_ISA_use
	.eabi_attribute	9, 2	@ Tag_THUMB_ISA_use
	.fpu	fpv5-d16
	.eabi_attribute	36, 1	@ Tag_FP_HP_extension
	.eabi_attribute	34, 1	@ Tag_CPU_unaligned_access
	.eabi_attribute	17, 1	@ Tag_ABI_PCS_GOT_use
	.eabi_attribute	20, 2	@ Tag_ABI_FP_denormal
	.eabi_attribute	21, 0	@ Tag_ABI_FP_exceptions
	.eabi_attribute	23, 1	@ Tag_ABI_FP_number_model
	.eabi_attribute	24, 1	@ Tag_ABI_align_needed
	.eabi_attribute	25, 1	@ Tag_ABI_align_preserved
	.eabi_attribute	28, 1	@ Tag_ABI_VFP_args
	.eabi_attribute	38, 1	@ Tag_ABI_FP_16bit_format
	.eabi_attribute	18, 2	@ Tag_ABI_PCS_wchar_t
	.eabi_attribute	26, 1	@ Tag_ABI_enum_size
	.eabi_attribute	14, 0	@ Tag_ABI_PCS_R9_use
	.file	"zf_device_camera.c"
	.file	1 "E:\\FILE_SMART_CAR\\\346\231\272\350\203\275\350\247\206\350\247\211\\RT1064_Library-master\\RT1064_Library-master\\SeekFree_RT1064_Opensource_Library\\project\\mdk" "../../libraries/zf_common\\zf_common_typedef.h"
	.file	2 "E:\\FILE_SMART_CAR\\\346\231\272\350\203\275\350\247\206\350\247\211\\RT1064_Library-master\\RT1064_Library-master\\SeekFree_RT1064_Opensource_Library\\project\\mdk" "../../libraries/zf_device/zf_device_camera.c"
	.file	3 "E:\\FILE_SMART_CAR\\\346\231\272\350\203\275\350\247\206\350\247\211\\RT1064_Library-master\\RT1064_Library-master\\SeekFree_RT1064_Opensource_Library\\project\\mdk" "../../libraries/zf_common\\zf_common_fifo.h"
	.file	4 "E:\\FILE_SMART_CAR\\\346\231\272\350\203\275\350\247\206\350\247\211\\RT1064_Library-master\\RT1064_Library-master\\SeekFree_RT1064_Opensource_Library\\project\\mdk" "../../libraries/zf_driver\\zf_driver_uart.h"
	.section	.text.camera_binary_image_decompression,"ax",%progbits
	.hidden	camera_binary_image_decompression @ -- Begin function camera_binary_image_decompression
	.globl	camera_binary_image_decompression
	.p2align	3
	.type	camera_binary_image_decompression,%function
	.code	16                              @ @camera_binary_image_decompression
	.thumb_func
camera_binary_image_decompression:
.Lfunc_begin0:
	.loc	2 62 0                          @ ../../libraries/zf_device/zf_device_camera.c:62:0
	.fnstart
	.cfi_sections .debug_frame
	.cfi_startproc
@ %bb.0:
	.pad	#16
	sub	sp, #16
	.cfi_def_cfa_offset 16
	str	r0, [sp, #12]
	str	r1, [sp, #8]
	str	r2, [sp, #4]
	movs	r0, #8
.Ltmp0:
	.loc	2 63 12 prologue_end            @ ../../libraries/zf_device/zf_device_camera.c:63:12
	strb.w	r0, [sp, #3]
	.loc	2 65 5                          @ ../../libraries/zf_device/zf_device_camera.c:65:5
	b	.LBB0_1
.LBB0_1:                                @ =>This Loop Header: Depth=1
                                        @     Child Loop BB0_3 Depth 2
	.loc	2 65 22 is_stmt 0               @ ../../libraries/zf_device/zf_device_camera.c:65:22
	ldr	r0, [sp, #4]
	subs	r1, r0, #1
	str	r1, [sp, #4]
	.loc	2 65 5                          @ ../../libraries/zf_device/zf_device_camera.c:65:5
	cbz	r0, .LBB0_6
	b	.LBB0_2
.LBB0_2:                                @   in Loop: Header=BB0_1 Depth=1
	.loc	2 0 5                           @ ../../libraries/zf_device/zf_device_camera.c:0:5
	movs	r0, #8
.Ltmp1:
	.loc	2 67 11 is_stmt 1               @ ../../libraries/zf_device/zf_device_camera.c:67:11
	strb.w	r0, [sp, #3]
	.loc	2 68 9                          @ ../../libraries/zf_device/zf_device_camera.c:68:9
	b	.LBB0_3
.LBB0_3:                                @   Parent Loop BB0_1 Depth=1
                                        @ =>  This Inner Loop Header: Depth=2
	.loc	2 68 17 is_stmt 0               @ ../../libraries/zf_device/zf_device_camera.c:68:17
	ldrb.w	r0, [sp, #3]
	subs	r1, r0, #1
	strb.w	r1, [sp, #3]
	.loc	2 68 9                          @ ../../libraries/zf_device/zf_device_camera.c:68:9
	cbz	r0, .LBB0_5
	b	.LBB0_4
.LBB0_4:                                @   in Loop: Header=BB0_3 Depth=2
.Ltmp2:
	.loc	2 70 29 is_stmt 1               @ ../../libraries/zf_device/zf_device_camera.c:70:29
	ldr	r0, [sp, #12]
	.loc	2 70 28 is_stmt 0               @ ../../libraries/zf_device/zf_device_camera.c:70:28
	ldrb	r0, [r0]
	.loc	2 70 38                         @ ../../libraries/zf_device/zf_device_camera.c:70:38
	ldrb.w	r1, [sp, #3]
	.loc	2 70 35                         @ ../../libraries/zf_device/zf_device_camera.c:70:35
	lsrs	r0, r1
	.loc	2 70 41                         @ ../../libraries/zf_device/zf_device_camera.c:70:41
	and	r0, r0, #1
	.loc	2 70 26                         @ ../../libraries/zf_device/zf_device_camera.c:70:26
	cmp	r0, #0
	it	ne
	movne	r0, #255
	.loc	2 70 20                         @ ../../libraries/zf_device/zf_device_camera.c:70:20
	ldr	r1, [sp, #8]
	adds	r2, r1, #1
	str	r2, [sp, #8]
	.loc	2 70 23                         @ ../../libraries/zf_device/zf_device_camera.c:70:23
	strb	r0, [r1]
.Ltmp3:
	.loc	2 68 9 is_stmt 1                @ ../../libraries/zf_device/zf_device_camera.c:68:9
	b	.LBB0_3
.LBB0_5:                                @   in Loop: Header=BB0_1 Depth=1
	.loc	2 72 15                         @ ../../libraries/zf_device/zf_device_camera.c:72:15
	ldr	r0, [sp, #12]
	adds	r0, #1
	str	r0, [sp, #12]
.Ltmp4:
	.loc	2 65 5                          @ ../../libraries/zf_device/zf_device_camera.c:65:5
	b	.LBB0_1
.LBB0_6:
	.loc	2 74 1                          @ ../../libraries/zf_device/zf_device_camera.c:74:1
	add	sp, #16
	bx	lr
.Ltmp5:
.Lfunc_end0:
	.size	camera_binary_image_decompression, .Lfunc_end0-camera_binary_image_decompression
	.cfi_endproc
	.cantunwind
	.fnend
                                        @ -- End function
	.section	.text.camera_send_image,"ax",%progbits
	.hidden	camera_send_image               @ -- Begin function camera_send_image
	.globl	camera_send_image
	.p2align	3
	.type	camera_send_image,%function
	.code	16                              @ @camera_send_image
	.thumb_func
camera_send_image:
.Lfunc_begin1:
	.loc	2 86 0                          @ ../../libraries/zf_device/zf_device_camera.c:86:0
	.fnstart
	.cfi_startproc
@ %bb.0:
	.save	{r7, lr}
	push	{r7, lr}
	.cfi_def_cfa_offset 8
	.cfi_offset lr, -4
	.cfi_offset r7, -8
	.pad	#16
	sub	sp, #16
	.cfi_def_cfa_offset 24
                                        @ kill: def $r3 killed $r0
	strb.w	r0, [sp, #15]
	str	r1, [sp, #8]
	str	r2, [sp, #4]
.Ltmp6:
	.loc	2 88 23 prologue_end            @ ../../libraries/zf_device/zf_device_camera.c:88:23
	ldrb.w	r0, [sp, #15]
	.loc	2 88 5 is_stmt 0                @ ../../libraries/zf_device/zf_device_camera.c:88:5
	movw	r1, :lower16:camera_send_image_frame_header
	movt	r1, :upper16:camera_send_image_frame_header
	movs	r2, #4
	bl	uart_write_buffer
	.loc	2 91 23 is_stmt 1               @ ../../libraries/zf_device/zf_device_camera.c:91:23
	ldrb.w	r0, [sp, #15]
	.loc	2 91 39 is_stmt 0               @ ../../libraries/zf_device/zf_device_camera.c:91:39
	ldr	r1, [sp, #8]
	.loc	2 91 51                         @ ../../libraries/zf_device/zf_device_camera.c:91:51
	ldr	r2, [sp, #4]
	.loc	2 91 5                          @ ../../libraries/zf_device/zf_device_camera.c:91:5
	bl	uart_write_buffer
	.loc	2 92 1 is_stmt 1                @ ../../libraries/zf_device/zf_device_camera.c:92:1
	add	sp, #16
	pop	{r7, pc}
.Ltmp7:
.Lfunc_end1:
	.size	camera_send_image, .Lfunc_end1-camera_send_image
	.cfi_endproc
	.cantunwind
	.fnend
                                        @ -- End function
	.section	.text.camera_fifo_init,"ax",%progbits
	.hidden	camera_fifo_init                @ -- Begin function camera_fifo_init
	.globl	camera_fifo_init
	.p2align	3
	.type	camera_fifo_init,%function
	.code	16                              @ @camera_fifo_init
	.thumb_func
camera_fifo_init:
.Lfunc_begin2:
	.loc	2 102 0                         @ ../../libraries/zf_device/zf_device_camera.c:102:0
	.fnstart
	.cfi_startproc
@ %bb.0:
	.save	{r7, lr}
	push	{r7, lr}
	.cfi_def_cfa_offset 8
	.cfi_offset lr, -4
	.cfi_offset r7, -8
.Ltmp8:
	.loc	2 103 5 prologue_end            @ ../../libraries/zf_device/zf_device_camera.c:103:5
	movw	r0, :lower16:camera_receiver_fifo
	movt	r0, :upper16:camera_receiver_fifo
	movw	r2, :lower16:camera_receiver_buffer
	movt	r2, :upper16:camera_receiver_buffer
	movs	r1, #0
	movs	r3, #8
	bl	fifo_init
	.loc	2 104 1                         @ ../../libraries/zf_device/zf_device_camera.c:104:1
	pop	{r7, pc}
.Ltmp9:
.Lfunc_end2:
	.size	camera_fifo_init, .Lfunc_end2-camera_fifo_init
	.cfi_endproc
	.cantunwind
	.fnend
                                        @ -- End function
	.section	.text.camera_init,"ax",%progbits
	.hidden	camera_init                     @ -- Begin function camera_init
	.globl	camera_init
	.p2align	3
	.type	camera_init,%function
	.code	16                              @ @camera_init
	.thumb_func
camera_init:
.Lfunc_begin3:
	.loc	2 118 0                         @ ../../libraries/zf_device/zf_device_camera.c:118:0
	.fnstart
	.cfi_startproc
@ %bb.0:
	.pad	#12
	sub	sp, #12
	.cfi_def_cfa_offset 12
	str	r0, [sp, #8]
	str	r1, [sp, #4]
	str	r2, [sp]
.Ltmp10:
	.loc	2 168 1 prologue_end            @ ../../libraries/zf_device/zf_device_camera.c:168:1
	add	sp, #12
	bx	lr
.Ltmp11:
.Lfunc_end3:
	.size	camera_init, .Lfunc_end3-camera_init
	.cfi_endproc
	.cantunwind
	.fnend
                                        @ -- End function
	.hidden	camera_send_image_frame_header  @ @camera_send_image_frame_header
	.type	camera_send_image_frame_header,%object
	.section	.data.camera_send_image_frame_header,"aw",%progbits
	.globl	camera_send_image_frame_header
camera_send_image_frame_header:
	.ascii	"\000\377\001\001"
	.size	camera_send_image_frame_header, 4

	.hidden	camera_receiver_fifo            @ @camera_receiver_fifo
	.type	camera_receiver_fifo,%object
	.section	.bss.camera_receiver_fifo,"aw",%nobits
	.globl	camera_receiver_fifo
camera_receiver_fifo:
	.zero	22
	.size	camera_receiver_fifo, 22

	.hidden	camera_receiver_buffer          @ @camera_receiver_buffer
	.type	camera_receiver_buffer,%object
	.section	.bss.camera_receiver_buffer,"aw",%nobits
	.globl	camera_receiver_buffer
camera_receiver_buffer:
	.zero	8
	.size	camera_receiver_buffer, 8

	.section	.debug_abbrev,"",%progbits
	.byte	1                               @ Abbreviation Code
	.byte	17                              @ DW_TAG_compile_unit
	.byte	1                               @ DW_CHILDREN_yes
	.byte	37                              @ DW_AT_producer
	.byte	14                              @ DW_FORM_strp
	.byte	19                              @ DW_AT_language
	.byte	5                               @ DW_FORM_data2
	.byte	3                               @ DW_AT_name
	.byte	14                              @ DW_FORM_strp
	.byte	16                              @ DW_AT_stmt_list
	.byte	23                              @ DW_FORM_sec_offset
	.byte	27                              @ DW_AT_comp_dir
	.byte	14                              @ DW_FORM_strp
	.byte	17                              @ DW_AT_low_pc
	.byte	1                               @ DW_FORM_addr
	.byte	85                              @ DW_AT_ranges
	.byte	23                              @ DW_FORM_sec_offset
	.byte	0                               @ EOM(1)
	.byte	0                               @ EOM(2)
	.byte	2                               @ Abbreviation Code
	.byte	52                              @ DW_TAG_variable
	.byte	0                               @ DW_CHILDREN_no
	.byte	3                               @ DW_AT_name
	.byte	14                              @ DW_FORM_strp
	.byte	73                              @ DW_AT_type
	.byte	19                              @ DW_FORM_ref4
	.byte	63                              @ DW_AT_external
	.byte	25                              @ DW_FORM_flag_present
	.byte	58                              @ DW_AT_decl_file
	.byte	11                              @ DW_FORM_data1
	.byte	59                              @ DW_AT_decl_line
	.byte	11                              @ DW_FORM_data1
	.byte	2                               @ DW_AT_location
	.byte	24                              @ DW_FORM_exprloc
	.byte	0                               @ EOM(1)
	.byte	0                               @ EOM(2)
	.byte	3                               @ Abbreviation Code
	.byte	1                               @ DW_TAG_array_type
	.byte	1                               @ DW_CHILDREN_yes
	.byte	73                              @ DW_AT_type
	.byte	19                              @ DW_FORM_ref4
	.byte	0                               @ EOM(1)
	.byte	0                               @ EOM(2)
	.byte	4                               @ Abbreviation Code
	.byte	33                              @ DW_TAG_subrange_type
	.byte	0                               @ DW_CHILDREN_no
	.byte	73                              @ DW_AT_type
	.byte	19                              @ DW_FORM_ref4
	.byte	55                              @ DW_AT_count
	.byte	11                              @ DW_FORM_data1
	.byte	0                               @ EOM(1)
	.byte	0                               @ EOM(2)
	.byte	5                               @ Abbreviation Code
	.byte	22                              @ DW_TAG_typedef
	.byte	0                               @ DW_CHILDREN_no
	.byte	73                              @ DW_AT_type
	.byte	19                              @ DW_FORM_ref4
	.byte	3                               @ DW_AT_name
	.byte	14                              @ DW_FORM_strp
	.byte	58                              @ DW_AT_decl_file
	.byte	11                              @ DW_FORM_data1
	.byte	59                              @ DW_AT_decl_line
	.byte	11                              @ DW_FORM_data1
	.byte	0                               @ EOM(1)
	.byte	0                               @ EOM(2)
	.byte	6                               @ Abbreviation Code
	.byte	36                              @ DW_TAG_base_type
	.byte	0                               @ DW_CHILDREN_no
	.byte	3                               @ DW_AT_name
	.byte	14                              @ DW_FORM_strp
	.byte	62                              @ DW_AT_encoding
	.byte	11                              @ DW_FORM_data1
	.byte	11                              @ DW_AT_byte_size
	.byte	11                              @ DW_FORM_data1
	.byte	0                               @ EOM(1)
	.byte	0                               @ EOM(2)
	.byte	7                               @ Abbreviation Code
	.byte	36                              @ DW_TAG_base_type
	.byte	0                               @ DW_CHILDREN_no
	.byte	3                               @ DW_AT_name
	.byte	14                              @ DW_FORM_strp
	.byte	11                              @ DW_AT_byte_size
	.byte	11                              @ DW_FORM_data1
	.byte	62                              @ DW_AT_encoding
	.byte	11                              @ DW_FORM_data1
	.byte	0                               @ EOM(1)
	.byte	0                               @ EOM(2)
	.byte	8                               @ Abbreviation Code
	.byte	19                              @ DW_TAG_structure_type
	.byte	1                               @ DW_CHILDREN_yes
	.byte	11                              @ DW_AT_byte_size
	.byte	11                              @ DW_FORM_data1
	.byte	58                              @ DW_AT_decl_file
	.byte	11                              @ DW_FORM_data1
	.byte	59                              @ DW_AT_decl_line
	.byte	11                              @ DW_FORM_data1
	.byte	0                               @ EOM(1)
	.byte	0                               @ EOM(2)
	.byte	9                               @ Abbreviation Code
	.byte	13                              @ DW_TAG_member
	.byte	0                               @ DW_CHILDREN_no
	.byte	3                               @ DW_AT_name
	.byte	14                              @ DW_FORM_strp
	.byte	73                              @ DW_AT_type
	.byte	19                              @ DW_FORM_ref4
	.byte	58                              @ DW_AT_decl_file
	.byte	11                              @ DW_FORM_data1
	.byte	59                              @ DW_AT_decl_line
	.byte	11                              @ DW_FORM_data1
	.byte	56                              @ DW_AT_data_member_location
	.byte	11                              @ DW_FORM_data1
	.byte	0                               @ EOM(1)
	.byte	0                               @ EOM(2)
	.byte	10                              @ Abbreviation Code
	.byte	4                               @ DW_TAG_enumeration_type
	.byte	1                               @ DW_CHILDREN_yes
	.byte	73                              @ DW_AT_type
	.byte	19                              @ DW_FORM_ref4
	.byte	11                              @ DW_AT_byte_size
	.byte	11                              @ DW_FORM_data1
	.byte	58                              @ DW_AT_decl_file
	.byte	11                              @ DW_FORM_data1
	.byte	59                              @ DW_AT_decl_line
	.byte	11                              @ DW_FORM_data1
	.byte	0                               @ EOM(1)
	.byte	0                               @ EOM(2)
	.byte	11                              @ Abbreviation Code
	.byte	40                              @ DW_TAG_enumerator
	.byte	0                               @ DW_CHILDREN_no
	.byte	3                               @ DW_AT_name
	.byte	14                              @ DW_FORM_strp
	.byte	28                              @ DW_AT_const_value
	.byte	15                              @ DW_FORM_udata
	.byte	0                               @ EOM(1)
	.byte	0                               @ EOM(2)
	.byte	12                              @ Abbreviation Code
	.byte	15                              @ DW_TAG_pointer_type
	.byte	0                               @ DW_CHILDREN_no
	.byte	0                               @ EOM(1)
	.byte	0                               @ EOM(2)
	.byte	13                              @ Abbreviation Code
	.byte	15                              @ DW_TAG_pointer_type
	.byte	0                               @ DW_CHILDREN_no
	.byte	73                              @ DW_AT_type
	.byte	19                              @ DW_FORM_ref4
	.byte	0                               @ EOM(1)
	.byte	0                               @ EOM(2)
	.byte	14                              @ Abbreviation Code
	.byte	46                              @ DW_TAG_subprogram
	.byte	1                               @ DW_CHILDREN_yes
	.byte	17                              @ DW_AT_low_pc
	.byte	1                               @ DW_FORM_addr
	.byte	18                              @ DW_AT_high_pc
	.byte	6                               @ DW_FORM_data4
	.byte	64                              @ DW_AT_frame_base
	.byte	24                              @ DW_FORM_exprloc
	.byte	3                               @ DW_AT_name
	.byte	14                              @ DW_FORM_strp
	.byte	58                              @ DW_AT_decl_file
	.byte	11                              @ DW_FORM_data1
	.byte	59                              @ DW_AT_decl_line
	.byte	11                              @ DW_FORM_data1
	.byte	39                              @ DW_AT_prototyped
	.byte	25                              @ DW_FORM_flag_present
	.byte	63                              @ DW_AT_external
	.byte	25                              @ DW_FORM_flag_present
	.byte	0                               @ EOM(1)
	.byte	0                               @ EOM(2)
	.byte	15                              @ Abbreviation Code
	.byte	5                               @ DW_TAG_formal_parameter
	.byte	0                               @ DW_CHILDREN_no
	.byte	2                               @ DW_AT_location
	.byte	24                              @ DW_FORM_exprloc
	.byte	3                               @ DW_AT_name
	.byte	14                              @ DW_FORM_strp
	.byte	58                              @ DW_AT_decl_file
	.byte	11                              @ DW_FORM_data1
	.byte	59                              @ DW_AT_decl_line
	.byte	11                              @ DW_FORM_data1
	.byte	73                              @ DW_AT_type
	.byte	19                              @ DW_FORM_ref4
	.byte	0                               @ EOM(1)
	.byte	0                               @ EOM(2)
	.byte	16                              @ Abbreviation Code
	.byte	52                              @ DW_TAG_variable
	.byte	0                               @ DW_CHILDREN_no
	.byte	2                               @ DW_AT_location
	.byte	24                              @ DW_FORM_exprloc
	.byte	3                               @ DW_AT_name
	.byte	14                              @ DW_FORM_strp
	.byte	58                              @ DW_AT_decl_file
	.byte	11                              @ DW_FORM_data1
	.byte	59                              @ DW_AT_decl_line
	.byte	11                              @ DW_FORM_data1
	.byte	73                              @ DW_AT_type
	.byte	19                              @ DW_FORM_ref4
	.byte	0                               @ EOM(1)
	.byte	0                               @ EOM(2)
	.byte	17                              @ Abbreviation Code
	.byte	46                              @ DW_TAG_subprogram
	.byte	0                               @ DW_CHILDREN_no
	.byte	17                              @ DW_AT_low_pc
	.byte	1                               @ DW_FORM_addr
	.byte	18                              @ DW_AT_high_pc
	.byte	6                               @ DW_FORM_data4
	.byte	64                              @ DW_AT_frame_base
	.byte	24                              @ DW_FORM_exprloc
	.byte	3                               @ DW_AT_name
	.byte	14                              @ DW_FORM_strp
	.byte	58                              @ DW_AT_decl_file
	.byte	11                              @ DW_FORM_data1
	.byte	59                              @ DW_AT_decl_line
	.byte	11                              @ DW_FORM_data1
	.byte	39                              @ DW_AT_prototyped
	.byte	25                              @ DW_FORM_flag_present
	.byte	63                              @ DW_AT_external
	.byte	25                              @ DW_FORM_flag_present
	.byte	0                               @ EOM(1)
	.byte	0                               @ EOM(2)
	.byte	18                              @ Abbreviation Code
	.byte	38                              @ DW_TAG_const_type
	.byte	0                               @ DW_CHILDREN_no
	.byte	73                              @ DW_AT_type
	.byte	19                              @ DW_FORM_ref4
	.byte	0                               @ EOM(1)
	.byte	0                               @ EOM(2)
	.byte	0                               @ EOM(3)
	.section	.debug_info,"",%progbits
.Lcu_begin0:
	.long	.Ldebug_info_end0-.Ldebug_info_start0 @ Length of Unit
.Ldebug_info_start0:
	.short	4                               @ DWARF version number
	.long	.debug_abbrev                   @ Offset Into Abbrev. Section
	.byte	4                               @ Address Size (in bytes)
	.byte	1                               @ Abbrev [1] 0xb:0x242 DW_TAG_compile_unit
	.long	.Linfo_string0                  @ DW_AT_producer
	.short	12                              @ DW_AT_language
	.long	.Linfo_string1                  @ DW_AT_name
	.long	.Lline_table_start0             @ DW_AT_stmt_list
	.long	.Linfo_string2                  @ DW_AT_comp_dir
	.long	0                               @ DW_AT_low_pc
	.long	.Ldebug_ranges0                 @ DW_AT_ranges
	.byte	2                               @ Abbrev [2] 0x26:0x11 DW_TAG_variable
	.long	.Linfo_string3                  @ DW_AT_name
	.long	55                              @ DW_AT_type
                                        @ DW_AT_external
	.byte	2                               @ DW_AT_decl_file
	.byte	50                              @ DW_AT_decl_line
	.byte	5                               @ DW_AT_location
	.byte	3
	.long	camera_send_image_frame_header
	.byte	3                               @ Abbrev [3] 0x37:0xc DW_TAG_array_type
	.long	67                              @ DW_AT_type
	.byte	4                               @ Abbrev [4] 0x3c:0x6 DW_TAG_subrange_type
	.long	85                              @ DW_AT_type
	.byte	4                               @ DW_AT_count
	.byte	0                               @ End Of Children Mark
	.byte	5                               @ Abbrev [5] 0x43:0xb DW_TAG_typedef
	.long	78                              @ DW_AT_type
	.long	.Linfo_string5                  @ DW_AT_name
	.byte	1                               @ DW_AT_decl_file
	.byte	55                              @ DW_AT_decl_line
	.byte	6                               @ Abbrev [6] 0x4e:0x7 DW_TAG_base_type
	.long	.Linfo_string4                  @ DW_AT_name
	.byte	8                               @ DW_AT_encoding
	.byte	1                               @ DW_AT_byte_size
	.byte	7                               @ Abbrev [7] 0x55:0x7 DW_TAG_base_type
	.long	.Linfo_string6                  @ DW_AT_name
	.byte	8                               @ DW_AT_byte_size
	.byte	7                               @ DW_AT_encoding
	.byte	2                               @ Abbrev [2] 0x5c:0x11 DW_TAG_variable
	.long	.Linfo_string7                  @ DW_AT_name
	.long	109                             @ DW_AT_type
                                        @ DW_AT_external
	.byte	2                               @ DW_AT_decl_file
	.byte	47                              @ DW_AT_decl_line
	.byte	5                               @ DW_AT_location
	.byte	3
	.long	camera_receiver_fifo
	.byte	5                               @ Abbrev [5] 0x6d:0xb DW_TAG_typedef
	.long	120                             @ DW_AT_type
	.long	.Linfo_string21                 @ DW_AT_name
	.byte	3                               @ DW_AT_decl_file
	.byte	94                              @ DW_AT_decl_line
	.byte	8                               @ Abbrev [8] 0x78:0x59 DW_TAG_structure_type
	.byte	22                              @ DW_AT_byte_size
	.byte	3                               @ DW_AT_decl_file
	.byte	85                              @ DW_AT_decl_line
	.byte	9                               @ Abbrev [9] 0x7c:0xc DW_TAG_member
	.long	.Linfo_string8                  @ DW_AT_name
	.long	67                              @ DW_AT_type
	.byte	3                               @ DW_AT_decl_file
	.byte	87                              @ DW_AT_decl_line
	.byte	0                               @ DW_AT_data_member_location
	.byte	9                               @ Abbrev [9] 0x88:0xc DW_TAG_member
	.long	.Linfo_string9                  @ DW_AT_name
	.long	209                             @ DW_AT_type
	.byte	3                               @ DW_AT_decl_file
	.byte	88                              @ DW_AT_decl_line
	.byte	1                               @ DW_AT_data_member_location
	.byte	9                               @ Abbrev [9] 0x94:0xc DW_TAG_member
	.long	.Linfo_string14                 @ DW_AT_name
	.long	247                             @ DW_AT_type
	.byte	3                               @ DW_AT_decl_file
	.byte	89                              @ DW_AT_decl_line
	.byte	2                               @ DW_AT_data_member_location
	.byte	9                               @ Abbrev [9] 0xa0:0xc DW_TAG_member
	.long	.Linfo_string15                 @ DW_AT_name
	.long	248                             @ DW_AT_type
	.byte	3                               @ DW_AT_decl_file
	.byte	90                              @ DW_AT_decl_line
	.byte	6                               @ DW_AT_data_member_location
	.byte	9                               @ Abbrev [9] 0xac:0xc DW_TAG_member
	.long	.Linfo_string18                 @ DW_AT_name
	.long	248                             @ DW_AT_type
	.byte	3                               @ DW_AT_decl_file
	.byte	91                              @ DW_AT_decl_line
	.byte	10                              @ DW_AT_data_member_location
	.byte	9                               @ Abbrev [9] 0xb8:0xc DW_TAG_member
	.long	.Linfo_string19                 @ DW_AT_name
	.long	248                             @ DW_AT_type
	.byte	3                               @ DW_AT_decl_file
	.byte	92                              @ DW_AT_decl_line
	.byte	14                              @ DW_AT_data_member_location
	.byte	9                               @ Abbrev [9] 0xc4:0xc DW_TAG_member
	.long	.Linfo_string20                 @ DW_AT_name
	.long	248                             @ DW_AT_type
	.byte	3                               @ DW_AT_decl_file
	.byte	93                              @ DW_AT_decl_line
	.byte	18                              @ DW_AT_data_member_location
	.byte	0                               @ End Of Children Mark
	.byte	5                               @ Abbrev [5] 0xd1:0xb DW_TAG_typedef
	.long	220                             @ DW_AT_type
	.long	.Linfo_string13                 @ DW_AT_name
	.byte	3                               @ DW_AT_decl_file
	.byte	82                              @ DW_AT_decl_line
	.byte	10                              @ Abbrev [10] 0xdc:0x1b DW_TAG_enumeration_type
	.long	78                              @ DW_AT_type
	.byte	1                               @ DW_AT_byte_size
	.byte	3                               @ DW_AT_decl_file
	.byte	77                              @ DW_AT_decl_line
	.byte	11                              @ Abbrev [11] 0xe4:0x6 DW_TAG_enumerator
	.long	.Linfo_string10                 @ DW_AT_name
	.byte	0                               @ DW_AT_const_value
	.byte	11                              @ Abbrev [11] 0xea:0x6 DW_TAG_enumerator
	.long	.Linfo_string11                 @ DW_AT_name
	.byte	1                               @ DW_AT_const_value
	.byte	11                              @ Abbrev [11] 0xf0:0x6 DW_TAG_enumerator
	.long	.Linfo_string12                 @ DW_AT_name
	.byte	2                               @ DW_AT_const_value
	.byte	0                               @ End Of Children Mark
	.byte	12                              @ Abbrev [12] 0xf7:0x1 DW_TAG_pointer_type
	.byte	5                               @ Abbrev [5] 0xf8:0xb DW_TAG_typedef
	.long	259                             @ DW_AT_type
	.long	.Linfo_string17                 @ DW_AT_name
	.byte	1                               @ DW_AT_decl_file
	.byte	57                              @ DW_AT_decl_line
	.byte	6                               @ Abbrev [6] 0x103:0x7 DW_TAG_base_type
	.long	.Linfo_string16                 @ DW_AT_name
	.byte	7                               @ DW_AT_encoding
	.byte	4                               @ DW_AT_byte_size
	.byte	2                               @ Abbrev [2] 0x10a:0x11 DW_TAG_variable
	.long	.Linfo_string22                 @ DW_AT_name
	.long	283                             @ DW_AT_type
                                        @ DW_AT_external
	.byte	2                               @ DW_AT_decl_file
	.byte	48                              @ DW_AT_decl_line
	.byte	5                               @ DW_AT_location
	.byte	3
	.long	camera_receiver_buffer
	.byte	3                               @ Abbrev [3] 0x11b:0xc DW_TAG_array_type
	.long	67                              @ DW_AT_type
	.byte	4                               @ Abbrev [4] 0x120:0x6 DW_TAG_subrange_type
	.long	85                              @ DW_AT_type
	.byte	8                               @ DW_AT_count
	.byte	0                               @ End Of Children Mark
	.byte	10                              @ Abbrev [10] 0x127:0x33 DW_TAG_enumeration_type
	.long	78                              @ DW_AT_type
	.byte	1                               @ DW_AT_byte_size
	.byte	4                               @ DW_AT_decl_file
	.byte	97                              @ DW_AT_decl_line
	.byte	11                              @ Abbrev [11] 0x12f:0x6 DW_TAG_enumerator
	.long	.Linfo_string23                 @ DW_AT_name
	.byte	1                               @ DW_AT_const_value
	.byte	11                              @ Abbrev [11] 0x135:0x6 DW_TAG_enumerator
	.long	.Linfo_string24                 @ DW_AT_name
	.byte	2                               @ DW_AT_const_value
	.byte	11                              @ Abbrev [11] 0x13b:0x6 DW_TAG_enumerator
	.long	.Linfo_string25                 @ DW_AT_name
	.byte	3                               @ DW_AT_const_value
	.byte	11                              @ Abbrev [11] 0x141:0x6 DW_TAG_enumerator
	.long	.Linfo_string26                 @ DW_AT_name
	.byte	4                               @ DW_AT_const_value
	.byte	11                              @ Abbrev [11] 0x147:0x6 DW_TAG_enumerator
	.long	.Linfo_string27                 @ DW_AT_name
	.byte	5                               @ DW_AT_const_value
	.byte	11                              @ Abbrev [11] 0x14d:0x6 DW_TAG_enumerator
	.long	.Linfo_string28                 @ DW_AT_name
	.byte	6                               @ DW_AT_const_value
	.byte	11                              @ Abbrev [11] 0x153:0x6 DW_TAG_enumerator
	.long	.Linfo_string29                 @ DW_AT_name
	.byte	8                               @ DW_AT_const_value
	.byte	0                               @ End Of Children Mark
	.byte	13                              @ Abbrev [13] 0x15a:0x5 DW_TAG_pointer_type
	.long	67                              @ DW_AT_type
	.byte	14                              @ Abbrev [14] 0x15f:0x4a DW_TAG_subprogram
	.long	.Lfunc_begin0                   @ DW_AT_low_pc
	.long	.Lfunc_end0-.Lfunc_begin0       @ DW_AT_high_pc
	.byte	1                               @ DW_AT_frame_base
	.byte	93
	.long	.Linfo_string30                 @ DW_AT_name
	.byte	2                               @ DW_AT_decl_file
	.byte	61                              @ DW_AT_decl_line
                                        @ DW_AT_prototyped
                                        @ DW_AT_external
	.byte	15                              @ Abbrev [15] 0x170:0xe DW_TAG_formal_parameter
	.byte	2                               @ DW_AT_location
	.byte	145
	.byte	12
	.long	.Linfo_string34                 @ DW_AT_name
	.byte	2                               @ DW_AT_decl_file
	.byte	61                              @ DW_AT_decl_line
	.long	562                             @ DW_AT_type
	.byte	15                              @ Abbrev [15] 0x17e:0xe DW_TAG_formal_parameter
	.byte	2                               @ DW_AT_location
	.byte	145
	.byte	8
	.long	.Linfo_string35                 @ DW_AT_name
	.byte	2                               @ DW_AT_decl_file
	.byte	61                              @ DW_AT_decl_line
	.long	346                             @ DW_AT_type
	.byte	15                              @ Abbrev [15] 0x18c:0xe DW_TAG_formal_parameter
	.byte	2                               @ DW_AT_location
	.byte	145
	.byte	4
	.long	.Linfo_string36                 @ DW_AT_name
	.byte	2                               @ DW_AT_decl_file
	.byte	61                              @ DW_AT_decl_line
	.long	248                             @ DW_AT_type
	.byte	16                              @ Abbrev [16] 0x19a:0xe DW_TAG_variable
	.byte	2                               @ DW_AT_location
	.byte	145
	.byte	3
	.long	.Linfo_string37                 @ DW_AT_name
	.byte	2                               @ DW_AT_decl_file
	.byte	63                              @ DW_AT_decl_line
	.long	67                              @ DW_AT_type
	.byte	0                               @ End Of Children Mark
	.byte	14                              @ Abbrev [14] 0x1a9:0x3c DW_TAG_subprogram
	.long	.Lfunc_begin1                   @ DW_AT_low_pc
	.long	.Lfunc_end1-.Lfunc_begin1       @ DW_AT_high_pc
	.byte	1                               @ DW_AT_frame_base
	.byte	93
	.long	.Linfo_string31                 @ DW_AT_name
	.byte	2                               @ DW_AT_decl_file
	.byte	85                              @ DW_AT_decl_line
                                        @ DW_AT_prototyped
                                        @ DW_AT_external
	.byte	15                              @ Abbrev [15] 0x1ba:0xe DW_TAG_formal_parameter
	.byte	2                               @ DW_AT_location
	.byte	145
	.byte	15
	.long	.Linfo_string38                 @ DW_AT_name
	.byte	2                               @ DW_AT_decl_file
	.byte	85                              @ DW_AT_decl_line
	.long	572                             @ DW_AT_type
	.byte	15                              @ Abbrev [15] 0x1c8:0xe DW_TAG_formal_parameter
	.byte	2                               @ DW_AT_location
	.byte	145
	.byte	8
	.long	.Linfo_string40                 @ DW_AT_name
	.byte	2                               @ DW_AT_decl_file
	.byte	85                              @ DW_AT_decl_line
	.long	562                             @ DW_AT_type
	.byte	15                              @ Abbrev [15] 0x1d6:0xe DW_TAG_formal_parameter
	.byte	2                               @ DW_AT_location
	.byte	145
	.byte	4
	.long	.Linfo_string36                 @ DW_AT_name
	.byte	2                               @ DW_AT_decl_file
	.byte	85                              @ DW_AT_decl_line
	.long	248                             @ DW_AT_type
	.byte	0                               @ End Of Children Mark
	.byte	17                              @ Abbrev [17] 0x1e5:0x11 DW_TAG_subprogram
	.long	.Lfunc_begin2                   @ DW_AT_low_pc
	.long	.Lfunc_end2-.Lfunc_begin2       @ DW_AT_high_pc
	.byte	1                               @ DW_AT_frame_base
	.byte	93
	.long	.Linfo_string32                 @ DW_AT_name
	.byte	2                               @ DW_AT_decl_file
	.byte	101                             @ DW_AT_decl_line
                                        @ DW_AT_prototyped
                                        @ DW_AT_external
	.byte	14                              @ Abbrev [14] 0x1f6:0x3c DW_TAG_subprogram
	.long	.Lfunc_begin3                   @ DW_AT_low_pc
	.long	.Lfunc_end3-.Lfunc_begin3       @ DW_AT_high_pc
	.byte	1                               @ DW_AT_frame_base
	.byte	93
	.long	.Linfo_string33                 @ DW_AT_name
	.byte	2                               @ DW_AT_decl_file
	.byte	117                             @ DW_AT_decl_line
                                        @ DW_AT_prototyped
                                        @ DW_AT_external
	.byte	15                              @ Abbrev [15] 0x207:0xe DW_TAG_formal_parameter
	.byte	2                               @ DW_AT_location
	.byte	145
	.byte	8
	.long	.Linfo_string36                 @ DW_AT_name
	.byte	2                               @ DW_AT_decl_file
	.byte	117                             @ DW_AT_decl_line
	.long	583                             @ DW_AT_type
	.byte	15                              @ Abbrev [15] 0x215:0xe DW_TAG_formal_parameter
	.byte	2                               @ DW_AT_location
	.byte	145
	.byte	4
	.long	.Linfo_string41                 @ DW_AT_name
	.byte	2                               @ DW_AT_decl_file
	.byte	117                             @ DW_AT_decl_line
	.long	248                             @ DW_AT_type
	.byte	15                              @ Abbrev [15] 0x223:0xe DW_TAG_formal_parameter
	.byte	2                               @ DW_AT_location
	.byte	145
	.byte	0
	.long	.Linfo_string42                 @ DW_AT_name
	.byte	2                               @ DW_AT_decl_file
	.byte	117                             @ DW_AT_decl_line
	.long	248                             @ DW_AT_type
	.byte	0                               @ End Of Children Mark
	.byte	13                              @ Abbrev [13] 0x232:0x5 DW_TAG_pointer_type
	.long	567                             @ DW_AT_type
	.byte	18                              @ Abbrev [18] 0x237:0x5 DW_TAG_const_type
	.long	67                              @ DW_AT_type
	.byte	5                               @ Abbrev [5] 0x23c:0xb DW_TAG_typedef
	.long	295                             @ DW_AT_type
	.long	.Linfo_string39                 @ DW_AT_name
	.byte	4                               @ DW_AT_decl_file
	.byte	106                             @ DW_AT_decl_line
	.byte	18                              @ Abbrev [18] 0x247:0x5 DW_TAG_const_type
	.long	248                             @ DW_AT_type
	.byte	0                               @ End Of Children Mark
.Ldebug_info_end0:
	.section	.debug_ranges,"",%progbits
.Ldebug_ranges0:
	.long	.Lfunc_begin0
	.long	.Lfunc_end0
	.long	.Lfunc_begin1
	.long	.Lfunc_end1
	.long	.Lfunc_begin2
	.long	.Lfunc_end2
	.long	.Lfunc_begin3
	.long	.Lfunc_end3
	.long	0
	.long	0
	.section	.debug_str,"MS",%progbits,1
.Linfo_string0:
	.asciz	"Component: Arm Compiler for Embedded 6.19 Tool: armclang [5e73cb00]" @ string offset=0
.Linfo_string1:
	.asciz	"../../libraries/zf_device\\zf_device_camera.c" @ string offset=68
.Linfo_string2:
	.asciz	"E:\\FILE_SMART_CAR\\\346\231\272\350\203\275\350\247\206\350\247\211\\RT1064_Library-master\\RT1064_Library-master\\SeekFree_RT1064_Opensource_Library\\project\\mdk" @ string offset=113
.Linfo_string3:
	.asciz	"camera_send_image_frame_header" @ string offset=235
.Linfo_string4:
	.asciz	"unsigned char"                 @ string offset=266
.Linfo_string5:
	.asciz	"uint8"                         @ string offset=280
.Linfo_string6:
	.asciz	"__ARRAY_SIZE_TYPE__"           @ string offset=286
.Linfo_string7:
	.asciz	"camera_receiver_fifo"          @ string offset=306
.Linfo_string8:
	.asciz	"execution"                     @ string offset=327
.Linfo_string9:
	.asciz	"type"                          @ string offset=337
.Linfo_string10:
	.asciz	"FIFO_DATA_8BIT"                @ string offset=342
.Linfo_string11:
	.asciz	"FIFO_DATA_16BIT"               @ string offset=357
.Linfo_string12:
	.asciz	"FIFO_DATA_32BIT"               @ string offset=373
.Linfo_string13:
	.asciz	"fifo_data_type_enum"           @ string offset=389
.Linfo_string14:
	.asciz	"buffer"                        @ string offset=409
.Linfo_string15:
	.asciz	"head"                          @ string offset=416
.Linfo_string16:
	.asciz	"unsigned int"                  @ string offset=421
.Linfo_string17:
	.asciz	"uint32"                        @ string offset=434
.Linfo_string18:
	.asciz	"end"                           @ string offset=441
.Linfo_string19:
	.asciz	"size"                          @ string offset=445
.Linfo_string20:
	.asciz	"max"                           @ string offset=450
.Linfo_string21:
	.asciz	"fifo_struct"                   @ string offset=454
.Linfo_string22:
	.asciz	"camera_receiver_buffer"        @ string offset=466
.Linfo_string23:
	.asciz	"UART_1"                        @ string offset=489
.Linfo_string24:
	.asciz	"UART_2"                        @ string offset=496
.Linfo_string25:
	.asciz	"UART_3"                        @ string offset=503
.Linfo_string26:
	.asciz	"UART_4"                        @ string offset=510
.Linfo_string27:
	.asciz	"UART_5"                        @ string offset=517
.Linfo_string28:
	.asciz	"UART_6"                        @ string offset=524
.Linfo_string29:
	.asciz	"UART_8"                        @ string offset=531
.Linfo_string30:
	.asciz	"camera_binary_image_decompression" @ string offset=538
.Linfo_string31:
	.asciz	"camera_send_image"             @ string offset=572
.Linfo_string32:
	.asciz	"camera_fifo_init"              @ string offset=590
.Linfo_string33:
	.asciz	"camera_init"                   @ string offset=607
.Linfo_string34:
	.asciz	"data1"                         @ string offset=619
.Linfo_string35:
	.asciz	"data2"                         @ string offset=625
.Linfo_string36:
	.asciz	"image_size"                    @ string offset=631
.Linfo_string37:
	.asciz	"i"                             @ string offset=642
.Linfo_string38:
	.asciz	"uartn"                         @ string offset=644
.Linfo_string39:
	.asciz	"uart_index_enum"               @ string offset=650
.Linfo_string40:
	.asciz	"image_addr"                    @ string offset=666
.Linfo_string41:
	.asciz	"data_addr"                     @ string offset=677
.Linfo_string42:
	.asciz	"buffer_addr"                   @ string offset=687
	.ident	"Component: Arm Compiler for Embedded 6.19 Tool: armclang [5e73cb00]"
	.section	".note.GNU-stack","",%progbits
	.eabi_attribute	30, 6	@ Tag_ABI_optimization_goals
	.ARM_attribute	16, 1	@ Tag_AV_eba
	.section	.debug_line,"",%progbits
.Lline_table_start0:
