	.text
	.syntax unified
	.eabi_attribute	67, "2.09"	@ Tag_conformance
	.cpu	cortex-m7
	.eabi_attribute	6, 13	@ Tag_CPU_arch
	.eabi_attribute	7, 77	@ Tag_CPU_arch_profile
	.eabi_attribute	8, 0	@ Tag_ARM_ISA_use
	.eabi_attribute	9, 2	@ Tag_THUMB_ISA_use
	.fpu	fpv5-d16
	.eabi_attribute	36, 1	@ Tag_FP_HP_extension
	.eabi_attribute	34, 1	@ Tag_CPU_unaligned_access
	.eabi_attribute	17, 1	@ Tag_ABI_PCS_GOT_use
	.eabi_attribute	20, 2	@ Tag_ABI_FP_denormal
	.eabi_attribute	21, 0	@ Tag_ABI_FP_exceptions
	.eabi_attribute	23, 1	@ Tag_ABI_FP_number_model
	.eabi_attribute	24, 1	@ Tag_ABI_align_needed
	.eabi_attribute	25, 1	@ Tag_ABI_align_preserved
	.eabi_attribute	28, 1	@ Tag_ABI_VFP_args
	.eabi_attribute	38, 1	@ Tag_ABI_FP_16bit_format
	.eabi_attribute	18, 2	@ Tag_ABI_PCS_wchar_t
	.eabi_attribute	26, 1	@ Tag_ABI_enum_size
	.eabi_attribute	14, 0	@ Tag_ABI_PCS_R9_use
	.file	"zf_device_virtual_oscilloscope.c"
	.file	1 "E:\\FILE_SMART_CAR\\\346\231\272\350\203\275\350\247\206\350\247\211\\RT1064_Library-master\\RT1064_Library-master\\SeekFree_RT1064_Opensource_Library\\project\\mdk" "../../libraries/zf_common\\zf_common_typedef.h"
	.file	2 "E:\\FILE_SMART_CAR\\\346\231\272\350\203\275\350\247\206\350\247\211\\RT1064_Library-master\\RT1064_Library-master\\SeekFree_RT1064_Opensource_Library\\project\\mdk" "../../libraries/zf_device/zf_device_virtual_oscilloscope.c"
	.section	.text.virtual_oscilloscope_data_conversion,"ax",%progbits
	.hidden	virtual_oscilloscope_data_conversion @ -- Begin function virtual_oscilloscope_data_conversion
	.globl	virtual_oscilloscope_data_conversion
	.p2align	3
	.type	virtual_oscilloscope_data_conversion,%function
	.code	16                              @ @virtual_oscilloscope_data_conversion
	.thumb_func
virtual_oscilloscope_data_conversion:
.Lfunc_begin0:
	.loc	2 85 0                          @ ../../libraries/zf_device/zf_device_virtual_oscilloscope.c:85:0
	.fnstart
	.cfi_sections .debug_frame
	.cfi_startproc
@ %bb.0:
	.save	{r7, lr}
	push	{r7, lr}
	.cfi_def_cfa_offset 8
	.cfi_offset lr, -4
	.cfi_offset r7, -8
	.pad	#16
	sub	sp, #16
	.cfi_def_cfa_offset 24
                                        @ kill: def $r12 killed $r3
                                        @ kill: def $r12 killed $r2
                                        @ kill: def $r12 killed $r1
                                        @ kill: def $r12 killed $r0
	strh.w	r0, [sp, #14]
	strh.w	r1, [sp, #12]
	strh.w	r2, [sp, #10]
	strh.w	r3, [sp, #8]
	movs	r0, #0
.Ltmp0:
	.loc	2 86 12 prologue_end            @ ../../libraries/zf_device/zf_device_virtual_oscilloscope.c:86:12
	strh.w	r0, [sp, #6]
	.loc	2 88 44                         @ ../../libraries/zf_device/zf_device_virtual_oscilloscope.c:88:44
	ldrh.w	r1, [sp, #14]
	.loc	2 88 34 is_stmt 0               @ ../../libraries/zf_device/zf_device_virtual_oscilloscope.c:88:34
	movw	r0, :lower16:virtual_oscilloscope_data
	movt	r0, :upper16:virtual_oscilloscope_data
	str	r0, [sp]                        @ 4-byte Spill
	strb	r1, [r0]
	.loc	2 89 52 is_stmt 1               @ ../../libraries/zf_device/zf_device_virtual_oscilloscope.c:89:52
	ldrb.w	r1, [sp, #15]
	.loc	2 89 34 is_stmt 0               @ ../../libraries/zf_device/zf_device_virtual_oscilloscope.c:89:34
	strb	r1, [r0, #1]
	.loc	2 91 44 is_stmt 1               @ ../../libraries/zf_device/zf_device_virtual_oscilloscope.c:91:44
	ldrh.w	r1, [sp, #12]
	.loc	2 91 34 is_stmt 0               @ ../../libraries/zf_device/zf_device_virtual_oscilloscope.c:91:34
	strb	r1, [r0, #2]
	.loc	2 92 52 is_stmt 1               @ ../../libraries/zf_device/zf_device_virtual_oscilloscope.c:92:52
	ldrb.w	r1, [sp, #13]
	.loc	2 92 34 is_stmt 0               @ ../../libraries/zf_device/zf_device_virtual_oscilloscope.c:92:34
	strb	r1, [r0, #3]
	.loc	2 94 44 is_stmt 1               @ ../../libraries/zf_device/zf_device_virtual_oscilloscope.c:94:44
	ldrh.w	r1, [sp, #10]
	.loc	2 94 34 is_stmt 0               @ ../../libraries/zf_device/zf_device_virtual_oscilloscope.c:94:34
	strb	r1, [r0, #4]
	.loc	2 95 52 is_stmt 1               @ ../../libraries/zf_device/zf_device_virtual_oscilloscope.c:95:52
	ldrb.w	r1, [sp, #11]
	.loc	2 95 34 is_stmt 0               @ ../../libraries/zf_device/zf_device_virtual_oscilloscope.c:95:34
	strb	r1, [r0, #5]
	.loc	2 97 44 is_stmt 1               @ ../../libraries/zf_device/zf_device_virtual_oscilloscope.c:97:44
	ldrh.w	r1, [sp, #8]
	.loc	2 97 34 is_stmt 0               @ ../../libraries/zf_device/zf_device_virtual_oscilloscope.c:97:34
	strb	r1, [r0, #6]
	.loc	2 98 52 is_stmt 1               @ ../../libraries/zf_device/zf_device_virtual_oscilloscope.c:98:52
	ldrb.w	r1, [sp, #9]
	.loc	2 98 34 is_stmt 0               @ ../../libraries/zf_device/zf_device_virtual_oscilloscope.c:98:34
	strb	r1, [r0, #7]
	movs	r1, #8
	.loc	2 100 15 is_stmt 1              @ ../../libraries/zf_device/zf_device_virtual_oscilloscope.c:100:15
	bl	crc_check
	ldr	r1, [sp]                        @ 4-byte Reload
	.loc	2 100 13 is_stmt 0              @ ../../libraries/zf_device/zf_device_virtual_oscilloscope.c:100:13
	strh.w	r0, [sp, #6]
	.loc	2 101 44 is_stmt 1              @ ../../libraries/zf_device/zf_device_virtual_oscilloscope.c:101:44
	ldrh.w	r0, [sp, #6]
	.loc	2 101 34 is_stmt 0              @ ../../libraries/zf_device/zf_device_virtual_oscilloscope.c:101:34
	strb	r0, [r1, #8]
	.loc	2 102 44 is_stmt 1              @ ../../libraries/zf_device/zf_device_virtual_oscilloscope.c:102:44
	ldrb.w	r0, [sp, #7]
	.loc	2 102 34 is_stmt 0              @ ../../libraries/zf_device/zf_device_virtual_oscilloscope.c:102:34
	strb	r0, [r1, #9]
	.loc	2 103 1 is_stmt 1               @ ../../libraries/zf_device/zf_device_virtual_oscilloscope.c:103:1
	add	sp, #16
	pop	{r7, pc}
.Ltmp1:
.Lfunc_end0:
	.size	virtual_oscilloscope_data_conversion, .Lfunc_end0-virtual_oscilloscope_data_conversion
	.cfi_endproc
	.cantunwind
	.fnend
                                        @ -- End function
	.section	.text.crc_check,"ax",%progbits
	.p2align	3                               @ -- Begin function crc_check
	.type	crc_check,%function
	.code	16                              @ @crc_check
	.thumb_func
crc_check:
.Lfunc_begin1:
	.loc	2 49 0                          @ ../../libraries/zf_device/zf_device_virtual_oscilloscope.c:49:0
	.fnstart
	.cfi_startproc
@ %bb.0:
	.pad	#12
	sub	sp, #12
	.cfi_def_cfa_offset 12
                                        @ kill: def $r2 killed $r1
	str	r0, [sp, #8]
	strb.w	r1, [sp, #7]
	movw	r0, #65535
.Ltmp2:
	.loc	2 52 14 prologue_end            @ ../../libraries/zf_device/zf_device_virtual_oscilloscope.c:52:14
	strh.w	r0, [sp, #4]
	movs	r0, #0
.Ltmp3:
	.loc	2 54 11                         @ ../../libraries/zf_device/zf_device_virtual_oscilloscope.c:54:11
	strb.w	r0, [sp, #3]
	.loc	2 54 9 is_stmt 0                @ ../../libraries/zf_device/zf_device_virtual_oscilloscope.c:54:9
	b	.LBB1_1
.LBB1_1:                                @ =>This Loop Header: Depth=1
                                        @     Child Loop BB1_3 Depth 2
.Ltmp4:
	.loc	2 54 16                         @ ../../libraries/zf_device/zf_device_virtual_oscilloscope.c:54:16
	ldrb.w	r0, [sp, #3]
	.loc	2 54 20                         @ ../../libraries/zf_device/zf_device_virtual_oscilloscope.c:54:20
	ldrb.w	r1, [sp, #7]
.Ltmp5:
	.loc	2 54 5                          @ ../../libraries/zf_device/zf_device_virtual_oscilloscope.c:54:5
	cmp	r0, r1
	bge	.LBB1_11
	b	.LBB1_2
.LBB1_2:                                @   in Loop: Header=BB1_1 Depth=1
.Ltmp6:
	.loc	2 56 21 is_stmt 1               @ ../../libraries/zf_device/zf_device_virtual_oscilloscope.c:56:21
	ldr	r0, [sp, #8]
	.loc	2 56 26 is_stmt 0               @ ../../libraries/zf_device/zf_device_virtual_oscilloscope.c:56:26
	ldrb.w	r1, [sp, #3]
	.loc	2 56 21                         @ ../../libraries/zf_device/zf_device_virtual_oscilloscope.c:56:21
	ldrb	r1, [r0, r1]
	.loc	2 56 18                         @ ../../libraries/zf_device/zf_device_virtual_oscilloscope.c:56:18
	ldrh.w	r0, [sp, #4]
	eors	r0, r1
	strh.w	r0, [sp, #4]
	movs	r0, #0
.Ltmp7:
	.loc	2 57 15 is_stmt 1               @ ../../libraries/zf_device/zf_device_virtual_oscilloscope.c:57:15
	strb.w	r0, [sp, #2]
	.loc	2 57 13 is_stmt 0               @ ../../libraries/zf_device/zf_device_virtual_oscilloscope.c:57:13
	b	.LBB1_3
.LBB1_3:                                @   Parent Loop BB1_1 Depth=1
                                        @ =>  This Inner Loop Header: Depth=2
.Ltmp8:
	.loc	2 57 24                         @ ../../libraries/zf_device/zf_device_virtual_oscilloscope.c:57:24
	ldrb.w	r0, [sp, #2]
.Ltmp9:
	.loc	2 57 9                          @ ../../libraries/zf_device/zf_device_virtual_oscilloscope.c:57:9
	cmp	r0, #7
	bgt	.LBB1_9
	b	.LBB1_4
.LBB1_4:                                @   in Loop: Header=BB1_3 Depth=2
.Ltmp10:
	.loc	2 59 16 is_stmt 1               @ ../../libraries/zf_device/zf_device_virtual_oscilloscope.c:59:16
	ldrh.w	r0, [sp, #4]
.Ltmp11:
	.loc	2 59 16 is_stmt 0               @ ../../libraries/zf_device/zf_device_virtual_oscilloscope.c:59:16
	lsls	r0, r0, #31
	cbz	r0, .LBB1_6
	b	.LBB1_5
.LBB1_5:                                @   in Loop: Header=BB1_3 Depth=2
.Ltmp12:
	.loc	2 61 29 is_stmt 1               @ ../../libraries/zf_device/zf_device_virtual_oscilloscope.c:61:29
	ldrh.w	r1, [sp, #4]
	movw	r0, #40961
	.loc	2 61 44 is_stmt 0               @ ../../libraries/zf_device/zf_device_virtual_oscilloscope.c:61:44
	eor.w	r0, r0, r1, lsr #1
	.loc	2 61 26                         @ ../../libraries/zf_device/zf_device_virtual_oscilloscope.c:61:26
	strh.w	r0, [sp, #4]
	.loc	2 62 13 is_stmt 1               @ ../../libraries/zf_device/zf_device_virtual_oscilloscope.c:62:13
	b	.LBB1_7
.Ltmp13:
.LBB1_6:                                @   in Loop: Header=BB1_3 Depth=2
	.loc	2 65 28                         @ ../../libraries/zf_device/zf_device_virtual_oscilloscope.c:65:28
	ldrh.w	r0, [sp, #4]
	.loc	2 65 37 is_stmt 0               @ ../../libraries/zf_device/zf_device_virtual_oscilloscope.c:65:37
	lsrs	r0, r0, #1
	.loc	2 65 26                         @ ../../libraries/zf_device/zf_device_virtual_oscilloscope.c:65:26
	strh.w	r0, [sp, #4]
	b	.LBB1_7
.Ltmp14:
.LBB1_7:                                @   in Loop: Header=BB1_3 Depth=2
	.loc	2 67 9 is_stmt 1                @ ../../libraries/zf_device/zf_device_virtual_oscilloscope.c:67:9
	b	.LBB1_8
.Ltmp15:
.LBB1_8:                                @   in Loop: Header=BB1_3 Depth=2
	.loc	2 57 29                         @ ../../libraries/zf_device/zf_device_virtual_oscilloscope.c:57:29
	ldrb.w	r0, [sp, #2]
	adds	r0, #1
	strb.w	r0, [sp, #2]
	.loc	2 57 9 is_stmt 0                @ ../../libraries/zf_device/zf_device_virtual_oscilloscope.c:57:9
	b	.LBB1_3
.Ltmp16:
.LBB1_9:                                @   in Loop: Header=BB1_1 Depth=1
	.loc	2 68 5 is_stmt 1                @ ../../libraries/zf_device/zf_device_virtual_oscilloscope.c:68:5
	b	.LBB1_10
.Ltmp17:
.LBB1_10:                               @   in Loop: Header=BB1_1 Depth=1
	.loc	2 54 31                         @ ../../libraries/zf_device/zf_device_virtual_oscilloscope.c:54:31
	ldrb.w	r0, [sp, #3]
	adds	r0, #1
	strb.w	r0, [sp, #3]
	.loc	2 54 5 is_stmt 0                @ ../../libraries/zf_device/zf_device_virtual_oscilloscope.c:54:5
	b	.LBB1_1
.Ltmp18:
.LBB1_11:
	.loc	2 69 12 is_stmt 1               @ ../../libraries/zf_device/zf_device_virtual_oscilloscope.c:69:12
	ldrh.w	r0, [sp, #4]
	.loc	2 69 5 is_stmt 0                @ ../../libraries/zf_device/zf_device_virtual_oscilloscope.c:69:5
	add	sp, #12
	bx	lr
.Ltmp19:
.Lfunc_end1:
	.size	crc_check, .Lfunc_end1-crc_check
	.cfi_endproc
	.cantunwind
	.fnend
                                        @ -- End function
	.hidden	virtual_oscilloscope_data       @ @virtual_oscilloscope_data
	.type	virtual_oscilloscope_data,%object
	.section	.bss.virtual_oscilloscope_data,"aw",%nobits
	.globl	virtual_oscilloscope_data
virtual_oscilloscope_data:
	.zero	10
	.size	virtual_oscilloscope_data, 10

	.section	.debug_abbrev,"",%progbits
	.byte	1                               @ Abbreviation Code
	.byte	17                              @ DW_TAG_compile_unit
	.byte	1                               @ DW_CHILDREN_yes
	.byte	37                              @ DW_AT_producer
	.byte	14                              @ DW_FORM_strp
	.byte	19                              @ DW_AT_language
	.byte	5                               @ DW_FORM_data2
	.byte	3                               @ DW_AT_name
	.byte	14                              @ DW_FORM_strp
	.byte	16                              @ DW_AT_stmt_list
	.byte	23                              @ DW_FORM_sec_offset
	.byte	27                              @ DW_AT_comp_dir
	.byte	14                              @ DW_FORM_strp
	.byte	17                              @ DW_AT_low_pc
	.byte	1                               @ DW_FORM_addr
	.byte	85                              @ DW_AT_ranges
	.byte	23                              @ DW_FORM_sec_offset
	.byte	0                               @ EOM(1)
	.byte	0                               @ EOM(2)
	.byte	2                               @ Abbreviation Code
	.byte	52                              @ DW_TAG_variable
	.byte	0                               @ DW_CHILDREN_no
	.byte	3                               @ DW_AT_name
	.byte	14                              @ DW_FORM_strp
	.byte	73                              @ DW_AT_type
	.byte	19                              @ DW_FORM_ref4
	.byte	63                              @ DW_AT_external
	.byte	25                              @ DW_FORM_flag_present
	.byte	58                              @ DW_AT_decl_file
	.byte	11                              @ DW_FORM_data1
	.byte	59                              @ DW_AT_decl_line
	.byte	11                              @ DW_FORM_data1
	.byte	2                               @ DW_AT_location
	.byte	24                              @ DW_FORM_exprloc
	.byte	0                               @ EOM(1)
	.byte	0                               @ EOM(2)
	.byte	3                               @ Abbreviation Code
	.byte	1                               @ DW_TAG_array_type
	.byte	1                               @ DW_CHILDREN_yes
	.byte	73                              @ DW_AT_type
	.byte	19                              @ DW_FORM_ref4
	.byte	0                               @ EOM(1)
	.byte	0                               @ EOM(2)
	.byte	4                               @ Abbreviation Code
	.byte	33                              @ DW_TAG_subrange_type
	.byte	0                               @ DW_CHILDREN_no
	.byte	73                              @ DW_AT_type
	.byte	19                              @ DW_FORM_ref4
	.byte	55                              @ DW_AT_count
	.byte	11                              @ DW_FORM_data1
	.byte	0                               @ EOM(1)
	.byte	0                               @ EOM(2)
	.byte	5                               @ Abbreviation Code
	.byte	22                              @ DW_TAG_typedef
	.byte	0                               @ DW_CHILDREN_no
	.byte	73                              @ DW_AT_type
	.byte	19                              @ DW_FORM_ref4
	.byte	3                               @ DW_AT_name
	.byte	14                              @ DW_FORM_strp
	.byte	58                              @ DW_AT_decl_file
	.byte	11                              @ DW_FORM_data1
	.byte	59                              @ DW_AT_decl_line
	.byte	11                              @ DW_FORM_data1
	.byte	0                               @ EOM(1)
	.byte	0                               @ EOM(2)
	.byte	6                               @ Abbreviation Code
	.byte	36                              @ DW_TAG_base_type
	.byte	0                               @ DW_CHILDREN_no
	.byte	3                               @ DW_AT_name
	.byte	14                              @ DW_FORM_strp
	.byte	62                              @ DW_AT_encoding
	.byte	11                              @ DW_FORM_data1
	.byte	11                              @ DW_AT_byte_size
	.byte	11                              @ DW_FORM_data1
	.byte	0                               @ EOM(1)
	.byte	0                               @ EOM(2)
	.byte	7                               @ Abbreviation Code
	.byte	36                              @ DW_TAG_base_type
	.byte	0                               @ DW_CHILDREN_no
	.byte	3                               @ DW_AT_name
	.byte	14                              @ DW_FORM_strp
	.byte	11                              @ DW_AT_byte_size
	.byte	11                              @ DW_FORM_data1
	.byte	62                              @ DW_AT_encoding
	.byte	11                              @ DW_FORM_data1
	.byte	0                               @ EOM(1)
	.byte	0                               @ EOM(2)
	.byte	8                               @ Abbreviation Code
	.byte	46                              @ DW_TAG_subprogram
	.byte	1                               @ DW_CHILDREN_yes
	.byte	17                              @ DW_AT_low_pc
	.byte	1                               @ DW_FORM_addr
	.byte	18                              @ DW_AT_high_pc
	.byte	6                               @ DW_FORM_data4
	.byte	64                              @ DW_AT_frame_base
	.byte	24                              @ DW_FORM_exprloc
	.byte	3                               @ DW_AT_name
	.byte	14                              @ DW_FORM_strp
	.byte	58                              @ DW_AT_decl_file
	.byte	11                              @ DW_FORM_data1
	.byte	59                              @ DW_AT_decl_line
	.byte	11                              @ DW_FORM_data1
	.byte	39                              @ DW_AT_prototyped
	.byte	25                              @ DW_FORM_flag_present
	.byte	63                              @ DW_AT_external
	.byte	25                              @ DW_FORM_flag_present
	.byte	0                               @ EOM(1)
	.byte	0                               @ EOM(2)
	.byte	9                               @ Abbreviation Code
	.byte	5                               @ DW_TAG_formal_parameter
	.byte	0                               @ DW_CHILDREN_no
	.byte	2                               @ DW_AT_location
	.byte	24                              @ DW_FORM_exprloc
	.byte	3                               @ DW_AT_name
	.byte	14                              @ DW_FORM_strp
	.byte	58                              @ DW_AT_decl_file
	.byte	11                              @ DW_FORM_data1
	.byte	59                              @ DW_AT_decl_line
	.byte	11                              @ DW_FORM_data1
	.byte	73                              @ DW_AT_type
	.byte	19                              @ DW_FORM_ref4
	.byte	0                               @ EOM(1)
	.byte	0                               @ EOM(2)
	.byte	10                              @ Abbreviation Code
	.byte	52                              @ DW_TAG_variable
	.byte	0                               @ DW_CHILDREN_no
	.byte	2                               @ DW_AT_location
	.byte	24                              @ DW_FORM_exprloc
	.byte	3                               @ DW_AT_name
	.byte	14                              @ DW_FORM_strp
	.byte	58                              @ DW_AT_decl_file
	.byte	11                              @ DW_FORM_data1
	.byte	59                              @ DW_AT_decl_line
	.byte	11                              @ DW_FORM_data1
	.byte	73                              @ DW_AT_type
	.byte	19                              @ DW_FORM_ref4
	.byte	0                               @ EOM(1)
	.byte	0                               @ EOM(2)
	.byte	11                              @ Abbreviation Code
	.byte	46                              @ DW_TAG_subprogram
	.byte	1                               @ DW_CHILDREN_yes
	.byte	17                              @ DW_AT_low_pc
	.byte	1                               @ DW_FORM_addr
	.byte	18                              @ DW_AT_high_pc
	.byte	6                               @ DW_FORM_data4
	.byte	64                              @ DW_AT_frame_base
	.byte	24                              @ DW_FORM_exprloc
	.byte	3                               @ DW_AT_name
	.byte	14                              @ DW_FORM_strp
	.byte	58                              @ DW_AT_decl_file
	.byte	11                              @ DW_FORM_data1
	.byte	59                              @ DW_AT_decl_line
	.byte	11                              @ DW_FORM_data1
	.byte	39                              @ DW_AT_prototyped
	.byte	25                              @ DW_FORM_flag_present
	.byte	73                              @ DW_AT_type
	.byte	19                              @ DW_FORM_ref4
	.byte	0                               @ EOM(1)
	.byte	0                               @ EOM(2)
	.byte	12                              @ Abbreviation Code
	.byte	38                              @ DW_TAG_const_type
	.byte	0                               @ DW_CHILDREN_no
	.byte	73                              @ DW_AT_type
	.byte	19                              @ DW_FORM_ref4
	.byte	0                               @ EOM(1)
	.byte	0                               @ EOM(2)
	.byte	13                              @ Abbreviation Code
	.byte	15                              @ DW_TAG_pointer_type
	.byte	0                               @ DW_CHILDREN_no
	.byte	73                              @ DW_AT_type
	.byte	19                              @ DW_FORM_ref4
	.byte	0                               @ EOM(1)
	.byte	0                               @ EOM(2)
	.byte	0                               @ EOM(3)
	.section	.debug_info,"",%progbits
.Lcu_begin0:
	.long	.Ldebug_info_end0-.Ldebug_info_start0 @ Length of Unit
.Ldebug_info_start0:
	.short	4                               @ DWARF version number
	.long	.debug_abbrev                   @ Offset Into Abbrev. Section
	.byte	4                               @ Address Size (in bytes)
	.byte	1                               @ Abbrev [1] 0xb:0x134 DW_TAG_compile_unit
	.long	.Linfo_string0                  @ DW_AT_producer
	.short	12                              @ DW_AT_language
	.long	.Linfo_string1                  @ DW_AT_name
	.long	.Lline_table_start0             @ DW_AT_stmt_list
	.long	.Linfo_string2                  @ DW_AT_comp_dir
	.long	0                               @ DW_AT_low_pc
	.long	.Ldebug_ranges0                 @ DW_AT_ranges
	.byte	2                               @ Abbrev [2] 0x26:0x11 DW_TAG_variable
	.long	.Linfo_string3                  @ DW_AT_name
	.long	55                              @ DW_AT_type
                                        @ DW_AT_external
	.byte	2                               @ DW_AT_decl_file
	.byte	38                              @ DW_AT_decl_line
	.byte	5                               @ DW_AT_location
	.byte	3
	.long	virtual_oscilloscope_data
	.byte	3                               @ Abbrev [3] 0x37:0xc DW_TAG_array_type
	.long	67                              @ DW_AT_type
	.byte	4                               @ Abbrev [4] 0x3c:0x6 DW_TAG_subrange_type
	.long	85                              @ DW_AT_type
	.byte	10                              @ DW_AT_count
	.byte	0                               @ End Of Children Mark
	.byte	5                               @ Abbrev [5] 0x43:0xb DW_TAG_typedef
	.long	78                              @ DW_AT_type
	.long	.Linfo_string5                  @ DW_AT_name
	.byte	1                               @ DW_AT_decl_file
	.byte	55                              @ DW_AT_decl_line
	.byte	6                               @ Abbrev [6] 0x4e:0x7 DW_TAG_base_type
	.long	.Linfo_string4                  @ DW_AT_name
	.byte	8                               @ DW_AT_encoding
	.byte	1                               @ DW_AT_byte_size
	.byte	7                               @ Abbrev [7] 0x55:0x7 DW_TAG_base_type
	.long	.Linfo_string6                  @ DW_AT_name
	.byte	8                               @ DW_AT_byte_size
	.byte	7                               @ DW_AT_encoding
	.byte	5                               @ Abbrev [5] 0x5c:0xb DW_TAG_typedef
	.long	103                             @ DW_AT_type
	.long	.Linfo_string8                  @ DW_AT_name
	.byte	1                               @ DW_AT_decl_file
	.byte	56                              @ DW_AT_decl_line
	.byte	6                               @ Abbrev [6] 0x67:0x7 DW_TAG_base_type
	.long	.Linfo_string7                  @ DW_AT_name
	.byte	7                               @ DW_AT_encoding
	.byte	2                               @ DW_AT_byte_size
	.byte	8                               @ Abbrev [8] 0x6e:0x58 DW_TAG_subprogram
	.long	.Lfunc_begin0                   @ DW_AT_low_pc
	.long	.Lfunc_end0-.Lfunc_begin0       @ DW_AT_high_pc
	.byte	1                               @ DW_AT_frame_base
	.byte	93
	.long	.Linfo_string9                  @ DW_AT_name
	.byte	2                               @ DW_AT_decl_file
	.byte	84                              @ DW_AT_decl_line
                                        @ DW_AT_prototyped
                                        @ DW_AT_external
	.byte	9                               @ Abbrev [9] 0x7f:0xe DW_TAG_formal_parameter
	.byte	2                               @ DW_AT_location
	.byte	145
	.byte	14
	.long	.Linfo_string11                 @ DW_AT_name
	.byte	2                               @ DW_AT_decl_file
	.byte	84                              @ DW_AT_decl_line
	.long	290                             @ DW_AT_type
	.byte	9                               @ Abbrev [9] 0x8d:0xe DW_TAG_formal_parameter
	.byte	2                               @ DW_AT_location
	.byte	145
	.byte	12
	.long	.Linfo_string14                 @ DW_AT_name
	.byte	2                               @ DW_AT_decl_file
	.byte	84                              @ DW_AT_decl_line
	.long	290                             @ DW_AT_type
	.byte	9                               @ Abbrev [9] 0x9b:0xe DW_TAG_formal_parameter
	.byte	2                               @ DW_AT_location
	.byte	145
	.byte	10
	.long	.Linfo_string15                 @ DW_AT_name
	.byte	2                               @ DW_AT_decl_file
	.byte	84                              @ DW_AT_decl_line
	.long	290                             @ DW_AT_type
	.byte	9                               @ Abbrev [9] 0xa9:0xe DW_TAG_formal_parameter
	.byte	2                               @ DW_AT_location
	.byte	145
	.byte	8
	.long	.Linfo_string16                 @ DW_AT_name
	.byte	2                               @ DW_AT_decl_file
	.byte	84                              @ DW_AT_decl_line
	.long	290                             @ DW_AT_type
	.byte	10                              @ Abbrev [10] 0xb7:0xe DW_TAG_variable
	.byte	2                               @ DW_AT_location
	.byte	145
	.byte	6
	.long	.Linfo_string17                 @ DW_AT_name
	.byte	2                               @ DW_AT_decl_file
	.byte	86                              @ DW_AT_decl_line
	.long	92                              @ DW_AT_type
	.byte	0                               @ End Of Children Mark
	.byte	11                              @ Abbrev [11] 0xc6:0x5c DW_TAG_subprogram
	.long	.Lfunc_begin1                   @ DW_AT_low_pc
	.long	.Lfunc_end1-.Lfunc_begin1       @ DW_AT_high_pc
	.byte	1                               @ DW_AT_frame_base
	.byte	93
	.long	.Linfo_string10                 @ DW_AT_name
	.byte	2                               @ DW_AT_decl_file
	.byte	48                              @ DW_AT_decl_line
                                        @ DW_AT_prototyped
	.long	92                              @ DW_AT_type
	.byte	9                               @ Abbrev [9] 0xdb:0xe DW_TAG_formal_parameter
	.byte	2                               @ DW_AT_location
	.byte	145
	.byte	8
	.long	.Linfo_string18                 @ DW_AT_name
	.byte	2                               @ DW_AT_decl_file
	.byte	48                              @ DW_AT_decl_line
	.long	313                             @ DW_AT_type
	.byte	9                               @ Abbrev [9] 0xe9:0xe DW_TAG_formal_parameter
	.byte	2                               @ DW_AT_location
	.byte	145
	.byte	7
	.long	.Linfo_string19                 @ DW_AT_name
	.byte	2                               @ DW_AT_decl_file
	.byte	48                              @ DW_AT_decl_line
	.long	67                              @ DW_AT_type
	.byte	10                              @ Abbrev [10] 0xf7:0xe DW_TAG_variable
	.byte	2                               @ DW_AT_location
	.byte	145
	.byte	4
	.long	.Linfo_string20                 @ DW_AT_name
	.byte	2                               @ DW_AT_decl_file
	.byte	50                              @ DW_AT_decl_line
	.long	92                              @ DW_AT_type
	.byte	10                              @ Abbrev [10] 0x105:0xe DW_TAG_variable
	.byte	2                               @ DW_AT_location
	.byte	145
	.byte	3
	.long	.Linfo_string21                 @ DW_AT_name
	.byte	2                               @ DW_AT_decl_file
	.byte	51                              @ DW_AT_decl_line
	.long	67                              @ DW_AT_type
	.byte	10                              @ Abbrev [10] 0x113:0xe DW_TAG_variable
	.byte	2                               @ DW_AT_location
	.byte	145
	.byte	2
	.long	.Linfo_string22                 @ DW_AT_name
	.byte	2                               @ DW_AT_decl_file
	.byte	51                              @ DW_AT_decl_line
	.long	67                              @ DW_AT_type
	.byte	0                               @ End Of Children Mark
	.byte	12                              @ Abbrev [12] 0x122:0x5 DW_TAG_const_type
	.long	295                             @ DW_AT_type
	.byte	5                               @ Abbrev [5] 0x127:0xb DW_TAG_typedef
	.long	306                             @ DW_AT_type
	.long	.Linfo_string13                 @ DW_AT_name
	.byte	1                               @ DW_AT_decl_file
	.byte	61                              @ DW_AT_decl_line
	.byte	6                               @ Abbrev [6] 0x132:0x7 DW_TAG_base_type
	.long	.Linfo_string12                 @ DW_AT_name
	.byte	5                               @ DW_AT_encoding
	.byte	2                               @ DW_AT_byte_size
	.byte	13                              @ Abbrev [13] 0x139:0x5 DW_TAG_pointer_type
	.long	67                              @ DW_AT_type
	.byte	0                               @ End Of Children Mark
.Ldebug_info_end0:
	.section	.debug_ranges,"",%progbits
.Ldebug_ranges0:
	.long	.Lfunc_begin0
	.long	.Lfunc_end0
	.long	.Lfunc_begin1
	.long	.Lfunc_end1
	.long	0
	.long	0
	.section	.debug_str,"MS",%progbits,1
.Linfo_string0:
	.asciz	"Component: Arm Compiler for Embedded 6.19 Tool: armclang [5e73cb00]" @ string offset=0
.Linfo_string1:
	.asciz	"../../libraries/zf_device\\zf_device_virtual_oscilloscope.c" @ string offset=68
.Linfo_string2:
	.asciz	"E:\\FILE_SMART_CAR\\\346\231\272\350\203\275\350\247\206\350\247\211\\RT1064_Library-master\\RT1064_Library-master\\SeekFree_RT1064_Opensource_Library\\project\\mdk" @ string offset=127
.Linfo_string3:
	.asciz	"virtual_oscilloscope_data"     @ string offset=249
.Linfo_string4:
	.asciz	"unsigned char"                 @ string offset=275
.Linfo_string5:
	.asciz	"uint8"                         @ string offset=289
.Linfo_string6:
	.asciz	"__ARRAY_SIZE_TYPE__"           @ string offset=295
.Linfo_string7:
	.asciz	"unsigned short"                @ string offset=315
.Linfo_string8:
	.asciz	"uint16"                        @ string offset=330
.Linfo_string9:
	.asciz	"virtual_oscilloscope_data_conversion" @ string offset=337
.Linfo_string10:
	.asciz	"crc_check"                     @ string offset=374
.Linfo_string11:
	.asciz	"data1"                         @ string offset=384
.Linfo_string12:
	.asciz	"short"                         @ string offset=390
.Linfo_string13:
	.asciz	"int16"                         @ string offset=396
.Linfo_string14:
	.asciz	"data2"                         @ string offset=402
.Linfo_string15:
	.asciz	"data3"                         @ string offset=408
.Linfo_string16:
	.asciz	"data4"                         @ string offset=414
.Linfo_string17:
	.asciz	"crc_16"                        @ string offset=420
.Linfo_string18:
	.asciz	"buff"                          @ string offset=427
.Linfo_string19:
	.asciz	"crc_cnt"                       @ string offset=432
.Linfo_string20:
	.asciz	"crc_temp"                      @ string offset=440
.Linfo_string21:
	.asciz	"i"                             @ string offset=449
.Linfo_string22:
	.asciz	"j"                             @ string offset=451
	.ident	"Component: Arm Compiler for Embedded 6.19 Tool: armclang [5e73cb00]"
	.section	".note.GNU-stack","",%progbits
	.eabi_attribute	30, 6	@ Tag_ABI_optimization_goals
	.ARM_attribute	16, 1	@ Tag_AV_eba
	.section	.debug_line,"",%progbits
.Lline_table_start0:
