	.text
	.syntax unified
	.eabi_attribute	67, "2.09"	@ Tag_conformance
	.cpu	cortex-m7
	.eabi_attribute	6, 13	@ Tag_CPU_arch
	.eabi_attribute	7, 77	@ Tag_CPU_arch_profile
	.eabi_attribute	8, 0	@ Tag_ARM_ISA_use
	.eabi_attribute	9, 2	@ Tag_THUMB_ISA_use
	.fpu	fpv5-d16
	.eabi_attribute	36, 1	@ Tag_FP_HP_extension
	.eabi_attribute	34, 1	@ Tag_CPU_unaligned_access
	.eabi_attribute	17, 1	@ Tag_ABI_PCS_GOT_use
	.eabi_attribute	20, 2	@ Tag_ABI_FP_denormal
	.eabi_attribute	21, 0	@ Tag_ABI_FP_exceptions
	.eabi_attribute	23, 1	@ Tag_ABI_FP_number_model
	.eabi_attribute	24, 1	@ Tag_ABI_align_needed
	.eabi_attribute	25, 1	@ Tag_ABI_align_preserved
	.eabi_attribute	28, 1	@ Tag_ABI_VFP_args
	.eabi_attribute	38, 1	@ Tag_ABI_FP_16bit_format
	.eabi_attribute	18, 2	@ Tag_ABI_PCS_wchar_t
	.eabi_attribute	26, 1	@ Tag_ABI_enum_size
	.eabi_attribute	14, 0	@ Tag_ABI_PCS_R9_use
	.file	"zf_driver_delay.c"
	.file	1 "E:\\FILE_SMART_CAR\\\346\231\272\350\203\275\350\247\206\350\247\211\\RT1064_Library-master\\RT1064_Library-master\\SeekFree_RT1064_Opensource_Library\\project\\mdk" "../../libraries/sdk/drives\\fsl_gpt.h"
	.file	2 "D:\\KEIL\\ARM\\ARMCLANG\\Bin\\..\\include" "stdint.h"
	.file	3 "E:\\FILE_SMART_CAR\\\346\231\272\350\203\275\350\247\206\350\247\211\\RT1064_Library-master\\RT1064_Library-master\\SeekFree_RT1064_Opensource_Library\\project\\mdk" "../../libraries/sdk/deceive/MIMXRT1064.h"
	.section	.text.system_delay_ms,"ax",%progbits
	.hidden	system_delay_ms                 @ -- Begin function system_delay_ms
	.globl	system_delay_ms
	.p2align	3
	.type	system_delay_ms,%function
	.code	16                              @ @system_delay_ms
	.thumb_func
system_delay_ms:
.Lfunc_begin0:
	.file	4 "E:\\FILE_SMART_CAR\\\346\231\272\350\203\275\350\247\206\350\247\211\\RT1064_Library-master\\RT1064_Library-master\\SeekFree_RT1064_Opensource_Library\\project\\mdk" "../../libraries/zf_driver/zf_driver_delay.c"
	.loc	4 52 0                          @ ../../libraries/zf_driver/zf_driver_delay.c:52:0
	.fnstart
	.cfi_sections .debug_frame
	.cfi_startproc
@ %bb.0:
	.save	{r7, lr}
	push	{r7, lr}
	.cfi_def_cfa_offset 8
	.cfi_offset lr, -4
	.cfi_offset r7, -8
	.pad	#16
	sub	sp, #16
	.cfi_def_cfa_offset 24
	str	r0, [sp, #12]
.Ltmp0:
	.loc	4 53 5 prologue_end             @ ../../libraries/zf_driver/zf_driver_delay.c:53:5
	b	.LBB0_1
.LBB0_1:                                @ =>This Loop Header: Depth=1
                                        @     Child Loop BB0_3 Depth 2
	.loc	4 53 16 is_stmt 0               @ ../../libraries/zf_driver/zf_driver_delay.c:53:16
	ldr	r0, [sp, #12]
	subs	r1, r0, #1
	str	r1, [sp, #12]
	.loc	4 53 5                          @ ../../libraries/zf_driver/zf_driver_delay.c:53:5
	cbz	r0, .LBB0_6
	b	.LBB0_2
.LBB0_2:                                @   in Loop: Header=BB0_1 Depth=1
	.loc	4 0 5                           @ ../../libraries/zf_driver/zf_driver_delay.c:0:5
	movs	r0, #0
	movt	r0, #16415
	str	r0, [sp, #8]                    @ 4-byte Spill
	movs	r1, #0
	movw	r2, #24000
.Ltmp1:
	.loc	4 55 9 is_stmt 1                @ ../../libraries/zf_driver/zf_driver_delay.c:55:9
	bl	GPT_SetOutputCompareValue
	ldr	r0, [sp, #8]                    @ 4-byte Reload
	.loc	4 56 9                          @ ../../libraries/zf_driver/zf_driver_delay.c:56:9
	bl	GPT_StartTimer
	.loc	4 57 9                          @ ../../libraries/zf_driver/zf_driver_delay.c:57:9
	b	.LBB0_3
.LBB0_3:                                @   Parent Loop BB0_1 Depth=1
                                        @ =>  This Inner Loop Header: Depth=2
	.loc	4 0 9 is_stmt 0                 @ ../../libraries/zf_driver/zf_driver_delay.c:0:9
	movs	r0, #0
	movt	r0, #16415
	movs	r1, #1
	.loc	4 57 16                         @ ../../libraries/zf_driver/zf_driver_delay.c:57:16
	bl	GPT_GetStatusFlags
	.loc	4 57 9                          @ ../../libraries/zf_driver/zf_driver_delay.c:57:9
	cbnz	r0, .LBB0_5
	b	.LBB0_4
.LBB0_4:                                @   in Loop: Header=BB0_3 Depth=2
	b	.LBB0_3
.LBB0_5:                                @   in Loop: Header=BB0_1 Depth=1
	.loc	4 0 9                           @ ../../libraries/zf_driver/zf_driver_delay.c:0:9
	movs	r0, #0
	movt	r0, #16415
	str	r0, [sp, #4]                    @ 4-byte Spill
	movs	r1, #1
	.loc	4 58 9 is_stmt 1                @ ../../libraries/zf_driver/zf_driver_delay.c:58:9
	bl	GPT_ClearStatusFlags
	ldr	r0, [sp, #4]                    @ 4-byte Reload
	.loc	4 59 9                          @ ../../libraries/zf_driver/zf_driver_delay.c:59:9
	bl	GPT_StopTimer
.Ltmp2:
	.loc	4 53 5                          @ ../../libraries/zf_driver/zf_driver_delay.c:53:5
	b	.LBB0_1
.LBB0_6:
	.loc	4 61 1                          @ ../../libraries/zf_driver/zf_driver_delay.c:61:1
	add	sp, #16
	pop	{r7, pc}
.Ltmp3:
.Lfunc_end0:
	.size	system_delay_ms, .Lfunc_end0-system_delay_ms
	.cfi_endproc
	.cantunwind
	.fnend
                                        @ -- End function
	.section	.text.GPT_SetOutputCompareValue,"ax",%progbits
	.p2align	3                               @ -- Begin function GPT_SetOutputCompareValue
	.type	GPT_SetOutputCompareValue,%function
	.code	16                              @ @GPT_SetOutputCompareValue
	.thumb_func
GPT_SetOutputCompareValue:
.Lfunc_begin1:
	.loc	1 395 0                         @ ../../libraries/sdk/drives\fsl_gpt.h:395:0
	.fnstart
	.cfi_startproc
@ %bb.0:
	.pad	#16
	sub	sp, #16
	.cfi_def_cfa_offset 16
                                        @ kill: def $r3 killed $r1
	str	r0, [sp, #12]
	strb.w	r1, [sp, #11]
	str	r2, [sp, #4]
.Ltmp4:
	.loc	1 396 5 prologue_end            @ ../../libraries/sdk/drives\fsl_gpt.h:396:5
	ldrb.w	r0, [sp, #11]
	cmp	r0, #2
	bgt	.LBB1_2
	b	.LBB1_1
.LBB1_1:
	b	.LBB1_3
.LBB1_2:
	movw	r0, :lower16:.L.str
	movt	r0, :upper16:.L.str
	movw	r1, :lower16:.L.str.1
	movt	r1, :upper16:.L.str.1
	mov.w	r2, #396
	bl	__aeabi_assert
.LBB1_3:
	ldrb.w	r2, [sp, #11]
	.loc	1 398 36                        @ ../../libraries/sdk/drives\fsl_gpt.h:398:36
	ldr	r0, [sp, #4]
	.loc	1 398 5 is_stmt 0               @ ../../libraries/sdk/drives\fsl_gpt.h:398:5
	ldr	r1, [sp, #12]
	.loc	1 398 11                        @ ../../libraries/sdk/drives\fsl_gpt.h:398:11
	add.w	r1, r1, r2, lsl #2
	.loc	1 398 34                        @ ../../libraries/sdk/drives\fsl_gpt.h:398:34
	str	r0, [r1, #16]
	.loc	1 399 1 is_stmt 1               @ ../../libraries/sdk/drives\fsl_gpt.h:399:1
	add	sp, #16
	bx	lr
.Ltmp5:
.Lfunc_end1:
	.size	GPT_SetOutputCompareValue, .Lfunc_end1-GPT_SetOutputCompareValue
	.cfi_endproc
	.cantunwind
	.fnend
                                        @ -- End function
	.section	.text.GPT_StartTimer,"ax",%progbits
	.p2align	3                               @ -- Begin function GPT_StartTimer
	.type	GPT_StartTimer,%function
	.code	16                              @ @GPT_StartTimer
	.thumb_func
GPT_StartTimer:
.Lfunc_begin2:
	.loc	1 271 0                         @ ../../libraries/sdk/drives\fsl_gpt.h:271:0
	.fnstart
	.cfi_startproc
@ %bb.0:
	.pad	#4
	sub	sp, #4
	.cfi_def_cfa_offset 4
	str	r0, [sp]
.Ltmp6:
	.loc	1 272 5 prologue_end            @ ../../libraries/sdk/drives\fsl_gpt.h:272:5
	ldr	r1, [sp]
	.loc	1 272 14 is_stmt 0              @ ../../libraries/sdk/drives\fsl_gpt.h:272:14
	ldr	r0, [r1]
	orr	r0, r0, #1
	str	r0, [r1]
	.loc	1 273 1 is_stmt 1               @ ../../libraries/sdk/drives\fsl_gpt.h:273:1
	add	sp, #4
	bx	lr
.Ltmp7:
.Lfunc_end2:
	.size	GPT_StartTimer, .Lfunc_end2-GPT_StartTimer
	.cfi_endproc
	.cantunwind
	.fnend
                                        @ -- End function
	.section	.text.GPT_GetStatusFlags,"ax",%progbits
	.p2align	3                               @ -- Begin function GPT_GetStatusFlags
	.type	GPT_GetStatusFlags,%function
	.code	16                              @ @GPT_GetStatusFlags
	.thumb_func
GPT_GetStatusFlags:
.Lfunc_begin3:
	.loc	1 486 0                         @ ../../libraries/sdk/drives\fsl_gpt.h:486:0
	.fnstart
	.cfi_startproc
@ %bb.0:
	.pad	#8
	sub	sp, #8
	.cfi_def_cfa_offset 8
                                        @ kill: def $r2 killed $r1
	str	r0, [sp, #4]
	strb.w	r1, [sp, #3]
.Ltmp8:
	.loc	1 487 12 prologue_end           @ ../../libraries/sdk/drives\fsl_gpt.h:487:12
	ldr	r0, [sp, #4]
	.loc	1 487 18 is_stmt 0              @ ../../libraries/sdk/drives\fsl_gpt.h:487:18
	ldr	r0, [r0, #8]
	.loc	1 487 33                        @ ../../libraries/sdk/drives\fsl_gpt.h:487:33
	ldrb.w	r1, [sp, #3]
	.loc	1 487 21                        @ ../../libraries/sdk/drives\fsl_gpt.h:487:21
	ands	r0, r1
	.loc	1 487 5                         @ ../../libraries/sdk/drives\fsl_gpt.h:487:5
	add	sp, #8
	bx	lr
.Ltmp9:
.Lfunc_end3:
	.size	GPT_GetStatusFlags, .Lfunc_end3-GPT_GetStatusFlags
	.cfi_endproc
	.cantunwind
	.fnend
                                        @ -- End function
	.section	.text.GPT_ClearStatusFlags,"ax",%progbits
	.p2align	3                               @ -- Begin function GPT_ClearStatusFlags
	.type	GPT_ClearStatusFlags,%function
	.code	16                              @ @GPT_ClearStatusFlags
	.thumb_func
GPT_ClearStatusFlags:
.Lfunc_begin4:
	.loc	1 497 0 is_stmt 1               @ ../../libraries/sdk/drives\fsl_gpt.h:497:0
	.fnstart
	.cfi_startproc
@ %bb.0:
	.pad	#8
	sub	sp, #8
	.cfi_def_cfa_offset 8
                                        @ kill: def $r2 killed $r1
	str	r0, [sp, #4]
	strb.w	r1, [sp, #3]
.Ltmp10:
	.loc	1 498 26 prologue_end           @ ../../libraries/sdk/drives\fsl_gpt.h:498:26
	ldrb.w	r0, [sp, #3]
	.loc	1 498 5 is_stmt 0               @ ../../libraries/sdk/drives\fsl_gpt.h:498:5
	ldr	r1, [sp, #4]
	.loc	1 498 14                        @ ../../libraries/sdk/drives\fsl_gpt.h:498:14
	str	r0, [r1, #8]
	.loc	1 499 1 is_stmt 1               @ ../../libraries/sdk/drives\fsl_gpt.h:499:1
	add	sp, #8
	bx	lr
.Ltmp11:
.Lfunc_end4:
	.size	GPT_ClearStatusFlags, .Lfunc_end4-GPT_ClearStatusFlags
	.cfi_endproc
	.cantunwind
	.fnend
                                        @ -- End function
	.section	.text.GPT_StopTimer,"ax",%progbits
	.p2align	3                               @ -- Begin function GPT_StopTimer
	.type	GPT_StopTimer,%function
	.code	16                              @ @GPT_StopTimer
	.thumb_func
GPT_StopTimer:
.Lfunc_begin5:
	.loc	1 281 0                         @ ../../libraries/sdk/drives\fsl_gpt.h:281:0
	.fnstart
	.cfi_startproc
@ %bb.0:
	.pad	#4
	sub	sp, #4
	.cfi_def_cfa_offset 4
	str	r0, [sp]
.Ltmp12:
	.loc	1 282 5 prologue_end            @ ../../libraries/sdk/drives\fsl_gpt.h:282:5
	ldr	r1, [sp]
	.loc	1 282 14 is_stmt 0              @ ../../libraries/sdk/drives\fsl_gpt.h:282:14
	ldr	r0, [r1]
	bic	r0, r0, #1
	str	r0, [r1]
	.loc	1 283 1 is_stmt 1               @ ../../libraries/sdk/drives\fsl_gpt.h:283:1
	add	sp, #4
	bx	lr
.Ltmp13:
.Lfunc_end5:
	.size	GPT_StopTimer, .Lfunc_end5-GPT_StopTimer
	.cfi_endproc
	.cantunwind
	.fnend
                                        @ -- End function
	.section	.text.system_delay_us,"ax",%progbits
	.hidden	system_delay_us                 @ -- Begin function system_delay_us
	.globl	system_delay_us
	.p2align	3
	.type	system_delay_us,%function
	.code	16                              @ @system_delay_us
	.thumb_func
system_delay_us:
.Lfunc_begin6:
	.loc	4 71 0                          @ ../../libraries/zf_driver/zf_driver_delay.c:71:0
	.fnstart
	.cfi_startproc
@ %bb.0:
	.save	{r7, lr}
	push	{r7, lr}
	.cfi_def_cfa_offset 8
	.cfi_offset lr, -4
	.cfi_offset r7, -8
	.pad	#16
	sub	sp, #16
	.cfi_def_cfa_offset 24
	str	r0, [sp, #12]
.Ltmp14:
	.loc	4 72 5 prologue_end             @ ../../libraries/zf_driver/zf_driver_delay.c:72:5
	b	.LBB6_1
.LBB6_1:                                @ =>This Loop Header: Depth=1
                                        @     Child Loop BB6_3 Depth 2
	.loc	4 72 16 is_stmt 0               @ ../../libraries/zf_driver/zf_driver_delay.c:72:16
	ldr	r0, [sp, #12]
	subs	r1, r0, #1
	str	r1, [sp, #12]
	.loc	4 72 5                          @ ../../libraries/zf_driver/zf_driver_delay.c:72:5
	cbz	r0, .LBB6_6
	b	.LBB6_2
.LBB6_2:                                @   in Loop: Header=BB6_1 Depth=1
	.loc	4 0 5                           @ ../../libraries/zf_driver/zf_driver_delay.c:0:5
	movs	r0, #0
	movt	r0, #16415
	str	r0, [sp, #8]                    @ 4-byte Spill
	movs	r1, #0
	movs	r2, #24
.Ltmp15:
	.loc	4 74 9 is_stmt 1                @ ../../libraries/zf_driver/zf_driver_delay.c:74:9
	bl	GPT_SetOutputCompareValue
	ldr	r0, [sp, #8]                    @ 4-byte Reload
	.loc	4 75 9                          @ ../../libraries/zf_driver/zf_driver_delay.c:75:9
	bl	GPT_StartTimer
	.loc	4 76 9                          @ ../../libraries/zf_driver/zf_driver_delay.c:76:9
	b	.LBB6_3
.LBB6_3:                                @   Parent Loop BB6_1 Depth=1
                                        @ =>  This Inner Loop Header: Depth=2
	.loc	4 0 9 is_stmt 0                 @ ../../libraries/zf_driver/zf_driver_delay.c:0:9
	movs	r0, #0
	movt	r0, #16415
	movs	r1, #1
	.loc	4 76 16                         @ ../../libraries/zf_driver/zf_driver_delay.c:76:16
	bl	GPT_GetStatusFlags
	.loc	4 76 9                          @ ../../libraries/zf_driver/zf_driver_delay.c:76:9
	cbnz	r0, .LBB6_5
	b	.LBB6_4
.LBB6_4:                                @   in Loop: Header=BB6_3 Depth=2
	b	.LBB6_3
.LBB6_5:                                @   in Loop: Header=BB6_1 Depth=1
	.loc	4 0 9                           @ ../../libraries/zf_driver/zf_driver_delay.c:0:9
	movs	r0, #0
	movt	r0, #16415
	str	r0, [sp, #4]                    @ 4-byte Spill
	movs	r1, #1
	.loc	4 77 9 is_stmt 1                @ ../../libraries/zf_driver/zf_driver_delay.c:77:9
	bl	GPT_ClearStatusFlags
	ldr	r0, [sp, #4]                    @ 4-byte Reload
	.loc	4 78 9                          @ ../../libraries/zf_driver/zf_driver_delay.c:78:9
	bl	GPT_StopTimer
.Ltmp16:
	.loc	4 72 5                          @ ../../libraries/zf_driver/zf_driver_delay.c:72:5
	b	.LBB6_1
.LBB6_6:
	.loc	4 80 1                          @ ../../libraries/zf_driver/zf_driver_delay.c:80:1
	add	sp, #16
	pop	{r7, pc}
.Ltmp17:
.Lfunc_end6:
	.size	system_delay_us, .Lfunc_end6-system_delay_us
	.cfi_endproc
	.cantunwind
	.fnend
                                        @ -- End function
	.section	.text.system_delay_init,"ax",%progbits
	.hidden	system_delay_init               @ -- Begin function system_delay_init
	.globl	system_delay_init
	.p2align	3
	.type	system_delay_init,%function
	.code	16                              @ @system_delay_init
	.thumb_func
system_delay_init:
.Lfunc_begin7:
	.loc	4 89 0                          @ ../../libraries/zf_driver/zf_driver_delay.c:89:0
	.fnstart
	.cfi_startproc
@ %bb.0:
	.save	{r7, lr}
	push	{r7, lr}
	.cfi_def_cfa_offset 8
	.cfi_offset lr, -4
	.cfi_offset r7, -8
	.pad	#24
	sub	sp, #24
	.cfi_def_cfa_offset 32
	add	r0, sp, #8
.Ltmp18:
	.loc	4 92 5 prologue_end             @ ../../libraries/zf_driver/zf_driver_delay.c:92:5
	str	r0, [sp, #4]                    @ 4-byte Spill
	bl	GPT_GetDefaultConfig
	ldr	r1, [sp, #4]                    @ 4-byte Reload
	movs	r0, #5
	.loc	4 93 27                         @ ../../libraries/zf_driver/zf_driver_delay.c:93:27
	strb.w	r0, [sp, #8]
	movs	r0, #1
	.loc	4 94 23                         @ ../../libraries/zf_driver/zf_driver_delay.c:94:23
	str	r0, [sp, #12]
	movs	r0, #0
	movt	r0, #16415
	.loc	4 95 5                          @ ../../libraries/zf_driver/zf_driver_delay.c:95:5
	str	r0, [sp]                        @ 4-byte Spill
	bl	GPT_Init
	ldr	r0, [sp]                        @ 4-byte Reload
	.loc	4 96 5                          @ ../../libraries/zf_driver/zf_driver_delay.c:96:5
	bl	GPT_Deinit
	ldr	r0, [sp]                        @ 4-byte Reload
	ldr	r1, [sp, #4]                    @ 4-byte Reload
	.loc	4 97 5                          @ ../../libraries/zf_driver/zf_driver_delay.c:97:5
	bl	GPT_Init
	.loc	4 98 1                          @ ../../libraries/zf_driver/zf_driver_delay.c:98:1
	add	sp, #24
	pop	{r7, pc}
.Ltmp19:
.Lfunc_end7:
	.size	system_delay_init, .Lfunc_end7-system_delay_init
	.cfi_endproc
	.cantunwind
	.fnend
                                        @ -- End function
	.type	.L.str,%object                  @ @.str
	.section	.rodata.str1.1,"aMS",%progbits,1
.L.str:
	.asciz	"channel <= kGPT_OutputCompare_Channel3"
	.size	.L.str, 39

	.type	.L.str.1,%object                @ @.str.1
.L.str.1:
	.asciz	"../../libraries/sdk/drives\\fsl_gpt.h"
	.size	.L.str.1, 37

	.file	5 "E:\\FILE_SMART_CAR\\\346\231\272\350\203\275\350\247\206\350\247\211\\RT1064_Library-master\\RT1064_Library-master\\SeekFree_RT1064_Opensource_Library\\project\\mdk" "../../libraries/zf_common\\zf_common_typedef.h"
	.section	.debug_abbrev,"",%progbits
	.byte	1                               @ Abbreviation Code
	.byte	17                              @ DW_TAG_compile_unit
	.byte	1                               @ DW_CHILDREN_yes
	.byte	37                              @ DW_AT_producer
	.byte	14                              @ DW_FORM_strp
	.byte	19                              @ DW_AT_language
	.byte	5                               @ DW_FORM_data2
	.byte	3                               @ DW_AT_name
	.byte	14                              @ DW_FORM_strp
	.byte	16                              @ DW_AT_stmt_list
	.byte	23                              @ DW_FORM_sec_offset
	.byte	27                              @ DW_AT_comp_dir
	.byte	14                              @ DW_FORM_strp
	.byte	17                              @ DW_AT_low_pc
	.byte	1                               @ DW_FORM_addr
	.byte	85                              @ DW_AT_ranges
	.byte	23                              @ DW_FORM_sec_offset
	.byte	0                               @ EOM(1)
	.byte	0                               @ EOM(2)
	.byte	2                               @ Abbreviation Code
	.byte	52                              @ DW_TAG_variable
	.byte	0                               @ DW_CHILDREN_no
	.byte	73                              @ DW_AT_type
	.byte	19                              @ DW_FORM_ref4
	.byte	58                              @ DW_AT_decl_file
	.byte	11                              @ DW_FORM_data1
	.byte	59                              @ DW_AT_decl_line
	.byte	5                               @ DW_FORM_data2
	.byte	2                               @ DW_AT_location
	.byte	24                              @ DW_FORM_exprloc
	.byte	0                               @ EOM(1)
	.byte	0                               @ EOM(2)
	.byte	3                               @ Abbreviation Code
	.byte	1                               @ DW_TAG_array_type
	.byte	1                               @ DW_CHILDREN_yes
	.byte	73                              @ DW_AT_type
	.byte	19                              @ DW_FORM_ref4
	.byte	0                               @ EOM(1)
	.byte	0                               @ EOM(2)
	.byte	4                               @ Abbreviation Code
	.byte	33                              @ DW_TAG_subrange_type
	.byte	0                               @ DW_CHILDREN_no
	.byte	73                              @ DW_AT_type
	.byte	19                              @ DW_FORM_ref4
	.byte	55                              @ DW_AT_count
	.byte	11                              @ DW_FORM_data1
	.byte	0                               @ EOM(1)
	.byte	0                               @ EOM(2)
	.byte	5                               @ Abbreviation Code
	.byte	36                              @ DW_TAG_base_type
	.byte	0                               @ DW_CHILDREN_no
	.byte	3                               @ DW_AT_name
	.byte	14                              @ DW_FORM_strp
	.byte	62                              @ DW_AT_encoding
	.byte	11                              @ DW_FORM_data1
	.byte	11                              @ DW_AT_byte_size
	.byte	11                              @ DW_FORM_data1
	.byte	0                               @ EOM(1)
	.byte	0                               @ EOM(2)
	.byte	6                               @ Abbreviation Code
	.byte	36                              @ DW_TAG_base_type
	.byte	0                               @ DW_CHILDREN_no
	.byte	3                               @ DW_AT_name
	.byte	14                              @ DW_FORM_strp
	.byte	11                              @ DW_AT_byte_size
	.byte	11                              @ DW_FORM_data1
	.byte	62                              @ DW_AT_encoding
	.byte	11                              @ DW_FORM_data1
	.byte	0                               @ EOM(1)
	.byte	0                               @ EOM(2)
	.byte	7                               @ Abbreviation Code
	.byte	4                               @ DW_TAG_enumeration_type
	.byte	1                               @ DW_CHILDREN_yes
	.byte	73                              @ DW_AT_type
	.byte	19                              @ DW_FORM_ref4
	.byte	3                               @ DW_AT_name
	.byte	14                              @ DW_FORM_strp
	.byte	11                              @ DW_AT_byte_size
	.byte	11                              @ DW_FORM_data1
	.byte	58                              @ DW_AT_decl_file
	.byte	11                              @ DW_FORM_data1
	.byte	59                              @ DW_AT_decl_line
	.byte	11                              @ DW_FORM_data1
	.byte	0                               @ EOM(1)
	.byte	0                               @ EOM(2)
	.byte	8                               @ Abbreviation Code
	.byte	40                              @ DW_TAG_enumerator
	.byte	0                               @ DW_CHILDREN_no
	.byte	3                               @ DW_AT_name
	.byte	14                              @ DW_FORM_strp
	.byte	28                              @ DW_AT_const_value
	.byte	15                              @ DW_FORM_udata
	.byte	0                               @ EOM(1)
	.byte	0                               @ EOM(2)
	.byte	9                               @ Abbreviation Code
	.byte	15                              @ DW_TAG_pointer_type
	.byte	0                               @ DW_CHILDREN_no
	.byte	73                              @ DW_AT_type
	.byte	19                              @ DW_FORM_ref4
	.byte	0                               @ EOM(1)
	.byte	0                               @ EOM(2)
	.byte	10                              @ Abbreviation Code
	.byte	22                              @ DW_TAG_typedef
	.byte	0                               @ DW_CHILDREN_no
	.byte	73                              @ DW_AT_type
	.byte	19                              @ DW_FORM_ref4
	.byte	3                               @ DW_AT_name
	.byte	14                              @ DW_FORM_strp
	.byte	58                              @ DW_AT_decl_file
	.byte	11                              @ DW_FORM_data1
	.byte	59                              @ DW_AT_decl_line
	.byte	5                               @ DW_FORM_data2
	.byte	0                               @ EOM(1)
	.byte	0                               @ EOM(2)
	.byte	11                              @ Abbreviation Code
	.byte	19                              @ DW_TAG_structure_type
	.byte	1                               @ DW_CHILDREN_yes
	.byte	11                              @ DW_AT_byte_size
	.byte	11                              @ DW_FORM_data1
	.byte	58                              @ DW_AT_decl_file
	.byte	11                              @ DW_FORM_data1
	.byte	59                              @ DW_AT_decl_line
	.byte	5                               @ DW_FORM_data2
	.byte	0                               @ EOM(1)
	.byte	0                               @ EOM(2)
	.byte	12                              @ Abbreviation Code
	.byte	13                              @ DW_TAG_member
	.byte	0                               @ DW_CHILDREN_no
	.byte	3                               @ DW_AT_name
	.byte	14                              @ DW_FORM_strp
	.byte	73                              @ DW_AT_type
	.byte	19                              @ DW_FORM_ref4
	.byte	58                              @ DW_AT_decl_file
	.byte	11                              @ DW_FORM_data1
	.byte	59                              @ DW_AT_decl_line
	.byte	5                               @ DW_FORM_data2
	.byte	56                              @ DW_AT_data_member_location
	.byte	11                              @ DW_FORM_data1
	.byte	0                               @ EOM(1)
	.byte	0                               @ EOM(2)
	.byte	13                              @ Abbreviation Code
	.byte	53                              @ DW_TAG_volatile_type
	.byte	0                               @ DW_CHILDREN_no
	.byte	73                              @ DW_AT_type
	.byte	19                              @ DW_FORM_ref4
	.byte	0                               @ EOM(1)
	.byte	0                               @ EOM(2)
	.byte	14                              @ Abbreviation Code
	.byte	22                              @ DW_TAG_typedef
	.byte	0                               @ DW_CHILDREN_no
	.byte	73                              @ DW_AT_type
	.byte	19                              @ DW_FORM_ref4
	.byte	3                               @ DW_AT_name
	.byte	14                              @ DW_FORM_strp
	.byte	58                              @ DW_AT_decl_file
	.byte	11                              @ DW_FORM_data1
	.byte	59                              @ DW_AT_decl_line
	.byte	11                              @ DW_FORM_data1
	.byte	0                               @ EOM(1)
	.byte	0                               @ EOM(2)
	.byte	15                              @ Abbreviation Code
	.byte	38                              @ DW_TAG_const_type
	.byte	0                               @ DW_CHILDREN_no
	.byte	73                              @ DW_AT_type
	.byte	19                              @ DW_FORM_ref4
	.byte	0                               @ EOM(1)
	.byte	0                               @ EOM(2)
	.byte	16                              @ Abbreviation Code
	.byte	46                              @ DW_TAG_subprogram
	.byte	1                               @ DW_CHILDREN_yes
	.byte	17                              @ DW_AT_low_pc
	.byte	1                               @ DW_FORM_addr
	.byte	18                              @ DW_AT_high_pc
	.byte	6                               @ DW_FORM_data4
	.byte	64                              @ DW_AT_frame_base
	.byte	24                              @ DW_FORM_exprloc
	.byte	3                               @ DW_AT_name
	.byte	14                              @ DW_FORM_strp
	.byte	58                              @ DW_AT_decl_file
	.byte	11                              @ DW_FORM_data1
	.byte	59                              @ DW_AT_decl_line
	.byte	11                              @ DW_FORM_data1
	.byte	39                              @ DW_AT_prototyped
	.byte	25                              @ DW_FORM_flag_present
	.byte	63                              @ DW_AT_external
	.byte	25                              @ DW_FORM_flag_present
	.byte	0                               @ EOM(1)
	.byte	0                               @ EOM(2)
	.byte	17                              @ Abbreviation Code
	.byte	5                               @ DW_TAG_formal_parameter
	.byte	0                               @ DW_CHILDREN_no
	.byte	2                               @ DW_AT_location
	.byte	24                              @ DW_FORM_exprloc
	.byte	3                               @ DW_AT_name
	.byte	14                              @ DW_FORM_strp
	.byte	58                              @ DW_AT_decl_file
	.byte	11                              @ DW_FORM_data1
	.byte	59                              @ DW_AT_decl_line
	.byte	11                              @ DW_FORM_data1
	.byte	73                              @ DW_AT_type
	.byte	19                              @ DW_FORM_ref4
	.byte	0                               @ EOM(1)
	.byte	0                               @ EOM(2)
	.byte	18                              @ Abbreviation Code
	.byte	46                              @ DW_TAG_subprogram
	.byte	1                               @ DW_CHILDREN_yes
	.byte	17                              @ DW_AT_low_pc
	.byte	1                               @ DW_FORM_addr
	.byte	18                              @ DW_AT_high_pc
	.byte	6                               @ DW_FORM_data4
	.byte	64                              @ DW_AT_frame_base
	.byte	24                              @ DW_FORM_exprloc
	.byte	3                               @ DW_AT_name
	.byte	14                              @ DW_FORM_strp
	.byte	58                              @ DW_AT_decl_file
	.byte	11                              @ DW_FORM_data1
	.byte	59                              @ DW_AT_decl_line
	.byte	5                               @ DW_FORM_data2
	.byte	39                              @ DW_AT_prototyped
	.byte	25                              @ DW_FORM_flag_present
	.byte	0                               @ EOM(1)
	.byte	0                               @ EOM(2)
	.byte	19                              @ Abbreviation Code
	.byte	5                               @ DW_TAG_formal_parameter
	.byte	0                               @ DW_CHILDREN_no
	.byte	2                               @ DW_AT_location
	.byte	24                              @ DW_FORM_exprloc
	.byte	3                               @ DW_AT_name
	.byte	14                              @ DW_FORM_strp
	.byte	58                              @ DW_AT_decl_file
	.byte	11                              @ DW_FORM_data1
	.byte	59                              @ DW_AT_decl_line
	.byte	5                               @ DW_FORM_data2
	.byte	73                              @ DW_AT_type
	.byte	19                              @ DW_FORM_ref4
	.byte	0                               @ EOM(1)
	.byte	0                               @ EOM(2)
	.byte	20                              @ Abbreviation Code
	.byte	46                              @ DW_TAG_subprogram
	.byte	1                               @ DW_CHILDREN_yes
	.byte	17                              @ DW_AT_low_pc
	.byte	1                               @ DW_FORM_addr
	.byte	18                              @ DW_AT_high_pc
	.byte	6                               @ DW_FORM_data4
	.byte	64                              @ DW_AT_frame_base
	.byte	24                              @ DW_FORM_exprloc
	.byte	3                               @ DW_AT_name
	.byte	14                              @ DW_FORM_strp
	.byte	58                              @ DW_AT_decl_file
	.byte	11                              @ DW_FORM_data1
	.byte	59                              @ DW_AT_decl_line
	.byte	5                               @ DW_FORM_data2
	.byte	39                              @ DW_AT_prototyped
	.byte	25                              @ DW_FORM_flag_present
	.byte	73                              @ DW_AT_type
	.byte	19                              @ DW_FORM_ref4
	.byte	0                               @ EOM(1)
	.byte	0                               @ EOM(2)
	.byte	21                              @ Abbreviation Code
	.byte	52                              @ DW_TAG_variable
	.byte	0                               @ DW_CHILDREN_no
	.byte	2                               @ DW_AT_location
	.byte	24                              @ DW_FORM_exprloc
	.byte	3                               @ DW_AT_name
	.byte	14                              @ DW_FORM_strp
	.byte	58                              @ DW_AT_decl_file
	.byte	11                              @ DW_FORM_data1
	.byte	59                              @ DW_AT_decl_line
	.byte	11                              @ DW_FORM_data1
	.byte	73                              @ DW_AT_type
	.byte	19                              @ DW_FORM_ref4
	.byte	0                               @ EOM(1)
	.byte	0                               @ EOM(2)
	.byte	22                              @ Abbreviation Code
	.byte	19                              @ DW_TAG_structure_type
	.byte	1                               @ DW_CHILDREN_yes
	.byte	3                               @ DW_AT_name
	.byte	14                              @ DW_FORM_strp
	.byte	11                              @ DW_AT_byte_size
	.byte	11                              @ DW_FORM_data1
	.byte	58                              @ DW_AT_decl_file
	.byte	11                              @ DW_FORM_data1
	.byte	59                              @ DW_AT_decl_line
	.byte	11                              @ DW_FORM_data1
	.byte	0                               @ EOM(1)
	.byte	0                               @ EOM(2)
	.byte	23                              @ Abbreviation Code
	.byte	13                              @ DW_TAG_member
	.byte	0                               @ DW_CHILDREN_no
	.byte	3                               @ DW_AT_name
	.byte	14                              @ DW_FORM_strp
	.byte	73                              @ DW_AT_type
	.byte	19                              @ DW_FORM_ref4
	.byte	58                              @ DW_AT_decl_file
	.byte	11                              @ DW_FORM_data1
	.byte	59                              @ DW_AT_decl_line
	.byte	11                              @ DW_FORM_data1
	.byte	56                              @ DW_AT_data_member_location
	.byte	11                              @ DW_FORM_data1
	.byte	0                               @ EOM(1)
	.byte	0                               @ EOM(2)
	.byte	0                               @ EOM(3)
	.section	.debug_info,"",%progbits
.Lcu_begin0:
	.long	.Ldebug_info_end0-.Ldebug_info_start0 @ Length of Unit
.Ldebug_info_start0:
	.short	4                               @ DWARF version number
	.long	.debug_abbrev                   @ Offset Into Abbrev. Section
	.byte	4                               @ Address Size (in bytes)
	.byte	1                               @ Abbrev [1] 0xb:0x37d DW_TAG_compile_unit
	.long	.Linfo_string0                  @ DW_AT_producer
	.short	12                              @ DW_AT_language
	.long	.Linfo_string1                  @ DW_AT_name
	.long	.Lline_table_start0             @ DW_AT_stmt_list
	.long	.Linfo_string2                  @ DW_AT_comp_dir
	.long	0                               @ DW_AT_low_pc
	.long	.Ldebug_ranges0                 @ DW_AT_ranges
	.byte	2                               @ Abbrev [2] 0x26:0xe DW_TAG_variable
	.long	52                              @ DW_AT_type
	.byte	1                               @ DW_AT_decl_file
	.short	396                             @ DW_AT_decl_line
	.byte	5                               @ DW_AT_location
	.byte	3
	.long	.L.str
	.byte	3                               @ Abbrev [3] 0x34:0xc DW_TAG_array_type
	.long	64                              @ DW_AT_type
	.byte	4                               @ Abbrev [4] 0x39:0x6 DW_TAG_subrange_type
	.long	71                              @ DW_AT_type
	.byte	39                              @ DW_AT_count
	.byte	0                               @ End Of Children Mark
	.byte	5                               @ Abbrev [5] 0x40:0x7 DW_TAG_base_type
	.long	.Linfo_string3                  @ DW_AT_name
	.byte	6                               @ DW_AT_encoding
	.byte	1                               @ DW_AT_byte_size
	.byte	6                               @ Abbrev [6] 0x47:0x7 DW_TAG_base_type
	.long	.Linfo_string4                  @ DW_AT_name
	.byte	8                               @ DW_AT_byte_size
	.byte	7                               @ DW_AT_encoding
	.byte	2                               @ Abbrev [2] 0x4e:0xe DW_TAG_variable
	.long	92                              @ DW_AT_type
	.byte	1                               @ DW_AT_decl_file
	.short	396                             @ DW_AT_decl_line
	.byte	5                               @ DW_AT_location
	.byte	3
	.long	.L.str.1
	.byte	3                               @ Abbrev [3] 0x5c:0xc DW_TAG_array_type
	.long	64                              @ DW_AT_type
	.byte	4                               @ Abbrev [4] 0x61:0x6 DW_TAG_subrange_type
	.long	71                              @ DW_AT_type
	.byte	37                              @ DW_AT_count
	.byte	0                               @ End Of Children Mark
	.byte	7                               @ Abbrev [7] 0x68:0x1f DW_TAG_enumeration_type
	.long	135                             @ DW_AT_type
	.long	.Linfo_string9                  @ DW_AT_name
	.byte	1                               @ DW_AT_byte_size
	.byte	1                               @ DW_AT_decl_file
	.byte	59                              @ DW_AT_decl_line
	.byte	8                               @ Abbrev [8] 0x74:0x6 DW_TAG_enumerator
	.long	.Linfo_string6                  @ DW_AT_name
	.byte	0                               @ DW_AT_const_value
	.byte	8                               @ Abbrev [8] 0x7a:0x6 DW_TAG_enumerator
	.long	.Linfo_string7                  @ DW_AT_name
	.byte	1                               @ DW_AT_const_value
	.byte	8                               @ Abbrev [8] 0x80:0x6 DW_TAG_enumerator
	.long	.Linfo_string8                  @ DW_AT_name
	.byte	2                               @ DW_AT_const_value
	.byte	0                               @ End Of Children Mark
	.byte	5                               @ Abbrev [5] 0x87:0x7 DW_TAG_base_type
	.long	.Linfo_string5                  @ DW_AT_name
	.byte	8                               @ DW_AT_encoding
	.byte	1                               @ DW_AT_byte_size
	.byte	7                               @ Abbrev [7] 0x8e:0x31 DW_TAG_enumeration_type
	.long	135                             @ DW_AT_type
	.long	.Linfo_string16                 @ DW_AT_name
	.byte	1                               @ DW_AT_byte_size
	.byte	1                               @ DW_AT_decl_file
	.byte	88                              @ DW_AT_decl_line
	.byte	8                               @ Abbrev [8] 0x9a:0x6 DW_TAG_enumerator
	.long	.Linfo_string10                 @ DW_AT_name
	.byte	1                               @ DW_AT_const_value
	.byte	8                               @ Abbrev [8] 0xa0:0x6 DW_TAG_enumerator
	.long	.Linfo_string11                 @ DW_AT_name
	.byte	2                               @ DW_AT_const_value
	.byte	8                               @ Abbrev [8] 0xa6:0x6 DW_TAG_enumerator
	.long	.Linfo_string12                 @ DW_AT_name
	.byte	4                               @ DW_AT_const_value
	.byte	8                               @ Abbrev [8] 0xac:0x6 DW_TAG_enumerator
	.long	.Linfo_string13                 @ DW_AT_name
	.byte	8                               @ DW_AT_const_value
	.byte	8                               @ Abbrev [8] 0xb2:0x6 DW_TAG_enumerator
	.long	.Linfo_string14                 @ DW_AT_name
	.byte	16                              @ DW_AT_const_value
	.byte	8                               @ Abbrev [8] 0xb8:0x6 DW_TAG_enumerator
	.long	.Linfo_string15                 @ DW_AT_name
	.byte	32                              @ DW_AT_const_value
	.byte	0                               @ End Of Children Mark
	.byte	7                               @ Abbrev [7] 0xbf:0x31 DW_TAG_enumeration_type
	.long	135                             @ DW_AT_type
	.long	.Linfo_string23                 @ DW_AT_name
	.byte	1                               @ DW_AT_byte_size
	.byte	1                               @ DW_AT_decl_file
	.byte	32                              @ DW_AT_decl_line
	.byte	8                               @ Abbrev [8] 0xcb:0x6 DW_TAG_enumerator
	.long	.Linfo_string17                 @ DW_AT_name
	.byte	0                               @ DW_AT_const_value
	.byte	8                               @ Abbrev [8] 0xd1:0x6 DW_TAG_enumerator
	.long	.Linfo_string18                 @ DW_AT_name
	.byte	1                               @ DW_AT_const_value
	.byte	8                               @ Abbrev [8] 0xd7:0x6 DW_TAG_enumerator
	.long	.Linfo_string19                 @ DW_AT_name
	.byte	2                               @ DW_AT_const_value
	.byte	8                               @ Abbrev [8] 0xdd:0x6 DW_TAG_enumerator
	.long	.Linfo_string20                 @ DW_AT_name
	.byte	3                               @ DW_AT_const_value
	.byte	8                               @ Abbrev [8] 0xe3:0x6 DW_TAG_enumerator
	.long	.Linfo_string21                 @ DW_AT_name
	.byte	4                               @ DW_AT_const_value
	.byte	8                               @ Abbrev [8] 0xe9:0x6 DW_TAG_enumerator
	.long	.Linfo_string22                 @ DW_AT_name
	.byte	5                               @ DW_AT_const_value
	.byte	0                               @ End Of Children Mark
	.byte	9                               @ Abbrev [9] 0xf0:0x5 DW_TAG_pointer_type
	.long	245                             @ DW_AT_type
	.byte	10                              @ Abbrev [10] 0xf5:0xc DW_TAG_typedef
	.long	257                             @ DW_AT_type
	.long	.Linfo_string33                 @ DW_AT_name
	.byte	3                               @ DW_AT_decl_file
	.short	24802                           @ DW_AT_decl_line
	.byte	11                              @ Abbrev [11] 0x101:0x61 DW_TAG_structure_type
	.byte	40                              @ DW_AT_byte_size
	.byte	3                               @ DW_AT_decl_file
	.short	24794                           @ DW_AT_decl_line
	.byte	12                              @ Abbrev [12] 0x106:0xd DW_TAG_member
	.long	.Linfo_string24                 @ DW_AT_name
	.long	354                             @ DW_AT_type
	.byte	3                               @ DW_AT_decl_file
	.short	24795                           @ DW_AT_decl_line
	.byte	0                               @ DW_AT_data_member_location
	.byte	12                              @ Abbrev [12] 0x113:0xd DW_TAG_member
	.long	.Linfo_string27                 @ DW_AT_name
	.long	354                             @ DW_AT_type
	.byte	3                               @ DW_AT_decl_file
	.short	24796                           @ DW_AT_decl_line
	.byte	4                               @ DW_AT_data_member_location
	.byte	12                              @ Abbrev [12] 0x120:0xd DW_TAG_member
	.long	.Linfo_string28                 @ DW_AT_name
	.long	354                             @ DW_AT_type
	.byte	3                               @ DW_AT_decl_file
	.short	24797                           @ DW_AT_decl_line
	.byte	8                               @ DW_AT_data_member_location
	.byte	12                              @ Abbrev [12] 0x12d:0xd DW_TAG_member
	.long	.Linfo_string29                 @ DW_AT_name
	.long	354                             @ DW_AT_type
	.byte	3                               @ DW_AT_decl_file
	.short	24798                           @ DW_AT_decl_line
	.byte	12                              @ DW_AT_data_member_location
	.byte	12                              @ Abbrev [12] 0x13a:0xd DW_TAG_member
	.long	.Linfo_string30                 @ DW_AT_name
	.long	377                             @ DW_AT_type
	.byte	3                               @ DW_AT_decl_file
	.short	24799                           @ DW_AT_decl_line
	.byte	16                              @ DW_AT_data_member_location
	.byte	12                              @ Abbrev [12] 0x147:0xd DW_TAG_member
	.long	.Linfo_string31                 @ DW_AT_name
	.long	389                             @ DW_AT_type
	.byte	3                               @ DW_AT_decl_file
	.short	24800                           @ DW_AT_decl_line
	.byte	28                              @ DW_AT_data_member_location
	.byte	12                              @ Abbrev [12] 0x154:0xd DW_TAG_member
	.long	.Linfo_string32                 @ DW_AT_name
	.long	401                             @ DW_AT_type
	.byte	3                               @ DW_AT_decl_file
	.short	24801                           @ DW_AT_decl_line
	.byte	36                              @ DW_AT_data_member_location
	.byte	0                               @ End Of Children Mark
	.byte	13                              @ Abbrev [13] 0x162:0x5 DW_TAG_volatile_type
	.long	359                             @ DW_AT_type
	.byte	14                              @ Abbrev [14] 0x167:0xb DW_TAG_typedef
	.long	370                             @ DW_AT_type
	.long	.Linfo_string26                 @ DW_AT_name
	.byte	2                               @ DW_AT_decl_file
	.byte	64                              @ DW_AT_decl_line
	.byte	5                               @ Abbrev [5] 0x172:0x7 DW_TAG_base_type
	.long	.Linfo_string25                 @ DW_AT_name
	.byte	7                               @ DW_AT_encoding
	.byte	4                               @ DW_AT_byte_size
	.byte	3                               @ Abbrev [3] 0x179:0xc DW_TAG_array_type
	.long	354                             @ DW_AT_type
	.byte	4                               @ Abbrev [4] 0x17e:0x6 DW_TAG_subrange_type
	.long	71                              @ DW_AT_type
	.byte	3                               @ DW_AT_count
	.byte	0                               @ End Of Children Mark
	.byte	3                               @ Abbrev [3] 0x185:0xc DW_TAG_array_type
	.long	401                             @ DW_AT_type
	.byte	4                               @ Abbrev [4] 0x18a:0x6 DW_TAG_subrange_type
	.long	71                              @ DW_AT_type
	.byte	2                               @ DW_AT_count
	.byte	0                               @ End Of Children Mark
	.byte	15                              @ Abbrev [15] 0x191:0x5 DW_TAG_const_type
	.long	354                             @ DW_AT_type
	.byte	16                              @ Abbrev [16] 0x196:0x20 DW_TAG_subprogram
	.long	.Lfunc_begin0                   @ DW_AT_low_pc
	.long	.Lfunc_end0-.Lfunc_begin0       @ DW_AT_high_pc
	.byte	1                               @ DW_AT_frame_base
	.byte	93
	.long	.Linfo_string34                 @ DW_AT_name
	.byte	4                               @ DW_AT_decl_file
	.byte	51                              @ DW_AT_decl_line
                                        @ DW_AT_prototyped
                                        @ DW_AT_external
	.byte	17                              @ Abbrev [17] 0x1a7:0xe DW_TAG_formal_parameter
	.byte	2                               @ DW_AT_location
	.byte	145
	.byte	12
	.long	.Linfo_string42                 @ DW_AT_name
	.byte	4                               @ DW_AT_decl_file
	.byte	51                              @ DW_AT_decl_line
	.long	736                             @ DW_AT_type
	.byte	0                               @ End Of Children Mark
	.byte	18                              @ Abbrev [18] 0x1b6:0x40 DW_TAG_subprogram
	.long	.Lfunc_begin1                   @ DW_AT_low_pc
	.long	.Lfunc_end1-.Lfunc_begin1       @ DW_AT_high_pc
	.byte	1                               @ DW_AT_frame_base
	.byte	93
	.long	.Linfo_string35                 @ DW_AT_name
	.byte	1                               @ DW_AT_decl_file
	.short	394                             @ DW_AT_decl_line
                                        @ DW_AT_prototyped
	.byte	19                              @ Abbrev [19] 0x1c8:0xf DW_TAG_formal_parameter
	.byte	2                               @ DW_AT_location
	.byte	145
	.byte	12
	.long	.Linfo_string44                 @ DW_AT_name
	.byte	1                               @ DW_AT_decl_file
	.short	394                             @ DW_AT_decl_line
	.long	240                             @ DW_AT_type
	.byte	19                              @ Abbrev [19] 0x1d7:0xf DW_TAG_formal_parameter
	.byte	2                               @ DW_AT_location
	.byte	145
	.byte	11
	.long	.Linfo_string45                 @ DW_AT_name
	.byte	1                               @ DW_AT_decl_file
	.short	394                             @ DW_AT_decl_line
	.long	747                             @ DW_AT_type
	.byte	19                              @ Abbrev [19] 0x1e6:0xf DW_TAG_formal_parameter
	.byte	2                               @ DW_AT_location
	.byte	145
	.byte	4
	.long	.Linfo_string47                 @ DW_AT_name
	.byte	1                               @ DW_AT_decl_file
	.short	394                             @ DW_AT_decl_line
	.long	359                             @ DW_AT_type
	.byte	0                               @ End Of Children Mark
	.byte	18                              @ Abbrev [18] 0x1f6:0x22 DW_TAG_subprogram
	.long	.Lfunc_begin2                   @ DW_AT_low_pc
	.long	.Lfunc_end2-.Lfunc_begin2       @ DW_AT_high_pc
	.byte	1                               @ DW_AT_frame_base
	.byte	93
	.long	.Linfo_string36                 @ DW_AT_name
	.byte	1                               @ DW_AT_decl_file
	.short	270                             @ DW_AT_decl_line
                                        @ DW_AT_prototyped
	.byte	19                              @ Abbrev [19] 0x208:0xf DW_TAG_formal_parameter
	.byte	2                               @ DW_AT_location
	.byte	145
	.byte	0
	.long	.Linfo_string44                 @ DW_AT_name
	.byte	1                               @ DW_AT_decl_file
	.short	270                             @ DW_AT_decl_line
	.long	240                             @ DW_AT_type
	.byte	0                               @ End Of Children Mark
	.byte	20                              @ Abbrev [20] 0x218:0x35 DW_TAG_subprogram
	.long	.Lfunc_begin3                   @ DW_AT_low_pc
	.long	.Lfunc_end3-.Lfunc_begin3       @ DW_AT_high_pc
	.byte	1                               @ DW_AT_frame_base
	.byte	93
	.long	.Linfo_string37                 @ DW_AT_name
	.byte	1                               @ DW_AT_decl_file
	.short	485                             @ DW_AT_decl_line
                                        @ DW_AT_prototyped
	.long	359                             @ DW_AT_type
	.byte	19                              @ Abbrev [19] 0x22e:0xf DW_TAG_formal_parameter
	.byte	2                               @ DW_AT_location
	.byte	145
	.byte	4
	.long	.Linfo_string44                 @ DW_AT_name
	.byte	1                               @ DW_AT_decl_file
	.short	485                             @ DW_AT_decl_line
	.long	240                             @ DW_AT_type
	.byte	19                              @ Abbrev [19] 0x23d:0xf DW_TAG_formal_parameter
	.byte	2                               @ DW_AT_location
	.byte	145
	.byte	3
	.long	.Linfo_string48                 @ DW_AT_name
	.byte	1                               @ DW_AT_decl_file
	.short	485                             @ DW_AT_decl_line
	.long	758                             @ DW_AT_type
	.byte	0                               @ End Of Children Mark
	.byte	18                              @ Abbrev [18] 0x24d:0x31 DW_TAG_subprogram
	.long	.Lfunc_begin4                   @ DW_AT_low_pc
	.long	.Lfunc_end4-.Lfunc_begin4       @ DW_AT_high_pc
	.byte	1                               @ DW_AT_frame_base
	.byte	93
	.long	.Linfo_string38                 @ DW_AT_name
	.byte	1                               @ DW_AT_decl_file
	.short	496                             @ DW_AT_decl_line
                                        @ DW_AT_prototyped
	.byte	19                              @ Abbrev [19] 0x25f:0xf DW_TAG_formal_parameter
	.byte	2                               @ DW_AT_location
	.byte	145
	.byte	4
	.long	.Linfo_string44                 @ DW_AT_name
	.byte	1                               @ DW_AT_decl_file
	.short	496                             @ DW_AT_decl_line
	.long	240                             @ DW_AT_type
	.byte	19                              @ Abbrev [19] 0x26e:0xf DW_TAG_formal_parameter
	.byte	2                               @ DW_AT_location
	.byte	145
	.byte	3
	.long	.Linfo_string48                 @ DW_AT_name
	.byte	1                               @ DW_AT_decl_file
	.short	496                             @ DW_AT_decl_line
	.long	758                             @ DW_AT_type
	.byte	0                               @ End Of Children Mark
	.byte	18                              @ Abbrev [18] 0x27e:0x22 DW_TAG_subprogram
	.long	.Lfunc_begin5                   @ DW_AT_low_pc
	.long	.Lfunc_end5-.Lfunc_begin5       @ DW_AT_high_pc
	.byte	1                               @ DW_AT_frame_base
	.byte	93
	.long	.Linfo_string39                 @ DW_AT_name
	.byte	1                               @ DW_AT_decl_file
	.short	280                             @ DW_AT_decl_line
                                        @ DW_AT_prototyped
	.byte	19                              @ Abbrev [19] 0x290:0xf DW_TAG_formal_parameter
	.byte	2                               @ DW_AT_location
	.byte	145
	.byte	0
	.long	.Linfo_string44                 @ DW_AT_name
	.byte	1                               @ DW_AT_decl_file
	.short	280                             @ DW_AT_decl_line
	.long	240                             @ DW_AT_type
	.byte	0                               @ End Of Children Mark
	.byte	16                              @ Abbrev [16] 0x2a0:0x20 DW_TAG_subprogram
	.long	.Lfunc_begin6                   @ DW_AT_low_pc
	.long	.Lfunc_end6-.Lfunc_begin6       @ DW_AT_high_pc
	.byte	1                               @ DW_AT_frame_base
	.byte	93
	.long	.Linfo_string40                 @ DW_AT_name
	.byte	4                               @ DW_AT_decl_file
	.byte	70                              @ DW_AT_decl_line
                                        @ DW_AT_prototyped
                                        @ DW_AT_external
	.byte	17                              @ Abbrev [17] 0x2b1:0xe DW_TAG_formal_parameter
	.byte	2                               @ DW_AT_location
	.byte	145
	.byte	12
	.long	.Linfo_string42                 @ DW_AT_name
	.byte	4                               @ DW_AT_decl_file
	.byte	70                              @ DW_AT_decl_line
	.long	736                             @ DW_AT_type
	.byte	0                               @ End Of Children Mark
	.byte	16                              @ Abbrev [16] 0x2c0:0x20 DW_TAG_subprogram
	.long	.Lfunc_begin7                   @ DW_AT_low_pc
	.long	.Lfunc_end7-.Lfunc_begin7       @ DW_AT_high_pc
	.byte	1                               @ DW_AT_frame_base
	.byte	93
	.long	.Linfo_string41                 @ DW_AT_name
	.byte	4                               @ DW_AT_decl_file
	.byte	88                              @ DW_AT_decl_line
                                        @ DW_AT_prototyped
                                        @ DW_AT_external
	.byte	21                              @ Abbrev [21] 0x2d1:0xe DW_TAG_variable
	.byte	2                               @ DW_AT_location
	.byte	145
	.byte	8
	.long	.Linfo_string50                 @ DW_AT_name
	.byte	4                               @ DW_AT_decl_file
	.byte	90                              @ DW_AT_decl_line
	.long	769                             @ DW_AT_type
	.byte	0                               @ End Of Children Mark
	.byte	14                              @ Abbrev [14] 0x2e0:0xb DW_TAG_typedef
	.long	370                             @ DW_AT_type
	.long	.Linfo_string43                 @ DW_AT_name
	.byte	5                               @ DW_AT_decl_file
	.byte	57                              @ DW_AT_decl_line
	.byte	14                              @ Abbrev [14] 0x2eb:0xb DW_TAG_typedef
	.long	104                             @ DW_AT_type
	.long	.Linfo_string46                 @ DW_AT_name
	.byte	1                               @ DW_AT_decl_file
	.byte	64                              @ DW_AT_decl_line
	.byte	14                              @ Abbrev [14] 0x2f6:0xb DW_TAG_typedef
	.long	142                             @ DW_AT_type
	.long	.Linfo_string49                 @ DW_AT_name
	.byte	1                               @ DW_AT_decl_file
	.byte	96                              @ DW_AT_decl_line
	.byte	14                              @ Abbrev [14] 0x301:0xb DW_TAG_typedef
	.long	780                             @ DW_AT_type
	.long	.Linfo_string62                 @ DW_AT_name
	.byte	1                               @ DW_AT_decl_file
	.byte	110                             @ DW_AT_decl_line
	.byte	22                              @ Abbrev [22] 0x30c:0x69 DW_TAG_structure_type
	.long	.Linfo_string61                 @ DW_AT_name
	.byte	16                              @ DW_AT_byte_size
	.byte	1                               @ DW_AT_decl_file
	.byte	99                              @ DW_AT_decl_line
	.byte	23                              @ Abbrev [23] 0x314:0xc DW_TAG_member
	.long	.Linfo_string51                 @ DW_AT_name
	.long	885                             @ DW_AT_type
	.byte	1                               @ DW_AT_decl_file
	.byte	101                             @ DW_AT_decl_line
	.byte	0                               @ DW_AT_data_member_location
	.byte	23                              @ Abbrev [23] 0x320:0xc DW_TAG_member
	.long	.Linfo_string53                 @ DW_AT_name
	.long	359                             @ DW_AT_type
	.byte	1                               @ DW_AT_decl_file
	.byte	102                             @ DW_AT_decl_line
	.byte	4                               @ DW_AT_data_member_location
	.byte	23                              @ Abbrev [23] 0x32c:0xc DW_TAG_member
	.long	.Linfo_string54                 @ DW_AT_name
	.long	896                             @ DW_AT_type
	.byte	1                               @ DW_AT_decl_file
	.byte	103                             @ DW_AT_decl_line
	.byte	8                               @ DW_AT_data_member_location
	.byte	23                              @ Abbrev [23] 0x338:0xc DW_TAG_member
	.long	.Linfo_string56                 @ DW_AT_name
	.long	896                             @ DW_AT_type
	.byte	1                               @ DW_AT_decl_file
	.byte	104                             @ DW_AT_decl_line
	.byte	9                               @ DW_AT_data_member_location
	.byte	23                              @ Abbrev [23] 0x344:0xc DW_TAG_member
	.long	.Linfo_string57                 @ DW_AT_name
	.long	896                             @ DW_AT_type
	.byte	1                               @ DW_AT_decl_file
	.byte	105                             @ DW_AT_decl_line
	.byte	10                              @ DW_AT_data_member_location
	.byte	23                              @ Abbrev [23] 0x350:0xc DW_TAG_member
	.long	.Linfo_string58                 @ DW_AT_name
	.long	896                             @ DW_AT_type
	.byte	1                               @ DW_AT_decl_file
	.byte	106                             @ DW_AT_decl_line
	.byte	11                              @ DW_AT_data_member_location
	.byte	23                              @ Abbrev [23] 0x35c:0xc DW_TAG_member
	.long	.Linfo_string59                 @ DW_AT_name
	.long	896                             @ DW_AT_type
	.byte	1                               @ DW_AT_decl_file
	.byte	107                             @ DW_AT_decl_line
	.byte	12                              @ DW_AT_data_member_location
	.byte	23                              @ Abbrev [23] 0x368:0xc DW_TAG_member
	.long	.Linfo_string60                 @ DW_AT_name
	.long	896                             @ DW_AT_type
	.byte	1                               @ DW_AT_decl_file
	.byte	108                             @ DW_AT_decl_line
	.byte	13                              @ DW_AT_data_member_location
	.byte	0                               @ End Of Children Mark
	.byte	14                              @ Abbrev [14] 0x375:0xb DW_TAG_typedef
	.long	191                             @ DW_AT_type
	.long	.Linfo_string52                 @ DW_AT_name
	.byte	1                               @ DW_AT_decl_file
	.byte	40                              @ DW_AT_decl_line
	.byte	5                               @ Abbrev [5] 0x380:0x7 DW_TAG_base_type
	.long	.Linfo_string55                 @ DW_AT_name
	.byte	2                               @ DW_AT_encoding
	.byte	1                               @ DW_AT_byte_size
	.byte	0                               @ End Of Children Mark
.Ldebug_info_end0:
	.section	.debug_ranges,"",%progbits
.Ldebug_ranges0:
	.long	.Lfunc_begin0
	.long	.Lfunc_end0
	.long	.Lfunc_begin1
	.long	.Lfunc_end1
	.long	.Lfunc_begin2
	.long	.Lfunc_end2
	.long	.Lfunc_begin3
	.long	.Lfunc_end3
	.long	.Lfunc_begin4
	.long	.Lfunc_end4
	.long	.Lfunc_begin5
	.long	.Lfunc_end5
	.long	.Lfunc_begin6
	.long	.Lfunc_end6
	.long	.Lfunc_begin7
	.long	.Lfunc_end7
	.long	0
	.long	0
	.section	.debug_str,"MS",%progbits,1
.Linfo_string0:
	.asciz	"Component: Arm Compiler for Embedded 6.19 Tool: armclang [5e73cb00]" @ string offset=0
.Linfo_string1:
	.asciz	"../../libraries/zf_driver\\zf_driver_delay.c" @ string offset=68
.Linfo_string2:
	.asciz	"E:\\FILE_SMART_CAR\\\346\231\272\350\203\275\350\247\206\350\247\211\\RT1064_Library-master\\RT1064_Library-master\\SeekFree_RT1064_Opensource_Library\\project\\mdk" @ string offset=112
.Linfo_string3:
	.asciz	"char"                          @ string offset=234
.Linfo_string4:
	.asciz	"__ARRAY_SIZE_TYPE__"           @ string offset=239
.Linfo_string5:
	.asciz	"unsigned char"                 @ string offset=259
.Linfo_string6:
	.asciz	"kGPT_OutputCompare_Channel1"   @ string offset=273
.Linfo_string7:
	.asciz	"kGPT_OutputCompare_Channel2"   @ string offset=301
.Linfo_string8:
	.asciz	"kGPT_OutputCompare_Channel3"   @ string offset=329
.Linfo_string9:
	.asciz	"_gpt_output_compare_channel"   @ string offset=357
.Linfo_string10:
	.asciz	"kGPT_OutputCompare1Flag"       @ string offset=385
.Linfo_string11:
	.asciz	"kGPT_OutputCompare2Flag"       @ string offset=409
.Linfo_string12:
	.asciz	"kGPT_OutputCompare3Flag"       @ string offset=433
.Linfo_string13:
	.asciz	"kGPT_InputCapture1Flag"        @ string offset=457
.Linfo_string14:
	.asciz	"kGPT_InputCapture2Flag"        @ string offset=480
.Linfo_string15:
	.asciz	"kGPT_RollOverFlag"             @ string offset=503
.Linfo_string16:
	.asciz	"_gpt_status_flag"              @ string offset=521
.Linfo_string17:
	.asciz	"kGPT_ClockSource_Off"          @ string offset=538
.Linfo_string18:
	.asciz	"kGPT_ClockSource_Periph"       @ string offset=559
.Linfo_string19:
	.asciz	"kGPT_ClockSource_HighFreq"     @ string offset=583
.Linfo_string20:
	.asciz	"kGPT_ClockSource_Ext"          @ string offset=609
.Linfo_string21:
	.asciz	"kGPT_ClockSource_LowFreq"      @ string offset=630
.Linfo_string22:
	.asciz	"kGPT_ClockSource_Osc"          @ string offset=655
.Linfo_string23:
	.asciz	"_gpt_clock_source"             @ string offset=676
.Linfo_string24:
	.asciz	"CR"                            @ string offset=694
.Linfo_string25:
	.asciz	"unsigned int"                  @ string offset=697
.Linfo_string26:
	.asciz	"uint32_t"                      @ string offset=710
.Linfo_string27:
	.asciz	"PR"                            @ string offset=719
.Linfo_string28:
	.asciz	"SR"                            @ string offset=722
.Linfo_string29:
	.asciz	"IR"                            @ string offset=725
.Linfo_string30:
	.asciz	"OCR"                           @ string offset=728
.Linfo_string31:
	.asciz	"ICR"                           @ string offset=732
.Linfo_string32:
	.asciz	"CNT"                           @ string offset=736
.Linfo_string33:
	.asciz	"GPT_Type"                      @ string offset=740
.Linfo_string34:
	.asciz	"system_delay_ms"               @ string offset=749
.Linfo_string35:
	.asciz	"GPT_SetOutputCompareValue"     @ string offset=765
.Linfo_string36:
	.asciz	"GPT_StartTimer"                @ string offset=791
.Linfo_string37:
	.asciz	"GPT_GetStatusFlags"            @ string offset=806
.Linfo_string38:
	.asciz	"GPT_ClearStatusFlags"          @ string offset=825
.Linfo_string39:
	.asciz	"GPT_StopTimer"                 @ string offset=846
.Linfo_string40:
	.asciz	"system_delay_us"               @ string offset=860
.Linfo_string41:
	.asciz	"system_delay_init"             @ string offset=876
.Linfo_string42:
	.asciz	"time"                          @ string offset=894
.Linfo_string43:
	.asciz	"uint32"                        @ string offset=899
.Linfo_string44:
	.asciz	"base"                          @ string offset=906
.Linfo_string45:
	.asciz	"channel"                       @ string offset=911
.Linfo_string46:
	.asciz	"gpt_output_compare_channel_t"  @ string offset=919
.Linfo_string47:
	.asciz	"value"                         @ string offset=948
.Linfo_string48:
	.asciz	"flags"                         @ string offset=954
.Linfo_string49:
	.asciz	"gpt_status_flag_t"             @ string offset=960
.Linfo_string50:
	.asciz	"gptConfig"                     @ string offset=978
.Linfo_string51:
	.asciz	"clockSource"                   @ string offset=988
.Linfo_string52:
	.asciz	"gpt_clock_source_t"            @ string offset=1000
.Linfo_string53:
	.asciz	"divider"                       @ string offset=1019
.Linfo_string54:
	.asciz	"enableFreeRun"                 @ string offset=1027
.Linfo_string55:
	.asciz	"_Bool"                         @ string offset=1041
.Linfo_string56:
	.asciz	"enableRunInWait"               @ string offset=1047
.Linfo_string57:
	.asciz	"enableRunInStop"               @ string offset=1063
.Linfo_string58:
	.asciz	"enableRunInDoze"               @ string offset=1079
.Linfo_string59:
	.asciz	"enableRunInDbg"                @ string offset=1095
.Linfo_string60:
	.asciz	"enableMode"                    @ string offset=1110
.Linfo_string61:
	.asciz	"_gpt_init_config"              @ string offset=1121
.Linfo_string62:
	.asciz	"gpt_config_t"                  @ string offset=1138
	.ident	"Component: Arm Compiler for Embedded 6.19 Tool: armclang [5e73cb00]"
	.section	".note.GNU-stack","",%progbits
	.eabi_attribute	30, 6	@ Tag_ABI_optimization_goals
	.ARM_attribute	16, 1	@ Tag_AV_eba
	.section	.debug_line,"",%progbits
.Lline_table_start0:
