	.text
	.syntax unified
	.eabi_attribute	67, "2.09"	@ Tag_conformance
	.cpu	cortex-m7
	.eabi_attribute	6, 13	@ Tag_CPU_arch
	.eabi_attribute	7, 77	@ Tag_CPU_arch_profile
	.eabi_attribute	8, 0	@ Tag_ARM_ISA_use
	.eabi_attribute	9, 2	@ Tag_THUMB_ISA_use
	.fpu	fpv5-d16
	.eabi_attribute	36, 1	@ Tag_FP_HP_extension
	.eabi_attribute	34, 1	@ Tag_CPU_unaligned_access
	.eabi_attribute	17, 1	@ Tag_ABI_PCS_GOT_use
	.eabi_attribute	20, 2	@ Tag_ABI_FP_denormal
	.eabi_attribute	21, 0	@ Tag_ABI_FP_exceptions
	.eabi_attribute	23, 1	@ Tag_ABI_FP_number_model
	.eabi_attribute	24, 1	@ Tag_ABI_align_needed
	.eabi_attribute	25, 1	@ Tag_ABI_align_preserved
	.eabi_attribute	28, 1	@ Tag_ABI_VFP_args
	.eabi_attribute	38, 1	@ Tag_ABI_FP_16bit_format
	.eabi_attribute	18, 2	@ Tag_ABI_PCS_wchar_t
	.eabi_attribute	26, 1	@ Tag_ABI_enum_size
	.eabi_attribute	14, 0	@ Tag_ABI_PCS_R9_use
	.file	"zf_device_key.c"
	.file	1 "E:\\FILE_SMART_CAR\\\346\231\272\350\203\275\350\247\206\350\247\211\\RT1064_Library-master\\RT1064_Library-master\\SeekFree_RT1064_Opensource_Library\\project\\mdk" "../../libraries/zf_device/zf_device_key.c"
	.file	2 "E:\\FILE_SMART_CAR\\\346\231\272\350\203\275\350\247\206\350\247\211\\RT1064_Library-master\\RT1064_Library-master\\SeekFree_RT1064_Opensource_Library\\project\\mdk" "../../libraries/zf_common\\zf_common_typedef.h"
	.file	3 "E:\\FILE_SMART_CAR\\\346\231\272\350\203\275\350\247\206\350\247\211\\RT1064_Library-master\\RT1064_Library-master\\SeekFree_RT1064_Opensource_Library\\project\\mdk" "../../libraries/zf_device/zf_device_key.h"
	.file	4 "E:\\FILE_SMART_CAR\\\346\231\272\350\203\275\350\247\206\350\247\211\\RT1064_Library-master\\RT1064_Library-master\\SeekFree_RT1064_Opensource_Library\\project\\mdk" "../../libraries/zf_driver\\zf_driver_gpio.h"
	.section	.text.key_scanner,"ax",%progbits
	.hidden	key_scanner                     @ -- Begin function key_scanner
	.globl	key_scanner
	.p2align	3
	.type	key_scanner,%function
	.code	16                              @ @key_scanner
	.thumb_func
key_scanner:
.Lfunc_begin0:
	.loc	1 65 0                          @ ../../libraries/zf_device/zf_device_key.c:65:0
	.fnstart
	.cfi_sections .debug_frame
	.cfi_startproc
@ %bb.0:
	.save	{r7, lr}
	push	{r7, lr}
	.cfi_def_cfa_offset 8
	.cfi_offset lr, -4
	.cfi_offset r7, -8
	.pad	#8
	sub	sp, #8
	.cfi_def_cfa_offset 16
	movs	r0, #0
.Ltmp0:
	.loc	1 66 11 prologue_end            @ ../../libraries/zf_device/zf_device_key.c:66:11
	strb.w	r0, [sp, #7]
.Ltmp1:
	.loc	1 67 11                         @ ../../libraries/zf_device/zf_device_key.c:67:11
	strb.w	r0, [sp, #7]
	.loc	1 67 9 is_stmt 0                @ ../../libraries/zf_device/zf_device_key.c:67:9
	b	.LBB0_1
.LBB0_1:                                @ =>This Inner Loop Header: Depth=1
.Ltmp2:
	.loc	1 67 29                         @ ../../libraries/zf_device/zf_device_key.c:67:29
	ldrb.w	r0, [sp, #7]
.Ltmp3:
	.loc	1 67 5                          @ ../../libraries/zf_device/zf_device_key.c:67:5
	cmp	r0, #3
	bgt	.LBB0_13
	b	.LBB0_2
.LBB0_2:                                @   in Loop: Header=BB0_1 Depth=1
.Ltmp4:
	.loc	1 69 58 is_stmt 1               @ ../../libraries/zf_device/zf_device_key.c:69:58
	ldrb.w	r1, [sp, #7]
	.loc	1 69 48 is_stmt 0               @ ../../libraries/zf_device/zf_device_key.c:69:48
	movw	r0, :lower16:key_index
	movt	r0, :upper16:key_index
	ldrb	r0, [r0, r1]
	.loc	1 69 33                         @ ../../libraries/zf_device/zf_device_key.c:69:33
	bl	gpio_get_level
.Ltmp5:
	.loc	1 69 12                         @ ../../libraries/zf_device/zf_device_key.c:69:12
	cmp	r0, #1
	beq	.LBB0_6
	b	.LBB0_3
.LBB0_3:                                @   in Loop: Header=BB0_1 Depth=1
.Ltmp6:
	.loc	1 71 28 is_stmt 1               @ ../../libraries/zf_device/zf_device_key.c:71:28
	ldrb.w	r2, [sp, #7]
	.loc	1 71 13 is_stmt 0               @ ../../libraries/zf_device/zf_device_key.c:71:13
	movw	r1, :lower16:key_press_time
	movt	r1, :upper16:key_press_time
	.loc	1 71 31                         @ ../../libraries/zf_device/zf_device_key.c:71:31
	ldr.w	r0, [r1, r2, lsl #2]
	adds	r0, #1
	str.w	r0, [r1, r2, lsl #2]
.Ltmp7:
	.loc	1 72 40 is_stmt 1               @ ../../libraries/zf_device/zf_device_key.c:72:40
	movw	r0, :lower16:scanner_period
	movt	r0, :upper16:scanner_period
	ldr	r2, [r0]
	mov.w	r0, #1000
	.loc	1 72 38 is_stmt 0               @ ../../libraries/zf_device/zf_device_key.c:72:38
	udiv	r0, r0, r2
	.loc	1 72 73                         @ ../../libraries/zf_device/zf_device_key.c:72:73
	ldrb.w	r2, [sp, #7]
	.loc	1 72 58                         @ ../../libraries/zf_device/zf_device_key.c:72:58
	ldr.w	r1, [r1, r2, lsl #2]
.Ltmp8:
	.loc	1 72 16                         @ ../../libraries/zf_device/zf_device_key.c:72:16
	cmp	r0, r1
	bhi	.LBB0_5
	b	.LBB0_4
.LBB0_4:                                @   in Loop: Header=BB0_1 Depth=1
.Ltmp9:
	.loc	1 74 27 is_stmt 1               @ ../../libraries/zf_device/zf_device_key.c:74:27
	ldrb.w	r2, [sp, #7]
	.loc	1 74 17 is_stmt 0               @ ../../libraries/zf_device/zf_device_key.c:74:17
	movw	r1, :lower16:key_state
	movt	r1, :upper16:key_state
	movs	r0, #2
	.loc	1 74 30                         @ ../../libraries/zf_device/zf_device_key.c:74:30
	strb	r0, [r1, r2]
	.loc	1 75 13 is_stmt 1               @ ../../libraries/zf_device/zf_device_key.c:75:13
	b	.LBB0_5
.Ltmp10:
.LBB0_5:                                @   in Loop: Header=BB0_1 Depth=1
	.loc	1 76 9                          @ ../../libraries/zf_device/zf_device_key.c:76:9
	b	.LBB0_11
.Ltmp11:
.LBB0_6:                                @   in Loop: Header=BB0_1 Depth=1
	.loc	1 79 45                         @ ../../libraries/zf_device/zf_device_key.c:79:45
	ldrb.w	r1, [sp, #7]
	.loc	1 79 35 is_stmt 0               @ ../../libraries/zf_device/zf_device_key.c:79:35
	movw	r0, :lower16:key_state
	movt	r0, :upper16:key_state
	ldrb	r0, [r0, r1]
	.loc	1 79 49                         @ ../../libraries/zf_device/zf_device_key.c:79:49
	cmp	r0, #2
	beq	.LBB0_9
	b	.LBB0_7
.LBB0_7:                                @   in Loop: Header=BB0_1 Depth=1
	.loc	1 79 76                         @ ../../libraries/zf_device/zf_device_key.c:79:76
	movw	r0, :lower16:scanner_period
	movt	r0, :upper16:scanner_period
	ldr	r1, [r0]
	movs	r0, #10
	.loc	1 79 74                         @ ../../libraries/zf_device/zf_device_key.c:79:74
	udiv	r0, r0, r1
	.loc	1 79 109                        @ ../../libraries/zf_device/zf_device_key.c:79:109
	ldrb.w	r2, [sp, #7]
	.loc	1 79 94                         @ ../../libraries/zf_device/zf_device_key.c:79:94
	movw	r1, :lower16:key_press_time
	movt	r1, :upper16:key_press_time
	ldr.w	r1, [r1, r2, lsl #2]
.Ltmp12:
	.loc	1 79 16                         @ ../../libraries/zf_device/zf_device_key.c:79:16
	cmp	r0, r1
	bhi	.LBB0_9
	b	.LBB0_8
.LBB0_8:                                @   in Loop: Header=BB0_1 Depth=1
.Ltmp13:
	.loc	1 81 27 is_stmt 1               @ ../../libraries/zf_device/zf_device_key.c:81:27
	ldrb.w	r2, [sp, #7]
	.loc	1 81 17 is_stmt 0               @ ../../libraries/zf_device/zf_device_key.c:81:17
	movw	r1, :lower16:key_state
	movt	r1, :upper16:key_state
	movs	r0, #1
	.loc	1 81 30                         @ ../../libraries/zf_device/zf_device_key.c:81:30
	strb	r0, [r1, r2]
	.loc	1 82 13 is_stmt 1               @ ../../libraries/zf_device/zf_device_key.c:82:13
	b	.LBB0_10
.Ltmp14:
.LBB0_9:                                @   in Loop: Header=BB0_1 Depth=1
	.loc	1 85 27                         @ ../../libraries/zf_device/zf_device_key.c:85:27
	ldrb.w	r2, [sp, #7]
	.loc	1 85 17 is_stmt 0               @ ../../libraries/zf_device/zf_device_key.c:85:17
	movw	r1, :lower16:key_state
	movt	r1, :upper16:key_state
	movs	r0, #0
	.loc	1 85 30                         @ ../../libraries/zf_device/zf_device_key.c:85:30
	strb	r0, [r1, r2]
	b	.LBB0_10
.Ltmp15:
.LBB0_10:                               @   in Loop: Header=BB0_1 Depth=1
	.loc	1 87 28 is_stmt 1               @ ../../libraries/zf_device/zf_device_key.c:87:28
	ldrb.w	r2, [sp, #7]
	.loc	1 87 13 is_stmt 0               @ ../../libraries/zf_device/zf_device_key.c:87:13
	movw	r1, :lower16:key_press_time
	movt	r1, :upper16:key_press_time
	movs	r0, #0
	.loc	1 87 31                         @ ../../libraries/zf_device/zf_device_key.c:87:31
	str.w	r0, [r1, r2, lsl #2]
	b	.LBB0_11
.Ltmp16:
.LBB0_11:                               @   in Loop: Header=BB0_1 Depth=1
	.loc	1 89 5 is_stmt 1                @ ../../libraries/zf_device/zf_device_key.c:89:5
	b	.LBB0_12
.Ltmp17:
.LBB0_12:                               @   in Loop: Header=BB0_1 Depth=1
	.loc	1 67 34                         @ ../../libraries/zf_device/zf_device_key.c:67:34
	ldrb.w	r0, [sp, #7]
	adds	r0, #1
	strb.w	r0, [sp, #7]
	.loc	1 67 5 is_stmt 0                @ ../../libraries/zf_device/zf_device_key.c:67:5
	b	.LBB0_1
.Ltmp18:
.LBB0_13:
	.loc	1 90 1 is_stmt 1                @ ../../libraries/zf_device/zf_device_key.c:90:1
	add	sp, #8
	pop	{r7, pc}
.Ltmp19:
.Lfunc_end0:
	.size	key_scanner, .Lfunc_end0-key_scanner
	.cfi_endproc
	.cantunwind
	.fnend
                                        @ -- End function
	.section	.text.key_get_state,"ax",%progbits
	.hidden	key_get_state                   @ -- Begin function key_get_state
	.globl	key_get_state
	.p2align	3
	.type	key_get_state,%function
	.code	16                              @ @key_get_state
	.thumb_func
key_get_state:
.Lfunc_begin1:
	.loc	1 100 0                         @ ../../libraries/zf_device/zf_device_key.c:100:0
	.fnstart
	.cfi_startproc
@ %bb.0:
	.pad	#4
	sub	sp, #4
	.cfi_def_cfa_offset 4
                                        @ kill: def $r1 killed $r0
	strb.w	r0, [sp, #3]
.Ltmp20:
	.loc	1 101 22 prologue_end           @ ../../libraries/zf_device/zf_device_key.c:101:22
	ldrb.w	r1, [sp, #3]
	.loc	1 101 12 is_stmt 0              @ ../../libraries/zf_device/zf_device_key.c:101:12
	movw	r0, :lower16:key_state
	movt	r0, :upper16:key_state
	ldrb	r0, [r0, r1]
	.loc	1 101 5                         @ ../../libraries/zf_device/zf_device_key.c:101:5
	add	sp, #4
	bx	lr
.Ltmp21:
.Lfunc_end1:
	.size	key_get_state, .Lfunc_end1-key_get_state
	.cfi_endproc
	.cantunwind
	.fnend
                                        @ -- End function
	.section	.text.key_clear_state,"ax",%progbits
	.hidden	key_clear_state                 @ -- Begin function key_clear_state
	.globl	key_clear_state
	.p2align	3
	.type	key_clear_state,%function
	.code	16                              @ @key_clear_state
	.thumb_func
key_clear_state:
.Lfunc_begin2:
	.loc	1 112 0 is_stmt 1               @ ../../libraries/zf_device/zf_device_key.c:112:0
	.fnstart
	.cfi_startproc
@ %bb.0:
	.pad	#4
	sub	sp, #4
	.cfi_def_cfa_offset 4
                                        @ kill: def $r1 killed $r0
	strb.w	r0, [sp, #3]
.Ltmp22:
	.loc	1 113 15 prologue_end           @ ../../libraries/zf_device/zf_device_key.c:113:15
	ldrb.w	r2, [sp, #3]
	.loc	1 113 5 is_stmt 0               @ ../../libraries/zf_device/zf_device_key.c:113:5
	movw	r1, :lower16:key_state
	movt	r1, :upper16:key_state
	movs	r0, #0
	.loc	1 113 22                        @ ../../libraries/zf_device/zf_device_key.c:113:22
	strb	r0, [r1, r2]
	.loc	1 114 1 is_stmt 1               @ ../../libraries/zf_device/zf_device_key.c:114:1
	add	sp, #4
	bx	lr
.Ltmp23:
.Lfunc_end2:
	.size	key_clear_state, .Lfunc_end2-key_clear_state
	.cfi_endproc
	.cantunwind
	.fnend
                                        @ -- End function
	.section	.text.key_clear_all_state,"ax",%progbits
	.hidden	key_clear_all_state             @ -- Begin function key_clear_all_state
	.globl	key_clear_all_state
	.p2align	3
	.type	key_clear_all_state,%function
	.code	16                              @ @key_clear_all_state
	.thumb_func
key_clear_all_state:
.Lfunc_begin3:
	.loc	1 124 0                         @ ../../libraries/zf_device/zf_device_key.c:124:0
	.fnstart
	.cfi_startproc
@ %bb.0:
	.loc	1 125 18 prologue_end           @ ../../libraries/zf_device/zf_device_key.c:125:18
	movw	r1, :lower16:key_state
	movt	r1, :upper16:key_state
	movs	r0, #0
	strb	r0, [r1]
	.loc	1 126 18                        @ ../../libraries/zf_device/zf_device_key.c:126:18
	strb	r0, [r1, #1]
	.loc	1 127 18                        @ ../../libraries/zf_device/zf_device_key.c:127:18
	strb	r0, [r1, #2]
	.loc	1 128 18                        @ ../../libraries/zf_device/zf_device_key.c:128:18
	strb	r0, [r1, #3]
	.loc	1 129 1                         @ ../../libraries/zf_device/zf_device_key.c:129:1
	bx	lr
.Ltmp24:
.Lfunc_end3:
	.size	key_clear_all_state, .Lfunc_end3-key_clear_all_state
	.cfi_endproc
	.cantunwind
	.fnend
                                        @ -- End function
	.section	.text.key_init,"ax",%progbits
	.hidden	key_init                        @ -- Begin function key_init
	.globl	key_init
	.p2align	3
	.type	key_init,%function
	.code	16                              @ @key_init
	.thumb_func
key_init:
.Lfunc_begin4:
	.loc	1 139 0                         @ ../../libraries/zf_device/zf_device_key.c:139:0
	.fnstart
	.cfi_startproc
@ %bb.0:
	.save	{r7, lr}
	push	{r7, lr}
	.cfi_def_cfa_offset 8
	.cfi_offset lr, -4
	.cfi_offset r7, -8
	.pad	#16
	sub	sp, #16
	.cfi_def_cfa_offset 24
	str	r0, [sp, #12]
.Ltmp25:
	.loc	1 140 5 prologue_end            @ ../../libraries/zf_device/zf_device_key.c:140:5
	ldr	r0, [sp, #12]
	cmp	r0, #0
	it	ne
	movne	r0, #1
	movw	r1, :lower16:.L.str
	movt	r1, :upper16:.L.str
	movs	r2, #140
	bl	debug_assert_handler
	movs	r0, #0
	.loc	1 141 11                        @ ../../libraries/zf_device/zf_device_key.c:141:11
	strb.w	r0, [sp, #11]
.Ltmp26:
	.loc	1 142 19                        @ ../../libraries/zf_device/zf_device_key.c:142:19
	strb.w	r0, [sp, #11]
	.loc	1 142 9 is_stmt 0               @ ../../libraries/zf_device/zf_device_key.c:142:9
	b	.LBB4_1
.LBB4_1:                                @ =>This Inner Loop Header: Depth=1
.Ltmp27:
	.loc	1 142 37                        @ ../../libraries/zf_device/zf_device_key.c:142:37
	ldrb.w	r0, [sp, #11]
.Ltmp28:
	.loc	1 142 5                         @ ../../libraries/zf_device/zf_device_key.c:142:5
	cmp	r0, #3
	bgt	.LBB4_4
	b	.LBB4_2
.LBB4_2:                                @   in Loop: Header=BB4_1 Depth=1
.Ltmp29:
	.loc	1 144 29 is_stmt 1              @ ../../libraries/zf_device/zf_device_key.c:144:29
	ldrb.w	r1, [sp, #11]
	.loc	1 144 19 is_stmt 0              @ ../../libraries/zf_device/zf_device_key.c:144:19
	movw	r0, :lower16:key_index
	movt	r0, :upper16:key_index
	ldrb	r0, [r0, r1]
	movs	r1, #0
	str	r1, [sp, #4]                    @ 4-byte Spill
	movs	r2, #1
	movw	r3, #28744
	.loc	1 144 9                         @ ../../libraries/zf_device/zf_device_key.c:144:9
	bl	gpio_init
	ldr	r0, [sp, #4]                    @ 4-byte Reload
	.loc	1 145 19 is_stmt 1              @ ../../libraries/zf_device/zf_device_key.c:145:19
	ldrb.w	r2, [sp, #11]
	.loc	1 145 9 is_stmt 0               @ ../../libraries/zf_device/zf_device_key.c:145:9
	movw	r1, :lower16:key_state
	movt	r1, :upper16:key_state
	.loc	1 145 30                        @ ../../libraries/zf_device/zf_device_key.c:145:30
	strb	r0, [r1, r2]
	.loc	1 146 5 is_stmt 1               @ ../../libraries/zf_device/zf_device_key.c:146:5
	b	.LBB4_3
.Ltmp30:
.LBB4_3:                                @   in Loop: Header=BB4_1 Depth=1
	.loc	1 142 58                        @ ../../libraries/zf_device/zf_device_key.c:142:58
	ldrb.w	r0, [sp, #11]
	adds	r0, #1
	strb.w	r0, [sp, #11]
	.loc	1 142 5 is_stmt 0               @ ../../libraries/zf_device/zf_device_key.c:142:5
	b	.LBB4_1
.Ltmp31:
.LBB4_4:
	.loc	1 147 22 is_stmt 1              @ ../../libraries/zf_device/zf_device_key.c:147:22
	ldr	r0, [sp, #12]
	.loc	1 147 20 is_stmt 0              @ ../../libraries/zf_device/zf_device_key.c:147:20
	movw	r1, :lower16:scanner_period
	movt	r1, :upper16:scanner_period
	str	r0, [r1]
	.loc	1 148 1 is_stmt 1               @ ../../libraries/zf_device/zf_device_key.c:148:1
	add	sp, #16
	pop	{r7, pc}
.Ltmp32:
.Lfunc_end4:
	.size	key_init, .Lfunc_end4-key_init
	.cfi_endproc
	.cantunwind
	.fnend
                                        @ -- End function
	.type	key_index,%object               @ @key_index
	.section	.rodata.key_index,"a",%progbits
key_index:
	.ascii	"ONML"
	.size	key_index, 4

	.type	key_press_time,%object          @ @key_press_time
	.section	.bss.key_press_time,"aw",%nobits
	.p2align	2, 0x0
key_press_time:
	.zero	16
	.size	key_press_time, 16

	.type	scanner_period,%object          @ @scanner_period
	.section	.bss.scanner_period,"aw",%nobits
	.p2align	2, 0x0
scanner_period:
	.long	0                               @ 0x0
	.size	scanner_period, 4

	.type	key_state,%object               @ @key_state
	.section	.bss.key_state,"aw",%nobits
key_state:
	.zero	4
	.size	key_state, 4

	.type	.L.str,%object                  @ @.str
	.section	.rodata.str1.1,"aMS",%progbits,1
.L.str:
	.asciz	"../../libraries/zf_device/zf_device_key.c"
	.size	.L.str, 42

	.section	.debug_abbrev,"",%progbits
	.byte	1                               @ Abbreviation Code
	.byte	17                              @ DW_TAG_compile_unit
	.byte	1                               @ DW_CHILDREN_yes
	.byte	37                              @ DW_AT_producer
	.byte	14                              @ DW_FORM_strp
	.byte	19                              @ DW_AT_language
	.byte	5                               @ DW_FORM_data2
	.byte	3                               @ DW_AT_name
	.byte	14                              @ DW_FORM_strp
	.byte	16                              @ DW_AT_stmt_list
	.byte	23                              @ DW_FORM_sec_offset
	.byte	27                              @ DW_AT_comp_dir
	.byte	14                              @ DW_FORM_strp
	.byte	17                              @ DW_AT_low_pc
	.byte	1                               @ DW_FORM_addr
	.byte	85                              @ DW_AT_ranges
	.byte	23                              @ DW_FORM_sec_offset
	.byte	0                               @ EOM(1)
	.byte	0                               @ EOM(2)
	.byte	2                               @ Abbreviation Code
	.byte	52                              @ DW_TAG_variable
	.byte	0                               @ DW_CHILDREN_no
	.byte	73                              @ DW_AT_type
	.byte	19                              @ DW_FORM_ref4
	.byte	58                              @ DW_AT_decl_file
	.byte	11                              @ DW_FORM_data1
	.byte	59                              @ DW_AT_decl_line
	.byte	11                              @ DW_FORM_data1
	.byte	2                               @ DW_AT_location
	.byte	24                              @ DW_FORM_exprloc
	.byte	0                               @ EOM(1)
	.byte	0                               @ EOM(2)
	.byte	3                               @ Abbreviation Code
	.byte	1                               @ DW_TAG_array_type
	.byte	1                               @ DW_CHILDREN_yes
	.byte	73                              @ DW_AT_type
	.byte	19                              @ DW_FORM_ref4
	.byte	0                               @ EOM(1)
	.byte	0                               @ EOM(2)
	.byte	4                               @ Abbreviation Code
	.byte	33                              @ DW_TAG_subrange_type
	.byte	0                               @ DW_CHILDREN_no
	.byte	73                              @ DW_AT_type
	.byte	19                              @ DW_FORM_ref4
	.byte	55                              @ DW_AT_count
	.byte	11                              @ DW_FORM_data1
	.byte	0                               @ EOM(1)
	.byte	0                               @ EOM(2)
	.byte	5                               @ Abbreviation Code
	.byte	36                              @ DW_TAG_base_type
	.byte	0                               @ DW_CHILDREN_no
	.byte	3                               @ DW_AT_name
	.byte	14                              @ DW_FORM_strp
	.byte	62                              @ DW_AT_encoding
	.byte	11                              @ DW_FORM_data1
	.byte	11                              @ DW_AT_byte_size
	.byte	11                              @ DW_FORM_data1
	.byte	0                               @ EOM(1)
	.byte	0                               @ EOM(2)
	.byte	6                               @ Abbreviation Code
	.byte	36                              @ DW_TAG_base_type
	.byte	0                               @ DW_CHILDREN_no
	.byte	3                               @ DW_AT_name
	.byte	14                              @ DW_FORM_strp
	.byte	11                              @ DW_AT_byte_size
	.byte	11                              @ DW_FORM_data1
	.byte	62                              @ DW_AT_encoding
	.byte	11                              @ DW_FORM_data1
	.byte	0                               @ EOM(1)
	.byte	0                               @ EOM(2)
	.byte	7                               @ Abbreviation Code
	.byte	52                              @ DW_TAG_variable
	.byte	0                               @ DW_CHILDREN_no
	.byte	3                               @ DW_AT_name
	.byte	14                              @ DW_FORM_strp
	.byte	73                              @ DW_AT_type
	.byte	19                              @ DW_FORM_ref4
	.byte	58                              @ DW_AT_decl_file
	.byte	11                              @ DW_FORM_data1
	.byte	59                              @ DW_AT_decl_line
	.byte	11                              @ DW_FORM_data1
	.byte	2                               @ DW_AT_location
	.byte	24                              @ DW_FORM_exprloc
	.byte	0                               @ EOM(1)
	.byte	0                               @ EOM(2)
	.byte	8                               @ Abbreviation Code
	.byte	22                              @ DW_TAG_typedef
	.byte	0                               @ DW_CHILDREN_no
	.byte	73                              @ DW_AT_type
	.byte	19                              @ DW_FORM_ref4
	.byte	3                               @ DW_AT_name
	.byte	14                              @ DW_FORM_strp
	.byte	58                              @ DW_AT_decl_file
	.byte	11                              @ DW_FORM_data1
	.byte	59                              @ DW_AT_decl_line
	.byte	11                              @ DW_FORM_data1
	.byte	0                               @ EOM(1)
	.byte	0                               @ EOM(2)
	.byte	9                               @ Abbreviation Code
	.byte	4                               @ DW_TAG_enumeration_type
	.byte	1                               @ DW_CHILDREN_yes
	.byte	73                              @ DW_AT_type
	.byte	19                              @ DW_FORM_ref4
	.byte	11                              @ DW_AT_byte_size
	.byte	11                              @ DW_FORM_data1
	.byte	58                              @ DW_AT_decl_file
	.byte	11                              @ DW_FORM_data1
	.byte	59                              @ DW_AT_decl_line
	.byte	11                              @ DW_FORM_data1
	.byte	0                               @ EOM(1)
	.byte	0                               @ EOM(2)
	.byte	10                              @ Abbreviation Code
	.byte	40                              @ DW_TAG_enumerator
	.byte	0                               @ DW_CHILDREN_no
	.byte	3                               @ DW_AT_name
	.byte	14                              @ DW_FORM_strp
	.byte	28                              @ DW_AT_const_value
	.byte	15                              @ DW_FORM_udata
	.byte	0                               @ EOM(1)
	.byte	0                               @ EOM(2)
	.byte	11                              @ Abbreviation Code
	.byte	38                              @ DW_TAG_const_type
	.byte	0                               @ DW_CHILDREN_no
	.byte	73                              @ DW_AT_type
	.byte	19                              @ DW_FORM_ref4
	.byte	0                               @ EOM(1)
	.byte	0                               @ EOM(2)
	.byte	12                              @ Abbreviation Code
	.byte	46                              @ DW_TAG_subprogram
	.byte	1                               @ DW_CHILDREN_yes
	.byte	17                              @ DW_AT_low_pc
	.byte	1                               @ DW_FORM_addr
	.byte	18                              @ DW_AT_high_pc
	.byte	6                               @ DW_FORM_data4
	.byte	64                              @ DW_AT_frame_base
	.byte	24                              @ DW_FORM_exprloc
	.byte	3                               @ DW_AT_name
	.byte	14                              @ DW_FORM_strp
	.byte	58                              @ DW_AT_decl_file
	.byte	11                              @ DW_FORM_data1
	.byte	59                              @ DW_AT_decl_line
	.byte	11                              @ DW_FORM_data1
	.byte	39                              @ DW_AT_prototyped
	.byte	25                              @ DW_FORM_flag_present
	.byte	63                              @ DW_AT_external
	.byte	25                              @ DW_FORM_flag_present
	.byte	0                               @ EOM(1)
	.byte	0                               @ EOM(2)
	.byte	13                              @ Abbreviation Code
	.byte	52                              @ DW_TAG_variable
	.byte	0                               @ DW_CHILDREN_no
	.byte	2                               @ DW_AT_location
	.byte	24                              @ DW_FORM_exprloc
	.byte	3                               @ DW_AT_name
	.byte	14                              @ DW_FORM_strp
	.byte	58                              @ DW_AT_decl_file
	.byte	11                              @ DW_FORM_data1
	.byte	59                              @ DW_AT_decl_line
	.byte	11                              @ DW_FORM_data1
	.byte	73                              @ DW_AT_type
	.byte	19                              @ DW_FORM_ref4
	.byte	0                               @ EOM(1)
	.byte	0                               @ EOM(2)
	.byte	14                              @ Abbreviation Code
	.byte	46                              @ DW_TAG_subprogram
	.byte	1                               @ DW_CHILDREN_yes
	.byte	17                              @ DW_AT_low_pc
	.byte	1                               @ DW_FORM_addr
	.byte	18                              @ DW_AT_high_pc
	.byte	6                               @ DW_FORM_data4
	.byte	64                              @ DW_AT_frame_base
	.byte	24                              @ DW_FORM_exprloc
	.byte	3                               @ DW_AT_name
	.byte	14                              @ DW_FORM_strp
	.byte	58                              @ DW_AT_decl_file
	.byte	11                              @ DW_FORM_data1
	.byte	59                              @ DW_AT_decl_line
	.byte	11                              @ DW_FORM_data1
	.byte	39                              @ DW_AT_prototyped
	.byte	25                              @ DW_FORM_flag_present
	.byte	73                              @ DW_AT_type
	.byte	19                              @ DW_FORM_ref4
	.byte	63                              @ DW_AT_external
	.byte	25                              @ DW_FORM_flag_present
	.byte	0                               @ EOM(1)
	.byte	0                               @ EOM(2)
	.byte	15                              @ Abbreviation Code
	.byte	5                               @ DW_TAG_formal_parameter
	.byte	0                               @ DW_CHILDREN_no
	.byte	2                               @ DW_AT_location
	.byte	24                              @ DW_FORM_exprloc
	.byte	3                               @ DW_AT_name
	.byte	14                              @ DW_FORM_strp
	.byte	58                              @ DW_AT_decl_file
	.byte	11                              @ DW_FORM_data1
	.byte	59                              @ DW_AT_decl_line
	.byte	11                              @ DW_FORM_data1
	.byte	73                              @ DW_AT_type
	.byte	19                              @ DW_FORM_ref4
	.byte	0                               @ EOM(1)
	.byte	0                               @ EOM(2)
	.byte	16                              @ Abbreviation Code
	.byte	46                              @ DW_TAG_subprogram
	.byte	0                               @ DW_CHILDREN_no
	.byte	17                              @ DW_AT_low_pc
	.byte	1                               @ DW_FORM_addr
	.byte	18                              @ DW_AT_high_pc
	.byte	6                               @ DW_FORM_data4
	.byte	64                              @ DW_AT_frame_base
	.byte	24                              @ DW_FORM_exprloc
	.byte	3                               @ DW_AT_name
	.byte	14                              @ DW_FORM_strp
	.byte	58                              @ DW_AT_decl_file
	.byte	11                              @ DW_FORM_data1
	.byte	59                              @ DW_AT_decl_line
	.byte	11                              @ DW_FORM_data1
	.byte	39                              @ DW_AT_prototyped
	.byte	25                              @ DW_FORM_flag_present
	.byte	63                              @ DW_AT_external
	.byte	25                              @ DW_FORM_flag_present
	.byte	0                               @ EOM(1)
	.byte	0                               @ EOM(2)
	.byte	0                               @ EOM(3)
	.section	.debug_info,"",%progbits
.Lcu_begin0:
	.long	.Ldebug_info_end0-.Ldebug_info_start0 @ Length of Unit
.Ldebug_info_start0:
	.short	4                               @ DWARF version number
	.long	.debug_abbrev                   @ Offset Into Abbrev. Section
	.byte	4                               @ Address Size (in bytes)
	.byte	1                               @ Abbrev [1] 0xb:0x49b DW_TAG_compile_unit
	.long	.Linfo_string0                  @ DW_AT_producer
	.short	12                              @ DW_AT_language
	.long	.Linfo_string1                  @ DW_AT_name
	.long	.Lline_table_start0             @ DW_AT_stmt_list
	.long	.Linfo_string2                  @ DW_AT_comp_dir
	.long	0                               @ DW_AT_low_pc
	.long	.Ldebug_ranges0                 @ DW_AT_ranges
	.byte	2                               @ Abbrev [2] 0x26:0xd DW_TAG_variable
	.long	51                              @ DW_AT_type
	.byte	1                               @ DW_AT_decl_file
	.byte	140                             @ DW_AT_decl_line
	.byte	5                               @ DW_AT_location
	.byte	3
	.long	.L.str
	.byte	3                               @ Abbrev [3] 0x33:0xc DW_TAG_array_type
	.long	63                              @ DW_AT_type
	.byte	4                               @ Abbrev [4] 0x38:0x6 DW_TAG_subrange_type
	.long	70                              @ DW_AT_type
	.byte	42                              @ DW_AT_count
	.byte	0                               @ End Of Children Mark
	.byte	5                               @ Abbrev [5] 0x3f:0x7 DW_TAG_base_type
	.long	.Linfo_string3                  @ DW_AT_name
	.byte	6                               @ DW_AT_encoding
	.byte	1                               @ DW_AT_byte_size
	.byte	6                               @ Abbrev [6] 0x46:0x7 DW_TAG_base_type
	.long	.Linfo_string4                  @ DW_AT_name
	.byte	8                               @ DW_AT_byte_size
	.byte	7                               @ DW_AT_encoding
	.byte	7                               @ Abbrev [7] 0x4d:0x11 DW_TAG_variable
	.long	.Linfo_string5                  @ DW_AT_name
	.long	94                              @ DW_AT_type
	.byte	1                               @ DW_AT_decl_file
	.byte	52                              @ DW_AT_decl_line
	.byte	5                               @ DW_AT_location
	.byte	3
	.long	key_press_time
	.byte	3                               @ Abbrev [3] 0x5e:0xc DW_TAG_array_type
	.long	106                             @ DW_AT_type
	.byte	4                               @ Abbrev [4] 0x63:0x6 DW_TAG_subrange_type
	.long	70                              @ DW_AT_type
	.byte	4                               @ DW_AT_count
	.byte	0                               @ End Of Children Mark
	.byte	8                               @ Abbrev [8] 0x6a:0xb DW_TAG_typedef
	.long	117                             @ DW_AT_type
	.long	.Linfo_string7                  @ DW_AT_name
	.byte	2                               @ DW_AT_decl_file
	.byte	57                              @ DW_AT_decl_line
	.byte	5                               @ Abbrev [5] 0x75:0x7 DW_TAG_base_type
	.long	.Linfo_string6                  @ DW_AT_name
	.byte	7                               @ DW_AT_encoding
	.byte	4                               @ DW_AT_byte_size
	.byte	7                               @ Abbrev [7] 0x7c:0x11 DW_TAG_variable
	.long	.Linfo_string8                  @ DW_AT_name
	.long	141                             @ DW_AT_type
	.byte	1                               @ DW_AT_decl_file
	.byte	53                              @ DW_AT_decl_line
	.byte	5                               @ DW_AT_location
	.byte	3
	.long	key_state
	.byte	3                               @ Abbrev [3] 0x8d:0xc DW_TAG_array_type
	.long	153                             @ DW_AT_type
	.byte	4                               @ Abbrev [4] 0x92:0x6 DW_TAG_subrange_type
	.long	70                              @ DW_AT_type
	.byte	4                               @ DW_AT_count
	.byte	0                               @ End Of Children Mark
	.byte	8                               @ Abbrev [8] 0x99:0xb DW_TAG_typedef
	.long	164                             @ DW_AT_type
	.long	.Linfo_string13                 @ DW_AT_name
	.byte	3                               @ DW_AT_decl_file
	.byte	77                              @ DW_AT_decl_line
	.byte	9                               @ Abbrev [9] 0xa4:0x1b DW_TAG_enumeration_type
	.long	191                             @ DW_AT_type
	.byte	1                               @ DW_AT_byte_size
	.byte	3                               @ DW_AT_decl_file
	.byte	72                              @ DW_AT_decl_line
	.byte	10                              @ Abbrev [10] 0xac:0x6 DW_TAG_enumerator
	.long	.Linfo_string10                 @ DW_AT_name
	.byte	0                               @ DW_AT_const_value
	.byte	10                              @ Abbrev [10] 0xb2:0x6 DW_TAG_enumerator
	.long	.Linfo_string11                 @ DW_AT_name
	.byte	1                               @ DW_AT_const_value
	.byte	10                              @ Abbrev [10] 0xb8:0x6 DW_TAG_enumerator
	.long	.Linfo_string12                 @ DW_AT_name
	.byte	2                               @ DW_AT_const_value
	.byte	0                               @ End Of Children Mark
	.byte	5                               @ Abbrev [5] 0xbf:0x7 DW_TAG_base_type
	.long	.Linfo_string9                  @ DW_AT_name
	.byte	8                               @ DW_AT_encoding
	.byte	1                               @ DW_AT_byte_size
	.byte	7                               @ Abbrev [7] 0xc6:0x11 DW_TAG_variable
	.long	.Linfo_string14                 @ DW_AT_name
	.long	215                             @ DW_AT_type
	.byte	1                               @ DW_AT_decl_file
	.byte	55                              @ DW_AT_decl_line
	.byte	5                               @ DW_AT_location
	.byte	3
	.long	key_index
	.byte	3                               @ Abbrev [3] 0xd7:0xc DW_TAG_array_type
	.long	227                             @ DW_AT_type
	.byte	4                               @ Abbrev [4] 0xdc:0x6 DW_TAG_subrange_type
	.long	70                              @ DW_AT_type
	.byte	4                               @ DW_AT_count
	.byte	0                               @ End Of Children Mark
	.byte	11                              @ Abbrev [11] 0xe3:0x5 DW_TAG_const_type
	.long	232                             @ DW_AT_type
	.byte	8                               @ Abbrev [8] 0xe8:0xb DW_TAG_typedef
	.long	243                             @ DW_AT_type
	.long	.Linfo_string87                 @ DW_AT_name
	.byte	4                               @ DW_AT_decl_file
	.byte	64                              @ DW_AT_decl_line
	.byte	9                               @ Abbrev [9] 0xf3:0x1b9 DW_TAG_enumeration_type
	.long	191                             @ DW_AT_type
	.byte	1                               @ DW_AT_byte_size
	.byte	4                               @ DW_AT_decl_file
	.byte	48                              @ DW_AT_decl_line
	.byte	10                              @ Abbrev [10] 0xfb:0x6 DW_TAG_enumerator
	.long	.Linfo_string15                 @ DW_AT_name
	.byte	32                              @ DW_AT_const_value
	.byte	10                              @ Abbrev [10] 0x101:0x6 DW_TAG_enumerator
	.long	.Linfo_string16                 @ DW_AT_name
	.byte	33                              @ DW_AT_const_value
	.byte	10                              @ Abbrev [10] 0x107:0x6 DW_TAG_enumerator
	.long	.Linfo_string17                 @ DW_AT_name
	.byte	34                              @ DW_AT_const_value
	.byte	10                              @ Abbrev [10] 0x10d:0x6 DW_TAG_enumerator
	.long	.Linfo_string18                 @ DW_AT_name
	.byte	35                              @ DW_AT_const_value
	.byte	10                              @ Abbrev [10] 0x113:0x6 DW_TAG_enumerator
	.long	.Linfo_string19                 @ DW_AT_name
	.byte	41                              @ DW_AT_const_value
	.byte	10                              @ Abbrev [10] 0x119:0x6 DW_TAG_enumerator
	.long	.Linfo_string20                 @ DW_AT_name
	.byte	42                              @ DW_AT_const_value
	.byte	10                              @ Abbrev [10] 0x11f:0x6 DW_TAG_enumerator
	.long	.Linfo_string21                 @ DW_AT_name
	.byte	43                              @ DW_AT_const_value
	.byte	10                              @ Abbrev [10] 0x125:0x6 DW_TAG_enumerator
	.long	.Linfo_string22                 @ DW_AT_name
	.byte	44                              @ DW_AT_const_value
	.byte	10                              @ Abbrev [10] 0x12b:0x6 DW_TAG_enumerator
	.long	.Linfo_string23                 @ DW_AT_name
	.byte	45                              @ DW_AT_const_value
	.byte	10                              @ Abbrev [10] 0x131:0x6 DW_TAG_enumerator
	.long	.Linfo_string24                 @ DW_AT_name
	.byte	46                              @ DW_AT_const_value
	.byte	10                              @ Abbrev [10] 0x137:0x6 DW_TAG_enumerator
	.long	.Linfo_string25                 @ DW_AT_name
	.byte	47                              @ DW_AT_const_value
	.byte	10                              @ Abbrev [10] 0x13d:0x6 DW_TAG_enumerator
	.long	.Linfo_string26                 @ DW_AT_name
	.byte	48                              @ DW_AT_const_value
	.byte	10                              @ Abbrev [10] 0x143:0x6 DW_TAG_enumerator
	.long	.Linfo_string27                 @ DW_AT_name
	.byte	49                              @ DW_AT_const_value
	.byte	10                              @ Abbrev [10] 0x149:0x6 DW_TAG_enumerator
	.long	.Linfo_string28                 @ DW_AT_name
	.byte	50                              @ DW_AT_const_value
	.byte	10                              @ Abbrev [10] 0x14f:0x6 DW_TAG_enumerator
	.long	.Linfo_string29                 @ DW_AT_name
	.byte	51                              @ DW_AT_const_value
	.byte	10                              @ Abbrev [10] 0x155:0x6 DW_TAG_enumerator
	.long	.Linfo_string30                 @ DW_AT_name
	.byte	52                              @ DW_AT_const_value
	.byte	10                              @ Abbrev [10] 0x15b:0x6 DW_TAG_enumerator
	.long	.Linfo_string31                 @ DW_AT_name
	.byte	53                              @ DW_AT_const_value
	.byte	10                              @ Abbrev [10] 0x161:0x6 DW_TAG_enumerator
	.long	.Linfo_string32                 @ DW_AT_name
	.byte	54                              @ DW_AT_const_value
	.byte	10                              @ Abbrev [10] 0x167:0x6 DW_TAG_enumerator
	.long	.Linfo_string33                 @ DW_AT_name
	.byte	55                              @ DW_AT_const_value
	.byte	10                              @ Abbrev [10] 0x16d:0x6 DW_TAG_enumerator
	.long	.Linfo_string34                 @ DW_AT_name
	.byte	56                              @ DW_AT_const_value
	.byte	10                              @ Abbrev [10] 0x173:0x6 DW_TAG_enumerator
	.long	.Linfo_string35                 @ DW_AT_name
	.byte	57                              @ DW_AT_const_value
	.byte	10                              @ Abbrev [10] 0x179:0x6 DW_TAG_enumerator
	.long	.Linfo_string36                 @ DW_AT_name
	.byte	58                              @ DW_AT_const_value
	.byte	10                              @ Abbrev [10] 0x17f:0x6 DW_TAG_enumerator
	.long	.Linfo_string37                 @ DW_AT_name
	.byte	59                              @ DW_AT_const_value
	.byte	10                              @ Abbrev [10] 0x185:0x6 DW_TAG_enumerator
	.long	.Linfo_string38                 @ DW_AT_name
	.byte	60                              @ DW_AT_const_value
	.byte	10                              @ Abbrev [10] 0x18b:0x6 DW_TAG_enumerator
	.long	.Linfo_string39                 @ DW_AT_name
	.byte	61                              @ DW_AT_const_value
	.byte	10                              @ Abbrev [10] 0x191:0x6 DW_TAG_enumerator
	.long	.Linfo_string40                 @ DW_AT_name
	.byte	62                              @ DW_AT_const_value
	.byte	10                              @ Abbrev [10] 0x197:0x6 DW_TAG_enumerator
	.long	.Linfo_string41                 @ DW_AT_name
	.byte	63                              @ DW_AT_const_value
	.byte	10                              @ Abbrev [10] 0x19d:0x6 DW_TAG_enumerator
	.long	.Linfo_string42                 @ DW_AT_name
	.byte	64                              @ DW_AT_const_value
	.byte	10                              @ Abbrev [10] 0x1a3:0x6 DW_TAG_enumerator
	.long	.Linfo_string43                 @ DW_AT_name
	.byte	65                              @ DW_AT_const_value
	.byte	10                              @ Abbrev [10] 0x1a9:0x6 DW_TAG_enumerator
	.long	.Linfo_string44                 @ DW_AT_name
	.byte	66                              @ DW_AT_const_value
	.byte	10                              @ Abbrev [10] 0x1af:0x6 DW_TAG_enumerator
	.long	.Linfo_string45                 @ DW_AT_name
	.byte	67                              @ DW_AT_const_value
	.byte	10                              @ Abbrev [10] 0x1b5:0x6 DW_TAG_enumerator
	.long	.Linfo_string46                 @ DW_AT_name
	.byte	68                              @ DW_AT_const_value
	.byte	10                              @ Abbrev [10] 0x1bb:0x6 DW_TAG_enumerator
	.long	.Linfo_string47                 @ DW_AT_name
	.byte	69                              @ DW_AT_const_value
	.byte	10                              @ Abbrev [10] 0x1c1:0x6 DW_TAG_enumerator
	.long	.Linfo_string48                 @ DW_AT_name
	.byte	70                              @ DW_AT_const_value
	.byte	10                              @ Abbrev [10] 0x1c7:0x6 DW_TAG_enumerator
	.long	.Linfo_string49                 @ DW_AT_name
	.byte	71                              @ DW_AT_const_value
	.byte	10                              @ Abbrev [10] 0x1cd:0x6 DW_TAG_enumerator
	.long	.Linfo_string50                 @ DW_AT_name
	.byte	72                              @ DW_AT_const_value
	.byte	10                              @ Abbrev [10] 0x1d3:0x6 DW_TAG_enumerator
	.long	.Linfo_string51                 @ DW_AT_name
	.byte	73                              @ DW_AT_const_value
	.byte	10                              @ Abbrev [10] 0x1d9:0x6 DW_TAG_enumerator
	.long	.Linfo_string52                 @ DW_AT_name
	.byte	74                              @ DW_AT_const_value
	.byte	10                              @ Abbrev [10] 0x1df:0x6 DW_TAG_enumerator
	.long	.Linfo_string53                 @ DW_AT_name
	.byte	75                              @ DW_AT_const_value
	.byte	10                              @ Abbrev [10] 0x1e5:0x6 DW_TAG_enumerator
	.long	.Linfo_string54                 @ DW_AT_name
	.byte	76                              @ DW_AT_const_value
	.byte	10                              @ Abbrev [10] 0x1eb:0x6 DW_TAG_enumerator
	.long	.Linfo_string55                 @ DW_AT_name
	.byte	77                              @ DW_AT_const_value
	.byte	10                              @ Abbrev [10] 0x1f1:0x6 DW_TAG_enumerator
	.long	.Linfo_string56                 @ DW_AT_name
	.byte	78                              @ DW_AT_const_value
	.byte	10                              @ Abbrev [10] 0x1f7:0x6 DW_TAG_enumerator
	.long	.Linfo_string57                 @ DW_AT_name
	.byte	79                              @ DW_AT_const_value
	.byte	10                              @ Abbrev [10] 0x1fd:0x6 DW_TAG_enumerator
	.long	.Linfo_string58                 @ DW_AT_name
	.byte	80                              @ DW_AT_const_value
	.byte	10                              @ Abbrev [10] 0x203:0x6 DW_TAG_enumerator
	.long	.Linfo_string59                 @ DW_AT_name
	.byte	81                              @ DW_AT_const_value
	.byte	10                              @ Abbrev [10] 0x209:0x6 DW_TAG_enumerator
	.long	.Linfo_string60                 @ DW_AT_name
	.byte	82                              @ DW_AT_const_value
	.byte	10                              @ Abbrev [10] 0x20f:0x6 DW_TAG_enumerator
	.long	.Linfo_string61                 @ DW_AT_name
	.byte	83                              @ DW_AT_const_value
	.byte	10                              @ Abbrev [10] 0x215:0x6 DW_TAG_enumerator
	.long	.Linfo_string62                 @ DW_AT_name
	.byte	84                              @ DW_AT_const_value
	.byte	10                              @ Abbrev [10] 0x21b:0x6 DW_TAG_enumerator
	.long	.Linfo_string63                 @ DW_AT_name
	.byte	85                              @ DW_AT_const_value
	.byte	10                              @ Abbrev [10] 0x221:0x6 DW_TAG_enumerator
	.long	.Linfo_string64                 @ DW_AT_name
	.byte	86                              @ DW_AT_const_value
	.byte	10                              @ Abbrev [10] 0x227:0x6 DW_TAG_enumerator
	.long	.Linfo_string65                 @ DW_AT_name
	.byte	87                              @ DW_AT_const_value
	.byte	10                              @ Abbrev [10] 0x22d:0x6 DW_TAG_enumerator
	.long	.Linfo_string66                 @ DW_AT_name
	.byte	88                              @ DW_AT_const_value
	.byte	10                              @ Abbrev [10] 0x233:0x6 DW_TAG_enumerator
	.long	.Linfo_string67                 @ DW_AT_name
	.byte	89                              @ DW_AT_const_value
	.byte	10                              @ Abbrev [10] 0x239:0x6 DW_TAG_enumerator
	.long	.Linfo_string68                 @ DW_AT_name
	.byte	90                              @ DW_AT_const_value
	.byte	10                              @ Abbrev [10] 0x23f:0x6 DW_TAG_enumerator
	.long	.Linfo_string69                 @ DW_AT_name
	.byte	91                              @ DW_AT_const_value
	.byte	10                              @ Abbrev [10] 0x245:0x6 DW_TAG_enumerator
	.long	.Linfo_string70                 @ DW_AT_name
	.byte	92                              @ DW_AT_const_value
	.byte	10                              @ Abbrev [10] 0x24b:0x6 DW_TAG_enumerator
	.long	.Linfo_string71                 @ DW_AT_name
	.byte	93                              @ DW_AT_const_value
	.byte	10                              @ Abbrev [10] 0x251:0x6 DW_TAG_enumerator
	.long	.Linfo_string72                 @ DW_AT_name
	.byte	94                              @ DW_AT_const_value
	.byte	10                              @ Abbrev [10] 0x257:0x6 DW_TAG_enumerator
	.long	.Linfo_string73                 @ DW_AT_name
	.byte	95                              @ DW_AT_const_value
	.byte	10                              @ Abbrev [10] 0x25d:0x6 DW_TAG_enumerator
	.long	.Linfo_string74                 @ DW_AT_name
	.byte	96                              @ DW_AT_const_value
	.byte	10                              @ Abbrev [10] 0x263:0x6 DW_TAG_enumerator
	.long	.Linfo_string75                 @ DW_AT_name
	.byte	97                              @ DW_AT_const_value
	.byte	10                              @ Abbrev [10] 0x269:0x6 DW_TAG_enumerator
	.long	.Linfo_string76                 @ DW_AT_name
	.byte	98                              @ DW_AT_const_value
	.byte	10                              @ Abbrev [10] 0x26f:0x6 DW_TAG_enumerator
	.long	.Linfo_string77                 @ DW_AT_name
	.byte	99                              @ DW_AT_const_value
	.byte	10                              @ Abbrev [10] 0x275:0x6 DW_TAG_enumerator
	.long	.Linfo_string78                 @ DW_AT_name
	.byte	100                             @ DW_AT_const_value
	.byte	10                              @ Abbrev [10] 0x27b:0x6 DW_TAG_enumerator
	.long	.Linfo_string79                 @ DW_AT_name
	.byte	108                             @ DW_AT_const_value
	.byte	10                              @ Abbrev [10] 0x281:0x6 DW_TAG_enumerator
	.long	.Linfo_string80                 @ DW_AT_name
	.byte	109                             @ DW_AT_const_value
	.byte	10                              @ Abbrev [10] 0x287:0x6 DW_TAG_enumerator
	.long	.Linfo_string81                 @ DW_AT_name
	.byte	110                             @ DW_AT_const_value
	.byte	10                              @ Abbrev [10] 0x28d:0x6 DW_TAG_enumerator
	.long	.Linfo_string82                 @ DW_AT_name
	.byte	111                             @ DW_AT_const_value
	.byte	10                              @ Abbrev [10] 0x293:0x6 DW_TAG_enumerator
	.long	.Linfo_string83                 @ DW_AT_name
	.byte	112                             @ DW_AT_const_value
	.byte	10                              @ Abbrev [10] 0x299:0x6 DW_TAG_enumerator
	.long	.Linfo_string84                 @ DW_AT_name
	.byte	113                             @ DW_AT_const_value
	.byte	10                              @ Abbrev [10] 0x29f:0x6 DW_TAG_enumerator
	.long	.Linfo_string85                 @ DW_AT_name
	.byte	122                             @ DW_AT_const_value
	.byte	10                              @ Abbrev [10] 0x2a5:0x6 DW_TAG_enumerator
	.long	.Linfo_string86                 @ DW_AT_name
	.byte	123                             @ DW_AT_const_value
	.byte	0                               @ End Of Children Mark
	.byte	7                               @ Abbrev [7] 0x2ac:0x11 DW_TAG_variable
	.long	.Linfo_string88                 @ DW_AT_name
	.long	106                             @ DW_AT_type
	.byte	1                               @ DW_AT_decl_file
	.byte	51                              @ DW_AT_decl_line
	.byte	5                               @ DW_AT_location
	.byte	3
	.long	scanner_period
	.byte	9                               @ Abbrev [9] 0x2bd:0x27 DW_TAG_enumeration_type
	.long	191                             @ DW_AT_type
	.byte	1                               @ DW_AT_byte_size
	.byte	3                               @ DW_AT_decl_file
	.byte	63                              @ DW_AT_decl_line
	.byte	10                              @ Abbrev [10] 0x2c5:0x6 DW_TAG_enumerator
	.long	.Linfo_string89                 @ DW_AT_name
	.byte	0                               @ DW_AT_const_value
	.byte	10                              @ Abbrev [10] 0x2cb:0x6 DW_TAG_enumerator
	.long	.Linfo_string90                 @ DW_AT_name
	.byte	1                               @ DW_AT_const_value
	.byte	10                              @ Abbrev [10] 0x2d1:0x6 DW_TAG_enumerator
	.long	.Linfo_string91                 @ DW_AT_name
	.byte	2                               @ DW_AT_const_value
	.byte	10                              @ Abbrev [10] 0x2d7:0x6 DW_TAG_enumerator
	.long	.Linfo_string92                 @ DW_AT_name
	.byte	3                               @ DW_AT_const_value
	.byte	10                              @ Abbrev [10] 0x2dd:0x6 DW_TAG_enumerator
	.long	.Linfo_string93                 @ DW_AT_name
	.byte	4                               @ DW_AT_const_value
	.byte	0                               @ End Of Children Mark
	.byte	9                               @ Abbrev [9] 0x2e4:0x15 DW_TAG_enumeration_type
	.long	191                             @ DW_AT_type
	.byte	1                               @ DW_AT_byte_size
	.byte	4                               @ DW_AT_decl_file
	.byte	146                             @ DW_AT_decl_line
	.byte	10                              @ Abbrev [10] 0x2ec:0x6 DW_TAG_enumerator
	.long	.Linfo_string94                 @ DW_AT_name
	.byte	0                               @ DW_AT_const_value
	.byte	10                              @ Abbrev [10] 0x2f2:0x6 DW_TAG_enumerator
	.long	.Linfo_string95                 @ DW_AT_name
	.byte	1                               @ DW_AT_const_value
	.byte	0                               @ End Of Children Mark
	.byte	9                               @ Abbrev [9] 0x2f9:0x15 DW_TAG_enumeration_type
	.long	191                             @ DW_AT_type
	.byte	1                               @ DW_AT_byte_size
	.byte	4                               @ DW_AT_decl_file
	.byte	140                             @ DW_AT_decl_line
	.byte	10                              @ Abbrev [10] 0x301:0x6 DW_TAG_enumerator
	.long	.Linfo_string96                 @ DW_AT_name
	.byte	0                               @ DW_AT_const_value
	.byte	10                              @ Abbrev [10] 0x307:0x6 DW_TAG_enumerator
	.long	.Linfo_string97                 @ DW_AT_name
	.byte	1                               @ DW_AT_const_value
	.byte	0                               @ End Of Children Mark
	.byte	9                               @ Abbrev [9] 0x30e:0xde DW_TAG_enumeration_type
	.long	117                             @ DW_AT_type
	.byte	4                               @ DW_AT_byte_size
	.byte	4                               @ DW_AT_decl_file
	.byte	89                              @ DW_AT_decl_line
	.byte	10                              @ Abbrev [10] 0x316:0x8 DW_TAG_enumerator
	.long	.Linfo_string98                 @ DW_AT_name
	.ascii	"\200\200\004"                  @ DW_AT_const_value
	.byte	10                              @ Abbrev [10] 0x31e:0x6 DW_TAG_enumerator
	.long	.Linfo_string99                 @ DW_AT_name
	.byte	0                               @ DW_AT_const_value
	.byte	10                              @ Abbrev [10] 0x324:0x8 DW_TAG_enumerator
	.long	.Linfo_string100                @ DW_AT_name
	.ascii	"\200\200\001"                  @ DW_AT_const_value
	.byte	10                              @ Abbrev [10] 0x32c:0x8 DW_TAG_enumerator
	.long	.Linfo_string101                @ DW_AT_name
	.ascii	"\200\200\002"                  @ DW_AT_const_value
	.byte	10                              @ Abbrev [10] 0x334:0x8 DW_TAG_enumerator
	.long	.Linfo_string102                @ DW_AT_name
	.ascii	"\200\200\003"                  @ DW_AT_const_value
	.byte	10                              @ Abbrev [10] 0x33c:0x7 DW_TAG_enumerator
	.long	.Linfo_string103                @ DW_AT_name
	.ascii	"\200`"                         @ DW_AT_const_value
	.byte	10                              @ Abbrev [10] 0x343:0x7 DW_TAG_enumerator
	.long	.Linfo_string104                @ DW_AT_name
	.ascii	"\200 "                         @ DW_AT_const_value
	.byte	10                              @ Abbrev [10] 0x34a:0x7 DW_TAG_enumerator
	.long	.Linfo_string105                @ DW_AT_name
	.ascii	"\200\020"                      @ DW_AT_const_value
	.byte	10                              @ Abbrev [10] 0x351:0x6 DW_TAG_enumerator
	.long	.Linfo_string106                @ DW_AT_name
	.byte	0                               @ DW_AT_const_value
	.byte	10                              @ Abbrev [10] 0x357:0x6 DW_TAG_enumerator
	.long	.Linfo_string107                @ DW_AT_name
	.byte	64                              @ DW_AT_const_value
	.byte	10                              @ Abbrev [10] 0x35d:0x7 DW_TAG_enumerator
	.long	.Linfo_string108                @ DW_AT_name
	.ascii	"\300\001"                      @ DW_AT_const_value
	.byte	10                              @ Abbrev [10] 0x364:0x6 DW_TAG_enumerator
	.long	.Linfo_string109                @ DW_AT_name
	.byte	0                               @ DW_AT_const_value
	.byte	10                              @ Abbrev [10] 0x36a:0x6 DW_TAG_enumerator
	.long	.Linfo_string110                @ DW_AT_name
	.byte	8                               @ DW_AT_const_value
	.byte	10                              @ Abbrev [10] 0x370:0x6 DW_TAG_enumerator
	.long	.Linfo_string111                @ DW_AT_name
	.byte	16                              @ DW_AT_const_value
	.byte	10                              @ Abbrev [10] 0x376:0x6 DW_TAG_enumerator
	.long	.Linfo_string112                @ DW_AT_name
	.byte	24                              @ DW_AT_const_value
	.byte	10                              @ Abbrev [10] 0x37c:0x6 DW_TAG_enumerator
	.long	.Linfo_string113                @ DW_AT_name
	.byte	32                              @ DW_AT_const_value
	.byte	10                              @ Abbrev [10] 0x382:0x6 DW_TAG_enumerator
	.long	.Linfo_string114                @ DW_AT_name
	.byte	40                              @ DW_AT_const_value
	.byte	10                              @ Abbrev [10] 0x388:0x6 DW_TAG_enumerator
	.long	.Linfo_string115                @ DW_AT_name
	.byte	48                              @ DW_AT_const_value
	.byte	10                              @ Abbrev [10] 0x38e:0x6 DW_TAG_enumerator
	.long	.Linfo_string116                @ DW_AT_name
	.byte	56                              @ DW_AT_const_value
	.byte	10                              @ Abbrev [10] 0x394:0x6 DW_TAG_enumerator
	.long	.Linfo_string117                @ DW_AT_name
	.byte	0                               @ DW_AT_const_value
	.byte	10                              @ Abbrev [10] 0x39a:0x6 DW_TAG_enumerator
	.long	.Linfo_string118                @ DW_AT_name
	.byte	1                               @ DW_AT_const_value
	.byte	10                              @ Abbrev [10] 0x3a0:0x6 DW_TAG_enumerator
	.long	.Linfo_string119                @ DW_AT_name
	.byte	112                             @ DW_AT_const_value
	.byte	10                              @ Abbrev [10] 0x3a6:0x6 DW_TAG_enumerator
	.long	.Linfo_string120                @ DW_AT_name
	.byte	72                              @ DW_AT_const_value
	.byte	10                              @ Abbrev [10] 0x3ac:0x7 DW_TAG_enumerator
	.long	.Linfo_string121                @ DW_AT_name
	.ascii	"\310`"                         @ DW_AT_const_value
	.byte	10                              @ Abbrev [10] 0x3b3:0x8 DW_TAG_enumerator
	.long	.Linfo_string122                @ DW_AT_name
	.ascii	"\310\340\001"                  @ DW_AT_const_value
	.byte	10                              @ Abbrev [10] 0x3bb:0x6 DW_TAG_enumerator
	.long	.Linfo_string123                @ DW_AT_name
	.byte	72                              @ DW_AT_const_value
	.byte	10                              @ Abbrev [10] 0x3c1:0x7 DW_TAG_enumerator
	.long	.Linfo_string124                @ DW_AT_name
	.ascii	"\310\020"                      @ DW_AT_const_value
	.byte	10                              @ Abbrev [10] 0x3c8:0x6 DW_TAG_enumerator
	.long	.Linfo_string125                @ DW_AT_name
	.byte	72                              @ DW_AT_const_value
	.byte	10                              @ Abbrev [10] 0x3ce:0x7 DW_TAG_enumerator
	.long	.Linfo_string126                @ DW_AT_name
	.ascii	"\310\020"                      @ DW_AT_const_value
	.byte	10                              @ Abbrev [10] 0x3d5:0x7 DW_TAG_enumerator
	.long	.Linfo_string127                @ DW_AT_name
	.ascii	"\310a"                         @ DW_AT_const_value
	.byte	10                              @ Abbrev [10] 0x3dc:0x8 DW_TAG_enumerator
	.long	.Linfo_string128                @ DW_AT_name
	.ascii	"\310\341\001"                  @ DW_AT_const_value
	.byte	10                              @ Abbrev [10] 0x3e4:0x7 DW_TAG_enumerator
	.long	.Linfo_string129                @ DW_AT_name
	.ascii	"\310\001"                      @ DW_AT_const_value
	.byte	0                               @ End Of Children Mark
	.byte	12                              @ Abbrev [12] 0x3ec:0x20 DW_TAG_subprogram
	.long	.Lfunc_begin0                   @ DW_AT_low_pc
	.long	.Lfunc_end0-.Lfunc_begin0       @ DW_AT_high_pc
	.byte	1                               @ DW_AT_frame_base
	.byte	93
	.long	.Linfo_string130                @ DW_AT_name
	.byte	1                               @ DW_AT_decl_file
	.byte	64                              @ DW_AT_decl_line
                                        @ DW_AT_prototyped
                                        @ DW_AT_external
	.byte	13                              @ Abbrev [13] 0x3fd:0xe DW_TAG_variable
	.byte	2                               @ DW_AT_location
	.byte	145
	.byte	7
	.long	.Linfo_string135                @ DW_AT_name
	.byte	1                               @ DW_AT_decl_file
	.byte	66                              @ DW_AT_decl_line
	.long	1167                            @ DW_AT_type
	.byte	0                               @ End Of Children Mark
	.byte	14                              @ Abbrev [14] 0x40c:0x24 DW_TAG_subprogram
	.long	.Lfunc_begin1                   @ DW_AT_low_pc
	.long	.Lfunc_end1-.Lfunc_begin1       @ DW_AT_high_pc
	.byte	1                               @ DW_AT_frame_base
	.byte	93
	.long	.Linfo_string131                @ DW_AT_name
	.byte	1                               @ DW_AT_decl_file
	.byte	99                              @ DW_AT_decl_line
                                        @ DW_AT_prototyped
	.long	153                             @ DW_AT_type
                                        @ DW_AT_external
	.byte	15                              @ Abbrev [15] 0x421:0xe DW_TAG_formal_parameter
	.byte	2                               @ DW_AT_location
	.byte	145
	.byte	3
	.long	.Linfo_string137                @ DW_AT_name
	.byte	1                               @ DW_AT_decl_file
	.byte	99                              @ DW_AT_decl_line
	.long	1178                            @ DW_AT_type
	.byte	0                               @ End Of Children Mark
	.byte	12                              @ Abbrev [12] 0x430:0x20 DW_TAG_subprogram
	.long	.Lfunc_begin2                   @ DW_AT_low_pc
	.long	.Lfunc_end2-.Lfunc_begin2       @ DW_AT_high_pc
	.byte	1                               @ DW_AT_frame_base
	.byte	93
	.long	.Linfo_string132                @ DW_AT_name
	.byte	1                               @ DW_AT_decl_file
	.byte	111                             @ DW_AT_decl_line
                                        @ DW_AT_prototyped
                                        @ DW_AT_external
	.byte	15                              @ Abbrev [15] 0x441:0xe DW_TAG_formal_parameter
	.byte	2                               @ DW_AT_location
	.byte	145
	.byte	3
	.long	.Linfo_string137                @ DW_AT_name
	.byte	1                               @ DW_AT_decl_file
	.byte	111                             @ DW_AT_decl_line
	.long	1178                            @ DW_AT_type
	.byte	0                               @ End Of Children Mark
	.byte	16                              @ Abbrev [16] 0x450:0x11 DW_TAG_subprogram
	.long	.Lfunc_begin3                   @ DW_AT_low_pc
	.long	.Lfunc_end3-.Lfunc_begin3       @ DW_AT_high_pc
	.byte	1                               @ DW_AT_frame_base
	.byte	93
	.long	.Linfo_string133                @ DW_AT_name
	.byte	1                               @ DW_AT_decl_file
	.byte	123                             @ DW_AT_decl_line
                                        @ DW_AT_prototyped
                                        @ DW_AT_external
	.byte	12                              @ Abbrev [12] 0x461:0x2e DW_TAG_subprogram
	.long	.Lfunc_begin4                   @ DW_AT_low_pc
	.long	.Lfunc_end4-.Lfunc_begin4       @ DW_AT_high_pc
	.byte	1                               @ DW_AT_frame_base
	.byte	93
	.long	.Linfo_string134                @ DW_AT_name
	.byte	1                               @ DW_AT_decl_file
	.byte	138                             @ DW_AT_decl_line
                                        @ DW_AT_prototyped
                                        @ DW_AT_external
	.byte	15                              @ Abbrev [15] 0x472:0xe DW_TAG_formal_parameter
	.byte	2                               @ DW_AT_location
	.byte	145
	.byte	12
	.long	.Linfo_string139                @ DW_AT_name
	.byte	1                               @ DW_AT_decl_file
	.byte	138                             @ DW_AT_decl_line
	.long	106                             @ DW_AT_type
	.byte	13                              @ Abbrev [13] 0x480:0xe DW_TAG_variable
	.byte	2                               @ DW_AT_location
	.byte	145
	.byte	11
	.long	.Linfo_string140                @ DW_AT_name
	.byte	1                               @ DW_AT_decl_file
	.byte	141                             @ DW_AT_decl_line
	.long	1167                            @ DW_AT_type
	.byte	0                               @ End Of Children Mark
	.byte	8                               @ Abbrev [8] 0x48f:0xb DW_TAG_typedef
	.long	191                             @ DW_AT_type
	.long	.Linfo_string136                @ DW_AT_name
	.byte	2                               @ DW_AT_decl_file
	.byte	55                              @ DW_AT_decl_line
	.byte	8                               @ Abbrev [8] 0x49a:0xb DW_TAG_typedef
	.long	701                             @ DW_AT_type
	.long	.Linfo_string138                @ DW_AT_name
	.byte	3                               @ DW_AT_decl_file
	.byte	70                              @ DW_AT_decl_line
	.byte	0                               @ End Of Children Mark
.Ldebug_info_end0:
	.section	.debug_ranges,"",%progbits
.Ldebug_ranges0:
	.long	.Lfunc_begin0
	.long	.Lfunc_end0
	.long	.Lfunc_begin1
	.long	.Lfunc_end1
	.long	.Lfunc_begin2
	.long	.Lfunc_end2
	.long	.Lfunc_begin3
	.long	.Lfunc_end3
	.long	.Lfunc_begin4
	.long	.Lfunc_end4
	.long	0
	.long	0
	.section	.debug_str,"MS",%progbits,1
.Linfo_string0:
	.asciz	"Component: Arm Compiler for Embedded 6.19 Tool: armclang [5e73cb00]" @ string offset=0
.Linfo_string1:
	.asciz	"../../libraries/zf_device\\zf_device_key.c" @ string offset=68
.Linfo_string2:
	.asciz	"E:\\FILE_SMART_CAR\\\346\231\272\350\203\275\350\247\206\350\247\211\\RT1064_Library-master\\RT1064_Library-master\\SeekFree_RT1064_Opensource_Library\\project\\mdk" @ string offset=110
.Linfo_string3:
	.asciz	"char"                          @ string offset=232
.Linfo_string4:
	.asciz	"__ARRAY_SIZE_TYPE__"           @ string offset=237
.Linfo_string5:
	.asciz	"key_press_time"                @ string offset=257
.Linfo_string6:
	.asciz	"unsigned int"                  @ string offset=272
.Linfo_string7:
	.asciz	"uint32"                        @ string offset=285
.Linfo_string8:
	.asciz	"key_state"                     @ string offset=292
.Linfo_string9:
	.asciz	"unsigned char"                 @ string offset=302
.Linfo_string10:
	.asciz	"KEY_RELEASE"                   @ string offset=316
.Linfo_string11:
	.asciz	"KEY_SHORT_PRESS"               @ string offset=328
.Linfo_string12:
	.asciz	"KEY_LONG_PRESS"                @ string offset=344
.Linfo_string13:
	.asciz	"key_state_enum"                @ string offset=359
.Linfo_string14:
	.asciz	"key_index"                     @ string offset=374
.Linfo_string15:
	.asciz	"B0"                            @ string offset=384
.Linfo_string16:
	.asciz	"B1"                            @ string offset=387
.Linfo_string17:
	.asciz	"B2"                            @ string offset=390
.Linfo_string18:
	.asciz	"B3"                            @ string offset=393
.Linfo_string19:
	.asciz	"B9"                            @ string offset=396
.Linfo_string20:
	.asciz	"B10"                           @ string offset=399
.Linfo_string21:
	.asciz	"B11"                           @ string offset=403
.Linfo_string22:
	.asciz	"B12"                           @ string offset=407
.Linfo_string23:
	.asciz	"B13"                           @ string offset=411
.Linfo_string24:
	.asciz	"B14"                           @ string offset=415
.Linfo_string25:
	.asciz	"B15"                           @ string offset=419
.Linfo_string26:
	.asciz	"B16"                           @ string offset=423
.Linfo_string27:
	.asciz	"B17"                           @ string offset=427
.Linfo_string28:
	.asciz	"B18"                           @ string offset=431
.Linfo_string29:
	.asciz	"B19"                           @ string offset=435
.Linfo_string30:
	.asciz	"B20"                           @ string offset=439
.Linfo_string31:
	.asciz	"B21"                           @ string offset=443
.Linfo_string32:
	.asciz	"B22"                           @ string offset=447
.Linfo_string33:
	.asciz	"B23"                           @ string offset=451
.Linfo_string34:
	.asciz	"B24"                           @ string offset=455
.Linfo_string35:
	.asciz	"B25"                           @ string offset=459
.Linfo_string36:
	.asciz	"B26"                           @ string offset=463
.Linfo_string37:
	.asciz	"B27"                           @ string offset=467
.Linfo_string38:
	.asciz	"B28"                           @ string offset=471
.Linfo_string39:
	.asciz	"B29"                           @ string offset=475
.Linfo_string40:
	.asciz	"B30"                           @ string offset=479
.Linfo_string41:
	.asciz	"B31"                           @ string offset=483
.Linfo_string42:
	.asciz	"C0"                            @ string offset=487
.Linfo_string43:
	.asciz	"C1"                            @ string offset=490
.Linfo_string44:
	.asciz	"C2"                            @ string offset=493
.Linfo_string45:
	.asciz	"C3"                            @ string offset=496
.Linfo_string46:
	.asciz	"C4"                            @ string offset=499
.Linfo_string47:
	.asciz	"C5"                            @ string offset=502
.Linfo_string48:
	.asciz	"C6"                            @ string offset=505
.Linfo_string49:
	.asciz	"C7"                            @ string offset=508
.Linfo_string50:
	.asciz	"C8"                            @ string offset=511
.Linfo_string51:
	.asciz	"C9"                            @ string offset=514
.Linfo_string52:
	.asciz	"C10"                           @ string offset=517
.Linfo_string53:
	.asciz	"C11"                           @ string offset=521
.Linfo_string54:
	.asciz	"C12"                           @ string offset=525
.Linfo_string55:
	.asciz	"C13"                           @ string offset=529
.Linfo_string56:
	.asciz	"C14"                           @ string offset=533
.Linfo_string57:
	.asciz	"C15"                           @ string offset=537
.Linfo_string58:
	.asciz	"C16"                           @ string offset=541
.Linfo_string59:
	.asciz	"C17"                           @ string offset=545
.Linfo_string60:
	.asciz	"C18"                           @ string offset=549
.Linfo_string61:
	.asciz	"C19"                           @ string offset=553
.Linfo_string62:
	.asciz	"C20"                           @ string offset=557
.Linfo_string63:
	.asciz	"C21"                           @ string offset=561
.Linfo_string64:
	.asciz	"C22"                           @ string offset=565
.Linfo_string65:
	.asciz	"C23"                           @ string offset=569
.Linfo_string66:
	.asciz	"C24"                           @ string offset=573
.Linfo_string67:
	.asciz	"C25"                           @ string offset=577
.Linfo_string68:
	.asciz	"C26"                           @ string offset=581
.Linfo_string69:
	.asciz	"C27"                           @ string offset=585
.Linfo_string70:
	.asciz	"C28"                           @ string offset=589
.Linfo_string71:
	.asciz	"C29"                           @ string offset=593
.Linfo_string72:
	.asciz	"C30"                           @ string offset=597
.Linfo_string73:
	.asciz	"C31"                           @ string offset=601
.Linfo_string74:
	.asciz	"D0"                            @ string offset=605
.Linfo_string75:
	.asciz	"D1"                            @ string offset=608
.Linfo_string76:
	.asciz	"D2"                            @ string offset=611
.Linfo_string77:
	.asciz	"D3"                            @ string offset=614
.Linfo_string78:
	.asciz	"D4"                            @ string offset=617
.Linfo_string79:
	.asciz	"D12"                           @ string offset=620
.Linfo_string80:
	.asciz	"D13"                           @ string offset=624
.Linfo_string81:
	.asciz	"D14"                           @ string offset=628
.Linfo_string82:
	.asciz	"D15"                           @ string offset=632
.Linfo_string83:
	.asciz	"D16"                           @ string offset=636
.Linfo_string84:
	.asciz	"D17"                           @ string offset=640
.Linfo_string85:
	.asciz	"D26"                           @ string offset=644
.Linfo_string86:
	.asciz	"D27"                           @ string offset=648
.Linfo_string87:
	.asciz	"gpio_pin_enum"                 @ string offset=652
.Linfo_string88:
	.asciz	"scanner_period"                @ string offset=666
.Linfo_string89:
	.asciz	"KEY_1"                         @ string offset=681
.Linfo_string90:
	.asciz	"KEY_2"                         @ string offset=687
.Linfo_string91:
	.asciz	"KEY_3"                         @ string offset=693
.Linfo_string92:
	.asciz	"KEY_4"                         @ string offset=699
.Linfo_string93:
	.asciz	"KEY_NUMBER"                    @ string offset=705
.Linfo_string94:
	.asciz	"GPIO_LOW"                      @ string offset=716
.Linfo_string95:
	.asciz	"GPIO_HIGH"                     @ string offset=725
.Linfo_string96:
	.asciz	"GPI"                           @ string offset=735
.Linfo_string97:
	.asciz	"GPO"                           @ string offset=739
.Linfo_string98:
	.asciz	"HYS_EN"                        @ string offset=743
.Linfo_string99:
	.asciz	"PULLDOWN_100K"                 @ string offset=750
.Linfo_string100:
	.asciz	"PULLUP_47K"                    @ string offset=764
.Linfo_string101:
	.asciz	"PULLUP_100K"                   @ string offset=775
.Linfo_string102:
	.asciz	"PULLUP_22K"                    @ string offset=787
.Linfo_string103:
	.asciz	"PULL_EN"                       @ string offset=798
.Linfo_string104:
	.asciz	"KEEPER_EN"                     @ string offset=806
.Linfo_string105:
	.asciz	"OD_EN"                         @ string offset=816
.Linfo_string106:
	.asciz	"SPEED_50MHZ"                   @ string offset=822
.Linfo_string107:
	.asciz	"SPEED_100MHZ"                  @ string offset=834
.Linfo_string108:
	.asciz	"SPEED_200MHZ"                  @ string offset=847
.Linfo_string109:
	.asciz	"DSE_DIS"                       @ string offset=860
.Linfo_string110:
	.asciz	"DSE_R0"                        @ string offset=868
.Linfo_string111:
	.asciz	"DSE_R0_2"                      @ string offset=875
.Linfo_string112:
	.asciz	"DSE_R0_3"                      @ string offset=884
.Linfo_string113:
	.asciz	"DSE_R0_4"                      @ string offset=893
.Linfo_string114:
	.asciz	"DSE_R0_5"                      @ string offset=902
.Linfo_string115:
	.asciz	"DSE_R0_6"                      @ string offset=911
.Linfo_string116:
	.asciz	"DSE_R0_7"                      @ string offset=920
.Linfo_string117:
	.asciz	"SRE_SLOW"                      @ string offset=929
.Linfo_string118:
	.asciz	"SRE_FAST"                      @ string offset=938
.Linfo_string119:
	.asciz	"GPI_ANAOG_IN"                  @ string offset=947
.Linfo_string120:
	.asciz	"GPI_FLOATING_IN"               @ string offset=960
.Linfo_string121:
	.asciz	"GPI_PULL_DOWN"                 @ string offset=976
.Linfo_string122:
	.asciz	"GPI_PULL_UP"                   @ string offset=990
.Linfo_string123:
	.asciz	"GPO_PUSH_PULL"                 @ string offset=1002
.Linfo_string124:
	.asciz	"GPO_OPEN_DTAIN"                @ string offset=1016
.Linfo_string125:
	.asciz	"GPO_AF_PUSH_PULL"              @ string offset=1031
.Linfo_string126:
	.asciz	"GPO_AF_OPEN_DTAIN"             @ string offset=1048
.Linfo_string127:
	.asciz	"FAST_GPI_PULL_DOWN"            @ string offset=1066
.Linfo_string128:
	.asciz	"FAST_GPI_PULL_UP"              @ string offset=1085
.Linfo_string129:
	.asciz	"FAST_GPO_PUSH_PULL"            @ string offset=1102
.Linfo_string130:
	.asciz	"key_scanner"                   @ string offset=1121
.Linfo_string131:
	.asciz	"key_get_state"                 @ string offset=1133
.Linfo_string132:
	.asciz	"key_clear_state"               @ string offset=1147
.Linfo_string133:
	.asciz	"key_clear_all_state"           @ string offset=1163
.Linfo_string134:
	.asciz	"key_init"                      @ string offset=1183
.Linfo_string135:
	.asciz	"i"                             @ string offset=1192
.Linfo_string136:
	.asciz	"uint8"                         @ string offset=1194
.Linfo_string137:
	.asciz	"key_n"                         @ string offset=1200
.Linfo_string138:
	.asciz	"key_index_enum"                @ string offset=1206
.Linfo_string139:
	.asciz	"period"                        @ string offset=1221
.Linfo_string140:
	.asciz	"loop_temp"                     @ string offset=1228
	.ident	"Component: Arm Compiler for Embedded 6.19 Tool: armclang [5e73cb00]"
	.section	".note.GNU-stack","",%progbits
	.eabi_attribute	30, 6	@ Tag_ABI_optimization_goals
	.ARM_attribute	16, 1	@ Tag_AV_eba
	.section	.debug_line,"",%progbits
.Lline_table_start0:
