	.text
	.syntax unified
	.eabi_attribute	67, "2.09"	@ Tag_conformance
	.cpu	cortex-m7
	.eabi_attribute	6, 13	@ Tag_CPU_arch
	.eabi_attribute	7, 77	@ Tag_CPU_arch_profile
	.eabi_attribute	8, 0	@ Tag_ARM_ISA_use
	.eabi_attribute	9, 2	@ Tag_THUMB_ISA_use
	.fpu	fpv5-d16
	.eabi_attribute	36, 1	@ Tag_FP_HP_extension
	.eabi_attribute	34, 1	@ Tag_CPU_unaligned_access
	.eabi_attribute	17, 1	@ Tag_ABI_PCS_GOT_use
	.eabi_attribute	20, 2	@ Tag_ABI_FP_denormal
	.eabi_attribute	21, 0	@ Tag_ABI_FP_exceptions
	.eabi_attribute	23, 1	@ Tag_ABI_FP_number_model
	.eabi_attribute	24, 1	@ Tag_ABI_align_needed
	.eabi_attribute	25, 1	@ Tag_ABI_align_preserved
	.eabi_attribute	28, 1	@ Tag_ABI_VFP_args
	.eabi_attribute	38, 1	@ Tag_ABI_FP_16bit_format
	.eabi_attribute	18, 2	@ Tag_ABI_PCS_wchar_t
	.eabi_attribute	26, 1	@ Tag_ABI_enum_size
	.eabi_attribute	14, 0	@ Tag_ABI_PCS_R9_use
	.file	"zf_device_mpu6050.c"
	.file	1 "E:\\FILE_SMART_CAR\\\346\231\272\350\203\275\350\247\206\350\247\211\\RT1064_Library-master\\RT1064_Library-master\\SeekFree_RT1064_Opensource_Library\\project\\mdk" "../../libraries/zf_common\\zf_common_typedef.h"
	.file	2 "E:\\FILE_SMART_CAR\\\346\231\272\350\203\275\350\247\206\350\247\211\\RT1064_Library-master\\RT1064_Library-master\\SeekFree_RT1064_Opensource_Library\\project\\mdk" "../../libraries/zf_device/zf_device_mpu6050.c"
	.file	3 "E:\\FILE_SMART_CAR\\\346\231\272\350\203\275\350\247\206\350\247\211\\RT1064_Library-master\\RT1064_Library-master\\SeekFree_RT1064_Opensource_Library\\project\\mdk" "../../libraries/zf_driver\\zf_driver_soft_iic.h"
	.file	4 "E:\\FILE_SMART_CAR\\\346\231\272\350\203\275\350\247\206\350\247\211\\RT1064_Library-master\\RT1064_Library-master\\SeekFree_RT1064_Opensource_Library\\project\\mdk" "../../libraries/zf_driver/zf_driver_gpio.h"
	.section	.text.mpu6050_get_acc,"ax",%progbits
	.hidden	mpu6050_get_acc                 @ -- Begin function mpu6050_get_acc
	.globl	mpu6050_get_acc
	.p2align	3
	.type	mpu6050_get_acc,%function
	.code	16                              @ @mpu6050_get_acc
	.thumb_func
mpu6050_get_acc:
.Lfunc_begin0:
	.loc	2 113 0                         @ ../../libraries/zf_device/zf_device_mpu6050.c:113:0
	.fnstart
	.cfi_sections .debug_frame
	.cfi_startproc
@ %bb.0:
	.save	{r7, lr}
	push	{r7, lr}
	.cfi_def_cfa_offset 8
	.cfi_offset lr, -4
	.cfi_offset r7, -8
	.pad	#8
	sub	sp, #8
	.cfi_def_cfa_offset 16
.Ltmp0:
	.loc	2 116 5 prologue_end            @ ../../libraries/zf_device/zf_device_mpu6050.c:116:5
	movw	r0, :lower16:mpu6050_iic_struct
	movt	r0, :upper16:mpu6050_iic_struct
	movs	r1, #59
	add.w	r2, sp, #2
	movs	r3, #6
	bl	soft_iic_read_8bit_registers
	.loc	2 117 30                        @ ../../libraries/zf_device/zf_device_mpu6050.c:117:30
	ldrb.w	r1, [sp, #2]
	.loc	2 117 52 is_stmt 0              @ ../../libraries/zf_device/zf_device_mpu6050.c:117:52
	ldrb.w	r0, [sp, #3]
	.loc	2 117 50                        @ ../../libraries/zf_device/zf_device_mpu6050.c:117:50
	orr.w	r0, r0, r1, lsl #8
	.loc	2 117 19                        @ ../../libraries/zf_device/zf_device_mpu6050.c:117:19
	movw	r1, :lower16:mpu6050_acc_x
	movt	r1, :upper16:mpu6050_acc_x
	strh	r0, [r1]
	.loc	2 118 30 is_stmt 1              @ ../../libraries/zf_device/zf_device_mpu6050.c:118:30
	ldrb.w	r1, [sp, #4]
	.loc	2 118 52 is_stmt 0              @ ../../libraries/zf_device/zf_device_mpu6050.c:118:52
	ldrb.w	r0, [sp, #5]
	.loc	2 118 50                        @ ../../libraries/zf_device/zf_device_mpu6050.c:118:50
	orr.w	r0, r0, r1, lsl #8
	.loc	2 118 19                        @ ../../libraries/zf_device/zf_device_mpu6050.c:118:19
	movw	r1, :lower16:mpu6050_acc_y
	movt	r1, :upper16:mpu6050_acc_y
	strh	r0, [r1]
	.loc	2 119 30 is_stmt 1              @ ../../libraries/zf_device/zf_device_mpu6050.c:119:30
	ldrb.w	r1, [sp, #6]
	.loc	2 119 52 is_stmt 0              @ ../../libraries/zf_device/zf_device_mpu6050.c:119:52
	ldrb.w	r0, [sp, #7]
	.loc	2 119 50                        @ ../../libraries/zf_device/zf_device_mpu6050.c:119:50
	orr.w	r0, r0, r1, lsl #8
	.loc	2 119 19                        @ ../../libraries/zf_device/zf_device_mpu6050.c:119:19
	movw	r1, :lower16:mpu6050_acc_z
	movt	r1, :upper16:mpu6050_acc_z
	strh	r0, [r1]
	.loc	2 120 1 is_stmt 1               @ ../../libraries/zf_device/zf_device_mpu6050.c:120:1
	add	sp, #8
	pop	{r7, pc}
.Ltmp1:
.Lfunc_end0:
	.size	mpu6050_get_acc, .Lfunc_end0-mpu6050_get_acc
	.cfi_endproc
	.cantunwind
	.fnend
                                        @ -- End function
	.section	.text.mpu6050_get_gyro,"ax",%progbits
	.hidden	mpu6050_get_gyro                @ -- Begin function mpu6050_get_gyro
	.globl	mpu6050_get_gyro
	.p2align	3
	.type	mpu6050_get_gyro,%function
	.code	16                              @ @mpu6050_get_gyro
	.thumb_func
mpu6050_get_gyro:
.Lfunc_begin1:
	.loc	2 130 0                         @ ../../libraries/zf_device/zf_device_mpu6050.c:130:0
	.fnstart
	.cfi_startproc
@ %bb.0:
	.save	{r7, lr}
	push	{r7, lr}
	.cfi_def_cfa_offset 8
	.cfi_offset lr, -4
	.cfi_offset r7, -8
	.pad	#8
	sub	sp, #8
	.cfi_def_cfa_offset 16
.Ltmp2:
	.loc	2 133 5 prologue_end            @ ../../libraries/zf_device/zf_device_mpu6050.c:133:5
	movw	r0, :lower16:mpu6050_iic_struct
	movt	r0, :upper16:mpu6050_iic_struct
	movs	r1, #67
	add.w	r2, sp, #2
	movs	r3, #6
	bl	soft_iic_read_8bit_registers
	.loc	2 134 31                        @ ../../libraries/zf_device/zf_device_mpu6050.c:134:31
	ldrb.w	r1, [sp, #2]
	.loc	2 134 53 is_stmt 0              @ ../../libraries/zf_device/zf_device_mpu6050.c:134:53
	ldrb.w	r0, [sp, #3]
	.loc	2 134 51                        @ ../../libraries/zf_device/zf_device_mpu6050.c:134:51
	orr.w	r0, r0, r1, lsl #8
	.loc	2 134 20                        @ ../../libraries/zf_device/zf_device_mpu6050.c:134:20
	movw	r1, :lower16:mpu6050_gyro_x
	movt	r1, :upper16:mpu6050_gyro_x
	strh	r0, [r1]
	.loc	2 135 31 is_stmt 1              @ ../../libraries/zf_device/zf_device_mpu6050.c:135:31
	ldrb.w	r1, [sp, #4]
	.loc	2 135 53 is_stmt 0              @ ../../libraries/zf_device/zf_device_mpu6050.c:135:53
	ldrb.w	r0, [sp, #5]
	.loc	2 135 51                        @ ../../libraries/zf_device/zf_device_mpu6050.c:135:51
	orr.w	r0, r0, r1, lsl #8
	.loc	2 135 20                        @ ../../libraries/zf_device/zf_device_mpu6050.c:135:20
	movw	r1, :lower16:mpu6050_gyro_y
	movt	r1, :upper16:mpu6050_gyro_y
	strh	r0, [r1]
	.loc	2 136 31 is_stmt 1              @ ../../libraries/zf_device/zf_device_mpu6050.c:136:31
	ldrb.w	r1, [sp, #6]
	.loc	2 136 53 is_stmt 0              @ ../../libraries/zf_device/zf_device_mpu6050.c:136:53
	ldrb.w	r0, [sp, #7]
	.loc	2 136 51                        @ ../../libraries/zf_device/zf_device_mpu6050.c:136:51
	orr.w	r0, r0, r1, lsl #8
	.loc	2 136 20                        @ ../../libraries/zf_device/zf_device_mpu6050.c:136:20
	movw	r1, :lower16:mpu6050_gyro_z
	movt	r1, :upper16:mpu6050_gyro_z
	strh	r0, [r1]
	.loc	2 137 1 is_stmt 1               @ ../../libraries/zf_device/zf_device_mpu6050.c:137:1
	add	sp, #8
	pop	{r7, pc}
.Ltmp3:
.Lfunc_end1:
	.size	mpu6050_get_gyro, .Lfunc_end1-mpu6050_get_gyro
	.cfi_endproc
	.cantunwind
	.fnend
                                        @ -- End function
	.section	.text.mpu6050_acc_transition,"ax",%progbits
	.hidden	mpu6050_acc_transition          @ -- Begin function mpu6050_acc_transition
	.globl	mpu6050_acc_transition
	.p2align	3
	.type	mpu6050_acc_transition,%function
	.code	16                              @ @mpu6050_acc_transition
	.thumb_func
mpu6050_acc_transition:
.Lfunc_begin2:
	.loc	2 147 0                         @ ../../libraries/zf_device/zf_device_mpu6050.c:147:0
	.fnstart
	.cfi_startproc
@ %bb.0:
	.pad	#8
	sub	sp, #8
	.cfi_def_cfa_offset 8
                                        @ kill: def $r1 killed $r0
	strh.w	r0, [sp, #6]
	movs	r0, #0
.Ltmp4:
	.loc	2 148 11 prologue_end           @ ../../libraries/zf_device/zf_device_mpu6050.c:148:11
	str	r0, [sp]
	.loc	2 153 38                        @ ../../libraries/zf_device/zf_device_mpu6050.c:153:38
	ldrsh.w	r0, [sp, #6]
	.loc	2 153 31 is_stmt 0              @ ../../libraries/zf_device/zf_device_mpu6050.c:153:31
	vmov	s0, r0
	vcvt.f32.s32	s0, s0
	vldr	s2, .LCPI2_0
	.loc	2 153 48                        @ ../../libraries/zf_device/zf_device_mpu6050.c:153:48
	vdiv.f32	s0, s0, s2
	.loc	2 153 29                        @ ../../libraries/zf_device/zf_device_mpu6050.c:153:29
	vstr	s0, [sp]
	.loc	2 157 12 is_stmt 1              @ ../../libraries/zf_device/zf_device_mpu6050.c:157:12
	vldr	s0, [sp]
	.loc	2 157 5 is_stmt 0               @ ../../libraries/zf_device/zf_device_mpu6050.c:157:5
	add	sp, #8
	bx	lr
.Ltmp5:
	.p2align	2
@ %bb.1:
	.loc	2 0 5                           @ ../../libraries/zf_device/zf_device_mpu6050.c:0:5
.LCPI2_0:
	.long	0x45800000                      @ float 4096
.Lfunc_end2:
	.size	mpu6050_acc_transition, .Lfunc_end2-mpu6050_acc_transition
	.cfi_endproc
	.cantunwind
	.fnend
                                        @ -- End function
	.section	.text.mpu6050_gyro_transition,"ax",%progbits
	.hidden	mpu6050_gyro_transition         @ -- Begin function mpu6050_gyro_transition
	.globl	mpu6050_gyro_transition
	.p2align	3
	.type	mpu6050_gyro_transition,%function
	.code	16                              @ @mpu6050_gyro_transition
	.thumb_func
mpu6050_gyro_transition:
.Lfunc_begin3:
	.loc	2 168 0 is_stmt 1               @ ../../libraries/zf_device/zf_device_mpu6050.c:168:0
	.fnstart
	.cfi_startproc
@ %bb.0:
	.pad	#8
	sub	sp, #8
	.cfi_def_cfa_offset 8
                                        @ kill: def $r1 killed $r0
	strh.w	r0, [sp, #6]
	movs	r0, #0
.Ltmp6:
	.loc	2 169 11 prologue_end           @ ../../libraries/zf_device/zf_device_mpu6050.c:169:11
	str	r0, [sp]
	.loc	2 175 39                        @ ../../libraries/zf_device/zf_device_mpu6050.c:175:39
	ldrsh.w	r0, [sp, #6]
	.loc	2 175 32 is_stmt 0              @ ../../libraries/zf_device/zf_device_mpu6050.c:175:32
	vmov	s0, r0
	vcvt.f32.s32	s0, s0
	vldr	s2, .LCPI3_0
	.loc	2 175 50                        @ ../../libraries/zf_device/zf_device_mpu6050.c:175:50
	vdiv.f32	s0, s0, s2
	.loc	2 175 30                        @ ../../libraries/zf_device/zf_device_mpu6050.c:175:30
	vstr	s0, [sp]
	.loc	2 178 12 is_stmt 1              @ ../../libraries/zf_device/zf_device_mpu6050.c:178:12
	vldr	s0, [sp]
	.loc	2 178 5 is_stmt 0               @ ../../libraries/zf_device/zf_device_mpu6050.c:178:5
	add	sp, #8
	bx	lr
.Ltmp7:
	.p2align	2
@ %bb.1:
	.loc	2 0 5                           @ ../../libraries/zf_device/zf_device_mpu6050.c:0:5
.LCPI3_0:
	.long	0x41833333                      @ float 16.3999996
.Lfunc_end3:
	.size	mpu6050_gyro_transition, .Lfunc_end3-mpu6050_gyro_transition
	.cfi_endproc
	.cantunwind
	.fnend
                                        @ -- End function
	.section	.text.mpu6050_init,"ax",%progbits
	.hidden	mpu6050_init                    @ -- Begin function mpu6050_init
	.globl	mpu6050_init
	.p2align	3
	.type	mpu6050_init,%function
	.code	16                              @ @mpu6050_init
	.thumb_func
mpu6050_init:
.Lfunc_begin4:
	.loc	2 189 0 is_stmt 1               @ ../../libraries/zf_device/zf_device_mpu6050.c:189:0
	.fnstart
	.cfi_startproc
@ %bb.0:
	.save	{r7, lr}
	push	{r7, lr}
	.cfi_def_cfa_offset 8
	.cfi_offset lr, -4
	.cfi_offset r7, -8
	.pad	#24
	sub	sp, #24
	.cfi_def_cfa_offset 32
	movs	r0, #0
.Ltmp8:
	.loc	2 190 11 prologue_end           @ ../../libraries/zf_device/zf_device_mpu6050.c:190:11
	strb.w	r0, [sp, #23]
	.loc	2 192 5                         @ ../../libraries/zf_device/zf_device_mpu6050.c:192:5
	mov	r1, sp
	movs	r0, #86
	str	r0, [r1]
	movw	r0, :lower16:mpu6050_iic_struct
	movt	r0, :upper16:mpu6050_iic_struct
	movs	r1, #104
	movs	r2, #100
	str	r2, [sp, #16]                   @ 4-byte Spill
	movs	r3, #87
	bl	soft_iic_init
	ldr	r0, [sp, #16]                   @ 4-byte Reload
	.loc	2 196 5                         @ ../../libraries/zf_device/zf_device_mpu6050.c:196:5
	bl	system_delay_ms
	.loc	2 198 5                         @ ../../libraries/zf_device/zf_device_mpu6050.c:198:5
	b	.LBB4_1
.LBB4_1:
.Ltmp9:
	.loc	2 200 12                        @ ../../libraries/zf_device/zf_device_mpu6050.c:200:12
	bl	mpu6050_self1_check
.Ltmp10:
	.loc	2 200 12 is_stmt 0              @ ../../libraries/zf_device/zf_device_mpu6050.c:200:12
	cbz	r0, .LBB4_3
	b	.LBB4_2
.LBB4_2:
.Ltmp11:
	.loc	2 205 13 is_stmt 1              @ ../../libraries/zf_device/zf_device_mpu6050.c:205:13
	movw	r1, :lower16:.L.str
	movt	r1, :upper16:.L.str
	movw	r2, :lower16:.L.str.1
	movt	r2, :upper16:.L.str.1
	movs	r0, #0
	movs	r3, #205
	bl	debug_log_handler
	movs	r0, #1
	.loc	2 206 26                        @ ../../libraries/zf_device/zf_device_mpu6050.c:206:26
	strb.w	r0, [sp, #23]
	.loc	2 207 13                        @ ../../libraries/zf_device/zf_device_mpu6050.c:207:13
	b	.LBB4_4
.Ltmp12:
.LBB4_3:
	.loc	2 209 9                         @ ../../libraries/zf_device/zf_device_mpu6050.c:209:9
	movw	r0, :lower16:mpu6050_iic_struct
	movt	r0, :upper16:mpu6050_iic_struct
	str	r0, [sp, #12]                   @ 4-byte Spill
	movs	r1, #107
	movs	r2, #0
	str	r2, [sp, #8]                    @ 4-byte Spill
	bl	soft_iic_write_8bit_register
	ldr	r0, [sp, #12]                   @ 4-byte Reload
	movs	r1, #25
	movs	r2, #7
	.loc	2 210 9                         @ ../../libraries/zf_device/zf_device_mpu6050.c:210:9
	bl	soft_iic_write_8bit_register
	ldr	r0, [sp, #12]                   @ 4-byte Reload
	movs	r1, #26
	movs	r2, #4
	.loc	2 211 9                         @ ../../libraries/zf_device/zf_device_mpu6050.c:211:9
	bl	soft_iic_write_8bit_register
	ldr	r0, [sp, #12]                   @ 4-byte Reload
	movs	r1, #27
	movs	r2, #24
	.loc	2 213 9                         @ ../../libraries/zf_device/zf_device_mpu6050.c:213:9
	bl	soft_iic_write_8bit_register
	ldr	r0, [sp, #12]                   @ 4-byte Reload
	movs	r1, #28
	movs	r2, #16
	.loc	2 220 9                         @ ../../libraries/zf_device/zf_device_mpu6050.c:220:9
	bl	soft_iic_write_8bit_register
	ldr	r2, [sp, #8]                    @ 4-byte Reload
	ldr	r0, [sp, #12]                   @ 4-byte Reload
	movs	r1, #106
	.loc	2 227 9                         @ ../../libraries/zf_device/zf_device_mpu6050.c:227:9
	bl	soft_iic_write_8bit_register
	ldr	r0, [sp, #12]                   @ 4-byte Reload
	movs	r1, #55
	movs	r2, #2
	.loc	2 228 9                         @ ../../libraries/zf_device/zf_device_mpu6050.c:228:9
	bl	soft_iic_write_8bit_register
	.loc	2 229 5                         @ ../../libraries/zf_device/zf_device_mpu6050.c:229:5
	b	.LBB4_4
.Ltmp13:
.LBB4_4:
	.loc	2 230 12                        @ ../../libraries/zf_device/zf_device_mpu6050.c:230:12
	ldrb.w	r0, [sp, #23]
	.loc	2 230 5 is_stmt 0               @ ../../libraries/zf_device/zf_device_mpu6050.c:230:5
	add	sp, #24
	pop	{r7, pc}
.Ltmp14:
.Lfunc_end4:
	.size	mpu6050_init, .Lfunc_end4-mpu6050_init
	.cfi_endproc
	.cantunwind
	.fnend
                                        @ -- End function
	.section	.text.mpu6050_self1_check,"ax",%progbits
	.p2align	3                               @ -- Begin function mpu6050_self1_check
	.type	mpu6050_self1_check,%function
	.code	16                              @ @mpu6050_self1_check
	.thumb_func
mpu6050_self1_check:
.Lfunc_begin5:
	.loc	2 86 0 is_stmt 1                @ ../../libraries/zf_device/zf_device_mpu6050.c:86:0
	.fnstart
	.cfi_startproc
@ %bb.0:
	.save	{r7, lr}
	push	{r7, lr}
	.cfi_def_cfa_offset 8
	.cfi_offset lr, -4
	.cfi_offset r7, -8
	.pad	#8
	sub	sp, #8
	.cfi_def_cfa_offset 16
	movs	r2, #0
.Ltmp15:
	.loc	2 87 11 prologue_end            @ ../../libraries/zf_device/zf_device_mpu6050.c:87:11
	strb.w	r2, [sp, #7]
	.loc	2 87 20 is_stmt 0               @ ../../libraries/zf_device/zf_device_mpu6050.c:87:20
	strb.w	r2, [sp, #6]
	.loc	2 88 12 is_stmt 1               @ ../../libraries/zf_device/zf_device_mpu6050.c:88:12
	strh.w	r2, [sp, #4]
	.loc	2 90 5                          @ ../../libraries/zf_device/zf_device_mpu6050.c:90:5
	movw	r0, :lower16:mpu6050_iic_struct
	movt	r0, :upper16:mpu6050_iic_struct
	str	r0, [sp]                        @ 4-byte Spill
	movs	r1, #107
	bl	soft_iic_write_8bit_register
	ldr	r0, [sp]                        @ 4-byte Reload
	movs	r1, #25
	movs	r2, #7
	.loc	2 91 5                          @ ../../libraries/zf_device/zf_device_mpu6050.c:91:5
	bl	soft_iic_write_8bit_register
	.loc	2 92 5                          @ ../../libraries/zf_device/zf_device_mpu6050.c:92:5
	b	.LBB5_1
.LBB5_1:                                @ =>This Inner Loop Header: Depth=1
	.loc	2 92 19 is_stmt 0               @ ../../libraries/zf_device/zf_device_mpu6050.c:92:19
	ldrb.w	r0, [sp, #7]
	.loc	2 92 5                          @ ../../libraries/zf_device/zf_device_mpu6050.c:92:5
	cmp	r0, #7
	beq	.LBB5_5
	b	.LBB5_2
.LBB5_2:                                @   in Loop: Header=BB5_1 Depth=1
.Ltmp16:
	.loc	2 94 50 is_stmt 1               @ ../../libraries/zf_device/zf_device_mpu6050.c:94:50
	ldrh.w	r0, [sp, #4]
	adds	r1, r0, #1
	strh.w	r1, [sp, #4]
.Ltmp17:
	.loc	2 94 12 is_stmt 0               @ ../../libraries/zf_device/zf_device_mpu6050.c:94:12
	cmp.w	r0, #256
	blt	.LBB5_4
	b	.LBB5_3
.LBB5_3:
	.loc	2 0 12                          @ ../../libraries/zf_device/zf_device_mpu6050.c:0:12
	movs	r0, #1
.Ltmp18:
	.loc	2 96 26 is_stmt 1               @ ../../libraries/zf_device/zf_device_mpu6050.c:96:26
	strb.w	r0, [sp, #6]
	.loc	2 97 13                         @ ../../libraries/zf_device/zf_device_mpu6050.c:97:13
	b	.LBB5_5
.Ltmp19:
.LBB5_4:                                @   in Loop: Header=BB5_1 Depth=1
	.loc	2 99 15                         @ ../../libraries/zf_device/zf_device_mpu6050.c:99:15
	movw	r0, :lower16:mpu6050_iic_struct
	movt	r0, :upper16:mpu6050_iic_struct
	movs	r1, #25
	bl	soft_iic_read_8bit_register
	.loc	2 99 13 is_stmt 0               @ ../../libraries/zf_device/zf_device_mpu6050.c:99:13
	strb.w	r0, [sp, #7]
	movs	r0, #10
	.loc	2 100 9 is_stmt 1               @ ../../libraries/zf_device/zf_device_mpu6050.c:100:9
	bl	system_delay_ms
.Ltmp20:
	.loc	2 92 5                          @ ../../libraries/zf_device/zf_device_mpu6050.c:92:5
	b	.LBB5_1
.LBB5_5:
	.loc	2 102 12                        @ ../../libraries/zf_device/zf_device_mpu6050.c:102:12
	ldrb.w	r0, [sp, #6]
	.loc	2 102 5 is_stmt 0               @ ../../libraries/zf_device/zf_device_mpu6050.c:102:5
	add	sp, #8
	pop	{r7, pc}
.Ltmp21:
.Lfunc_end5:
	.size	mpu6050_self1_check, .Lfunc_end5-mpu6050_self1_check
	.cfi_endproc
	.cantunwind
	.fnend
                                        @ -- End function
	.hidden	mpu6050_gyro_x                  @ @mpu6050_gyro_x
	.type	mpu6050_gyro_x,%object
	.section	.bss.mpu6050_gyro_x,"aw",%nobits
	.globl	mpu6050_gyro_x
	.p2align	1, 0x0
mpu6050_gyro_x:
	.short	0                               @ 0x0
	.size	mpu6050_gyro_x, 2

	.hidden	mpu6050_gyro_y                  @ @mpu6050_gyro_y
	.type	mpu6050_gyro_y,%object
	.section	.bss.mpu6050_gyro_y,"aw",%nobits
	.globl	mpu6050_gyro_y
	.p2align	1, 0x0
mpu6050_gyro_y:
	.short	0                               @ 0x0
	.size	mpu6050_gyro_y, 2

	.hidden	mpu6050_gyro_z                  @ @mpu6050_gyro_z
	.type	mpu6050_gyro_z,%object
	.section	.bss.mpu6050_gyro_z,"aw",%nobits
	.globl	mpu6050_gyro_z
	.p2align	1, 0x0
mpu6050_gyro_z:
	.short	0                               @ 0x0
	.size	mpu6050_gyro_z, 2

	.hidden	mpu6050_acc_x                   @ @mpu6050_acc_x
	.type	mpu6050_acc_x,%object
	.section	.bss.mpu6050_acc_x,"aw",%nobits
	.globl	mpu6050_acc_x
	.p2align	1, 0x0
mpu6050_acc_x:
	.short	0                               @ 0x0
	.size	mpu6050_acc_x, 2

	.hidden	mpu6050_acc_y                   @ @mpu6050_acc_y
	.type	mpu6050_acc_y,%object
	.section	.bss.mpu6050_acc_y,"aw",%nobits
	.globl	mpu6050_acc_y
	.p2align	1, 0x0
mpu6050_acc_y:
	.short	0                               @ 0x0
	.size	mpu6050_acc_y, 2

	.hidden	mpu6050_acc_z                   @ @mpu6050_acc_z
	.type	mpu6050_acc_z,%object
	.section	.bss.mpu6050_acc_z,"aw",%nobits
	.globl	mpu6050_acc_z
	.p2align	1, 0x0
mpu6050_acc_z:
	.short	0                               @ 0x0
	.size	mpu6050_acc_z, 2

	.type	mpu6050_iic_struct,%object      @ @mpu6050_iic_struct
	.section	.bss.mpu6050_iic_struct,"aw",%nobits
	.p2align	2, 0x0
mpu6050_iic_struct:
	.zero	16
	.size	mpu6050_iic_struct, 16

	.type	.L.str,%object                  @ @.str
	.section	.rodata.str1.1,"aMS",%progbits,1
.L.str:
	.asciz	"MPU6050 self check error."
	.size	.L.str, 26

	.type	.L.str.1,%object                @ @.str.1
.L.str.1:
	.asciz	"../../libraries/zf_device/zf_device_mpu6050.c"
	.size	.L.str.1, 46

	.section	.debug_abbrev,"",%progbits
	.byte	1                               @ Abbreviation Code
	.byte	17                              @ DW_TAG_compile_unit
	.byte	1                               @ DW_CHILDREN_yes
	.byte	37                              @ DW_AT_producer
	.byte	14                              @ DW_FORM_strp
	.byte	19                              @ DW_AT_language
	.byte	5                               @ DW_FORM_data2
	.byte	3                               @ DW_AT_name
	.byte	14                              @ DW_FORM_strp
	.byte	16                              @ DW_AT_stmt_list
	.byte	23                              @ DW_FORM_sec_offset
	.byte	27                              @ DW_AT_comp_dir
	.byte	14                              @ DW_FORM_strp
	.byte	17                              @ DW_AT_low_pc
	.byte	1                               @ DW_FORM_addr
	.byte	85                              @ DW_AT_ranges
	.byte	23                              @ DW_FORM_sec_offset
	.byte	0                               @ EOM(1)
	.byte	0                               @ EOM(2)
	.byte	2                               @ Abbreviation Code
	.byte	52                              @ DW_TAG_variable
	.byte	0                               @ DW_CHILDREN_no
	.byte	3                               @ DW_AT_name
	.byte	14                              @ DW_FORM_strp
	.byte	73                              @ DW_AT_type
	.byte	19                              @ DW_FORM_ref4
	.byte	63                              @ DW_AT_external
	.byte	25                              @ DW_FORM_flag_present
	.byte	58                              @ DW_AT_decl_file
	.byte	11                              @ DW_FORM_data1
	.byte	59                              @ DW_AT_decl_line
	.byte	11                              @ DW_FORM_data1
	.byte	2                               @ DW_AT_location
	.byte	24                              @ DW_FORM_exprloc
	.byte	0                               @ EOM(1)
	.byte	0                               @ EOM(2)
	.byte	3                               @ Abbreviation Code
	.byte	22                              @ DW_TAG_typedef
	.byte	0                               @ DW_CHILDREN_no
	.byte	73                              @ DW_AT_type
	.byte	19                              @ DW_FORM_ref4
	.byte	3                               @ DW_AT_name
	.byte	14                              @ DW_FORM_strp
	.byte	58                              @ DW_AT_decl_file
	.byte	11                              @ DW_FORM_data1
	.byte	59                              @ DW_AT_decl_line
	.byte	11                              @ DW_FORM_data1
	.byte	0                               @ EOM(1)
	.byte	0                               @ EOM(2)
	.byte	4                               @ Abbreviation Code
	.byte	36                              @ DW_TAG_base_type
	.byte	0                               @ DW_CHILDREN_no
	.byte	3                               @ DW_AT_name
	.byte	14                              @ DW_FORM_strp
	.byte	62                              @ DW_AT_encoding
	.byte	11                              @ DW_FORM_data1
	.byte	11                              @ DW_AT_byte_size
	.byte	11                              @ DW_FORM_data1
	.byte	0                               @ EOM(1)
	.byte	0                               @ EOM(2)
	.byte	5                               @ Abbreviation Code
	.byte	52                              @ DW_TAG_variable
	.byte	0                               @ DW_CHILDREN_no
	.byte	73                              @ DW_AT_type
	.byte	19                              @ DW_FORM_ref4
	.byte	58                              @ DW_AT_decl_file
	.byte	11                              @ DW_FORM_data1
	.byte	59                              @ DW_AT_decl_line
	.byte	11                              @ DW_FORM_data1
	.byte	2                               @ DW_AT_location
	.byte	24                              @ DW_FORM_exprloc
	.byte	0                               @ EOM(1)
	.byte	0                               @ EOM(2)
	.byte	6                               @ Abbreviation Code
	.byte	1                               @ DW_TAG_array_type
	.byte	1                               @ DW_CHILDREN_yes
	.byte	73                              @ DW_AT_type
	.byte	19                              @ DW_FORM_ref4
	.byte	0                               @ EOM(1)
	.byte	0                               @ EOM(2)
	.byte	7                               @ Abbreviation Code
	.byte	33                              @ DW_TAG_subrange_type
	.byte	0                               @ DW_CHILDREN_no
	.byte	73                              @ DW_AT_type
	.byte	19                              @ DW_FORM_ref4
	.byte	55                              @ DW_AT_count
	.byte	11                              @ DW_FORM_data1
	.byte	0                               @ EOM(1)
	.byte	0                               @ EOM(2)
	.byte	8                               @ Abbreviation Code
	.byte	36                              @ DW_TAG_base_type
	.byte	0                               @ DW_CHILDREN_no
	.byte	3                               @ DW_AT_name
	.byte	14                              @ DW_FORM_strp
	.byte	11                              @ DW_AT_byte_size
	.byte	11                              @ DW_FORM_data1
	.byte	62                              @ DW_AT_encoding
	.byte	11                              @ DW_FORM_data1
	.byte	0                               @ EOM(1)
	.byte	0                               @ EOM(2)
	.byte	9                               @ Abbreviation Code
	.byte	52                              @ DW_TAG_variable
	.byte	0                               @ DW_CHILDREN_no
	.byte	3                               @ DW_AT_name
	.byte	14                              @ DW_FORM_strp
	.byte	73                              @ DW_AT_type
	.byte	19                              @ DW_FORM_ref4
	.byte	58                              @ DW_AT_decl_file
	.byte	11                              @ DW_FORM_data1
	.byte	59                              @ DW_AT_decl_line
	.byte	11                              @ DW_FORM_data1
	.byte	2                               @ DW_AT_location
	.byte	24                              @ DW_FORM_exprloc
	.byte	0                               @ EOM(1)
	.byte	0                               @ EOM(2)
	.byte	10                              @ Abbreviation Code
	.byte	19                              @ DW_TAG_structure_type
	.byte	1                               @ DW_CHILDREN_yes
	.byte	11                              @ DW_AT_byte_size
	.byte	11                              @ DW_FORM_data1
	.byte	58                              @ DW_AT_decl_file
	.byte	11                              @ DW_FORM_data1
	.byte	59                              @ DW_AT_decl_line
	.byte	11                              @ DW_FORM_data1
	.byte	0                               @ EOM(1)
	.byte	0                               @ EOM(2)
	.byte	11                              @ Abbreviation Code
	.byte	13                              @ DW_TAG_member
	.byte	0                               @ DW_CHILDREN_no
	.byte	3                               @ DW_AT_name
	.byte	14                              @ DW_FORM_strp
	.byte	73                              @ DW_AT_type
	.byte	19                              @ DW_FORM_ref4
	.byte	58                              @ DW_AT_decl_file
	.byte	11                              @ DW_FORM_data1
	.byte	59                              @ DW_AT_decl_line
	.byte	11                              @ DW_FORM_data1
	.byte	56                              @ DW_AT_data_member_location
	.byte	11                              @ DW_FORM_data1
	.byte	0                               @ EOM(1)
	.byte	0                               @ EOM(2)
	.byte	12                              @ Abbreviation Code
	.byte	4                               @ DW_TAG_enumeration_type
	.byte	1                               @ DW_CHILDREN_yes
	.byte	73                              @ DW_AT_type
	.byte	19                              @ DW_FORM_ref4
	.byte	11                              @ DW_AT_byte_size
	.byte	11                              @ DW_FORM_data1
	.byte	58                              @ DW_AT_decl_file
	.byte	11                              @ DW_FORM_data1
	.byte	59                              @ DW_AT_decl_line
	.byte	11                              @ DW_FORM_data1
	.byte	0                               @ EOM(1)
	.byte	0                               @ EOM(2)
	.byte	13                              @ Abbreviation Code
	.byte	40                              @ DW_TAG_enumerator
	.byte	0                               @ DW_CHILDREN_no
	.byte	3                               @ DW_AT_name
	.byte	14                              @ DW_FORM_strp
	.byte	28                              @ DW_AT_const_value
	.byte	15                              @ DW_FORM_udata
	.byte	0                               @ EOM(1)
	.byte	0                               @ EOM(2)
	.byte	14                              @ Abbreviation Code
	.byte	46                              @ DW_TAG_subprogram
	.byte	1                               @ DW_CHILDREN_yes
	.byte	17                              @ DW_AT_low_pc
	.byte	1                               @ DW_FORM_addr
	.byte	18                              @ DW_AT_high_pc
	.byte	6                               @ DW_FORM_data4
	.byte	64                              @ DW_AT_frame_base
	.byte	24                              @ DW_FORM_exprloc
	.byte	3                               @ DW_AT_name
	.byte	14                              @ DW_FORM_strp
	.byte	58                              @ DW_AT_decl_file
	.byte	11                              @ DW_FORM_data1
	.byte	59                              @ DW_AT_decl_line
	.byte	11                              @ DW_FORM_data1
	.byte	39                              @ DW_AT_prototyped
	.byte	25                              @ DW_FORM_flag_present
	.byte	63                              @ DW_AT_external
	.byte	25                              @ DW_FORM_flag_present
	.byte	0                               @ EOM(1)
	.byte	0                               @ EOM(2)
	.byte	15                              @ Abbreviation Code
	.byte	52                              @ DW_TAG_variable
	.byte	0                               @ DW_CHILDREN_no
	.byte	2                               @ DW_AT_location
	.byte	24                              @ DW_FORM_exprloc
	.byte	3                               @ DW_AT_name
	.byte	14                              @ DW_FORM_strp
	.byte	58                              @ DW_AT_decl_file
	.byte	11                              @ DW_FORM_data1
	.byte	59                              @ DW_AT_decl_line
	.byte	11                              @ DW_FORM_data1
	.byte	73                              @ DW_AT_type
	.byte	19                              @ DW_FORM_ref4
	.byte	0                               @ EOM(1)
	.byte	0                               @ EOM(2)
	.byte	16                              @ Abbreviation Code
	.byte	46                              @ DW_TAG_subprogram
	.byte	1                               @ DW_CHILDREN_yes
	.byte	17                              @ DW_AT_low_pc
	.byte	1                               @ DW_FORM_addr
	.byte	18                              @ DW_AT_high_pc
	.byte	6                               @ DW_FORM_data4
	.byte	64                              @ DW_AT_frame_base
	.byte	24                              @ DW_FORM_exprloc
	.byte	3                               @ DW_AT_name
	.byte	14                              @ DW_FORM_strp
	.byte	58                              @ DW_AT_decl_file
	.byte	11                              @ DW_FORM_data1
	.byte	59                              @ DW_AT_decl_line
	.byte	11                              @ DW_FORM_data1
	.byte	39                              @ DW_AT_prototyped
	.byte	25                              @ DW_FORM_flag_present
	.byte	73                              @ DW_AT_type
	.byte	19                              @ DW_FORM_ref4
	.byte	63                              @ DW_AT_external
	.byte	25                              @ DW_FORM_flag_present
	.byte	0                               @ EOM(1)
	.byte	0                               @ EOM(2)
	.byte	17                              @ Abbreviation Code
	.byte	5                               @ DW_TAG_formal_parameter
	.byte	0                               @ DW_CHILDREN_no
	.byte	2                               @ DW_AT_location
	.byte	24                              @ DW_FORM_exprloc
	.byte	3                               @ DW_AT_name
	.byte	14                              @ DW_FORM_strp
	.byte	58                              @ DW_AT_decl_file
	.byte	11                              @ DW_FORM_data1
	.byte	59                              @ DW_AT_decl_line
	.byte	11                              @ DW_FORM_data1
	.byte	73                              @ DW_AT_type
	.byte	19                              @ DW_FORM_ref4
	.byte	0                               @ EOM(1)
	.byte	0                               @ EOM(2)
	.byte	18                              @ Abbreviation Code
	.byte	46                              @ DW_TAG_subprogram
	.byte	1                               @ DW_CHILDREN_yes
	.byte	17                              @ DW_AT_low_pc
	.byte	1                               @ DW_FORM_addr
	.byte	18                              @ DW_AT_high_pc
	.byte	6                               @ DW_FORM_data4
	.byte	64                              @ DW_AT_frame_base
	.byte	24                              @ DW_FORM_exprloc
	.byte	3                               @ DW_AT_name
	.byte	14                              @ DW_FORM_strp
	.byte	58                              @ DW_AT_decl_file
	.byte	11                              @ DW_FORM_data1
	.byte	59                              @ DW_AT_decl_line
	.byte	11                              @ DW_FORM_data1
	.byte	39                              @ DW_AT_prototyped
	.byte	25                              @ DW_FORM_flag_present
	.byte	73                              @ DW_AT_type
	.byte	19                              @ DW_FORM_ref4
	.byte	0                               @ EOM(1)
	.byte	0                               @ EOM(2)
	.byte	0                               @ EOM(3)
	.section	.debug_info,"",%progbits
.Lcu_begin0:
	.long	.Ldebug_info_end0-.Ldebug_info_start0 @ Length of Unit
.Ldebug_info_start0:
	.short	4                               @ DWARF version number
	.long	.debug_abbrev                   @ Offset Into Abbrev. Section
	.byte	4                               @ Address Size (in bytes)
	.byte	1                               @ Abbrev [1] 0xb:0x42f DW_TAG_compile_unit
	.long	.Linfo_string0                  @ DW_AT_producer
	.short	12                              @ DW_AT_language
	.long	.Linfo_string1                  @ DW_AT_name
	.long	.Lline_table_start0             @ DW_AT_stmt_list
	.long	.Linfo_string2                  @ DW_AT_comp_dir
	.long	0                               @ DW_AT_low_pc
	.long	.Ldebug_ranges0                 @ DW_AT_ranges
	.byte	2                               @ Abbrev [2] 0x26:0x11 DW_TAG_variable
	.long	.Linfo_string3                  @ DW_AT_name
	.long	55                              @ DW_AT_type
                                        @ DW_AT_external
	.byte	2                               @ DW_AT_decl_file
	.byte	63                              @ DW_AT_decl_line
	.byte	5                               @ DW_AT_location
	.byte	3
	.long	mpu6050_gyro_x
	.byte	3                               @ Abbrev [3] 0x37:0xb DW_TAG_typedef
	.long	66                              @ DW_AT_type
	.long	.Linfo_string5                  @ DW_AT_name
	.byte	1                               @ DW_AT_decl_file
	.byte	61                              @ DW_AT_decl_line
	.byte	4                               @ Abbrev [4] 0x42:0x7 DW_TAG_base_type
	.long	.Linfo_string4                  @ DW_AT_name
	.byte	5                               @ DW_AT_encoding
	.byte	2                               @ DW_AT_byte_size
	.byte	2                               @ Abbrev [2] 0x49:0x11 DW_TAG_variable
	.long	.Linfo_string6                  @ DW_AT_name
	.long	55                              @ DW_AT_type
                                        @ DW_AT_external
	.byte	2                               @ DW_AT_decl_file
	.byte	63                              @ DW_AT_decl_line
	.byte	5                               @ DW_AT_location
	.byte	3
	.long	mpu6050_gyro_y
	.byte	2                               @ Abbrev [2] 0x5a:0x11 DW_TAG_variable
	.long	.Linfo_string7                  @ DW_AT_name
	.long	55                              @ DW_AT_type
                                        @ DW_AT_external
	.byte	2                               @ DW_AT_decl_file
	.byte	63                              @ DW_AT_decl_line
	.byte	5                               @ DW_AT_location
	.byte	3
	.long	mpu6050_gyro_z
	.byte	2                               @ Abbrev [2] 0x6b:0x11 DW_TAG_variable
	.long	.Linfo_string8                  @ DW_AT_name
	.long	55                              @ DW_AT_type
                                        @ DW_AT_external
	.byte	2                               @ DW_AT_decl_file
	.byte	64                              @ DW_AT_decl_line
	.byte	5                               @ DW_AT_location
	.byte	3
	.long	mpu6050_acc_x
	.byte	2                               @ Abbrev [2] 0x7c:0x11 DW_TAG_variable
	.long	.Linfo_string9                  @ DW_AT_name
	.long	55                              @ DW_AT_type
                                        @ DW_AT_external
	.byte	2                               @ DW_AT_decl_file
	.byte	64                              @ DW_AT_decl_line
	.byte	5                               @ DW_AT_location
	.byte	3
	.long	mpu6050_acc_y
	.byte	2                               @ Abbrev [2] 0x8d:0x11 DW_TAG_variable
	.long	.Linfo_string10                 @ DW_AT_name
	.long	55                              @ DW_AT_type
                                        @ DW_AT_external
	.byte	2                               @ DW_AT_decl_file
	.byte	64                              @ DW_AT_decl_line
	.byte	5                               @ DW_AT_location
	.byte	3
	.long	mpu6050_acc_z
	.byte	5                               @ Abbrev [5] 0x9e:0xd DW_TAG_variable
	.long	171                             @ DW_AT_type
	.byte	2                               @ DW_AT_decl_file
	.byte	205                             @ DW_AT_decl_line
	.byte	5                               @ DW_AT_location
	.byte	3
	.long	.L.str
	.byte	6                               @ Abbrev [6] 0xab:0xc DW_TAG_array_type
	.long	183                             @ DW_AT_type
	.byte	7                               @ Abbrev [7] 0xb0:0x6 DW_TAG_subrange_type
	.long	190                             @ DW_AT_type
	.byte	26                              @ DW_AT_count
	.byte	0                               @ End Of Children Mark
	.byte	4                               @ Abbrev [4] 0xb7:0x7 DW_TAG_base_type
	.long	.Linfo_string11                 @ DW_AT_name
	.byte	6                               @ DW_AT_encoding
	.byte	1                               @ DW_AT_byte_size
	.byte	8                               @ Abbrev [8] 0xbe:0x7 DW_TAG_base_type
	.long	.Linfo_string12                 @ DW_AT_name
	.byte	8                               @ DW_AT_byte_size
	.byte	7                               @ DW_AT_encoding
	.byte	5                               @ Abbrev [5] 0xc5:0xd DW_TAG_variable
	.long	210                             @ DW_AT_type
	.byte	2                               @ DW_AT_decl_file
	.byte	205                             @ DW_AT_decl_line
	.byte	5                               @ DW_AT_location
	.byte	3
	.long	.L.str.1
	.byte	6                               @ Abbrev [6] 0xd2:0xc DW_TAG_array_type
	.long	183                             @ DW_AT_type
	.byte	7                               @ Abbrev [7] 0xd7:0x6 DW_TAG_subrange_type
	.long	190                             @ DW_AT_type
	.byte	46                              @ DW_AT_count
	.byte	0                               @ End Of Children Mark
	.byte	9                               @ Abbrev [9] 0xde:0x11 DW_TAG_variable
	.long	.Linfo_string13                 @ DW_AT_name
	.long	239                             @ DW_AT_type
	.byte	2                               @ DW_AT_decl_file
	.byte	67                              @ DW_AT_decl_line
	.byte	5                               @ DW_AT_location
	.byte	3
	.long	mpu6050_iic_struct
	.byte	3                               @ Abbrev [3] 0xef:0xb DW_TAG_typedef
	.long	250                             @ DW_AT_type
	.long	.Linfo_string22                 @ DW_AT_name
	.byte	3                               @ DW_AT_decl_file
	.byte	47                              @ DW_AT_decl_line
	.byte	10                              @ Abbrev [10] 0xfa:0x35 DW_TAG_structure_type
	.byte	16                              @ DW_AT_byte_size
	.byte	3                               @ DW_AT_decl_file
	.byte	41                              @ DW_AT_decl_line
	.byte	11                              @ Abbrev [11] 0xfe:0xc DW_TAG_member
	.long	.Linfo_string14                 @ DW_AT_name
	.long	303                             @ DW_AT_type
	.byte	3                               @ DW_AT_decl_file
	.byte	43                              @ DW_AT_decl_line
	.byte	0                               @ DW_AT_data_member_location
	.byte	11                              @ Abbrev [11] 0x10a:0xc DW_TAG_member
	.long	.Linfo_string17                 @ DW_AT_name
	.long	303                             @ DW_AT_type
	.byte	3                               @ DW_AT_decl_file
	.byte	44                              @ DW_AT_decl_line
	.byte	4                               @ DW_AT_data_member_location
	.byte	11                              @ Abbrev [11] 0x116:0xc DW_TAG_member
	.long	.Linfo_string18                 @ DW_AT_name
	.long	321                             @ DW_AT_type
	.byte	3                               @ DW_AT_decl_file
	.byte	45                              @ DW_AT_decl_line
	.byte	8                               @ DW_AT_data_member_location
	.byte	11                              @ Abbrev [11] 0x122:0xc DW_TAG_member
	.long	.Linfo_string21                 @ DW_AT_name
	.long	303                             @ DW_AT_type
	.byte	3                               @ DW_AT_decl_file
	.byte	46                              @ DW_AT_decl_line
	.byte	12                              @ DW_AT_data_member_location
	.byte	0                               @ End Of Children Mark
	.byte	3                               @ Abbrev [3] 0x12f:0xb DW_TAG_typedef
	.long	314                             @ DW_AT_type
	.long	.Linfo_string16                 @ DW_AT_name
	.byte	1                               @ DW_AT_decl_file
	.byte	57                              @ DW_AT_decl_line
	.byte	4                               @ Abbrev [4] 0x13a:0x7 DW_TAG_base_type
	.long	.Linfo_string15                 @ DW_AT_name
	.byte	7                               @ DW_AT_encoding
	.byte	4                               @ DW_AT_byte_size
	.byte	3                               @ Abbrev [3] 0x141:0xb DW_TAG_typedef
	.long	332                             @ DW_AT_type
	.long	.Linfo_string20                 @ DW_AT_name
	.byte	1                               @ DW_AT_decl_file
	.byte	55                              @ DW_AT_decl_line
	.byte	4                               @ Abbrev [4] 0x14c:0x7 DW_TAG_base_type
	.long	.Linfo_string19                 @ DW_AT_name
	.byte	8                               @ DW_AT_encoding
	.byte	1                               @ DW_AT_byte_size
	.byte	12                              @ Abbrev [12] 0x153:0x1b9 DW_TAG_enumeration_type
	.long	332                             @ DW_AT_type
	.byte	1                               @ DW_AT_byte_size
	.byte	4                               @ DW_AT_decl_file
	.byte	48                              @ DW_AT_decl_line
	.byte	13                              @ Abbrev [13] 0x15b:0x6 DW_TAG_enumerator
	.long	.Linfo_string23                 @ DW_AT_name
	.byte	32                              @ DW_AT_const_value
	.byte	13                              @ Abbrev [13] 0x161:0x6 DW_TAG_enumerator
	.long	.Linfo_string24                 @ DW_AT_name
	.byte	33                              @ DW_AT_const_value
	.byte	13                              @ Abbrev [13] 0x167:0x6 DW_TAG_enumerator
	.long	.Linfo_string25                 @ DW_AT_name
	.byte	34                              @ DW_AT_const_value
	.byte	13                              @ Abbrev [13] 0x16d:0x6 DW_TAG_enumerator
	.long	.Linfo_string26                 @ DW_AT_name
	.byte	35                              @ DW_AT_const_value
	.byte	13                              @ Abbrev [13] 0x173:0x6 DW_TAG_enumerator
	.long	.Linfo_string27                 @ DW_AT_name
	.byte	41                              @ DW_AT_const_value
	.byte	13                              @ Abbrev [13] 0x179:0x6 DW_TAG_enumerator
	.long	.Linfo_string28                 @ DW_AT_name
	.byte	42                              @ DW_AT_const_value
	.byte	13                              @ Abbrev [13] 0x17f:0x6 DW_TAG_enumerator
	.long	.Linfo_string29                 @ DW_AT_name
	.byte	43                              @ DW_AT_const_value
	.byte	13                              @ Abbrev [13] 0x185:0x6 DW_TAG_enumerator
	.long	.Linfo_string30                 @ DW_AT_name
	.byte	44                              @ DW_AT_const_value
	.byte	13                              @ Abbrev [13] 0x18b:0x6 DW_TAG_enumerator
	.long	.Linfo_string31                 @ DW_AT_name
	.byte	45                              @ DW_AT_const_value
	.byte	13                              @ Abbrev [13] 0x191:0x6 DW_TAG_enumerator
	.long	.Linfo_string32                 @ DW_AT_name
	.byte	46                              @ DW_AT_const_value
	.byte	13                              @ Abbrev [13] 0x197:0x6 DW_TAG_enumerator
	.long	.Linfo_string33                 @ DW_AT_name
	.byte	47                              @ DW_AT_const_value
	.byte	13                              @ Abbrev [13] 0x19d:0x6 DW_TAG_enumerator
	.long	.Linfo_string34                 @ DW_AT_name
	.byte	48                              @ DW_AT_const_value
	.byte	13                              @ Abbrev [13] 0x1a3:0x6 DW_TAG_enumerator
	.long	.Linfo_string35                 @ DW_AT_name
	.byte	49                              @ DW_AT_const_value
	.byte	13                              @ Abbrev [13] 0x1a9:0x6 DW_TAG_enumerator
	.long	.Linfo_string36                 @ DW_AT_name
	.byte	50                              @ DW_AT_const_value
	.byte	13                              @ Abbrev [13] 0x1af:0x6 DW_TAG_enumerator
	.long	.Linfo_string37                 @ DW_AT_name
	.byte	51                              @ DW_AT_const_value
	.byte	13                              @ Abbrev [13] 0x1b5:0x6 DW_TAG_enumerator
	.long	.Linfo_string38                 @ DW_AT_name
	.byte	52                              @ DW_AT_const_value
	.byte	13                              @ Abbrev [13] 0x1bb:0x6 DW_TAG_enumerator
	.long	.Linfo_string39                 @ DW_AT_name
	.byte	53                              @ DW_AT_const_value
	.byte	13                              @ Abbrev [13] 0x1c1:0x6 DW_TAG_enumerator
	.long	.Linfo_string40                 @ DW_AT_name
	.byte	54                              @ DW_AT_const_value
	.byte	13                              @ Abbrev [13] 0x1c7:0x6 DW_TAG_enumerator
	.long	.Linfo_string41                 @ DW_AT_name
	.byte	55                              @ DW_AT_const_value
	.byte	13                              @ Abbrev [13] 0x1cd:0x6 DW_TAG_enumerator
	.long	.Linfo_string42                 @ DW_AT_name
	.byte	56                              @ DW_AT_const_value
	.byte	13                              @ Abbrev [13] 0x1d3:0x6 DW_TAG_enumerator
	.long	.Linfo_string43                 @ DW_AT_name
	.byte	57                              @ DW_AT_const_value
	.byte	13                              @ Abbrev [13] 0x1d9:0x6 DW_TAG_enumerator
	.long	.Linfo_string44                 @ DW_AT_name
	.byte	58                              @ DW_AT_const_value
	.byte	13                              @ Abbrev [13] 0x1df:0x6 DW_TAG_enumerator
	.long	.Linfo_string45                 @ DW_AT_name
	.byte	59                              @ DW_AT_const_value
	.byte	13                              @ Abbrev [13] 0x1e5:0x6 DW_TAG_enumerator
	.long	.Linfo_string46                 @ DW_AT_name
	.byte	60                              @ DW_AT_const_value
	.byte	13                              @ Abbrev [13] 0x1eb:0x6 DW_TAG_enumerator
	.long	.Linfo_string47                 @ DW_AT_name
	.byte	61                              @ DW_AT_const_value
	.byte	13                              @ Abbrev [13] 0x1f1:0x6 DW_TAG_enumerator
	.long	.Linfo_string48                 @ DW_AT_name
	.byte	62                              @ DW_AT_const_value
	.byte	13                              @ Abbrev [13] 0x1f7:0x6 DW_TAG_enumerator
	.long	.Linfo_string49                 @ DW_AT_name
	.byte	63                              @ DW_AT_const_value
	.byte	13                              @ Abbrev [13] 0x1fd:0x6 DW_TAG_enumerator
	.long	.Linfo_string50                 @ DW_AT_name
	.byte	64                              @ DW_AT_const_value
	.byte	13                              @ Abbrev [13] 0x203:0x6 DW_TAG_enumerator
	.long	.Linfo_string51                 @ DW_AT_name
	.byte	65                              @ DW_AT_const_value
	.byte	13                              @ Abbrev [13] 0x209:0x6 DW_TAG_enumerator
	.long	.Linfo_string52                 @ DW_AT_name
	.byte	66                              @ DW_AT_const_value
	.byte	13                              @ Abbrev [13] 0x20f:0x6 DW_TAG_enumerator
	.long	.Linfo_string53                 @ DW_AT_name
	.byte	67                              @ DW_AT_const_value
	.byte	13                              @ Abbrev [13] 0x215:0x6 DW_TAG_enumerator
	.long	.Linfo_string54                 @ DW_AT_name
	.byte	68                              @ DW_AT_const_value
	.byte	13                              @ Abbrev [13] 0x21b:0x6 DW_TAG_enumerator
	.long	.Linfo_string55                 @ DW_AT_name
	.byte	69                              @ DW_AT_const_value
	.byte	13                              @ Abbrev [13] 0x221:0x6 DW_TAG_enumerator
	.long	.Linfo_string56                 @ DW_AT_name
	.byte	70                              @ DW_AT_const_value
	.byte	13                              @ Abbrev [13] 0x227:0x6 DW_TAG_enumerator
	.long	.Linfo_string57                 @ DW_AT_name
	.byte	71                              @ DW_AT_const_value
	.byte	13                              @ Abbrev [13] 0x22d:0x6 DW_TAG_enumerator
	.long	.Linfo_string58                 @ DW_AT_name
	.byte	72                              @ DW_AT_const_value
	.byte	13                              @ Abbrev [13] 0x233:0x6 DW_TAG_enumerator
	.long	.Linfo_string59                 @ DW_AT_name
	.byte	73                              @ DW_AT_const_value
	.byte	13                              @ Abbrev [13] 0x239:0x6 DW_TAG_enumerator
	.long	.Linfo_string60                 @ DW_AT_name
	.byte	74                              @ DW_AT_const_value
	.byte	13                              @ Abbrev [13] 0x23f:0x6 DW_TAG_enumerator
	.long	.Linfo_string61                 @ DW_AT_name
	.byte	75                              @ DW_AT_const_value
	.byte	13                              @ Abbrev [13] 0x245:0x6 DW_TAG_enumerator
	.long	.Linfo_string62                 @ DW_AT_name
	.byte	76                              @ DW_AT_const_value
	.byte	13                              @ Abbrev [13] 0x24b:0x6 DW_TAG_enumerator
	.long	.Linfo_string63                 @ DW_AT_name
	.byte	77                              @ DW_AT_const_value
	.byte	13                              @ Abbrev [13] 0x251:0x6 DW_TAG_enumerator
	.long	.Linfo_string64                 @ DW_AT_name
	.byte	78                              @ DW_AT_const_value
	.byte	13                              @ Abbrev [13] 0x257:0x6 DW_TAG_enumerator
	.long	.Linfo_string65                 @ DW_AT_name
	.byte	79                              @ DW_AT_const_value
	.byte	13                              @ Abbrev [13] 0x25d:0x6 DW_TAG_enumerator
	.long	.Linfo_string66                 @ DW_AT_name
	.byte	80                              @ DW_AT_const_value
	.byte	13                              @ Abbrev [13] 0x263:0x6 DW_TAG_enumerator
	.long	.Linfo_string67                 @ DW_AT_name
	.byte	81                              @ DW_AT_const_value
	.byte	13                              @ Abbrev [13] 0x269:0x6 DW_TAG_enumerator
	.long	.Linfo_string68                 @ DW_AT_name
	.byte	82                              @ DW_AT_const_value
	.byte	13                              @ Abbrev [13] 0x26f:0x6 DW_TAG_enumerator
	.long	.Linfo_string69                 @ DW_AT_name
	.byte	83                              @ DW_AT_const_value
	.byte	13                              @ Abbrev [13] 0x275:0x6 DW_TAG_enumerator
	.long	.Linfo_string70                 @ DW_AT_name
	.byte	84                              @ DW_AT_const_value
	.byte	13                              @ Abbrev [13] 0x27b:0x6 DW_TAG_enumerator
	.long	.Linfo_string71                 @ DW_AT_name
	.byte	85                              @ DW_AT_const_value
	.byte	13                              @ Abbrev [13] 0x281:0x6 DW_TAG_enumerator
	.long	.Linfo_string72                 @ DW_AT_name
	.byte	86                              @ DW_AT_const_value
	.byte	13                              @ Abbrev [13] 0x287:0x6 DW_TAG_enumerator
	.long	.Linfo_string73                 @ DW_AT_name
	.byte	87                              @ DW_AT_const_value
	.byte	13                              @ Abbrev [13] 0x28d:0x6 DW_TAG_enumerator
	.long	.Linfo_string74                 @ DW_AT_name
	.byte	88                              @ DW_AT_const_value
	.byte	13                              @ Abbrev [13] 0x293:0x6 DW_TAG_enumerator
	.long	.Linfo_string75                 @ DW_AT_name
	.byte	89                              @ DW_AT_const_value
	.byte	13                              @ Abbrev [13] 0x299:0x6 DW_TAG_enumerator
	.long	.Linfo_string76                 @ DW_AT_name
	.byte	90                              @ DW_AT_const_value
	.byte	13                              @ Abbrev [13] 0x29f:0x6 DW_TAG_enumerator
	.long	.Linfo_string77                 @ DW_AT_name
	.byte	91                              @ DW_AT_const_value
	.byte	13                              @ Abbrev [13] 0x2a5:0x6 DW_TAG_enumerator
	.long	.Linfo_string78                 @ DW_AT_name
	.byte	92                              @ DW_AT_const_value
	.byte	13                              @ Abbrev [13] 0x2ab:0x6 DW_TAG_enumerator
	.long	.Linfo_string79                 @ DW_AT_name
	.byte	93                              @ DW_AT_const_value
	.byte	13                              @ Abbrev [13] 0x2b1:0x6 DW_TAG_enumerator
	.long	.Linfo_string80                 @ DW_AT_name
	.byte	94                              @ DW_AT_const_value
	.byte	13                              @ Abbrev [13] 0x2b7:0x6 DW_TAG_enumerator
	.long	.Linfo_string81                 @ DW_AT_name
	.byte	95                              @ DW_AT_const_value
	.byte	13                              @ Abbrev [13] 0x2bd:0x6 DW_TAG_enumerator
	.long	.Linfo_string82                 @ DW_AT_name
	.byte	96                              @ DW_AT_const_value
	.byte	13                              @ Abbrev [13] 0x2c3:0x6 DW_TAG_enumerator
	.long	.Linfo_string83                 @ DW_AT_name
	.byte	97                              @ DW_AT_const_value
	.byte	13                              @ Abbrev [13] 0x2c9:0x6 DW_TAG_enumerator
	.long	.Linfo_string84                 @ DW_AT_name
	.byte	98                              @ DW_AT_const_value
	.byte	13                              @ Abbrev [13] 0x2cf:0x6 DW_TAG_enumerator
	.long	.Linfo_string85                 @ DW_AT_name
	.byte	99                              @ DW_AT_const_value
	.byte	13                              @ Abbrev [13] 0x2d5:0x6 DW_TAG_enumerator
	.long	.Linfo_string86                 @ DW_AT_name
	.byte	100                             @ DW_AT_const_value
	.byte	13                              @ Abbrev [13] 0x2db:0x6 DW_TAG_enumerator
	.long	.Linfo_string87                 @ DW_AT_name
	.byte	108                             @ DW_AT_const_value
	.byte	13                              @ Abbrev [13] 0x2e1:0x6 DW_TAG_enumerator
	.long	.Linfo_string88                 @ DW_AT_name
	.byte	109                             @ DW_AT_const_value
	.byte	13                              @ Abbrev [13] 0x2e7:0x6 DW_TAG_enumerator
	.long	.Linfo_string89                 @ DW_AT_name
	.byte	110                             @ DW_AT_const_value
	.byte	13                              @ Abbrev [13] 0x2ed:0x6 DW_TAG_enumerator
	.long	.Linfo_string90                 @ DW_AT_name
	.byte	111                             @ DW_AT_const_value
	.byte	13                              @ Abbrev [13] 0x2f3:0x6 DW_TAG_enumerator
	.long	.Linfo_string91                 @ DW_AT_name
	.byte	112                             @ DW_AT_const_value
	.byte	13                              @ Abbrev [13] 0x2f9:0x6 DW_TAG_enumerator
	.long	.Linfo_string92                 @ DW_AT_name
	.byte	113                             @ DW_AT_const_value
	.byte	13                              @ Abbrev [13] 0x2ff:0x6 DW_TAG_enumerator
	.long	.Linfo_string93                 @ DW_AT_name
	.byte	122                             @ DW_AT_const_value
	.byte	13                              @ Abbrev [13] 0x305:0x6 DW_TAG_enumerator
	.long	.Linfo_string94                 @ DW_AT_name
	.byte	123                             @ DW_AT_const_value
	.byte	0                               @ End Of Children Mark
	.byte	3                               @ Abbrev [3] 0x30c:0xb DW_TAG_typedef
	.long	791                             @ DW_AT_type
	.long	.Linfo_string96                 @ DW_AT_name
	.byte	1                               @ DW_AT_decl_file
	.byte	56                              @ DW_AT_decl_line
	.byte	4                               @ Abbrev [4] 0x317:0x7 DW_TAG_base_type
	.long	.Linfo_string95                 @ DW_AT_name
	.byte	7                               @ DW_AT_encoding
	.byte	2                               @ DW_AT_byte_size
	.byte	4                               @ Abbrev [4] 0x31e:0x7 DW_TAG_base_type
	.long	.Linfo_string97                 @ DW_AT_name
	.byte	4                               @ DW_AT_encoding
	.byte	4                               @ DW_AT_byte_size
	.byte	14                              @ Abbrev [14] 0x325:0x20 DW_TAG_subprogram
	.long	.Lfunc_begin0                   @ DW_AT_low_pc
	.long	.Lfunc_end0-.Lfunc_begin0       @ DW_AT_high_pc
	.byte	1                               @ DW_AT_frame_base
	.byte	93
	.long	.Linfo_string98                 @ DW_AT_name
	.byte	2                               @ DW_AT_decl_file
	.byte	112                             @ DW_AT_decl_line
                                        @ DW_AT_prototyped
                                        @ DW_AT_external
	.byte	15                              @ Abbrev [15] 0x336:0xe DW_TAG_variable
	.byte	2                               @ DW_AT_location
	.byte	145
	.byte	2
	.long	.Linfo_string104                @ DW_AT_name
	.byte	2                               @ DW_AT_decl_file
	.byte	114                             @ DW_AT_decl_line
	.long	1069                            @ DW_AT_type
	.byte	0                               @ End Of Children Mark
	.byte	14                              @ Abbrev [14] 0x345:0x20 DW_TAG_subprogram
	.long	.Lfunc_begin1                   @ DW_AT_low_pc
	.long	.Lfunc_end1-.Lfunc_begin1       @ DW_AT_high_pc
	.byte	1                               @ DW_AT_frame_base
	.byte	93
	.long	.Linfo_string99                 @ DW_AT_name
	.byte	2                               @ DW_AT_decl_file
	.byte	129                             @ DW_AT_decl_line
                                        @ DW_AT_prototyped
                                        @ DW_AT_external
	.byte	15                              @ Abbrev [15] 0x356:0xe DW_TAG_variable
	.byte	2                               @ DW_AT_location
	.byte	145
	.byte	2
	.long	.Linfo_string104                @ DW_AT_name
	.byte	2                               @ DW_AT_decl_file
	.byte	131                             @ DW_AT_decl_line
	.long	1069                            @ DW_AT_type
	.byte	0                               @ End Of Children Mark
	.byte	16                              @ Abbrev [16] 0x365:0x32 DW_TAG_subprogram
	.long	.Lfunc_begin2                   @ DW_AT_low_pc
	.long	.Lfunc_end2-.Lfunc_begin2       @ DW_AT_high_pc
	.byte	1                               @ DW_AT_frame_base
	.byte	93
	.long	.Linfo_string100                @ DW_AT_name
	.byte	2                               @ DW_AT_decl_file
	.byte	146                             @ DW_AT_decl_line
                                        @ DW_AT_prototyped
	.long	798                             @ DW_AT_type
                                        @ DW_AT_external
	.byte	17                              @ Abbrev [17] 0x37a:0xe DW_TAG_formal_parameter
	.byte	2                               @ DW_AT_location
	.byte	145
	.byte	6
	.long	.Linfo_string105                @ DW_AT_name
	.byte	2                               @ DW_AT_decl_file
	.byte	146                             @ DW_AT_decl_line
	.long	55                              @ DW_AT_type
	.byte	15                              @ Abbrev [15] 0x388:0xe DW_TAG_variable
	.byte	2                               @ DW_AT_location
	.byte	145
	.byte	0
	.long	.Linfo_string106                @ DW_AT_name
	.byte	2                               @ DW_AT_decl_file
	.byte	148                             @ DW_AT_decl_line
	.long	798                             @ DW_AT_type
	.byte	0                               @ End Of Children Mark
	.byte	16                              @ Abbrev [16] 0x397:0x32 DW_TAG_subprogram
	.long	.Lfunc_begin3                   @ DW_AT_low_pc
	.long	.Lfunc_end3-.Lfunc_begin3       @ DW_AT_high_pc
	.byte	1                               @ DW_AT_frame_base
	.byte	93
	.long	.Linfo_string101                @ DW_AT_name
	.byte	2                               @ DW_AT_decl_file
	.byte	167                             @ DW_AT_decl_line
                                        @ DW_AT_prototyped
	.long	798                             @ DW_AT_type
                                        @ DW_AT_external
	.byte	17                              @ Abbrev [17] 0x3ac:0xe DW_TAG_formal_parameter
	.byte	2                               @ DW_AT_location
	.byte	145
	.byte	6
	.long	.Linfo_string107                @ DW_AT_name
	.byte	2                               @ DW_AT_decl_file
	.byte	167                             @ DW_AT_decl_line
	.long	55                              @ DW_AT_type
	.byte	15                              @ Abbrev [15] 0x3ba:0xe DW_TAG_variable
	.byte	2                               @ DW_AT_location
	.byte	145
	.byte	0
	.long	.Linfo_string108                @ DW_AT_name
	.byte	2                               @ DW_AT_decl_file
	.byte	169                             @ DW_AT_decl_line
	.long	798                             @ DW_AT_type
	.byte	0                               @ End Of Children Mark
	.byte	16                              @ Abbrev [16] 0x3c9:0x24 DW_TAG_subprogram
	.long	.Lfunc_begin4                   @ DW_AT_low_pc
	.long	.Lfunc_end4-.Lfunc_begin4       @ DW_AT_high_pc
	.byte	1                               @ DW_AT_frame_base
	.byte	93
	.long	.Linfo_string102                @ DW_AT_name
	.byte	2                               @ DW_AT_decl_file
	.byte	188                             @ DW_AT_decl_line
                                        @ DW_AT_prototyped
	.long	321                             @ DW_AT_type
                                        @ DW_AT_external
	.byte	15                              @ Abbrev [15] 0x3de:0xe DW_TAG_variable
	.byte	2                               @ DW_AT_location
	.byte	145
	.byte	23
	.long	.Linfo_string109                @ DW_AT_name
	.byte	2                               @ DW_AT_decl_file
	.byte	190                             @ DW_AT_decl_line
	.long	321                             @ DW_AT_type
	.byte	0                               @ End Of Children Mark
	.byte	18                              @ Abbrev [18] 0x3ed:0x40 DW_TAG_subprogram
	.long	.Lfunc_begin5                   @ DW_AT_low_pc
	.long	.Lfunc_end5-.Lfunc_begin5       @ DW_AT_high_pc
	.byte	1                               @ DW_AT_frame_base
	.byte	93
	.long	.Linfo_string103                @ DW_AT_name
	.byte	2                               @ DW_AT_decl_file
	.byte	85                              @ DW_AT_decl_line
                                        @ DW_AT_prototyped
	.long	321                             @ DW_AT_type
	.byte	15                              @ Abbrev [15] 0x402:0xe DW_TAG_variable
	.byte	2                               @ DW_AT_location
	.byte	145
	.byte	7
	.long	.Linfo_string104                @ DW_AT_name
	.byte	2                               @ DW_AT_decl_file
	.byte	87                              @ DW_AT_decl_line
	.long	321                             @ DW_AT_type
	.byte	15                              @ Abbrev [15] 0x410:0xe DW_TAG_variable
	.byte	2                               @ DW_AT_location
	.byte	145
	.byte	6
	.long	.Linfo_string109                @ DW_AT_name
	.byte	2                               @ DW_AT_decl_file
	.byte	87                              @ DW_AT_decl_line
	.long	321                             @ DW_AT_type
	.byte	15                              @ Abbrev [15] 0x41e:0xe DW_TAG_variable
	.byte	2                               @ DW_AT_location
	.byte	145
	.byte	4
	.long	.Linfo_string110                @ DW_AT_name
	.byte	2                               @ DW_AT_decl_file
	.byte	88                              @ DW_AT_decl_line
	.long	780                             @ DW_AT_type
	.byte	0                               @ End Of Children Mark
	.byte	6                               @ Abbrev [6] 0x42d:0xc DW_TAG_array_type
	.long	321                             @ DW_AT_type
	.byte	7                               @ Abbrev [7] 0x432:0x6 DW_TAG_subrange_type
	.long	190                             @ DW_AT_type
	.byte	6                               @ DW_AT_count
	.byte	0                               @ End Of Children Mark
	.byte	0                               @ End Of Children Mark
.Ldebug_info_end0:
	.section	.debug_ranges,"",%progbits
.Ldebug_ranges0:
	.long	.Lfunc_begin0
	.long	.Lfunc_end0
	.long	.Lfunc_begin1
	.long	.Lfunc_end1
	.long	.Lfunc_begin2
	.long	.Lfunc_end2
	.long	.Lfunc_begin3
	.long	.Lfunc_end3
	.long	.Lfunc_begin4
	.long	.Lfunc_end4
	.long	.Lfunc_begin5
	.long	.Lfunc_end5
	.long	0
	.long	0
	.section	.debug_str,"MS",%progbits,1
.Linfo_string0:
	.asciz	"Component: Arm Compiler for Embedded 6.19 Tool: armclang [5e73cb00]" @ string offset=0
.Linfo_string1:
	.asciz	"../../libraries/zf_device\\zf_device_mpu6050.c" @ string offset=68
.Linfo_string2:
	.asciz	"E:\\FILE_SMART_CAR\\\346\231\272\350\203\275\350\247\206\350\247\211\\RT1064_Library-master\\RT1064_Library-master\\SeekFree_RT1064_Opensource_Library\\project\\mdk" @ string offset=114
.Linfo_string3:
	.asciz	"mpu6050_gyro_x"                @ string offset=236
.Linfo_string4:
	.asciz	"short"                         @ string offset=251
.Linfo_string5:
	.asciz	"int16"                         @ string offset=257
.Linfo_string6:
	.asciz	"mpu6050_gyro_y"                @ string offset=263
.Linfo_string7:
	.asciz	"mpu6050_gyro_z"                @ string offset=278
.Linfo_string8:
	.asciz	"mpu6050_acc_x"                 @ string offset=293
.Linfo_string9:
	.asciz	"mpu6050_acc_y"                 @ string offset=307
.Linfo_string10:
	.asciz	"mpu6050_acc_z"                 @ string offset=321
.Linfo_string11:
	.asciz	"char"                          @ string offset=335
.Linfo_string12:
	.asciz	"__ARRAY_SIZE_TYPE__"           @ string offset=340
.Linfo_string13:
	.asciz	"mpu6050_iic_struct"            @ string offset=360
.Linfo_string14:
	.asciz	"scl_pin"                       @ string offset=379
.Linfo_string15:
	.asciz	"unsigned int"                  @ string offset=387
.Linfo_string16:
	.asciz	"uint32"                        @ string offset=400
.Linfo_string17:
	.asciz	"sda_pin"                       @ string offset=407
.Linfo_string18:
	.asciz	"addr"                          @ string offset=415
.Linfo_string19:
	.asciz	"unsigned char"                 @ string offset=420
.Linfo_string20:
	.asciz	"uint8"                         @ string offset=434
.Linfo_string21:
	.asciz	"delay"                         @ string offset=440
.Linfo_string22:
	.asciz	"soft_iic_info_struct"          @ string offset=446
.Linfo_string23:
	.asciz	"B0"                            @ string offset=467
.Linfo_string24:
	.asciz	"B1"                            @ string offset=470
.Linfo_string25:
	.asciz	"B2"                            @ string offset=473
.Linfo_string26:
	.asciz	"B3"                            @ string offset=476
.Linfo_string27:
	.asciz	"B9"                            @ string offset=479
.Linfo_string28:
	.asciz	"B10"                           @ string offset=482
.Linfo_string29:
	.asciz	"B11"                           @ string offset=486
.Linfo_string30:
	.asciz	"B12"                           @ string offset=490
.Linfo_string31:
	.asciz	"B13"                           @ string offset=494
.Linfo_string32:
	.asciz	"B14"                           @ string offset=498
.Linfo_string33:
	.asciz	"B15"                           @ string offset=502
.Linfo_string34:
	.asciz	"B16"                           @ string offset=506
.Linfo_string35:
	.asciz	"B17"                           @ string offset=510
.Linfo_string36:
	.asciz	"B18"                           @ string offset=514
.Linfo_string37:
	.asciz	"B19"                           @ string offset=518
.Linfo_string38:
	.asciz	"B20"                           @ string offset=522
.Linfo_string39:
	.asciz	"B21"                           @ string offset=526
.Linfo_string40:
	.asciz	"B22"                           @ string offset=530
.Linfo_string41:
	.asciz	"B23"                           @ string offset=534
.Linfo_string42:
	.asciz	"B24"                           @ string offset=538
.Linfo_string43:
	.asciz	"B25"                           @ string offset=542
.Linfo_string44:
	.asciz	"B26"                           @ string offset=546
.Linfo_string45:
	.asciz	"B27"                           @ string offset=550
.Linfo_string46:
	.asciz	"B28"                           @ string offset=554
.Linfo_string47:
	.asciz	"B29"                           @ string offset=558
.Linfo_string48:
	.asciz	"B30"                           @ string offset=562
.Linfo_string49:
	.asciz	"B31"                           @ string offset=566
.Linfo_string50:
	.asciz	"C0"                            @ string offset=570
.Linfo_string51:
	.asciz	"C1"                            @ string offset=573
.Linfo_string52:
	.asciz	"C2"                            @ string offset=576
.Linfo_string53:
	.asciz	"C3"                            @ string offset=579
.Linfo_string54:
	.asciz	"C4"                            @ string offset=582
.Linfo_string55:
	.asciz	"C5"                            @ string offset=585
.Linfo_string56:
	.asciz	"C6"                            @ string offset=588
.Linfo_string57:
	.asciz	"C7"                            @ string offset=591
.Linfo_string58:
	.asciz	"C8"                            @ string offset=594
.Linfo_string59:
	.asciz	"C9"                            @ string offset=597
.Linfo_string60:
	.asciz	"C10"                           @ string offset=600
.Linfo_string61:
	.asciz	"C11"                           @ string offset=604
.Linfo_string62:
	.asciz	"C12"                           @ string offset=608
.Linfo_string63:
	.asciz	"C13"                           @ string offset=612
.Linfo_string64:
	.asciz	"C14"                           @ string offset=616
.Linfo_string65:
	.asciz	"C15"                           @ string offset=620
.Linfo_string66:
	.asciz	"C16"                           @ string offset=624
.Linfo_string67:
	.asciz	"C17"                           @ string offset=628
.Linfo_string68:
	.asciz	"C18"                           @ string offset=632
.Linfo_string69:
	.asciz	"C19"                           @ string offset=636
.Linfo_string70:
	.asciz	"C20"                           @ string offset=640
.Linfo_string71:
	.asciz	"C21"                           @ string offset=644
.Linfo_string72:
	.asciz	"C22"                           @ string offset=648
.Linfo_string73:
	.asciz	"C23"                           @ string offset=652
.Linfo_string74:
	.asciz	"C24"                           @ string offset=656
.Linfo_string75:
	.asciz	"C25"                           @ string offset=660
.Linfo_string76:
	.asciz	"C26"                           @ string offset=664
.Linfo_string77:
	.asciz	"C27"                           @ string offset=668
.Linfo_string78:
	.asciz	"C28"                           @ string offset=672
.Linfo_string79:
	.asciz	"C29"                           @ string offset=676
.Linfo_string80:
	.asciz	"C30"                           @ string offset=680
.Linfo_string81:
	.asciz	"C31"                           @ string offset=684
.Linfo_string82:
	.asciz	"D0"                            @ string offset=688
.Linfo_string83:
	.asciz	"D1"                            @ string offset=691
.Linfo_string84:
	.asciz	"D2"                            @ string offset=694
.Linfo_string85:
	.asciz	"D3"                            @ string offset=697
.Linfo_string86:
	.asciz	"D4"                            @ string offset=700
.Linfo_string87:
	.asciz	"D12"                           @ string offset=703
.Linfo_string88:
	.asciz	"D13"                           @ string offset=707
.Linfo_string89:
	.asciz	"D14"                           @ string offset=711
.Linfo_string90:
	.asciz	"D15"                           @ string offset=715
.Linfo_string91:
	.asciz	"D16"                           @ string offset=719
.Linfo_string92:
	.asciz	"D17"                           @ string offset=723
.Linfo_string93:
	.asciz	"D26"                           @ string offset=727
.Linfo_string94:
	.asciz	"D27"                           @ string offset=731
.Linfo_string95:
	.asciz	"unsigned short"                @ string offset=735
.Linfo_string96:
	.asciz	"uint16"                        @ string offset=750
.Linfo_string97:
	.asciz	"float"                         @ string offset=757
.Linfo_string98:
	.asciz	"mpu6050_get_acc"               @ string offset=763
.Linfo_string99:
	.asciz	"mpu6050_get_gyro"              @ string offset=779
.Linfo_string100:
	.asciz	"mpu6050_acc_transition"        @ string offset=796
.Linfo_string101:
	.asciz	"mpu6050_gyro_transition"       @ string offset=819
.Linfo_string102:
	.asciz	"mpu6050_init"                  @ string offset=843
.Linfo_string103:
	.asciz	"mpu6050_self1_check"           @ string offset=856
.Linfo_string104:
	.asciz	"dat"                           @ string offset=876
.Linfo_string105:
	.asciz	"acc_value"                     @ string offset=880
.Linfo_string106:
	.asciz	"acc_data"                      @ string offset=890
.Linfo_string107:
	.asciz	"gyro_value"                    @ string offset=899
.Linfo_string108:
	.asciz	"gyro_data"                     @ string offset=910
.Linfo_string109:
	.asciz	"return_state"                  @ string offset=920
.Linfo_string110:
	.asciz	"timeout_count"                 @ string offset=933
	.ident	"Component: Arm Compiler for Embedded 6.19 Tool: armclang [5e73cb00]"
	.section	".note.GNU-stack","",%progbits
	.eabi_attribute	30, 6	@ Tag_ABI_optimization_goals
	.ARM_attribute	16, 1	@ Tag_AV_eba
	.section	.debug_line,"",%progbits
.Lline_table_start0:
