	.text
	.syntax unified
	.eabi_attribute	67, "2.09"	@ Tag_conformance
	.cpu	cortex-m7
	.eabi_attribute	6, 13	@ Tag_CPU_arch
	.eabi_attribute	7, 77	@ Tag_CPU_arch_profile
	.eabi_attribute	8, 0	@ Tag_ARM_ISA_use
	.eabi_attribute	9, 2	@ Tag_THUMB_ISA_use
	.fpu	fpv5-d16
	.eabi_attribute	36, 1	@ Tag_FP_HP_extension
	.eabi_attribute	34, 1	@ Tag_CPU_unaligned_access
	.eabi_attribute	17, 1	@ Tag_ABI_PCS_GOT_use
	.eabi_attribute	20, 2	@ Tag_ABI_FP_denormal
	.eabi_attribute	21, 0	@ Tag_ABI_FP_exceptions
	.eabi_attribute	23, 1	@ Tag_ABI_FP_number_model
	.eabi_attribute	24, 1	@ Tag_ABI_align_needed
	.eabi_attribute	25, 1	@ Tag_ABI_align_preserved
	.eabi_attribute	28, 1	@ Tag_ABI_VFP_args
	.eabi_attribute	38, 1	@ Tag_ABI_FP_16bit_format
	.eabi_attribute	18, 2	@ Tag_ABI_PCS_wchar_t
	.eabi_attribute	26, 1	@ Tag_ABI_enum_size
	.eabi_attribute	14, 0	@ Tag_ABI_PCS_R9_use
	.file	"zf_driver_sdio.c"
	.file	1 "E:\\FILE_SMART_CAR\\\346\231\272\350\203\275\350\247\206\350\247\211\\RT1064_Library-master\\RT1064_Library-master\\SeekFree_RT1064_Opensource_Library\\project\\mdk" "../../libraries/zf_driver/zf_driver_sdio.c"
	.file	2 "E:\\FILE_SMART_CAR\\\346\231\272\350\203\275\350\247\206\350\247\211\\RT1064_Library-master\\RT1064_Library-master\\SeekFree_RT1064_Opensource_Library\\project\\mdk" "../../libraries/zf_driver/zf_driver_gpio.h"
	.file	3 "E:\\FILE_SMART_CAR\\\346\231\272\350\203\275\350\247\206\350\247\211\\RT1064_Library-master\\RT1064_Library-master\\SeekFree_RT1064_Opensource_Library\\project\\mdk" "../../libraries/sdk/drives/fsl_common.h"
	.file	4 "E:\\FILE_SMART_CAR\\\346\231\272\350\203\275\350\247\206\350\247\211\\RT1064_Library-master\\RT1064_Library-master\\SeekFree_RT1064_Opensource_Library\\project\\mdk" "../../libraries/components/sdmmc/common\\fsl_sdmmc_common.h"
	.section	.text.sdhc_iomuxc,"ax",%progbits
	.hidden	sdhc_iomuxc                     @ -- Begin function sdhc_iomuxc
	.globl	sdhc_iomuxc
	.p2align	3
	.type	sdhc_iomuxc,%function
	.code	16                              @ @sdhc_iomuxc
	.thumb_func
sdhc_iomuxc:
.Lfunc_begin0:
	.loc	1 52 0                          @ ../../libraries/zf_driver/zf_driver_sdio.c:52:0
	.fnstart
	.cfi_sections .debug_frame
	.cfi_startproc
@ %bb.0:
	.save	{r7, lr}
	push	{r7, lr}
	.cfi_def_cfa_offset 8
	.cfi_offset lr, -4
	.cfi_offset r7, -8
	.pad	#24
	sub	sp, #24
	.cfi_def_cfa_offset 32
	movs	r0, #55
	movw	r1, #4336
.Ltmp0:
	.loc	1 54 5 prologue_end             @ ../../libraries/zf_driver/zf_driver_sdio.c:54:5
	bl	gpio_iomuxc
	movs	r0, #100
	movw	r1, #28873
	.loc	1 55 5                          @ ../../libraries/zf_driver/zf_driver_sdio.c:55:5
	str	r1, [sp, #16]                   @ 4-byte Spill
	bl	gpio_iomuxc
	ldr	r0, [sp, #16]                   @ 4-byte Reload
	.loc	1 57 5                          @ ../../libraries/zf_driver/zf_driver_sdio.c:57:5
	mov	r1, sp
	str	r0, [r1, #8]
	movs	r3, #0
	str	r3, [sp, #20]                   @ 4-byte Spill
	str	r3, [r1, #4]
	movw	r0, #33700
	movt	r0, #16415
	str	r0, [r1]
	movw	r0, #33204
	movt	r0, #16415
	movs	r1, #6
	mov	r2, r3
	bl	afio_init
	ldr	r0, [sp, #16]                   @ 4-byte Reload
	ldr	r3, [sp, #20]                   @ 4-byte Reload
	.loc	1 58 5                          @ ../../libraries/zf_driver/zf_driver_sdio.c:58:5
	mov	r1, sp
	str	r0, [r1, #8]
	str	r3, [r1, #4]
	movw	r0, #33708
	movt	r0, #16415
	str	r0, [r1]
	movw	r0, #33212
	movt	r0, #16415
	mov	r1, r3
	mov	r2, r3
	bl	afio_init
	ldr	r0, [sp, #16]                   @ 4-byte Reload
	ldr	r3, [sp, #20]                   @ 4-byte Reload
	.loc	1 59 5                          @ ../../libraries/zf_driver/zf_driver_sdio.c:59:5
	mov	r1, sp
	str	r0, [r1, #8]
	str	r3, [r1, #4]
	movw	r0, #33712
	movt	r0, #16415
	str	r0, [r1]
	movw	r0, #33216
	movt	r0, #16415
	mov	r1, r3
	mov	r2, r3
	bl	afio_init
	ldr	r0, [sp, #16]                   @ 4-byte Reload
	ldr	r3, [sp, #20]                   @ 4-byte Reload
	.loc	1 60 5                          @ ../../libraries/zf_driver/zf_driver_sdio.c:60:5
	mov	r1, sp
	str	r0, [r1, #8]
	str	r3, [r1, #4]
	movw	r0, #33716
	movt	r0, #16415
	str	r0, [r1]
	movw	r0, #33220
	movt	r0, #16415
	mov	r1, r3
	mov	r2, r3
	bl	afio_init
	ldr	r0, [sp, #16]                   @ 4-byte Reload
	ldr	r3, [sp, #20]                   @ 4-byte Reload
	.loc	1 61 5                          @ ../../libraries/zf_driver/zf_driver_sdio.c:61:5
	mov	r1, sp
	str	r0, [r1, #8]
	str	r3, [r1, #4]
	movw	r0, #33720
	movt	r0, #16415
	str	r0, [r1]
	movw	r0, #33224
	movt	r0, #16415
	mov	r1, r3
	mov	r2, r3
	bl	afio_init
	ldr	r0, [sp, #16]                   @ 4-byte Reload
	ldr	r3, [sp, #20]                   @ 4-byte Reload
	.loc	1 62 5                          @ ../../libraries/zf_driver/zf_driver_sdio.c:62:5
	mov	r1, sp
	str	r0, [r1, #8]
	str	r3, [r1, #4]
	movw	r0, #33724
	movt	r0, #16415
	str	r0, [r1]
	movw	r0, #33228
	movt	r0, #16415
	mov	r1, r3
	mov	r2, r3
	bl	afio_init
	ldr	r0, [sp, #16]                   @ 4-byte Reload
	ldr	r3, [sp, #20]                   @ 4-byte Reload
	.loc	1 63 5                          @ ../../libraries/zf_driver/zf_driver_sdio.c:63:5
	mov	r1, sp
	str	r0, [r1, #8]
	str	r3, [r1, #4]
	movw	r0, #33728
	movt	r0, #16415
	str	r0, [r1]
	movw	r0, #33232
	movt	r0, #16415
	mov	r1, r3
	mov	r2, r3
	bl	afio_init
	.loc	1 64 1                          @ ../../libraries/zf_driver/zf_driver_sdio.c:64:1
	add	sp, #24
	pop	{r7, pc}
.Ltmp1:
.Lfunc_end0:
	.size	sdhc_iomuxc, .Lfunc_end0-sdhc_iomuxc
	.cfi_endproc
	.cantunwind
	.fnend
                                        @ -- End function
	.section	.text.sdio_init,"ax",%progbits
	.hidden	sdio_init                       @ -- Begin function sdio_init
	.globl	sdio_init
	.p2align	3
	.type	sdio_init,%function
	.code	16                              @ @sdio_init
	.thumb_func
sdio_init:
.Lfunc_begin1:
	.loc	1 74 0                          @ ../../libraries/zf_driver/zf_driver_sdio.c:74:0
	.fnstart
	.cfi_startproc
@ %bb.0:
	.save	{r7, lr}
	push	{r7, lr}
	.cfi_def_cfa_offset 8
	.cfi_offset lr, -4
	.cfi_offset r7, -8
	.pad	#8
	sub	sp, #8
	.cfi_def_cfa_offset 16
.Ltmp2:
	.loc	1 76 5 prologue_end             @ ../../libraries/zf_driver/zf_driver_sdio.c:76:5
	bl	sdhc_iomuxc
	.loc	1 78 5                          @ ../../libraries/zf_driver/zf_driver_sdio.c:78:5
	movw	r0, :lower16:g_sd
	movt	r0, :upper16:g_sd
	str	r0, [sp, #4]                    @ 4-byte Spill
	movs	r2, #5
	movs	r3, #0
	mov	r1, r3
	bl	BOARD_SD_Config
	ldr	r0, [sp, #4]                    @ 4-byte Reload
.Ltmp3:
	.loc	1 80 9                          @ ../../libraries/zf_driver/zf_driver_sdio.c:80:9
	bl	SD_HostInit
.Ltmp4:
	.loc	1 80 9 is_stmt 0                @ ../../libraries/zf_driver/zf_driver_sdio.c:80:9
	cbz	r0, .LBB1_2
	b	.LBB1_1
.LBB1_1:
.Ltmp5:
	.loc	1 82 9 is_stmt 1                @ ../../libraries/zf_driver/zf_driver_sdio.c:82:9
	movw	r1, :lower16:.L.str
	movt	r1, :upper16:.L.str
	movs	r0, #0
	movs	r2, #82
	bl	debug_assert_handler
	.loc	1 83 5                          @ ../../libraries/zf_driver/zf_driver_sdio.c:83:5
	b	.LBB1_2
.Ltmp6:
.LBB1_2:
	.loc	1 85 9                          @ ../../libraries/zf_driver/zf_driver_sdio.c:85:9
	movw	r0, :lower16:g_sd
	movt	r0, :upper16:g_sd
	movs	r1, #1
	bl	SD_PollingCardInsert
.Ltmp7:
	.loc	1 85 9 is_stmt 0                @ ../../libraries/zf_driver/zf_driver_sdio.c:85:9
	cbnz	r0, .LBB1_4
	b	.LBB1_3
.LBB1_3:
.Ltmp8:
	.loc	1 87 9 is_stmt 1                @ ../../libraries/zf_driver/zf_driver_sdio.c:87:9
	movw	r0, :lower16:g_sd
	movt	r0, :upper16:g_sd
	str	r0, [sp]                        @ 4-byte Spill
	movs	r1, #0
	bl	SD_SetCardPower
	ldr	r0, [sp]                        @ 4-byte Reload
	movs	r1, #1
	.loc	1 88 9                          @ ../../libraries/zf_driver/zf_driver_sdio.c:88:9
	bl	SD_SetCardPower
	.loc	1 89 5                          @ ../../libraries/zf_driver/zf_driver_sdio.c:89:5
	b	.LBB1_5
.Ltmp9:
.LBB1_4:
	.loc	1 92 9                          @ ../../libraries/zf_driver/zf_driver_sdio.c:92:9
	movw	r1, :lower16:.L.str
	movt	r1, :upper16:.L.str
	movs	r0, #0
	movs	r2, #92
	bl	debug_assert_handler
	b	.LBB1_5
.Ltmp10:
.LBB1_5:
	.loc	1 94 1                          @ ../../libraries/zf_driver/zf_driver_sdio.c:94:1
	add	sp, #8
	pop	{r7, pc}
.Ltmp11:
.Lfunc_end1:
	.size	sdio_init, .Lfunc_end1-sdio_init
	.cfi_endproc
	.cantunwind
	.fnend
                                        @ -- End function
	.type	.L.str,%object                  @ @.str
	.section	.rodata.str1.1,"aMS",%progbits,1
.L.str:
	.asciz	"../../libraries/zf_driver/zf_driver_sdio.c"
	.size	.L.str, 43

	.section	.debug_abbrev,"",%progbits
	.byte	1                               @ Abbreviation Code
	.byte	17                              @ DW_TAG_compile_unit
	.byte	1                               @ DW_CHILDREN_yes
	.byte	37                              @ DW_AT_producer
	.byte	14                              @ DW_FORM_strp
	.byte	19                              @ DW_AT_language
	.byte	5                               @ DW_FORM_data2
	.byte	3                               @ DW_AT_name
	.byte	14                              @ DW_FORM_strp
	.byte	16                              @ DW_AT_stmt_list
	.byte	23                              @ DW_FORM_sec_offset
	.byte	27                              @ DW_AT_comp_dir
	.byte	14                              @ DW_FORM_strp
	.byte	17                              @ DW_AT_low_pc
	.byte	1                               @ DW_FORM_addr
	.byte	85                              @ DW_AT_ranges
	.byte	23                              @ DW_FORM_sec_offset
	.byte	0                               @ EOM(1)
	.byte	0                               @ EOM(2)
	.byte	2                               @ Abbreviation Code
	.byte	52                              @ DW_TAG_variable
	.byte	0                               @ DW_CHILDREN_no
	.byte	73                              @ DW_AT_type
	.byte	19                              @ DW_FORM_ref4
	.byte	58                              @ DW_AT_decl_file
	.byte	11                              @ DW_FORM_data1
	.byte	59                              @ DW_AT_decl_line
	.byte	11                              @ DW_FORM_data1
	.byte	2                               @ DW_AT_location
	.byte	24                              @ DW_FORM_exprloc
	.byte	0                               @ EOM(1)
	.byte	0                               @ EOM(2)
	.byte	3                               @ Abbreviation Code
	.byte	1                               @ DW_TAG_array_type
	.byte	1                               @ DW_CHILDREN_yes
	.byte	73                              @ DW_AT_type
	.byte	19                              @ DW_FORM_ref4
	.byte	0                               @ EOM(1)
	.byte	0                               @ EOM(2)
	.byte	4                               @ Abbreviation Code
	.byte	33                              @ DW_TAG_subrange_type
	.byte	0                               @ DW_CHILDREN_no
	.byte	73                              @ DW_AT_type
	.byte	19                              @ DW_FORM_ref4
	.byte	55                              @ DW_AT_count
	.byte	11                              @ DW_FORM_data1
	.byte	0                               @ EOM(1)
	.byte	0                               @ EOM(2)
	.byte	5                               @ Abbreviation Code
	.byte	36                              @ DW_TAG_base_type
	.byte	0                               @ DW_CHILDREN_no
	.byte	3                               @ DW_AT_name
	.byte	14                              @ DW_FORM_strp
	.byte	62                              @ DW_AT_encoding
	.byte	11                              @ DW_FORM_data1
	.byte	11                              @ DW_AT_byte_size
	.byte	11                              @ DW_FORM_data1
	.byte	0                               @ EOM(1)
	.byte	0                               @ EOM(2)
	.byte	6                               @ Abbreviation Code
	.byte	36                              @ DW_TAG_base_type
	.byte	0                               @ DW_CHILDREN_no
	.byte	3                               @ DW_AT_name
	.byte	14                              @ DW_FORM_strp
	.byte	11                              @ DW_AT_byte_size
	.byte	11                              @ DW_FORM_data1
	.byte	62                              @ DW_AT_encoding
	.byte	11                              @ DW_FORM_data1
	.byte	0                               @ EOM(1)
	.byte	0                               @ EOM(2)
	.byte	7                               @ Abbreviation Code
	.byte	4                               @ DW_TAG_enumeration_type
	.byte	1                               @ DW_CHILDREN_yes
	.byte	73                              @ DW_AT_type
	.byte	19                              @ DW_FORM_ref4
	.byte	11                              @ DW_AT_byte_size
	.byte	11                              @ DW_FORM_data1
	.byte	58                              @ DW_AT_decl_file
	.byte	11                              @ DW_FORM_data1
	.byte	59                              @ DW_AT_decl_line
	.byte	11                              @ DW_FORM_data1
	.byte	0                               @ EOM(1)
	.byte	0                               @ EOM(2)
	.byte	8                               @ Abbreviation Code
	.byte	40                              @ DW_TAG_enumerator
	.byte	0                               @ DW_CHILDREN_no
	.byte	3                               @ DW_AT_name
	.byte	14                              @ DW_FORM_strp
	.byte	28                              @ DW_AT_const_value
	.byte	15                              @ DW_FORM_udata
	.byte	0                               @ EOM(1)
	.byte	0                               @ EOM(2)
	.byte	9                               @ Abbreviation Code
	.byte	46                              @ DW_TAG_subprogram
	.byte	0                               @ DW_CHILDREN_no
	.byte	17                              @ DW_AT_low_pc
	.byte	1                               @ DW_FORM_addr
	.byte	18                              @ DW_AT_high_pc
	.byte	6                               @ DW_FORM_data4
	.byte	64                              @ DW_AT_frame_base
	.byte	24                              @ DW_FORM_exprloc
	.byte	3                               @ DW_AT_name
	.byte	14                              @ DW_FORM_strp
	.byte	58                              @ DW_AT_decl_file
	.byte	11                              @ DW_FORM_data1
	.byte	59                              @ DW_AT_decl_line
	.byte	11                              @ DW_FORM_data1
	.byte	39                              @ DW_AT_prototyped
	.byte	25                              @ DW_FORM_flag_present
	.byte	63                              @ DW_AT_external
	.byte	25                              @ DW_FORM_flag_present
	.byte	0                               @ EOM(1)
	.byte	0                               @ EOM(2)
	.byte	0                               @ EOM(3)
	.section	.debug_info,"",%progbits
.Lcu_begin0:
	.long	.Ldebug_info_end0-.Ldebug_info_start0 @ Length of Unit
.Ldebug_info_start0:
	.short	4                               @ DWARF version number
	.long	.debug_abbrev                   @ Offset Into Abbrev. Section
	.byte	4                               @ Address Size (in bytes)
	.byte	1                               @ Abbrev [1] 0xb:0x35e DW_TAG_compile_unit
	.long	.Linfo_string0                  @ DW_AT_producer
	.short	12                              @ DW_AT_language
	.long	.Linfo_string1                  @ DW_AT_name
	.long	.Lline_table_start0             @ DW_AT_stmt_list
	.long	.Linfo_string2                  @ DW_AT_comp_dir
	.long	0                               @ DW_AT_low_pc
	.long	.Ldebug_ranges0                 @ DW_AT_ranges
	.byte	2                               @ Abbrev [2] 0x26:0xd DW_TAG_variable
	.long	51                              @ DW_AT_type
	.byte	1                               @ DW_AT_decl_file
	.byte	82                              @ DW_AT_decl_line
	.byte	5                               @ DW_AT_location
	.byte	3
	.long	.L.str
	.byte	3                               @ Abbrev [3] 0x33:0xc DW_TAG_array_type
	.long	63                              @ DW_AT_type
	.byte	4                               @ Abbrev [4] 0x38:0x6 DW_TAG_subrange_type
	.long	70                              @ DW_AT_type
	.byte	43                              @ DW_AT_count
	.byte	0                               @ End Of Children Mark
	.byte	5                               @ Abbrev [5] 0x3f:0x7 DW_TAG_base_type
	.long	.Linfo_string3                  @ DW_AT_name
	.byte	6                               @ DW_AT_encoding
	.byte	1                               @ DW_AT_byte_size
	.byte	6                               @ Abbrev [6] 0x46:0x7 DW_TAG_base_type
	.long	.Linfo_string4                  @ DW_AT_name
	.byte	8                               @ DW_AT_byte_size
	.byte	7                               @ DW_AT_encoding
	.byte	7                               @ Abbrev [7] 0x4d:0x1b9 DW_TAG_enumeration_type
	.long	518                             @ DW_AT_type
	.byte	1                               @ DW_AT_byte_size
	.byte	2                               @ DW_AT_decl_file
	.byte	48                              @ DW_AT_decl_line
	.byte	8                               @ Abbrev [8] 0x55:0x6 DW_TAG_enumerator
	.long	.Linfo_string6                  @ DW_AT_name
	.byte	32                              @ DW_AT_const_value
	.byte	8                               @ Abbrev [8] 0x5b:0x6 DW_TAG_enumerator
	.long	.Linfo_string7                  @ DW_AT_name
	.byte	33                              @ DW_AT_const_value
	.byte	8                               @ Abbrev [8] 0x61:0x6 DW_TAG_enumerator
	.long	.Linfo_string8                  @ DW_AT_name
	.byte	34                              @ DW_AT_const_value
	.byte	8                               @ Abbrev [8] 0x67:0x6 DW_TAG_enumerator
	.long	.Linfo_string9                  @ DW_AT_name
	.byte	35                              @ DW_AT_const_value
	.byte	8                               @ Abbrev [8] 0x6d:0x6 DW_TAG_enumerator
	.long	.Linfo_string10                 @ DW_AT_name
	.byte	41                              @ DW_AT_const_value
	.byte	8                               @ Abbrev [8] 0x73:0x6 DW_TAG_enumerator
	.long	.Linfo_string11                 @ DW_AT_name
	.byte	42                              @ DW_AT_const_value
	.byte	8                               @ Abbrev [8] 0x79:0x6 DW_TAG_enumerator
	.long	.Linfo_string12                 @ DW_AT_name
	.byte	43                              @ DW_AT_const_value
	.byte	8                               @ Abbrev [8] 0x7f:0x6 DW_TAG_enumerator
	.long	.Linfo_string13                 @ DW_AT_name
	.byte	44                              @ DW_AT_const_value
	.byte	8                               @ Abbrev [8] 0x85:0x6 DW_TAG_enumerator
	.long	.Linfo_string14                 @ DW_AT_name
	.byte	45                              @ DW_AT_const_value
	.byte	8                               @ Abbrev [8] 0x8b:0x6 DW_TAG_enumerator
	.long	.Linfo_string15                 @ DW_AT_name
	.byte	46                              @ DW_AT_const_value
	.byte	8                               @ Abbrev [8] 0x91:0x6 DW_TAG_enumerator
	.long	.Linfo_string16                 @ DW_AT_name
	.byte	47                              @ DW_AT_const_value
	.byte	8                               @ Abbrev [8] 0x97:0x6 DW_TAG_enumerator
	.long	.Linfo_string17                 @ DW_AT_name
	.byte	48                              @ DW_AT_const_value
	.byte	8                               @ Abbrev [8] 0x9d:0x6 DW_TAG_enumerator
	.long	.Linfo_string18                 @ DW_AT_name
	.byte	49                              @ DW_AT_const_value
	.byte	8                               @ Abbrev [8] 0xa3:0x6 DW_TAG_enumerator
	.long	.Linfo_string19                 @ DW_AT_name
	.byte	50                              @ DW_AT_const_value
	.byte	8                               @ Abbrev [8] 0xa9:0x6 DW_TAG_enumerator
	.long	.Linfo_string20                 @ DW_AT_name
	.byte	51                              @ DW_AT_const_value
	.byte	8                               @ Abbrev [8] 0xaf:0x6 DW_TAG_enumerator
	.long	.Linfo_string21                 @ DW_AT_name
	.byte	52                              @ DW_AT_const_value
	.byte	8                               @ Abbrev [8] 0xb5:0x6 DW_TAG_enumerator
	.long	.Linfo_string22                 @ DW_AT_name
	.byte	53                              @ DW_AT_const_value
	.byte	8                               @ Abbrev [8] 0xbb:0x6 DW_TAG_enumerator
	.long	.Linfo_string23                 @ DW_AT_name
	.byte	54                              @ DW_AT_const_value
	.byte	8                               @ Abbrev [8] 0xc1:0x6 DW_TAG_enumerator
	.long	.Linfo_string24                 @ DW_AT_name
	.byte	55                              @ DW_AT_const_value
	.byte	8                               @ Abbrev [8] 0xc7:0x6 DW_TAG_enumerator
	.long	.Linfo_string25                 @ DW_AT_name
	.byte	56                              @ DW_AT_const_value
	.byte	8                               @ Abbrev [8] 0xcd:0x6 DW_TAG_enumerator
	.long	.Linfo_string26                 @ DW_AT_name
	.byte	57                              @ DW_AT_const_value
	.byte	8                               @ Abbrev [8] 0xd3:0x6 DW_TAG_enumerator
	.long	.Linfo_string27                 @ DW_AT_name
	.byte	58                              @ DW_AT_const_value
	.byte	8                               @ Abbrev [8] 0xd9:0x6 DW_TAG_enumerator
	.long	.Linfo_string28                 @ DW_AT_name
	.byte	59                              @ DW_AT_const_value
	.byte	8                               @ Abbrev [8] 0xdf:0x6 DW_TAG_enumerator
	.long	.Linfo_string29                 @ DW_AT_name
	.byte	60                              @ DW_AT_const_value
	.byte	8                               @ Abbrev [8] 0xe5:0x6 DW_TAG_enumerator
	.long	.Linfo_string30                 @ DW_AT_name
	.byte	61                              @ DW_AT_const_value
	.byte	8                               @ Abbrev [8] 0xeb:0x6 DW_TAG_enumerator
	.long	.Linfo_string31                 @ DW_AT_name
	.byte	62                              @ DW_AT_const_value
	.byte	8                               @ Abbrev [8] 0xf1:0x6 DW_TAG_enumerator
	.long	.Linfo_string32                 @ DW_AT_name
	.byte	63                              @ DW_AT_const_value
	.byte	8                               @ Abbrev [8] 0xf7:0x6 DW_TAG_enumerator
	.long	.Linfo_string33                 @ DW_AT_name
	.byte	64                              @ DW_AT_const_value
	.byte	8                               @ Abbrev [8] 0xfd:0x6 DW_TAG_enumerator
	.long	.Linfo_string34                 @ DW_AT_name
	.byte	65                              @ DW_AT_const_value
	.byte	8                               @ Abbrev [8] 0x103:0x6 DW_TAG_enumerator
	.long	.Linfo_string35                 @ DW_AT_name
	.byte	66                              @ DW_AT_const_value
	.byte	8                               @ Abbrev [8] 0x109:0x6 DW_TAG_enumerator
	.long	.Linfo_string36                 @ DW_AT_name
	.byte	67                              @ DW_AT_const_value
	.byte	8                               @ Abbrev [8] 0x10f:0x6 DW_TAG_enumerator
	.long	.Linfo_string37                 @ DW_AT_name
	.byte	68                              @ DW_AT_const_value
	.byte	8                               @ Abbrev [8] 0x115:0x6 DW_TAG_enumerator
	.long	.Linfo_string38                 @ DW_AT_name
	.byte	69                              @ DW_AT_const_value
	.byte	8                               @ Abbrev [8] 0x11b:0x6 DW_TAG_enumerator
	.long	.Linfo_string39                 @ DW_AT_name
	.byte	70                              @ DW_AT_const_value
	.byte	8                               @ Abbrev [8] 0x121:0x6 DW_TAG_enumerator
	.long	.Linfo_string40                 @ DW_AT_name
	.byte	71                              @ DW_AT_const_value
	.byte	8                               @ Abbrev [8] 0x127:0x6 DW_TAG_enumerator
	.long	.Linfo_string41                 @ DW_AT_name
	.byte	72                              @ DW_AT_const_value
	.byte	8                               @ Abbrev [8] 0x12d:0x6 DW_TAG_enumerator
	.long	.Linfo_string42                 @ DW_AT_name
	.byte	73                              @ DW_AT_const_value
	.byte	8                               @ Abbrev [8] 0x133:0x6 DW_TAG_enumerator
	.long	.Linfo_string43                 @ DW_AT_name
	.byte	74                              @ DW_AT_const_value
	.byte	8                               @ Abbrev [8] 0x139:0x6 DW_TAG_enumerator
	.long	.Linfo_string44                 @ DW_AT_name
	.byte	75                              @ DW_AT_const_value
	.byte	8                               @ Abbrev [8] 0x13f:0x6 DW_TAG_enumerator
	.long	.Linfo_string45                 @ DW_AT_name
	.byte	76                              @ DW_AT_const_value
	.byte	8                               @ Abbrev [8] 0x145:0x6 DW_TAG_enumerator
	.long	.Linfo_string46                 @ DW_AT_name
	.byte	77                              @ DW_AT_const_value
	.byte	8                               @ Abbrev [8] 0x14b:0x6 DW_TAG_enumerator
	.long	.Linfo_string47                 @ DW_AT_name
	.byte	78                              @ DW_AT_const_value
	.byte	8                               @ Abbrev [8] 0x151:0x6 DW_TAG_enumerator
	.long	.Linfo_string48                 @ DW_AT_name
	.byte	79                              @ DW_AT_const_value
	.byte	8                               @ Abbrev [8] 0x157:0x6 DW_TAG_enumerator
	.long	.Linfo_string49                 @ DW_AT_name
	.byte	80                              @ DW_AT_const_value
	.byte	8                               @ Abbrev [8] 0x15d:0x6 DW_TAG_enumerator
	.long	.Linfo_string50                 @ DW_AT_name
	.byte	81                              @ DW_AT_const_value
	.byte	8                               @ Abbrev [8] 0x163:0x6 DW_TAG_enumerator
	.long	.Linfo_string51                 @ DW_AT_name
	.byte	82                              @ DW_AT_const_value
	.byte	8                               @ Abbrev [8] 0x169:0x6 DW_TAG_enumerator
	.long	.Linfo_string52                 @ DW_AT_name
	.byte	83                              @ DW_AT_const_value
	.byte	8                               @ Abbrev [8] 0x16f:0x6 DW_TAG_enumerator
	.long	.Linfo_string53                 @ DW_AT_name
	.byte	84                              @ DW_AT_const_value
	.byte	8                               @ Abbrev [8] 0x175:0x6 DW_TAG_enumerator
	.long	.Linfo_string54                 @ DW_AT_name
	.byte	85                              @ DW_AT_const_value
	.byte	8                               @ Abbrev [8] 0x17b:0x6 DW_TAG_enumerator
	.long	.Linfo_string55                 @ DW_AT_name
	.byte	86                              @ DW_AT_const_value
	.byte	8                               @ Abbrev [8] 0x181:0x6 DW_TAG_enumerator
	.long	.Linfo_string56                 @ DW_AT_name
	.byte	87                              @ DW_AT_const_value
	.byte	8                               @ Abbrev [8] 0x187:0x6 DW_TAG_enumerator
	.long	.Linfo_string57                 @ DW_AT_name
	.byte	88                              @ DW_AT_const_value
	.byte	8                               @ Abbrev [8] 0x18d:0x6 DW_TAG_enumerator
	.long	.Linfo_string58                 @ DW_AT_name
	.byte	89                              @ DW_AT_const_value
	.byte	8                               @ Abbrev [8] 0x193:0x6 DW_TAG_enumerator
	.long	.Linfo_string59                 @ DW_AT_name
	.byte	90                              @ DW_AT_const_value
	.byte	8                               @ Abbrev [8] 0x199:0x6 DW_TAG_enumerator
	.long	.Linfo_string60                 @ DW_AT_name
	.byte	91                              @ DW_AT_const_value
	.byte	8                               @ Abbrev [8] 0x19f:0x6 DW_TAG_enumerator
	.long	.Linfo_string61                 @ DW_AT_name
	.byte	92                              @ DW_AT_const_value
	.byte	8                               @ Abbrev [8] 0x1a5:0x6 DW_TAG_enumerator
	.long	.Linfo_string62                 @ DW_AT_name
	.byte	93                              @ DW_AT_const_value
	.byte	8                               @ Abbrev [8] 0x1ab:0x6 DW_TAG_enumerator
	.long	.Linfo_string63                 @ DW_AT_name
	.byte	94                              @ DW_AT_const_value
	.byte	8                               @ Abbrev [8] 0x1b1:0x6 DW_TAG_enumerator
	.long	.Linfo_string64                 @ DW_AT_name
	.byte	95                              @ DW_AT_const_value
	.byte	8                               @ Abbrev [8] 0x1b7:0x6 DW_TAG_enumerator
	.long	.Linfo_string65                 @ DW_AT_name
	.byte	96                              @ DW_AT_const_value
	.byte	8                               @ Abbrev [8] 0x1bd:0x6 DW_TAG_enumerator
	.long	.Linfo_string66                 @ DW_AT_name
	.byte	97                              @ DW_AT_const_value
	.byte	8                               @ Abbrev [8] 0x1c3:0x6 DW_TAG_enumerator
	.long	.Linfo_string67                 @ DW_AT_name
	.byte	98                              @ DW_AT_const_value
	.byte	8                               @ Abbrev [8] 0x1c9:0x6 DW_TAG_enumerator
	.long	.Linfo_string68                 @ DW_AT_name
	.byte	99                              @ DW_AT_const_value
	.byte	8                               @ Abbrev [8] 0x1cf:0x6 DW_TAG_enumerator
	.long	.Linfo_string69                 @ DW_AT_name
	.byte	100                             @ DW_AT_const_value
	.byte	8                               @ Abbrev [8] 0x1d5:0x6 DW_TAG_enumerator
	.long	.Linfo_string70                 @ DW_AT_name
	.byte	108                             @ DW_AT_const_value
	.byte	8                               @ Abbrev [8] 0x1db:0x6 DW_TAG_enumerator
	.long	.Linfo_string71                 @ DW_AT_name
	.byte	109                             @ DW_AT_const_value
	.byte	8                               @ Abbrev [8] 0x1e1:0x6 DW_TAG_enumerator
	.long	.Linfo_string72                 @ DW_AT_name
	.byte	110                             @ DW_AT_const_value
	.byte	8                               @ Abbrev [8] 0x1e7:0x6 DW_TAG_enumerator
	.long	.Linfo_string73                 @ DW_AT_name
	.byte	111                             @ DW_AT_const_value
	.byte	8                               @ Abbrev [8] 0x1ed:0x6 DW_TAG_enumerator
	.long	.Linfo_string74                 @ DW_AT_name
	.byte	112                             @ DW_AT_const_value
	.byte	8                               @ Abbrev [8] 0x1f3:0x6 DW_TAG_enumerator
	.long	.Linfo_string75                 @ DW_AT_name
	.byte	113                             @ DW_AT_const_value
	.byte	8                               @ Abbrev [8] 0x1f9:0x6 DW_TAG_enumerator
	.long	.Linfo_string76                 @ DW_AT_name
	.byte	122                             @ DW_AT_const_value
	.byte	8                               @ Abbrev [8] 0x1ff:0x6 DW_TAG_enumerator
	.long	.Linfo_string77                 @ DW_AT_name
	.byte	123                             @ DW_AT_const_value
	.byte	0                               @ End Of Children Mark
	.byte	5                               @ Abbrev [5] 0x206:0x7 DW_TAG_base_type
	.long	.Linfo_string5                  @ DW_AT_name
	.byte	8                               @ DW_AT_encoding
	.byte	1                               @ DW_AT_byte_size
	.byte	7                               @ Abbrev [7] 0x20d:0xde DW_TAG_enumeration_type
	.long	747                             @ DW_AT_type
	.byte	4                               @ DW_AT_byte_size
	.byte	2                               @ DW_AT_decl_file
	.byte	89                              @ DW_AT_decl_line
	.byte	8                               @ Abbrev [8] 0x215:0x8 DW_TAG_enumerator
	.long	.Linfo_string79                 @ DW_AT_name
	.ascii	"\200\200\004"                  @ DW_AT_const_value
	.byte	8                               @ Abbrev [8] 0x21d:0x6 DW_TAG_enumerator
	.long	.Linfo_string80                 @ DW_AT_name
	.byte	0                               @ DW_AT_const_value
	.byte	8                               @ Abbrev [8] 0x223:0x8 DW_TAG_enumerator
	.long	.Linfo_string81                 @ DW_AT_name
	.ascii	"\200\200\001"                  @ DW_AT_const_value
	.byte	8                               @ Abbrev [8] 0x22b:0x8 DW_TAG_enumerator
	.long	.Linfo_string82                 @ DW_AT_name
	.ascii	"\200\200\002"                  @ DW_AT_const_value
	.byte	8                               @ Abbrev [8] 0x233:0x8 DW_TAG_enumerator
	.long	.Linfo_string83                 @ DW_AT_name
	.ascii	"\200\200\003"                  @ DW_AT_const_value
	.byte	8                               @ Abbrev [8] 0x23b:0x7 DW_TAG_enumerator
	.long	.Linfo_string84                 @ DW_AT_name
	.ascii	"\200`"                         @ DW_AT_const_value
	.byte	8                               @ Abbrev [8] 0x242:0x7 DW_TAG_enumerator
	.long	.Linfo_string85                 @ DW_AT_name
	.ascii	"\200 "                         @ DW_AT_const_value
	.byte	8                               @ Abbrev [8] 0x249:0x7 DW_TAG_enumerator
	.long	.Linfo_string86                 @ DW_AT_name
	.ascii	"\200\020"                      @ DW_AT_const_value
	.byte	8                               @ Abbrev [8] 0x250:0x6 DW_TAG_enumerator
	.long	.Linfo_string87                 @ DW_AT_name
	.byte	0                               @ DW_AT_const_value
	.byte	8                               @ Abbrev [8] 0x256:0x6 DW_TAG_enumerator
	.long	.Linfo_string88                 @ DW_AT_name
	.byte	64                              @ DW_AT_const_value
	.byte	8                               @ Abbrev [8] 0x25c:0x7 DW_TAG_enumerator
	.long	.Linfo_string89                 @ DW_AT_name
	.ascii	"\300\001"                      @ DW_AT_const_value
	.byte	8                               @ Abbrev [8] 0x263:0x6 DW_TAG_enumerator
	.long	.Linfo_string90                 @ DW_AT_name
	.byte	0                               @ DW_AT_const_value
	.byte	8                               @ Abbrev [8] 0x269:0x6 DW_TAG_enumerator
	.long	.Linfo_string91                 @ DW_AT_name
	.byte	8                               @ DW_AT_const_value
	.byte	8                               @ Abbrev [8] 0x26f:0x6 DW_TAG_enumerator
	.long	.Linfo_string92                 @ DW_AT_name
	.byte	16                              @ DW_AT_const_value
	.byte	8                               @ Abbrev [8] 0x275:0x6 DW_TAG_enumerator
	.long	.Linfo_string93                 @ DW_AT_name
	.byte	24                              @ DW_AT_const_value
	.byte	8                               @ Abbrev [8] 0x27b:0x6 DW_TAG_enumerator
	.long	.Linfo_string94                 @ DW_AT_name
	.byte	32                              @ DW_AT_const_value
	.byte	8                               @ Abbrev [8] 0x281:0x6 DW_TAG_enumerator
	.long	.Linfo_string95                 @ DW_AT_name
	.byte	40                              @ DW_AT_const_value
	.byte	8                               @ Abbrev [8] 0x287:0x6 DW_TAG_enumerator
	.long	.Linfo_string96                 @ DW_AT_name
	.byte	48                              @ DW_AT_const_value
	.byte	8                               @ Abbrev [8] 0x28d:0x6 DW_TAG_enumerator
	.long	.Linfo_string97                 @ DW_AT_name
	.byte	56                              @ DW_AT_const_value
	.byte	8                               @ Abbrev [8] 0x293:0x6 DW_TAG_enumerator
	.long	.Linfo_string98                 @ DW_AT_name
	.byte	0                               @ DW_AT_const_value
	.byte	8                               @ Abbrev [8] 0x299:0x6 DW_TAG_enumerator
	.long	.Linfo_string99                 @ DW_AT_name
	.byte	1                               @ DW_AT_const_value
	.byte	8                               @ Abbrev [8] 0x29f:0x6 DW_TAG_enumerator
	.long	.Linfo_string100                @ DW_AT_name
	.byte	112                             @ DW_AT_const_value
	.byte	8                               @ Abbrev [8] 0x2a5:0x6 DW_TAG_enumerator
	.long	.Linfo_string101                @ DW_AT_name
	.byte	72                              @ DW_AT_const_value
	.byte	8                               @ Abbrev [8] 0x2ab:0x7 DW_TAG_enumerator
	.long	.Linfo_string102                @ DW_AT_name
	.ascii	"\310`"                         @ DW_AT_const_value
	.byte	8                               @ Abbrev [8] 0x2b2:0x8 DW_TAG_enumerator
	.long	.Linfo_string103                @ DW_AT_name
	.ascii	"\310\340\001"                  @ DW_AT_const_value
	.byte	8                               @ Abbrev [8] 0x2ba:0x6 DW_TAG_enumerator
	.long	.Linfo_string104                @ DW_AT_name
	.byte	72                              @ DW_AT_const_value
	.byte	8                               @ Abbrev [8] 0x2c0:0x7 DW_TAG_enumerator
	.long	.Linfo_string105                @ DW_AT_name
	.ascii	"\310\020"                      @ DW_AT_const_value
	.byte	8                               @ Abbrev [8] 0x2c7:0x6 DW_TAG_enumerator
	.long	.Linfo_string106                @ DW_AT_name
	.byte	72                              @ DW_AT_const_value
	.byte	8                               @ Abbrev [8] 0x2cd:0x7 DW_TAG_enumerator
	.long	.Linfo_string107                @ DW_AT_name
	.ascii	"\310\020"                      @ DW_AT_const_value
	.byte	8                               @ Abbrev [8] 0x2d4:0x7 DW_TAG_enumerator
	.long	.Linfo_string108                @ DW_AT_name
	.ascii	"\310a"                         @ DW_AT_const_value
	.byte	8                               @ Abbrev [8] 0x2db:0x8 DW_TAG_enumerator
	.long	.Linfo_string109                @ DW_AT_name
	.ascii	"\310\341\001"                  @ DW_AT_const_value
	.byte	8                               @ Abbrev [8] 0x2e3:0x7 DW_TAG_enumerator
	.long	.Linfo_string110                @ DW_AT_name
	.ascii	"\310\001"                      @ DW_AT_const_value
	.byte	0                               @ End Of Children Mark
	.byte	5                               @ Abbrev [5] 0x2eb:0x7 DW_TAG_base_type
	.long	.Linfo_string78                 @ DW_AT_name
	.byte	7                               @ DW_AT_encoding
	.byte	4                               @ DW_AT_byte_size
	.byte	7                               @ Abbrev [7] 0x2f2:0x3f DW_TAG_enumeration_type
	.long	518                             @ DW_AT_type
	.byte	1                               @ DW_AT_byte_size
	.byte	3                               @ DW_AT_decl_file
	.byte	203                             @ DW_AT_decl_line
	.byte	8                               @ Abbrev [8] 0x2fa:0x6 DW_TAG_enumerator
	.long	.Linfo_string111                @ DW_AT_name
	.byte	0                               @ DW_AT_const_value
	.byte	8                               @ Abbrev [8] 0x300:0x6 DW_TAG_enumerator
	.long	.Linfo_string112                @ DW_AT_name
	.byte	1                               @ DW_AT_const_value
	.byte	8                               @ Abbrev [8] 0x306:0x6 DW_TAG_enumerator
	.long	.Linfo_string113                @ DW_AT_name
	.byte	2                               @ DW_AT_const_value
	.byte	8                               @ Abbrev [8] 0x30c:0x6 DW_TAG_enumerator
	.long	.Linfo_string114                @ DW_AT_name
	.byte	3                               @ DW_AT_const_value
	.byte	8                               @ Abbrev [8] 0x312:0x6 DW_TAG_enumerator
	.long	.Linfo_string115                @ DW_AT_name
	.byte	4                               @ DW_AT_const_value
	.byte	8                               @ Abbrev [8] 0x318:0x6 DW_TAG_enumerator
	.long	.Linfo_string116                @ DW_AT_name
	.byte	5                               @ DW_AT_const_value
	.byte	8                               @ Abbrev [8] 0x31e:0x6 DW_TAG_enumerator
	.long	.Linfo_string117                @ DW_AT_name
	.byte	6                               @ DW_AT_const_value
	.byte	8                               @ Abbrev [8] 0x324:0x6 DW_TAG_enumerator
	.long	.Linfo_string118                @ DW_AT_name
	.byte	7                               @ DW_AT_const_value
	.byte	8                               @ Abbrev [8] 0x32a:0x6 DW_TAG_enumerator
	.long	.Linfo_string119                @ DW_AT_name
	.byte	8                               @ DW_AT_const_value
	.byte	0                               @ End Of Children Mark
	.byte	7                               @ Abbrev [7] 0x331:0x15 DW_TAG_enumeration_type
	.long	518                             @ DW_AT_type
	.byte	1                               @ DW_AT_byte_size
	.byte	4                               @ DW_AT_decl_file
	.byte	188                             @ DW_AT_decl_line
	.byte	8                               @ Abbrev [8] 0x339:0x6 DW_TAG_enumerator
	.long	.Linfo_string120                @ DW_AT_name
	.byte	1                               @ DW_AT_const_value
	.byte	8                               @ Abbrev [8] 0x33f:0x6 DW_TAG_enumerator
	.long	.Linfo_string121                @ DW_AT_name
	.byte	0                               @ DW_AT_const_value
	.byte	0                               @ End Of Children Mark
	.byte	9                               @ Abbrev [9] 0x346:0x11 DW_TAG_subprogram
	.long	.Lfunc_begin0                   @ DW_AT_low_pc
	.long	.Lfunc_end0-.Lfunc_begin0       @ DW_AT_high_pc
	.byte	1                               @ DW_AT_frame_base
	.byte	93
	.long	.Linfo_string122                @ DW_AT_name
	.byte	1                               @ DW_AT_decl_file
	.byte	51                              @ DW_AT_decl_line
                                        @ DW_AT_prototyped
                                        @ DW_AT_external
	.byte	9                               @ Abbrev [9] 0x357:0x11 DW_TAG_subprogram
	.long	.Lfunc_begin1                   @ DW_AT_low_pc
	.long	.Lfunc_end1-.Lfunc_begin1       @ DW_AT_high_pc
	.byte	1                               @ DW_AT_frame_base
	.byte	93
	.long	.Linfo_string123                @ DW_AT_name
	.byte	1                               @ DW_AT_decl_file
	.byte	73                              @ DW_AT_decl_line
                                        @ DW_AT_prototyped
                                        @ DW_AT_external
	.byte	0                               @ End Of Children Mark
.Ldebug_info_end0:
	.section	.debug_ranges,"",%progbits
.Ldebug_ranges0:
	.long	.Lfunc_begin0
	.long	.Lfunc_end0
	.long	.Lfunc_begin1
	.long	.Lfunc_end1
	.long	0
	.long	0
	.section	.debug_str,"MS",%progbits,1
.Linfo_string0:
	.asciz	"Component: Arm Compiler for Embedded 6.19 Tool: armclang [5e73cb00]" @ string offset=0
.Linfo_string1:
	.asciz	"../../libraries/zf_driver\\zf_driver_sdio.c" @ string offset=68
.Linfo_string2:
	.asciz	"E:\\FILE_SMART_CAR\\\346\231\272\350\203\275\350\247\206\350\247\211\\RT1064_Library-master\\RT1064_Library-master\\SeekFree_RT1064_Opensource_Library\\project\\mdk" @ string offset=111
.Linfo_string3:
	.asciz	"char"                          @ string offset=233
.Linfo_string4:
	.asciz	"__ARRAY_SIZE_TYPE__"           @ string offset=238
.Linfo_string5:
	.asciz	"unsigned char"                 @ string offset=258
.Linfo_string6:
	.asciz	"B0"                            @ string offset=272
.Linfo_string7:
	.asciz	"B1"                            @ string offset=275
.Linfo_string8:
	.asciz	"B2"                            @ string offset=278
.Linfo_string9:
	.asciz	"B3"                            @ string offset=281
.Linfo_string10:
	.asciz	"B9"                            @ string offset=284
.Linfo_string11:
	.asciz	"B10"                           @ string offset=287
.Linfo_string12:
	.asciz	"B11"                           @ string offset=291
.Linfo_string13:
	.asciz	"B12"                           @ string offset=295
.Linfo_string14:
	.asciz	"B13"                           @ string offset=299
.Linfo_string15:
	.asciz	"B14"                           @ string offset=303
.Linfo_string16:
	.asciz	"B15"                           @ string offset=307
.Linfo_string17:
	.asciz	"B16"                           @ string offset=311
.Linfo_string18:
	.asciz	"B17"                           @ string offset=315
.Linfo_string19:
	.asciz	"B18"                           @ string offset=319
.Linfo_string20:
	.asciz	"B19"                           @ string offset=323
.Linfo_string21:
	.asciz	"B20"                           @ string offset=327
.Linfo_string22:
	.asciz	"B21"                           @ string offset=331
.Linfo_string23:
	.asciz	"B22"                           @ string offset=335
.Linfo_string24:
	.asciz	"B23"                           @ string offset=339
.Linfo_string25:
	.asciz	"B24"                           @ string offset=343
.Linfo_string26:
	.asciz	"B25"                           @ string offset=347
.Linfo_string27:
	.asciz	"B26"                           @ string offset=351
.Linfo_string28:
	.asciz	"B27"                           @ string offset=355
.Linfo_string29:
	.asciz	"B28"                           @ string offset=359
.Linfo_string30:
	.asciz	"B29"                           @ string offset=363
.Linfo_string31:
	.asciz	"B30"                           @ string offset=367
.Linfo_string32:
	.asciz	"B31"                           @ string offset=371
.Linfo_string33:
	.asciz	"C0"                            @ string offset=375
.Linfo_string34:
	.asciz	"C1"                            @ string offset=378
.Linfo_string35:
	.asciz	"C2"                            @ string offset=381
.Linfo_string36:
	.asciz	"C3"                            @ string offset=384
.Linfo_string37:
	.asciz	"C4"                            @ string offset=387
.Linfo_string38:
	.asciz	"C5"                            @ string offset=390
.Linfo_string39:
	.asciz	"C6"                            @ string offset=393
.Linfo_string40:
	.asciz	"C7"                            @ string offset=396
.Linfo_string41:
	.asciz	"C8"                            @ string offset=399
.Linfo_string42:
	.asciz	"C9"                            @ string offset=402
.Linfo_string43:
	.asciz	"C10"                           @ string offset=405
.Linfo_string44:
	.asciz	"C11"                           @ string offset=409
.Linfo_string45:
	.asciz	"C12"                           @ string offset=413
.Linfo_string46:
	.asciz	"C13"                           @ string offset=417
.Linfo_string47:
	.asciz	"C14"                           @ string offset=421
.Linfo_string48:
	.asciz	"C15"                           @ string offset=425
.Linfo_string49:
	.asciz	"C16"                           @ string offset=429
.Linfo_string50:
	.asciz	"C17"                           @ string offset=433
.Linfo_string51:
	.asciz	"C18"                           @ string offset=437
.Linfo_string52:
	.asciz	"C19"                           @ string offset=441
.Linfo_string53:
	.asciz	"C20"                           @ string offset=445
.Linfo_string54:
	.asciz	"C21"                           @ string offset=449
.Linfo_string55:
	.asciz	"C22"                           @ string offset=453
.Linfo_string56:
	.asciz	"C23"                           @ string offset=457
.Linfo_string57:
	.asciz	"C24"                           @ string offset=461
.Linfo_string58:
	.asciz	"C25"                           @ string offset=465
.Linfo_string59:
	.asciz	"C26"                           @ string offset=469
.Linfo_string60:
	.asciz	"C27"                           @ string offset=473
.Linfo_string61:
	.asciz	"C28"                           @ string offset=477
.Linfo_string62:
	.asciz	"C29"                           @ string offset=481
.Linfo_string63:
	.asciz	"C30"                           @ string offset=485
.Linfo_string64:
	.asciz	"C31"                           @ string offset=489
.Linfo_string65:
	.asciz	"D0"                            @ string offset=493
.Linfo_string66:
	.asciz	"D1"                            @ string offset=496
.Linfo_string67:
	.asciz	"D2"                            @ string offset=499
.Linfo_string68:
	.asciz	"D3"                            @ string offset=502
.Linfo_string69:
	.asciz	"D4"                            @ string offset=505
.Linfo_string70:
	.asciz	"D12"                           @ string offset=508
.Linfo_string71:
	.asciz	"D13"                           @ string offset=512
.Linfo_string72:
	.asciz	"D14"                           @ string offset=516
.Linfo_string73:
	.asciz	"D15"                           @ string offset=520
.Linfo_string74:
	.asciz	"D16"                           @ string offset=524
.Linfo_string75:
	.asciz	"D17"                           @ string offset=528
.Linfo_string76:
	.asciz	"D26"                           @ string offset=532
.Linfo_string77:
	.asciz	"D27"                           @ string offset=536
.Linfo_string78:
	.asciz	"unsigned int"                  @ string offset=540
.Linfo_string79:
	.asciz	"HYS_EN"                        @ string offset=553
.Linfo_string80:
	.asciz	"PULLDOWN_100K"                 @ string offset=560
.Linfo_string81:
	.asciz	"PULLUP_47K"                    @ string offset=574
.Linfo_string82:
	.asciz	"PULLUP_100K"                   @ string offset=585
.Linfo_string83:
	.asciz	"PULLUP_22K"                    @ string offset=597
.Linfo_string84:
	.asciz	"PULL_EN"                       @ string offset=608
.Linfo_string85:
	.asciz	"KEEPER_EN"                     @ string offset=616
.Linfo_string86:
	.asciz	"OD_EN"                         @ string offset=626
.Linfo_string87:
	.asciz	"SPEED_50MHZ"                   @ string offset=632
.Linfo_string88:
	.asciz	"SPEED_100MHZ"                  @ string offset=644
.Linfo_string89:
	.asciz	"SPEED_200MHZ"                  @ string offset=657
.Linfo_string90:
	.asciz	"DSE_DIS"                       @ string offset=670
.Linfo_string91:
	.asciz	"DSE_R0"                        @ string offset=678
.Linfo_string92:
	.asciz	"DSE_R0_2"                      @ string offset=685
.Linfo_string93:
	.asciz	"DSE_R0_3"                      @ string offset=694
.Linfo_string94:
	.asciz	"DSE_R0_4"                      @ string offset=703
.Linfo_string95:
	.asciz	"DSE_R0_5"                      @ string offset=712
.Linfo_string96:
	.asciz	"DSE_R0_6"                      @ string offset=721
.Linfo_string97:
	.asciz	"DSE_R0_7"                      @ string offset=730
.Linfo_string98:
	.asciz	"SRE_SLOW"                      @ string offset=739
.Linfo_string99:
	.asciz	"SRE_FAST"                      @ string offset=748
.Linfo_string100:
	.asciz	"GPI_ANAOG_IN"                  @ string offset=757
.Linfo_string101:
	.asciz	"GPI_FLOATING_IN"               @ string offset=770
.Linfo_string102:
	.asciz	"GPI_PULL_DOWN"                 @ string offset=786
.Linfo_string103:
	.asciz	"GPI_PULL_UP"                   @ string offset=800
.Linfo_string104:
	.asciz	"GPO_PUSH_PULL"                 @ string offset=812
.Linfo_string105:
	.asciz	"GPO_OPEN_DTAIN"                @ string offset=826
.Linfo_string106:
	.asciz	"GPO_AF_PUSH_PULL"              @ string offset=841
.Linfo_string107:
	.asciz	"GPO_AF_OPEN_DTAIN"             @ string offset=858
.Linfo_string108:
	.asciz	"FAST_GPI_PULL_DOWN"            @ string offset=876
.Linfo_string109:
	.asciz	"FAST_GPI_PULL_UP"              @ string offset=895
.Linfo_string110:
	.asciz	"FAST_GPO_PUSH_PULL"            @ string offset=912
.Linfo_string111:
	.asciz	"kStatus_Success"               @ string offset=931
.Linfo_string112:
	.asciz	"kStatus_Fail"                  @ string offset=947
.Linfo_string113:
	.asciz	"kStatus_ReadOnly"              @ string offset=960
.Linfo_string114:
	.asciz	"kStatus_OutOfRange"            @ string offset=977
.Linfo_string115:
	.asciz	"kStatus_InvalidArgument"       @ string offset=996
.Linfo_string116:
	.asciz	"kStatus_Timeout"               @ string offset=1020
.Linfo_string117:
	.asciz	"kStatus_NoTransferInProgress"  @ string offset=1036
.Linfo_string118:
	.asciz	"kStatus_Busy"                  @ string offset=1065
.Linfo_string119:
	.asciz	"kStatus_NoData"                @ string offset=1078
.Linfo_string120:
	.asciz	"kSD_Inserted"                  @ string offset=1093
.Linfo_string121:
	.asciz	"kSD_Removed"                   @ string offset=1106
.Linfo_string122:
	.asciz	"sdhc_iomuxc"                   @ string offset=1118
.Linfo_string123:
	.asciz	"sdio_init"                     @ string offset=1130
	.ident	"Component: Arm Compiler for Embedded 6.19 Tool: armclang [5e73cb00]"
	.section	".note.GNU-stack","",%progbits
	.eabi_attribute	30, 6	@ Tag_ABI_optimization_goals
	.ARM_attribute	16, 1	@ Tag_AV_eba
	.section	.debug_line,"",%progbits
.Lline_table_start0:
