<html>
<body>
<pre>
<h1>µVision Build Log</h1>
<h2>Tool Versions:</h2>
IDE-Version: ¦ÌVision V5.38.0.0
Copyright (C) 2022 ARM Ltd and ARM Germany GmbH. All rights reserved.
License Information: 1 1, 1, LIC=LSNXV-PHI28-45ST5-GDWSP-ZBPK3-ZKEMY
 
Tool Versions:
Toolchain:       MDK-ARM Plus  Version: 5.38.0.0
Toolchain Path:  D:\KEIL\ARM\ARMCLANG\Bin
C Compiler:      ArmClang.exe V6.19
Assembler:       Armasm.exe V6.19
Linker/Locator:  ArmLink.exe V6.19
Library Manager: ArmAr.exe V6.19
Hex Converter:   FromElf.exe V6.19
CPU DLL:         SARMCM3.DLL V5.38.0.0
Dialog DLL:      DCM.DLL V1.17.5.0
Target DLL:      CMSIS_AGDI.dll V1.33.15.0
Dialog DLL:      TCM.DLL V1.56.4.0
 
<h2>Project:</h2>
E:\FILE_SMART_CAR\ÖÇÄÜÊÓ¾õ\RT1064_Library-master\RT1064_Library-master\RE\project\mdk\rt1064.uvprojx
Project File Date:  07/07/2025

<h2>Output:</h2>
*** Using Compiler 'V6.19', folder: 'D:\KEIL\ARM\ARMCLANG\Bin'
Build target 'nor_sdram_zf_dtcm'
../code/ai.c(64): warning: second argument to 'va_start' is not the last named parameter [-Wvarargs]
                        va_start(args, 2);  // <B3><F5>Ê¼<BB><AF><BF>É±<E4><B2><CE><CA><FD><C1>Ð±<ED>
                                       ^
../code/ai.c(71): warning: second argument to 'va_start' is not the last named parameter [-Wvarargs]
                        va_start(args, 1);  // <B3><F5>Ê¼<BB><AF><BF>É±<E4><B2><CE><CA><FD><C1>Ð±<ED>
                                       ^
../code/ai.c(84): warning: second argument to 'va_start' is not the last named parameter [-Wvarargs]
                        va_start(args, 1);  // <B3><F5>Ê¼<BB><AF><BF>É±<E4><B2><CE><CA><FD><C1>Ð±<ED>
                                       ^
3 warnings generated.
compiling ai.c...
linking...
Program Size: Code=104384 RO-data=16616 RW-data=936 ZI-data=94484  
".\Objects\rt1064.axf" - 0 Error(s), 3 Warning(s).

<h2>Software Packages used:</h2>

Package Vendor: NXP
                https://mcuxpresso.nxp.com/cmsis_pack/repo/NXP.MIMXRT1064_DFP.19.0.0.pack
                NXP.MIMXRT1064_DFP.19.0.0
                Device Family Pack for MIMXRT1064

<h2>Collection of Component include folders:</h2>
  D:/KEIL/ARM/Pack/NXP/MIMXRT1064_DFP/19.0.0/devices/MIMXRT1064

<h2>Collection of Component Files used:</h2>
Build Time Elapsed:  00:00:01
</pre>
</body>
</html>
