<html>
<body>
<pre>
<h1>�Vision Build Log</h1>
<h2>Tool Versions:</h2>
IDE-Version: ��Vision V5.40.0.0
Copyright (C) 2024 ARM Ltd and ARM Germany GmbH. All rights reserved.
License Information: 11 111, 111, LIC=RC93N-YFGKI-DYFV3-AWFSP-V6YJD-APQKA
 
Tool Versions:
Toolchain:       MDK-ARM Plus  Version: 5.40.0.3
Toolchain Path:  C:\KEIL_V5\ARM\ARMCLANG\Bin
C Compiler:      ArmClang.exe V6.22
Assembler:       Armasm.exe V6.22
Linker/Locator:  ArmLink.exe V6.22
Library Manager: ArmAr.exe V6.22
Hex Converter:   FromElf.exe V6.22
CPU DLL:         SARMCM3.DLL V5.40.0.3
Dialog DLL:      DCM.DLL V1.17.5.0
Target DLL:      CMSIS_AGDI.dll V1.33.18.0
Dialog DLL:      TCM.DLL V1.56.4.0
 
<h2>Project:</h2>
C:\Git_Program\20th_smart_vision\project\mdk\rt1064.uvprojx
Project File Date:  07/10/2025

<h2>Output:</h2>
*** Using Compiler 'V6.22', folder: 'C:\KEIL_V5\ARM\ARMCLANG\Bin'
Rebuild target 'nor_sdram_zf_dtcm'
compiling DOG_path.c...
compiling DOG_motor.c...
compiling DOG_solve.c...
compiling DOG_pid.c...
compiling isr.c...
../code/DOG_cv.c(70): warning: non-void function does not return a value [-Wreturn-type]
   70 | }
      | ^
1 warning generated.
compiling DOG_cv.c...
compiling data.c...
compiling DOG_vofa.c...
compiling DOG_filter.c...
compiling menu.c...
compiling control.c...
compiling DOG_sensor.c...
../code/ai.c(64): warning: second argument to 'va_start' is not the last named parameter [-Wvarargs]
   64 |                         va_start(args, 3);  // <B3><F5>ʼ<BB><AF><BF>ɱ<E4><B2><CE><CA><FD><C1>б<ED>
      |                                        ^
../code/ai.c(80): warning: second argument to 'va_start' is not the last named parameter [-Wvarargs]
   80 |                         va_start(args, 1);  // <B3><F5>ʼ<BB><AF><BF>ɱ<E4><B2><CE><CA><FD><C1>б<ED>
      |                                        ^
../code/ai.c(93): warning: second argument to 'va_start' is not the last named parameter [-Wvarargs]
   93 |                         va_start(args, 1);  // <B3><F5>ʼ<BB><AF><BF>ɱ<E4><B2><CE><CA><FD><C1>б<ED>
      |                                        ^
3 warnings generated.
compiling ai.c...
compiling fsm.c...
../user/src/main.c(23): warning: '/*' within block comment [-Wcomment]
   23 | //* 
      |  ^
../user/src/main.c(24): warning: '/*' within block comment [-Wcomment]
   24 | //* <CE>ļ<FE><C3><FB><B3><C6>          main
      |  ^
../user/src/main.c(25): warning: '/*' within block comment [-Wcomment]
   25 | //* <B9><AB>˾<C3><FB><B3><C6>          <B3>ɶ<BC><D6><F0><B7>ɿƼ<BC><D3><D0><CF><U+07B9><AB>˾
      |  ^
../user/src/main.c(26): warning: '/*' within block comment [-Wcomment]
   26 | //* <B0>汾<D0><C5>Ϣ          <B2>鿴 libraries/doc <CE>ļ<FE><BC><D0><C4><DA> version <CE>ļ<FE> <B0>汾˵<C3><F7>
      |  ^
../user/src/main.c(27): warning: '/*' within block comment [-Wcomment]
   27 | //* <BF><AA><B7><A2><BB><B7><BE><B3>          IAR 8.32.4 or MDK 5.33
      |  ^
../user/src/main.c(83): warning: implicit conversion from enumeration type 'uart_tx_pin_enum' to different enumeration type 'uart_rx_pin_enum' [-Wenum-conversion]
   83 |         vofa(&wireless_vofa, WIRELESS_UART_INDEX, 115200, WIRELESS_UART_TX_PIN, WIRELESS_UART_RX_PIN);
      |         ~~~~                                                                    ^~~~~~~~~~~~~~~~~~~~
../../libraries/zf_device\zf_device_wireless_uart.h(56): note: expanded from macro 'WIRELESS_UART_RX_PIN'
   56 | #define WIRELESS_UART_RX_PIN        (UART8_TX_D16)                              // <CE><DE><CF>ߴ<AE><BF>ڶ<D4>Ӧģ<BF><E9><B5><C4> RX Ҫ<BD>ӵ<BD><B5><A5>Ƭ<BB><FA><B5><C4> TX
      |                                      ^~~~~~~~~~~~
../user/src/main.c(83): warning: implicit conversion from enumeration type 'uart_rx_pin_enum' to different enumeration type 'uart_tx_pin_enum' [-Wenum-conversion]
   83 |         vofa(&wireless_vofa, WIRELESS_UART_INDEX, 115200, WIRELESS_UART_TX_PIN, WIRELESS_UART_RX_PIN);
      |         ~~~~                                              ^~~~~~~~~~~~~~~~~~~~
../../libraries/zf_device\zf_device_wireless_uart.h(55): note: expanded from macro 'WIRELESS_UART_TX_PIN'
   55 | #define WIRELESS_UART_TX_PIN        (UART8_RX_D17)                              // <CE><DE><CF>ߴ<AE><BF>ڶ<D4>Ӧģ<BF><E9><B5><C4> TX Ҫ<BD>ӵ<BD><B5><A5>Ƭ<BB><FA><B5><C4> RX
      |                                      ^~~~~~~~~~~~
../user/src/main.c(124): warning: incompatible pointer types passing 'float[3]' to parameter of type 'float (*)[3]'; take the address with & [-Wincompatible-pointer-types]
  124 |         rotate_pid.fuzzy_pid_init(&rotate_pid, fuzzy_rules, ROTATE_RANGE);
      |                                                             ^~~~~~~~~~~~
      |                                                             &
../user/src/main.c(126): warning: incompatible pointer types passing 'float[3]' to parameter of type 'float (*)[3]'; take the address with & [-Wincompatible-pointer-types]
  126 |         box_x_pid.fuzzy_pid_init(&box_x_pid, fuzzy_rules, BOX_X_RANGE);
      |                                                           ^~~~~~~~~~~
      |                                                           &
../user/src/main.c(128): warning: incompatible pointer types passing 'float[3]' to parameter of type 'float (*)[3]'; take the address with & [-Wincompatible-pointer-types]
  128 |         box_y_pid.fuzzy_pid_init(&box_y_pid, fuzzy_rules, BOX_Y_RANGE);
      |                                                           ^~~~~~~~~~~
      |                                                           &
10 warnings generated.
compiling main.c...
../code/DOG_menu.c(46): warning: second argument to 'va_start' is not the last named parameter [-Wvarargs]
   46 |     va_start(args, 1);
      |                    ^
../code/DOG_menu.c(134): warning: passing an object that undergoes default argument promotion to 'va_start' has undefined behavior [-Wvarargs]
  134 |     va_start(args, (int)widget_num);
      |                         ^
../code/DOG_menu.c(132): note: parameter of type 'uint16' (aka 'unsigned short') is declared here
  132 | void menu_page(struct DOG_MENU_PAGE* this, struct DOG_MENU_WIDGET* menu_page_widget_bind, void (*page_service)(void), uint16 widget_num, ...){
      |                                                                                                                              ^
2 warnings generated.
compiling DOG_menu.c...
compiling DOG_timer.c...
compiling zf_common_clock.c...
compiling menu_data.c...
compiling zf_common_debug.c...
compiling debug.c...
compiling zf_common_fifo.c...
compiling zf_common_interrupt.c...
compiling zf_common_function.c...
compiling zf_common_vector.c...
compiling zf_driver_adc.c...
compiling zf_common_font.c...
compiling zf_driver_csi.c...
compiling zf_driver_delay.c...
compiling zf_driver_encoder.c...
compiling zf_driver_exti.c...
compiling zf_driver_flash.c...
compiling zf_driver_flexio_csi.c...
compiling zf_driver_gpio.c...
compiling zf_driver_pit.c...
compiling zf_driver_iic.c...
compiling zf_driver_pwm.c...
compiling zf_driver_sdio.c...
compiling zf_driver_romapi.c...
compiling zf_driver_soft_iic.c...
compiling zf_driver_soft_spi.c...
compiling zf_driver_spi.c...
compiling zf_driver_usb_cdc.c...
compiling zf_driver_timer.c...
compiling zf_driver_uart.c...
compiling zf_device_absolute_encoder.c...
compiling zf_device_bluetooth_ch9141.c...
compiling zf_device_camera.c...
compiling zf_device_icm20602.c...
compiling zf_device_imu963ra.c...
compiling zf_device_imu660ra.c...
compiling zf_device_key.c...
compiling zf_device_ips114.c...
compiling zf_device_ips200.c...
compiling zf_device_mpu6050.c...
compiling zf_device_mt9v03x.c...
compiling zf_device_mt9v03x_flexio.c...
compiling zf_device_oled.c...
compiling zf_device_ov7725.c...
compiling zf_device_scc8660.c...
compiling zf_device_scc8660_flexio.c...
compiling zf_device_tsl1401.c...
compiling zf_device_type.c...
compiling zf_device_tft180.c...
compiling zf_device_virtual_oscilloscope.c...
compiling zf_device_wireless_uart.c...
compiling zf_device_dl1b.c...
compiling zf_device_dl1a.c...
compiling zf_device_wifi_spi.c...
compiling zf_device_wifi_uart.c...
compiling zf_device_gnss.c...
compiling zf_device_ble6a20.c...
compiling seekfree_assistant_interface.c...
compiling seekfree_assistant.c...
compiling fsl_adc.c...
compiling fsl_adc_etc.c...
compiling fsl_aipstz.c...
compiling fsl_aoi.c...
compiling fsl_bee.c...
compiling fsl_cache.c...
compiling fsl_common.c...
compiling fsl_clock.c...
compiling fsl_cmp.c...
compiling fsl_common_arm.c...
compiling fsl_csi.c...
compiling fsl_dcdc.c...
compiling fsl_dmamux.c...
compiling fsl_dcp.c...
compiling fsl_elcdif.c...
compiling fsl_edma.c...
compiling fsl_enc.c...
compiling fsl_ewm.c...
compiling fsl_flexcan_edma.c...
compiling fsl_flexio.c...
compiling fsl_enet.c...
compiling fsl_flexio_camera.c...
compiling fsl_flexio_camera_edma.c...
compiling fsl_flexcan.c...
compiling fsl_flexio_i2c_master.c...
compiling fsl_flexio_i2s.c...
compiling fsl_flexio_i2s_edma.c...
compiling fsl_flexio_mculcd.c...
compiling fsl_flexio_mculcd_edma.c...
compiling fsl_flexio_spi_edma.c...
compiling fsl_flexio_spi.c...
compiling fsl_flexio_uart.c...
compiling fsl_flexio_uart_edma.c...
compiling fsl_flexram.c...
compiling fsl_flexram_allocate.c...
compiling fsl_gpc.c...
compiling fsl_flexspi.c...
compiling fsl_gpio.c...
compiling fsl_gpt.c...
compiling fsl_kpp.c...
compiling fsl_lpi2c_edma.c...
compiling fsl_lpi2c.c...
compiling fsl_lpspi_edma.c...
compiling fsl_lpspi.c...
compiling fsl_ocotp.c...
compiling fsl_lpuart_edma.c...
compiling fsl_lpuart.c...
compiling fsl_pit.c...
compiling fsl_pmu.c...
compiling fsl_pxp.c...
compiling fsl_pwm.c...
compiling fsl_qtmr.c...
compiling fsl_rtwdog.c...
compiling fsl_sai_edma.c...
compiling fsl_semc.c...
compiling fsl_snvs_hp.c...
compiling fsl_snvs_lp.c...
compiling fsl_sai.c...
compiling fsl_spdif_edma.c...
compiling fsl_spdif.c...
compiling fsl_src.c...
compiling fsl_tempmon.c...
compiling fsl_trng.c...
compiling fsl_tsc.c...
compiling fsl_wdog.c...
compiling fsl_xbara.c...
compiling fsl_xbarb.c...
compiling evkmimxrt1064_sdram_ini_dcd.c...
compiling board.c...
compiling fsl_usdhc.c...
compiling clock_config.c...
compiling fsl_flexspi_nor_boot.c...
compiling evkmimxrt1064_flexspi_nor_config.c...
compiling system_MIMXRT1064.c...
compiling fsl_assert.c...
assembling startup_MIMXRT1064.S...
compiling fsl_os_abstraction_bm.c...
compiling fsl_component_generic_list.c...
compiling fsl_adapter_lpuart.c...
compiling ffsystem.c...
compiling ffunicode.c...
compiling diskio.c...
compiling fsl_debug_console.c...
compiling ff.c...
compiling fsl_sd_disk.c...
compiling fsl_sdmmc_common.c...
compiling sdmmc_config.c...
compiling fsl_sdmmc_osa.c...
compiling fsl_sdmmc_host.c...
compiling usb_phy.c...
compiling usb_device_ehci.c...
compiling fsl_sd.c...
compiling usb_device_dci.c...
compiling usb_device_cdc_acm.c...
compiling usb_device_ch9.c...
compiling usb_device_descriptor.c...
compiling usb_device_class.c...
linking...
Program Size: Code=130944 RO-data=21880 RW-data=1436 ZI-data=97036  
".\Objects\rt1064.axf" - 0 Error(s), 16 Warning(s).

<h2>Software Packages used:</h2>

Package Vendor: NXP
                https://mcuxpresso.nxp.com/cmsis_pack/repo/NXP.MIMXRT1064_DFP.19.0.0.pack
                NXP::MIMXRT1064_DFP@19.0.0
                Device Family Pack for MIMXRT1064

<h2>Collection of Component include folders:</h2>
  C:/KEIL_V5/ARM/PACK/NXP/MIMXRT1064_DFP/19.0.0/devices/MIMXRT1064

<h2>Collection of Component Files used:</h2>
Build Time Elapsed:  00:00:13
</pre>
</body>
</html>
